                                                                                                    BleAdvertisement { version=2, socketVersion=2, isFast=true, serviceIdHash=null, data=[ 0x23 0x39 0x51 0x50 0x46 0x11 0x32 0x66 0x0d 0x85 0x20 0x8a 0x9b 0x99 0x5f 0xef 0xfb 0xdd 0xda 0x86 0x49 0xe5 0xe2 ], deviceToken=[ 0xde 0xfd ], rxAdvertisement=null } : 2 times.
                                                                                                    Total 2 fast advertisements from 1 unique advertisers.
2025-11-01 18:33:43.699 15286-1648  NearbyMediums           com.google.android.gms.persistent    I  Current Tracked Scanning Clients are : {NearbyConnections.EnvironmentMonitor, NearbySharing, NearbyConnections.TxAdvertisement}
2025-11-01 18:33:43.988  1027-1435  SemWifiSwi...ppsService system_server                        D  isSkipTcpMonitorInfo - result:1
2025-11-01 18:33:44.485 15286-15286 BoundBrokerSvc          com.google.android.gms.persistent    D  onRebind: Intent { act=com.google.android.gms.libs.gmscorelogger.service.START dat=chimera-action:/... cmp=com.google.android.gms/.chimera.PersistentDirectBootAwareApiService }
2025-11-01 18:33:45.007  1027-1435  SemWifiSwi...ppsService system_server                        D  isSkipTcpMonitorInfo - result:1
2025-11-01 18:33:45.312   465-465   io_stats                iod                                  D  !@   8,0 r 2885763 64240506 w 1444739 25749292 d 220970 116616520 f 63369 192060 iot 2387140 0 th 0 0 0 pt 0 inp 0 0 76904.311
2025-11-01 18:33:46.022  1027-1435  SemWifiSwi...ppsService system_server                        D  isSkipTcpMonitorInfo - result:1
2025-11-01 18:33:46.613  1027-2884  SemWifiUsa...atsMonitor system_server                        D  onWifiUsabilityStats - seqNum 4284, isSameBssidAndFreq true
2025-11-01 18:33:46.614  1027-1409  SemWifiLin...ityMonitor system_server                        I  Link stat: 1156 / 0 / 1.02 (42) / 433 / -35.0 || 100.0 : 433.00 / 0.5 : 0.98 / 0.55 : 0.00 / G (G) || b9f683e25765: 0.090 / 88.421 /  / N || N N / 0 / N 2.0 / N 0 / 76905613 0
2025-11-01 18:33:46.655  1027-2608  MARs:Activ...fficFilter system_server                        D  filter : com.udry.app(0)
2025-11-01 18:33:46.656  1027-2608  FreecessController      system_server                        D  com.udry.app(10335) is important[8]
2025-11-01 18:33:47.042  1027-1435  SemWifiSwi...ppsService system_server                        D  isSkipTcpMonitorInfo - result:1
2025-11-01 18:33:47.314   465-465   io_stats                iod                                  D  !@ Read_top(KB): cessService0:22(1581) 4
2025-11-01 18:33:47.314   465-465   io_stats                iod                                  D  !@ Write_top(KB): .android.chrome(22066) 448
2025-11-01 18:33:47.427  1027-3700  Grammatica...ctionUtils system_server                        V  AttributionSource: AttributionSource { uid = 90026, packageName = null, attributionTag = null, token = android.os.Binder@1b379, deviceId = 0, next = null } does not have READ_SYSTEM_GRAMMATICAL_GENDER permission.
2025-11-01 18:33:47.453 22747-22747 Zygote                  com.android.chrome_zygote            D  Forked child process 1694
2025-11-01 18:33:47.455  1027-1124  ActivityManager         system_server                        I  Start proc 1694:com.android.chrome:sandboxed_process0:org.chromium.content.app.SandboxedProcessService0:26/u0ai26 for  {com.android.chrome/org.chromium.content.app.SandboxedProcessService0:26}
2025-11-01 18:33:47.459  1694-1694  libc                    pid-1694                             E  SetHeapTaggingLevel: re-enabling tagging after it was disabled is not supported
2025-11-01 18:33:47.469  1694-1694  cessService0:26         pid-1694                             I  Using CollectorTypeCMC GC.
2025-11-01 18:33:47.474  1694-1694  cessService0:26         pid-1694                             E  Not starting debugger since process cannot load the jdwp agent.
2025-11-01 18:33:47.478  1694-1694  nativeloader            pid-1694                             D  Load libframework-connectivity-tiramisu-jni.so using APEX ns com_android_tethering for caller /apex/com.android.tethering/javalib/framework-connectivity-t.jar: ok
2025-11-01 18:33:47.481  1694-1694  ActivityThread          pid-1694                             D  setConscryptValidator
2025-11-01 18:33:47.481  1694-1694  ActivityThread          pid-1694                             D  setConscryptValidator - put
2025-11-01 18:33:47.484   765-765   RefreshRateSelector     surfaceflinger                       I  Can't find idle refresh rate by policy with the same mode group as the current mode {id=0, hwcId=1, resolution=1080x2340, vsyncRate=90.00 Hz, dpi=386.37x385.95, group=0, vrrConfig=N/A} (idle : 60 fps)
2025-11-01 18:33:47.493  1694-1694  ApplicationLoaders      pid-1694                             D  Returning zygote-cached class loader: /system_ext/framework/androidx.window.extensions.jar
2025-11-01 18:33:47.493  1694-1694  ApplicationLoaders      pid-1694                             D  Returning zygote-cached class loader: /system_ext/framework/androidx.window.sidecar.jar
2025-11-01 18:33:47.498  1694-1694  LoadedApk               pid-1694                             I  No resource references to update in package com.google.android.trichromelibrary
2025-11-01 18:33:47.500  1694-1694  cr_SplitCompatApp       pid-1694                             I  version=141.0.7390.123 (739012333) minSdkVersion=29 processName=com.android.chrome:sandboxed_process0:org.chromium.content.app.SandboxedProcessService0:26 isIsolatedProcess=true splits=chrome,config.zh,dev_ui,on_demand,stack_unwinder,test_dummy
2025-11-01 18:33:47.502  1027-3700  ActivityManager         system_server                        I  Changes in 90026 19 to 3, 0 to 56
2025-11-01 18:33:47.504  1694-1694  cr_ChildProcessService  pid-1694                             I  Creating new ChildProcessService pid=1694
2025-11-01 18:33:47.511  1694-1709  cr_LibraryLoader        pid-1694                             I  Successfully loaded native library
2025-11-01 18:33:47.513  1694-1709  cr_CachingUmaRecorder   pid-1694                             I  Flushed 3 samples from 3 histograms, 0 samples were dropped.
2025-11-01 18:33:47.515  1694-1709  chromium                pid-1694                             W  [WARNING:content/app/android/content_main_android.cc:82] android_setCpu already initialized
2025-11-01 18:33:47.653 22066-22066 InputMethodManager      com.android.chrome                   I  invalidateInput
2025-11-01 18:33:47.666 22066-22066 cr_E2E_DCController     com.android.chrome                   I  setSafeAreaConstraint: false
2025-11-01 18:33:47.668 22066-22066 cr_E2E_DCController     com.android.chrome                   I  setViewportFit: 2
2025-11-01 18:33:47.669 22066-22066 cr_E2E_DCController     com.android.chrome                   I  setSafeAreaConstraint: false
2025-11-01 18:33:47.669 22066-22066 cr_E2E_DCController     com.android.chrome                   I  setViewportFit: 0
2025-11-01 18:33:47.669 22066-22066 cr_E2E_DCController     com.android.chrome                   I  setSafeAreaConstraint: false
2025-11-01 18:33:47.678 22066-22066 BLASTBufferQueue_Java   com.android.chrome                   I  update, w= 1080 h= 2340 mName = VRI[Main]@915907 mNativeObject= 0xb400007b4a41d700 sc.mNativeObject= 0xb400007be285dd40 format= -3 caller= android.view.ViewRootImpl.updateBlastSurfaceIfNeeded:3386 android.view.ViewRootImpl.relayoutWindow:11361 android.view.ViewRootImpl.performTraversals:4544 android.view.ViewRootImpl.doTraversal:3708 android.view.ViewRootImpl$TraversalRunnable.run:12542 android.view.Choreographer$CallbackRecord.run:1751 
2025-11-01 18:33:47.679 22066-22066 VRI[Main]@915907        com.android.chrome                   I  Relayout returned: old=(0,0,1080,2340) new=(0,0,1080,2340) relayoutAsync=true req=(1080,2340)0 dur=0 res=0x0 s={true 0xb400007baa144000} ch=false seqId=0
2025-11-01 18:33:47.679 22066-22066 VRI[Main]@915907        com.android.chrome                   I  updateBoundsLayer: t=android.view.SurfaceControl$Transaction@6e7eb20 sc=Surface(name=Bounds for - com.android.chrome/com.google.android.apps.chrome.Main@4)/@0xf8b573b frame=46
2025-11-01 18:33:47.679  1027-2268  WindowManager           system_server                        V  Relayout Window{f6a6829 u0 com.android.chrome/com.google.android.apps.chrome.Main}: viewVisibility=0 req=1080x2340 ty=1 d0
2025-11-01 18:33:47.679 22066-22066 VRI[Main]@915907        com.android.chrome                   I  registerCallbackForPendingTransactions
2025-11-01 18:33:47.682 22066-22762 VRI[Main]@915907        com.android.chrome                   I  mWNT: t=0xb400007a96c29a80 mBlastBufferQueue=0xb400007b4a41d700 fn= 46 HdrRenderState mRenderHdrSdrRatio=1.0 caller= android.view.ViewRootImpl$9.onFrameDraw:6276 android.view.ViewRootImpl$3.onFrameDraw:2440 android.view.ThreadedRenderer$1.onFrameDraw:761 
2025-11-01 18:33:47.682  1027-2268  WindowManager           system_server                        V  Relayout hash=f6a6829, pid=0, syncId=-1: mAttrs={(0,0)(fillxfill) sim={state=always_hidden adjust=resize} layoutInDisplayCutoutMode=always ty=BASE_APPLICATION fmt=TRANSLUCENT wanim=0x1030312
                                                                                                      fl=81810100
                                                                                                      pfl=10008840
                                                                                                      vsysui=2010
                                                                                                      apr=18
                                                                                                      bhv=1
                                                                                                      fitSides=0
                                                                                                      frameRateBoostOnTouch=true
                                                                                                      dvrrWindowFrameRateHint=true naviIconColor=0}
2025-11-01 18:33:47.685  1694-1716  libc                    pid-1694                             W  Access denied finding property "ro.mediatek.platform"
2025-11-01 18:33:47.685  1694-1716  libc                    pid-1694                             W  Access denied finding property "ro.chipname"
2025-11-01 18:33:47.751 22066-22066 BLASTBufferQueue_Java   com.android.chrome                   I  update, w= 1080 h= 2340 mName = VRI[Main]@915907 mNativeObject= 0xb400007b4a41d700 sc.mNativeObject= 0xb400007be285dd40 format= -3 caller= android.view.ViewRootImpl.updateBlastSurfaceIfNeeded:3386 android.view.ViewRootImpl.relayoutWindow:11361 android.view.ViewRootImpl.performTraversals:4544 android.view.ViewRootImpl.doTraversal:3708 android.view.ViewRootImpl$TraversalRunnable.run:12542 android.view.Choreographer$CallbackRecord.run:1751 
2025-11-01 18:33:47.751 22066-22066 VRI[Main]@915907        com.android.chrome                   I  Relayout returned: old=(0,0,1080,2340) new=(0,0,1080,2340) relayoutAsync=true req=(1080,2340)0 dur=0 res=0x0 s={true 0xb400007baa144000} ch=false seqId=0
2025-11-01 18:33:47.751  1027-2268  WindowManager           system_server                        V  Relayout Window{f6a6829 u0 com.android.chrome/com.google.android.apps.chrome.Main}: viewVisibility=0 req=1080x2340 ty=1 d0
2025-11-01 18:33:47.752 22066-22066 VRI[Main]@915907        com.android.chrome                   I  registerCallbackForPendingTransactions
2025-11-01 18:33:47.752 22066-22761 VRI[Main]@915907        com.android.chrome                   I  mWNT: t=0xb400007be290f680 mBlastBufferQueue=0xb400007b4a41d700 fn= 49 HdrRenderState mRenderHdrSdrRatio=1.0 caller= android.view.ViewRootImpl$9.onFrameDraw:6276 android.view.ViewRootImpl$3.onFrameDraw:2440 android.view.ThreadedRenderer$1.onFrameDraw:761 
2025-11-01 18:33:47.756 22066-22066 InputMethodManager      com.android.chrome                   I  invalidateInput
2025-11-01 18:33:47.757  1027-2268  WindowManager           system_server                        V  Relayout hash=f6a6829, pid=0, syncId=-1: mAttrs={(0,0)(fillxfill) sim={state=always_hidden adjust=resize} layoutInDisplayCutoutMode=always ty=BASE_APPLICATION fmt=TRANSLUCENT wanim=0x1030312 sysuil=true
                                                                                                      fl=81810100
                                                                                                      pfl=10008840
                                                                                                      vsysui=2010
                                                                                                      apr=18
                                                                                                      bhv=1
                                                                                                      fitSides=0
                                                                                                      frameRateBoostOnTouch=true
                                                                                                      dvrrWindowFrameRateHint=true naviIconColor=0}
2025-11-01 18:33:47.759 22066-22066 cr_SegmentationPlatform com.android.chrome                   W  Signal type not found: 16
2025-11-01 18:33:47.802 22066-22776 AtomicFile              com.android.chrome                   E  Failed to sync file output stream
2025-11-01 18:33:47.849 22066-22805 cr_WebApkValidator      com.android.chrome                   E  no application info, or metaData retrieved.
2025-11-01 18:33:47.885 22066-22066 BLASTBufferQueue_Java   com.android.chrome                   I  update, w= 1080 h= 2340 mName = VRI[Main]@915907 mNativeObject= 0xb400007b4a41d700 sc.mNativeObject= 0xb400007be285dd40 format= -3 caller= android.view.ViewRootImpl.updateBlastSurfaceIfNeeded:3386 android.view.ViewRootImpl.relayoutWindow:11361 android.view.ViewRootImpl.performTraversals:4544 android.view.ViewRootImpl.doTraversal:3708 android.view.ViewRootImpl$TraversalRunnable.run:12542 android.view.Choreographer$CallbackRecord.run:1751 
2025-11-01 18:33:47.885 22066-22066 VRI[Main]@915907        com.android.chrome                   I  Relayout returned: old=(0,0,1080,2340) new=(0,0,1080,2340) relayoutAsync=true req=(1080,2340)0 dur=0 res=0x0 s={true 0xb400007baa144000} ch=false seqId=0
2025-11-01 18:33:47.885  1027-2268  WindowManager           system_server                        V  Relayout Window{f6a6829 u0 com.android.chrome/com.google.android.apps.chrome.Main}: viewVisibility=0 req=1080x2340 ty=1 d0
2025-11-01 18:33:47.885 22066-22066 VRI[Main]@915907        com.android.chrome                   I  updateBoundsLayer: t=android.view.SurfaceControl$Transaction@6e7eb20 sc=Surface(name=Bounds for - com.android.chrome/com.google.android.apps.chrome.Main@4)/@0xf8b573b frame=60
2025-11-01 18:33:47.885 22066-22066 VRI[Main]@915907        com.android.chrome                   I  registerCallbackForPendingTransactions
2025-11-01 18:33:47.886  1027-2268  WindowManager           system_server                        D  updateSystemBarAttributes: displayId=0, focusedCanBeNavColorWin=false, win=Window{f6a6829 u0 com.android.chrome/com.google.android.apps.chrome.Main}, navColorWin=Window{f6a6829 u0 com.android.chrome/com.google.android.apps.chrome.Main}, caller=com.android.server.wm.DisplayPolicy.finishPostLayoutPolicyLw:17 com.android.server.wm.RootWindowContainer.applySurfaceChangesTransaction$1:194 com.android.server.wm.RootWindowContainer.performSurfacePlacementNoTrace:59 
2025-11-01 18:33:47.886 22066-22762 VRI[Main]@915907        com.android.chrome                   I  mWNT: t=0xb400007b4a3c4080 mBlastBufferQueue=0xb400007b4a41d700 fn= 60 HdrRenderState mRenderHdrSdrRatio=1.0 caller= android.view.ViewRootImpl$9.onFrameDraw:6276 android.view.ViewRootImpl$3.onFrameDraw:2440 android.view.ThreadedRenderer$1.onFrameDraw:761 
2025-11-01 18:33:47.887  1027-2268  WindowManager           system_server                        D  updateSystemBarAttributes, bhv=1, apr=16, statusBarAprRegions=[AppearanceRegion{ bounds=[0,0][1080,2340]}], requestedVisibilities=-9
2025-11-01 18:33:47.888  1502-1502  SamsungLig...trolHelper com.android.systemui                 D  updateStatusBar (WHITE icon) numStacks:1, StatusBarMode:MODE_TRANSPARENT, lightBarBounds:[], StatusBarState:SHADE, packageName:, isWhiteKeyguardStatusBar:true
2025-11-01 18:33:47.889  1502-1502  SamsungLig...trolHelper com.android.systemui                 D  onStatusBarAppearanceChanged() -  sbModeChanged:false, statusBarMode:0, barState:MODE_TRANSPARENT, isKeyguardShowing:false, navbarColorManagedByIme:false, (AppearanceRegion{ bounds=[0,0][1080,2340]}, )
2025-11-01 18:33:47.889  1502-1502  NavigationBar           com.android.systemui                 D  onSystemBarAttributesChanged() -  displayId:0, appearance:16, packageName: com.android.chrome (APPEARANCE_LIGHT_NAVIGATION_BARS ), navbarColorManagedByIme:false
2025-11-01 18:33:47.890  1027-2268  WindowManager           system_server                        V  Relayout hash=f6a6829, pid=0, syncId=-1: mAttrs={(0,0)(fillxfill) sim={state=always_hidden adjust=resize} layoutInDisplayCutoutMode=always ty=BASE_APPLICATION fmt=TRANSLUCENT wanim=0x1030312 sysuil=true
                                                                                                      fl=81810100
                                                                                                      pfl=10008840
                                                                                                      vsysui=2010
                                                                                                      apr=10
                                                                                                      bhv=1
                                                                                                      fitSides=0
                                                                                                      frameRateBoostOnTouch=true
                                                                                                      dvrrWindowFrameRateHint=true naviIconColor=0}
2025-11-01 18:33:48.055  1027-1435  SemWifiSwi...ppsService system_server                        D  isSkipTcpMonitorInfo - result:1
2025-11-01 18:33:48.524  1669-1669  wpa_supplicant          wpa_supplicant                       I  Heartbeat 7658
2025-11-01 18:33:48.777  1027-3700  ActivityManager         system_server                        I  Killing 1654:com.android.chrome:sandboxed_process0:org.chromium.content.app.SandboxedProcessService0:25/u0a219i-8975 (adj 0): isolated not needed
2025-11-01 18:33:48.789  1622-1622  cr_ChildProcessService  com.android.chrome                   I  Destroying ChildProcessService pid=1622
2025-11-01 18:33:48.790  1027-3700  ActivityManager         system_server                        I  Killing 1622:com.android.chrome:sandboxed_process0:org.chromium.content.app.SandboxedProcessService0:24/u0a219i-8976 (adj 0): isolated not needed
2025-11-01 18:33:48.791  1027-3700  ActivityManager         system_server                        I  Changes in 90024 3 to 19, 56 to 0
2025-11-01 18:33:48.795  1027-3700  ActivityManager         system_server                        I  Killing 1581:com.android.chrome:sandboxed_process0:org.chromium.content.app.SandboxedProcessService0:22/u0a219i-8978 (adj 0): isolated not needed
2025-11-01 18:33:48.795  1027-3700  ActivityManager         system_server                        I  Changes in 90022 3 to 19, 56 to 0
2025-11-01 18:33:48.821  1027-1135  BatteryExt...tatsWorker system_server                        D  update stats : remove-uid (1)
2025-11-01 18:33:48.825  1027-1126  libprocessgroup         system_server                        I  Removed cgroup /sys/fs/cgroup/uid_90025/pid_1654
2025-11-01 18:33:48.828  1027-1109  DisplayManagerService   system_server                        D  Drop pending events for gone uid 90025
2025-11-01 18:33:48.833 22066-22778 AtomicFile              com.android.chrome                   E  Failed to sync file output stream
2025-11-01 18:33:48.835 22747-22747 Zygote                  com.android.chrome_zygote            I  Process 1654 exited cleanly (0)
2025-11-01 18:33:48.835 22747-22747 Zygote                  com.android.chrome_zygote            I  Process 1622 exited due to signal 9 (Killed)
2025-11-01 18:33:48.837  1027-1126  libprocessgroup         system_server                        I  Removed cgroup /sys/fs/cgroup/uid_90024/pid_1622
2025-11-01 18:33:48.838  1027-1135  BatteryExt...tatsWorker system_server                        D  Update CPU state
2025-11-01 18:33:48.838  1027-1135  BatteryExt...tatsWorker system_server                        D  mStats lock released
2025-11-01 18:33:48.838  1027-1135  BatteryExt...tatsWorker system_server                        D  done updateExternalStatsLocked
2025-11-01 18:33:48.843  1027-1135  BatteryExt...tatsWorker system_server                        D  update stats : remove-uid (1)
2025-11-01 18:33:48.844  1027-1109  DisplayManagerService   system_server                        D  Drop pending events for gone uid 90024
2025-11-01 18:33:48.844  1027-1135  BatteryExt...tatsWorker system_server                        D  Update CPU state
2025-11-01 18:33:48.844  1027-1135  BatteryExt...tatsWorker system_server                        D  mStats lock released
2025-11-01 18:33:48.844  1027-1135  BatteryExt...tatsWorker system_server                        D  done updateExternalStatsLocked
2025-11-01 18:33:48.848  1027-1513  Grammatica...ctionUtils system_server                        V  AttributionSource: AttributionSource { uid = 90027, packageName = null, attributionTag = null, token = android.os.Binder@1b379, deviceId = 0, next = null } does not have READ_SYSTEM_GRAMMATICAL_GENDER permission.
2025-11-01 18:33:48.856  1027-1126  libprocessgroup         system_server                        I  Removed cgroup /sys/fs/cgroup/uid_90022/pid_1581
2025-11-01 18:33:48.862 22747-22747 Zygote                  com.android.chrome_zygote            D  Forked child process 1732
2025-11-01 18:33:48.863 22747-22747 Zygote                  com.android.chrome_zygote            I  Process 1581 exited cleanly (0)
2025-11-01 18:33:48.863  1027-1135  BatteryExt...tatsWorker system_server                        D  update stats : remove-uid (1)
2025-11-01 18:33:48.863  1027-1109  DisplayManagerService   system_server                        D  Drop pending events for gone uid 90022
2025-11-01 18:33:48.868  1027-1135  BatteryExt...tatsWorker system_server                        D  Update CPU state
2025-11-01 18:33:48.868  1027-1135  BatteryExt...tatsWorker system_server                        D  mStats lock released
2025-11-01 18:33:48.868  1027-1135  BatteryExt...tatsWorker system_server                        D  done updateExternalStatsLocked
2025-11-01 18:33:48.870  1027-1124  ActivityManager         system_server                        I  Start proc 1732:com.android.chrome:sandboxed_process0:org.chromium.content.app.SandboxedProcessService0:27/u0ai27 for  {com.android.chrome/org.chromium.content.app.SandboxedProcessService0:27}
2025-11-01 18:33:48.873  1732-1732  libc                    pid-1732                             E  SetHeapTaggingLevel: re-enabling tagging after it was disabled is not supported
2025-11-01 18:33:48.879  1732-1732  cessService0:27         pid-1732                             I  Using CollectorTypeCMC GC.
2025-11-01 18:33:48.883  1732-1732  cessService0:27         pid-1732                             E  Not starting debugger since process cannot load the jdwp agent.
2025-11-01 18:33:48.889  1732-1732  nativeloader            pid-1732                             D  Load libframework-connectivity-tiramisu-jni.so using APEX ns com_android_tethering for caller /apex/com.android.tethering/javalib/framework-connectivity-t.jar: ok
2025-11-01 18:33:48.893  1732-1732  ActivityThread          pid-1732                             D  setConscryptValidator
2025-11-01 18:33:48.893  1732-1732  ActivityThread          pid-1732                             D  setConscryptValidator - put
2025-11-01 18:33:48.910  1732-1732  ApplicationLoaders      pid-1732                             D  Returning zygote-cached class loader: /system_ext/framework/androidx.window.extensions.jar
2025-11-01 18:33:48.910  1732-1732  ApplicationLoaders      pid-1732                             D  Returning zygote-cached class loader: /system_ext/framework/androidx.window.sidecar.jar
2025-11-01 18:33:48.914  1732-1732  LoadedApk               pid-1732                             I  No resource references to update in package com.google.android.trichromelibrary
2025-11-01 18:33:48.917  1732-1732  cr_SplitCompatApp       pid-1732                             I  version=141.0.7390.123 (739012333) minSdkVersion=29 processName=com.android.chrome:sandboxed_process0:org.chromium.content.app.SandboxedProcessService0:27 isIsolatedProcess=true splits=chrome,config.zh,dev_ui,on_demand,stack_unwinder,test_dummy
2025-11-01 18:33:48.919  1027-2137  ActivityManager         system_server                        I  Changes in 90027 19 to 3, 0 to 56
2025-11-01 18:33:48.923  1732-1732  cr_ChildProcessService  pid-1732                             I  Creating new ChildProcessService pid=1732
2025-11-01 18:33:48.929  1732-1753  cr_LibraryLoader        pid-1732                             I  Successfully loaded native library
2025-11-01 18:33:48.930  1732-1753  cr_CachingUmaRecorder   pid-1732                             I  Flushed 3 samples from 3 histograms, 0 samples were dropped.
2025-11-01 18:33:48.931  1732-1753  chromium                pid-1732                             W  [WARNING:content/app/android/content_main_android.cc:82] android_setCpu already initialized
2025-11-01 18:33:48.933  1027-3700  ActivityManager         system_server                        I  Killing 1732:com.android.chrome:sandboxed_process0:org.chromium.content.app.SandboxedProcessService0:27/u0a219i-8973 (adj 0): isolated not needed
2025-11-01 18:33:48.934  1027-3700  ActivityManager         system_server                        I  Changes in 90027 3 to 19, 56 to 0
2025-11-01 18:33:48.954 22747-22747 Zygote                  com.android.chrome_zygote            I  Process 1732 exited due to signal 9 (Killed)
2025-11-01 18:33:48.954  1027-1126  libprocessgroup         system_server                        I  Removed cgroup /sys/fs/cgroup/uid_90027/pid_1732
2025-11-01 18:33:48.955  1027-1135  BatteryExt...tatsWorker system_server                        D  update stats : remove-uid (1)
2025-11-01 18:33:48.956  1027-1135  BatteryExt...tatsWorker system_server                        D  Update CPU state
2025-11-01 18:33:48.956  1027-1135  BatteryExt...tatsWorker system_server                        D  mStats lock released
2025-11-01 18:33:48.956  1027-1135  BatteryExt...tatsWorker system_server                        D  done updateExternalStatsLocked
2025-11-01 18:33:48.960  1027-1109  DisplayManagerService   system_server                        D  Drop pending events for gone uid 90027
2025-11-01 18:33:49.071  1027-1435  SemWifiSwi...ppsService system_server                        D  isSkipTcpMonitorInfo - result:1
2025-11-01 18:33:49.315   465-465   io_stats                iod                                  D  !@   8,0 r 2885776 64240658 w 1444931 25751076 d 220970 116616520 f 63373 192066 iot 2387264 0 th 0 0 0 pt 0 inp 0 0 76908.315
2025-11-01 18:33:49.629  1027-2884  SemWifiUsa...atsMonitor system_server                        D  onWifiUsabilityStats - seqNum 4285, isSameBssidAndFreq true
2025-11-01 18:33:49.634  1027-1409  SemWifiLin...ityMonitor system_server                        I  Link stat: 2610 / 0 / 1.00 (112) / 433 / -32.0 || 100.0 : 433.00 / 0.5 : 1.00 / 0.55 : 0.00 / G (G) || b9f683e25765: 0.090 / 88.421 /  / N || N N / 0 / N 2.0 / N 0 / 76908631 0
2025-11-01 18:33:50.092  1027-1435  SemWifiSwi...ppsService system_server                        D  isSkipTcpMonitorInfo - result:1
2025-11-01 18:33:50.264   765-765   RefreshRateSelector     surfaceflinger                       E  Can't find HRR max refresh rate by policy with the same group 0
2025-11-01 18:33:50.464 22066-22066 InputMethodManager      com.android.chrome                   I  invalidateInput
2025-11-01 18:33:50.486 22066-22066 InputMethodManager      com.android.chrome                   I  invalidateInput
2025-11-01 18:33:50.496 22066-22066 BLASTBufferQueue_Java   com.android.chrome                   I  update, w= 1080 h= 2340 mName = VRI[Main]@915907 mNativeObject= 0xb400007b4a41d700 sc.mNativeObject= 0xb400007be285dd40 format= -3 caller= android.view.ViewRootImpl.updateBlastSurfaceIfNeeded:3386 android.view.ViewRootImpl.relayoutWindow:11361 android.view.ViewRootImpl.performTraversals:4544 android.view.ViewRootImpl.doTraversal:3708 android.view.ViewRootImpl$TraversalRunnable.run:12542 android.view.Choreographer$CallbackRecord.run:1751 
2025-11-01 18:33:50.496 22066-22066 VRI[Main]@915907        com.android.chrome                   I  Relayout returned: old=(0,0,1080,2340) new=(0,0,1080,2340) relayoutAsync=true req=(1080,2340)0 dur=0 res=0x0 s={true 0xb400007baa144000} ch=false seqId=0
2025-11-01 18:33:50.496  1027-3700  WindowManager           system_server                        V  Relayout Window{f6a6829 u0 com.android.chrome/com.google.android.apps.chrome.Main}: viewVisibility=0 req=1080x2340 ty=1 d0
2025-11-01 18:33:50.496 22066-22066 VRI[Main]@915907        com.android.chrome                   I  updateBoundsLayer: t=android.view.SurfaceControl$Transaction@6e7eb20 sc=Surface(name=Bounds for - com.android.chrome/com.google.android.apps.chrome.Main@4)/@0xf8b573b frame=90
2025-11-01 18:33:50.497 22066-22066 VRI[Main]@915907        com.android.chrome                   I  registerCallbackForPendingTransactions
2025-11-01 18:33:50.498 22066-22761 VRI[Main]@915907        com.android.chrome                   I  mWNT: t=0xb400007b4a3c4200 mBlastBufferQueue=0xb400007b4a41d700 fn= 90 HdrRenderState mRenderHdrSdrRatio=1.0 caller= android.view.ViewRootImpl$9.onFrameDraw:6276 android.view.ViewRootImpl$3.onFrameDraw:2440 android.view.ThreadedRenderer$1.onFrameDraw:761 
2025-11-01 18:33:50.500  1027-3700  WindowManager           system_server                        V  Relayout hash=f6a6829, pid=0, syncId=-1: mAttrs={(0,0)(fillxfill) sim={state=always_hidden adjust=resize} layoutInDisplayCutoutMode=always ty=BASE_APPLICATION fmt=TRANSLUCENT wanim=0x1030312
                                                                                                      fl=81810100
                                                                                                      pfl=10008840
                                                                                                      vsysui=2010
                                                                                                      apr=10
                                                                                                      bhv=1
                                                                                                      fitSides=0
                                                                                                      frameRateBoostOnTouch=true
                                                                                                      dvrrWindowFrameRateHint=true naviIconColor=0}
2025-11-01 18:33:50.521 22066-22777 cr_WebApkValidator      com.android.chrome                   E  no application info, or metaData retrieved.
2025-11-01 18:33:50.580  5417-5870  SyncManager             com.google.android.gms               I  (REDACTED) Executing sync(type=%s%s)
2025-11-01 18:33:50.584  5417-5870  SyncManager             com.google.android.gms               I  (REDACTED) Executing sync(type=%s) finished in %s
2025-11-01 18:33:50.586  5417-5870  SyncManager             com.google.android.gms               I  (REDACTED) Executing sync(type=%s%s)
2025-11-01 18:33:50.592  5417-5870  SyncManager             com.google.android.gms               I  (REDACTED) Executing sync(type=%s) finished in %s
2025-11-01 18:33:50.598  5417-5870  SyncManager             com.google.android.gms               I  (REDACTED) Executing sync(type=%s%s)
2025-11-01 18:33:50.602  5417-5870  SyncManager             com.google.android.gms               I  (REDACTED) Executing sync(type=%s) finished in %s
2025-11-01 18:33:50.613  5417-5870  SyncManager             com.google.android.gms               I  (REDACTED) Executing sync(type=%s%s)
2025-11-01 18:33:50.618  5417-5870  SyncManager             com.google.android.gms               I  (REDACTED) Executing sync(type=%s) finished in %s
2025-11-01 18:33:50.885  1027-1439  WifiConnec...tsAnalyzer system_server                        D  Backhaul result - RSSI:-33, CE:20, PE:17, TI:33, PTI:30, TW:0, PTW:0, Tx:270, Rx:223, TxS:109, RxS:75, RESULT:true, IC:0, ICT:5, WC:0, WCT:5, R:0, RC:0, IE:0, EC:0
2025-11-01 18:33:51.113  1027-1435  SemWifiSwi...ppsService system_server                        D  isSkipTcpMonitorInfo - result:1
2025-11-01 18:33:51.318   465-465   io_stats                iod                                  D  !@   8,0 r 2885818 64241782 w 1444939 25751204 d 220970 116616520 f 63373 192066 iot 2387304 0 th 0 0 0 pt 0 inp 0 0 76910.317
2025-11-01 18:33:51.318   465-465   io_stats                iod                                  D  !@ Read_top(KB): .android.chrome(22066) 1208 cessService0:22(1581) 24 cessService0:25(1654) 24
2025-11-01 18:33:51.319   465-465   io_stats                iod                                  D  !@ Write_top(KB): kworker/u16:2(16788) 776 .android.chrome(22066) 532 f2fs_ckpt-254:5(2521) 184
2025-11-01 18:33:51.650   765-765   SurfaceFlinger          surfaceflinger                       I  SFWD update time=76910650474484
2025-11-01 18:33:51.673  1027-2608  MARs:Activ...fficFilter system_server                        D  filter : com.udry.app(0)
2025-11-01 18:33:51.677  1027-2608  FreecessController      system_server                        D  com.udry.app(10335) is important[8]
2025-11-01 18:33:51.678   765-2504  NativeSemDvfsManager    surfaceflinger                       D  acquire:: timeout = 2000 mIsAcquired = 1  mTagName : SurfaceFlinger 
2025-11-01 18:33:51.681   765-2504  NativeCust...ncyManager surfaceflinger                       E  [NativeCFMS] BpCustomFrequencyManager::acquire()
2025-11-01 18:33:51.682   695-780   HYPER-HAL               ven...amsung.hardware.hyper-service  I  [RequestManager.cpp]acquire(): Acquired ID : 1559495  [765 / 1000]    HINT : SF_GPU_MINLOCK    list : [TIMEOUT / 2000] 
2025-11-01 18:33:51.851  1027-1232  ActivityManager         system_server                        D  freezing 18274 com.samsung.android.lool
2025-11-01 18:33:51.875   765-765   RefreshRateSelector     surfaceflinger                       E  Can't find HRR max refresh rate by policy with the same group 0
2025-11-01 18:33:51.880  1027-1135  BatteryExt...tatsWorker system_server                        D  update stats : update-network-download (6)
2025-11-01 18:33:51.880  1027-1135  BatteryExt...tatsWorker system_server                        D  Fetch WiFi data
2025-11-01 18:33:51.880  1027-1135  BatteryExt...tatsWorker system_server                        D  Update Rail Energy data
2025-11-01 18:33:51.881  1027-1135  BatteryExt...tatsWorker system_server                        D  Fetch modem data
2025-11-01 18:33:51.918  1484-1838  Am                      com.android.phone                    D  Broadcasting: Intent { act=com.samsung.intent.action.BIG_DATA_INFO (has extras) }
2025-11-01 18:33:51.920  1027-3700  TelephonyManager        system_server                        D  requestModemActivityInfo: Sending result to app: ModemActivityInfo{ mTimestamp=326650137 mSleepTimeMs=314623118 mIdleTimeMs=2629566 mActivityStatsTechSpecificInfo=[{mRat=UNKNOWN,mFrequencyRange=UNKNOWN,mTxTimeMs[]=[29355, 22308, 27261, 9737, 9852],mRxTimeMs=63763900}]}
2025-11-01 18:33:51.921  1027-1135  BatteryExt...tatsWorker system_server                        D  mStats lock released
2025-11-01 18:33:51.929  1027-1135  BatteryStatsImpl        system_server                        D  NetworkStats size(wifi): 298
2025-11-01 18:33:51.931  1027-1135  BatteryExt...tatsWorker system_server                        D  Update wifi state
2025-11-01 18:33:51.933  1027-1337  NSLocationMonitor       system_server                        I  Broadcast receiver, action=com.samsung.intent.action.BIG_DATA_INFO
2025-11-01 18:33:51.935  1027-1135  BatteryStatsImpl        system_server                        D  NetworkStats size(modem): 155
2025-11-01 18:33:51.936  1027-1135  BatteryExt...tatsWorker system_server                        D  Update modem state
2025-11-01 18:33:51.936  1027-1135  BatteryExt...tatsWorker system_server                        D  done updateExternalStatsLocked
2025-11-01 18:33:51.940  1484-1484  SemBigData...Controller com.android.phone                    D  Intent: com.samsung.intent.action.BIG_DATA_INFO
2025-11-01 18:33:51.941  1484-1484  SemBigData...Controller com.android.phone                    D  BIG_DATA insertLog slot: 0, feature: CMAI
2025-11-01 18:33:51.947  1484-1484  SemBigData...Controller com.android.phone                    D  Intent: com.samsung.intent.action.BIG_DATA_INFO
2025-11-01 18:33:51.954  1484-1838  Am                      com.android.phone                    D  Broadcast completed: result=0
2025-11-01 18:33:52.133  1027-1435  SemWifiSwi...ppsService system_server                        D  isSkipTcpMonitorInfo - result:1
2025-11-01 18:33:52.650  1027-2884  SemWifiUsa...atsMonitor system_server                        D  onWifiUsabilityStats - seqNum 4286, isSameBssidAndFreq true
2025-11-01 18:33:52.657  1027-1409  SemWifiLin...ityMonitor system_server                        I  Link stat: 2169 / 0 / 1.00 (51) / 433 / -32.0 || 100.0 : 433.00 / 0.5 : 1.00 / 0.55 : 0.00 / G (G) || b9f683e25765: 0.090 / 88.421 /  / N || N N / 0 / N 2.0 / N 0 / 76911653 0
2025-11-01 18:33:53.153  1027-1435  SemWifiSwi...ppsService system_server                        D  isSkipTcpMonitorInfo - result:1
2025-11-01 18:33:53.321   465-465   io_stats                iod                                  D  !@   8,0 r 2885818 64241782 w 1444955 25751268 d 220970 116616520 f 63375 192070 iot 2387328 0 th 0 0 0 pt 0 inp 0 0 76912.320
2025-11-01 18:33:53.688   695-1754  HYPER-HAL               ven...amsung.hardware.hyper-service  I  [RequestManager.cpp]releaseLocked(): Released ID : 1559495
2025-11-01 18:33:53.701 15286-1648  NearbyMediums           com.google.android.gms.persistent    I  No BLE Fast/GATT advertisements found in the latest cycle.
2025-11-01 18:33:53.702 15286-1648  NearbyMediums           com.google.android.gms.persistent    I  Current Tracked Scanning Clients are : {NearbyConnections.EnvironmentMonitor, NearbySharing, NearbyConnections.TxAdvertisement}
2025-11-01 18:33:53.704 15286-1564  NearbyConnections       com.google.android.gms.persistent    I  Processing lost BlePeripheral BlePeripheral{advertisement=BleAdvertisement { version=2, socketVersion=2, isFast=true, serviceIdHash=null, data=[ 0x23 0x39 0x51 0x50 0x46 0x11 0x32 0x66 0x0d 0x85 0x20 0x8a 0x9b 0x99 0x5f 0xef 0xfb 0xdd 0xda 0x86 0x49 0xe5 0xe2 ], deviceToken=[ 0xde 0xfd ], rxAdvertisement=null }, dctAdvertisement=null, address=null, psm=0, deviceToken=<ByteString@acc5f3d size=2 contents="\336\375">, isSecondProfile=false, rxInstantConnectionAdv=null}.
2025-11-01 18:33:53.705 15286-1564  NearbyConnections       com.google.android.gms.persistent    I  Lost BleEndpoint for BlePeripheral BlePeripheral{advertisement=BleAdvertisement { version=2, socketVersion=2, isFast=true, serviceIdHash=null, data=[ 0x23 0x39 0x51 0x50 0x46 0x11 0x32 0x66 0x0d 0x85 0x20 0x8a 0x9b 0x99 0x5f 0xef 0xfb 0xdd 0xda 0x86 0x49 0xe5 0xe2 ], deviceToken=[ 0xde 0xfd ], rxAdvertisement=null }, dctAdvertisement=null, address=null, psm=0, deviceToken=<ByteString@acc5f3d size=2 contents="\336\375">, isSecondProfile=false, rxInstantConnectionAdv=null} (with EndpointId 9QPF and EndpointInfo [ 0x32 0x66 0x0d 0x85 0x20 0x8a 0x9b 0x99 0x5f 0xef 0xfb 0xdd 0xda 0x86 0x49 0xe5 0xe2 ]).
2025-11-01 18:33:53.706 15286-1564  NearbyConnections       com.google.android.gms.persistent    I  Unable to record lost endpoint due to null currentDiscoveryPhase
2025-11-01 18:33:53.707 15286-1564  NearbyConnections       com.google.android.gms.persistent    I  ClientProxy(66426270) reporting onEndpointLost(9QPF)
2025-11-01 18:33:53.714 15286-1648  NearbySharing           com.google.android.gms.persistent    I  NearbySharing Internal event EndpointLost(endpointId=9QPF)
2025-11-01 18:33:53.982  1027-1408  SemWifiServiceDetector  system_server                        I  Service det. suspended: T / T / 23627
2025-11-01 18:33:54.169  1027-1435  SemWifiSwi...ppsService system_server                        D  isSkipTcpMonitorInfo - result:1
2025-11-01 18:33:55.025 12000-12084 BtGatt.ScanHelper       com.android.bluetooth                I  onScanResult to scannerId: 8- eventType=0x10, addressType=1, address=XX:XX:XX:XX:5B:DB, primaryPhy=1, secondaryPhy=0, advertisingSid=0xff, txPower=127, rssi=-92, periodicAdvInt=0x0
2025-11-01 18:33:55.031 15286-1564  NearbyConnections       com.google.android.gms.persistent    I  Found BleAdvertisement [ 0x23 0x39 0x51 0x50 0x46 0x11 0x32 0x66 0x0d 0x85 0x20 0x8a 0x9b 0x99 0x5f 0xef 0xfb 0xdd 0xda 0x86 0x49 0xe5 0xe2 ] (with EndpointId 9QPF and EndpointInfo [ 0x32 0x66 0x0d 0x85 0x20 0x8a 0x9b 0x99 0x5f 0xef 0xfb 0xdd 0xda 0x86 0x49 0xe5 0xe2 ])
2025-11-01 18:33:55.032 15286-1564  NearbyConnections       com.google.android.gms.persistent    I  Unable to record discovered endpoint due to null currentDiscoveryPhase
2025-11-01 18:33:55.032 15286-1564  NearbyConnections       com.google.android.gms.persistent    I  ClientProxy(66426270 0p:com.google.android.gms.nearby.sharing) reporting onEndpointFound(9QPF)
2025-11-01 18:33:55.033 15286-1564  NearbyConnections       com.google.android.gms.persistent    I  ClientProxy(66426270) reporting onEndpointDistanceChanged(9QPF, UNKNOWN)
2025-11-01 18:33:55.040 15286-1756  NearbySharing           com.google.android.gms.persistent    I  NearbySharing Internal event EndpointDiscovered(endpointId=9QPF)
2025-11-01 18:33:55.194  1027-1435  SemWifiSwi...ppsService system_server                        D  isSkipTcpMonitorInfo - result:1
2025-11-01 18:33:55.323   465-465   io_stats                iod                                  D  !@   8,0 r 2885818 64241782 w 1445031 25752612 d 220970 116616520 f 63375 192070 iot 2387356 0 th 0 0 0 pt 0 inp 0 0 76914.322
