2025-10-09 22:52:27.827  1722-1722  43-CredManRegistrationM com.google.android.gms               I  (REDACTED) [%s][%s] Success to register credentials
2025-10-09 22:52:27.831  2242-2522  Finsky                  com.android.vending                  I  [60] UCtl: For package com.android.chrome, first update discovery timestamp is set to 2025-10-08T21:56:48.700702Z
2025-10-09 22:52:27.838  2612-2746  Finsky:background       com.android.vending:background       I  [59] IQ: Notifying installation update. [Package:com.android.chrome, isid:A29rviY1ThaFjXC9nVqOxA], status=SCHEDULED, status_code=0, reason=auto_update, tsc=PT0.93S, attempt=0
2025-10-09 22:52:27.842  2612-2612  Finsky:background       com.android.vending:background       I  [2] PIM: Ignore install package event for: com.android.chrome, isid: A29rviY1ThaFjXC9nVqOxA
2025-10-09 22:52:27.845  2242-2242  Finsky                  com.android.vending                  I  [2] DL: Data loader session turned off due to Incremental install not requested: com.android.chrome
2025-10-09 22:52:27.851  2612-2746  Finsky:background       com.android.vending:background       I  [59] IQ: Notifying installation update. [Package:com.google.android.gms, isid:9INAT-nBQhKLqHzvb1VBUA], status=SCHEDULED, status_code=0, reason=auto_update, tsc=PT0.97S, attempt=0
2025-10-09 22:52:27.859  2242-2522  Finsky                  com.android.vending                  I  [60] UCtl: For package com.google.android.gm, first update discovery timestamp is set to 2025-10-08T21:56:48.698702Z
2025-10-09 22:52:27.860  2612-2612  Finsky:background       com.android.vending:background       I  [2] PIM: Ignore install package event for: com.google.android.gms, isid: 9INAT-nBQhKLqHzvb1VBUA
2025-10-09 22:52:27.867  2242-2242  Finsky                  com.android.vending                  I  [2] DL: Data loader session turned off due to Incremental install not requested: com.google.android.gms
2025-10-09 22:52:27.872  2242-2487  Finsky                  com.android.vending                  I  [51] UCtl: For package com.google.android.calendar, first update discovery timestamp is set to 2025-10-08T21:56:48.696702Z
2025-10-09 22:52:27.876  2612-2746  Finsky:background       com.android.vending:background       I  [59] IQ: Notifying installation update. [Package:com.google.android.apps.photos, isid:bBwVvkWlSj-fpjyqM3vShw], status=SCHEDULED, status_code=0, reason=auto_update, tsc=PT1.112S, attempt=0
2025-10-09 22:52:27.884  1722-1722  43-CredManRegistrationM com.google.android.gms               I  (REDACTED) [%s][%s] Success to register credentials
2025-10-09 22:52:27.887  2612-2612  Finsky:background       com.android.vending:background       I  [2] PIM: Ignore install package event for: com.google.android.apps.photos, isid: bBwVvkWlSj-fpjyqM3vShw
2025-10-09 22:52:27.891  2242-2242  Finsky                  com.android.vending                  I  [2] DL: Data loader session turned off due to Incremental install not requested: com.google.android.apps.photos
2025-10-09 22:52:27.898  2612-2746  Finsky:background       com.android.vending:background       I  [59] IQ: Notifying installation update. [Package:com.google.android.calendar, isid:ocqNwiimTJOSR75CxxlD7g], status=SCHEDULED, status_code=0, reason=auto_update, tsc=PT0.981S, attempt=0
2025-10-09 22:52:27.904  2612-2612  Finsky:background       com.android.vending:background       I  [2] PIM: Ignore install package event for: com.google.android.calendar, isid: ocqNwiimTJOSR75CxxlD7g
2025-10-09 22:52:27.909  2242-2242  Finsky                  com.android.vending                  I  [2] DL: Data loader session turned off due to Incremental install not requested: com.google.android.calendar
2025-10-09 22:52:27.913   483-507   PermissionCache         surfaceflinger                       D  checking android.permission.DUMP for uid=10148 => granted (664 us)
2025-10-09 22:52:27.918  2612-2746  Finsky:background       com.android.vending:background       I  [59] IQ: Notifying installation update. [Package:com.google.android.apps.youtube.music, isid:Xrzv_UR_ScKC6Cd7Z7yQRQ], status=SCHEDULED, status_code=0, reason=auto_update, tsc=PT1.069S, attempt=0
2025-10-09 22:52:27.926  2612-2612  Finsky:background       com.android.vending:background       I  [2] PIM: Ignore install package event for: com.google.android.apps.youtube.music, isid: Xrzv_UR_ScKC6Cd7Z7yQRQ
2025-10-09 22:52:27.931  2242-2242  Finsky                  com.android.vending                  I  [2] DL: Data loader session turned off due to Incremental install not requested: com.google.android.apps.youtube.music
2025-10-09 22:52:27.934  1722-1722  43-CredManRegistrationM com.google.android.gms               I  (REDACTED) [%s][%s] Success to register credentials
2025-10-09 22:52:27.937  2612-2746  Finsky:background       com.android.vending:background       I  [59] IQ: Creating job 83, for (REQ_GEARHEAD_PROJECTION_OFF, NETWORK=ANY, PROVISIONING_STATE=PROVISIONED, BACKUP_MANAGER_STATE=BACKUP_READY, PROCESS_IMPORTANCE_THRESHOLD=125)
2025-10-09 22:52:27.937  2612-2746  Finsky:background       com.android.vending:background       I  [59] IQ: Creating job 84, for (REQ_DEVICE_IDLE, REQ_GEARHEAD_PROJECTION_OFF, MIN_BATTERY=20, SHOULD_APPLY_BUDGET=true, NETWORK=UNMETERED, PROVISIONING_STATE=PROVISIONED, BACKUP_MANAGER_STATE=BACKUP_READY, TIME=[2025-10-09T23:00:00Z-2025-10-10T02:00:00Z])
2025-10-09 22:52:27.937  2612-2746  Finsky:background       com.android.vending:background       I  [59] IQ: Bulk scheduling created jobs
2025-10-09 22:52:27.940  2612-2746  Finsky:background       com.android.vending:background       I  [59] SCH: Received scheduling request: Id: 3-83, Constraints: [{ L: 0, D: 86400000, C: CHARGING_NONE, I: IDLE_NONE, N: NET_ANY, B: BATTERY_ANY }]
2025-10-09 22:52:27.941  2612-2746  Finsky:background       com.android.vending:background       I  [59] SCH: Received scheduling request: Id: 3-84, Constraints: [{ L: 7652063, D: 18452063, C: CHARGING_NONE, I: IDLE_REQUIRED, N: NET_UNMETERED, B: BATTERY_ANY }]
2025-10-09 22:52:27.949  1722-2444  Conscrypt               com.google.android.gms               W  Could not set socket write timeout: java.net.SocketException: Socket closed
2025-10-09 22:52:27.950  1722-2444  Conscrypt               com.google.android.gms               W  	at com.google.android.gms.org.conscrypt.Platform.setSocketWriteTimeout(:com.google.android.gms@253434035@25.34.34 (260400-800653487):204)
2025-10-09 22:52:27.951  1722-2444  Conscrypt               com.google.android.gms               W  	at com.google.android.gms.org.conscrypt.ConscryptFileDescriptorSocket.setSoWriteTimeout(:com.google.android.gms@253434035@25.34.34 (260400-800653487):4)
2025-10-09 22:52:27.956  1722-1722  43-CredManRegistrationM com.google.android.gms               I  (REDACTED) [%s][%s] Success to register credentials
2025-10-09 22:52:27.965  1722-1722  43-CredManRegistrationM com.google.android.gms               I  (REDACTED) [%s][%s] Success to register credentials
2025-10-09 22:52:27.970  1722-1722  43-CredManRegistrationM com.google.android.gms               I  (REDACTED) [%s][%s] Success to register credentials
2025-10-09 22:52:27.978  2612-2714  Finsky:background       com.android.vending:background       I  [42] WM::SCH: Logging work initialize for 3-83
2025-10-09 22:52:27.978  2612-2714  Finsky:background       com.android.vending:background       I  [42] WM::SCH: Logging work initialize for 3-84
2025-10-09 22:52:27.981  2612-2733  Finsky:background       com.android.vending:background       I  [48] SCH: Scheduling phonesky job Id: 3-83, CT: 1760043147941, Constraints: [{ L: 0, D: 86400000, C: CHARGING_NONE, I: IDLE_NONE, N: NET_ANY, B: BATTERY_ANY }, { L: 0, D: 0, C: CHARGING_NONE, I: IDLE_NONE, N: NET_NONE, B: BATTERY_ANY }]
2025-10-09 22:52:27.981  2612-2733  Finsky:background       com.android.vending:background       I  [48] SCH: Scheduling phonesky job Id: 3-84, CT: 1760043147941, Constraints: [{ L: 7652063, D: 18452063, C: CHARGING_NONE, I: IDLE_REQUIRED, N: NET_UNMETERED, B: BATTERY_ANY }]
2025-10-09 22:52:27.982  2612-2739  Finsky:background       com.android.vending:background       I  [52] SCH: Scheduling 2 system job(s)
2025-10-09 22:52:27.982  2612-2739  Finsky:background       com.android.vending:background       I  [52] SCH: Scheduling expedited system job 10537
2025-10-09 22:52:27.983   634-962   CompatChangeReporter    system_server                        D  Compat change id reported: 311402873; UID 10144; state: ENABLED
2025-10-09 22:52:27.983   634-962   CompatChangeReporter    system_server                        D  Compat change id reported: 323349338; UID 10144; state: ENABLED
2025-10-09 22:52:27.986  2612-2612  Finsky:background       com.android.vending:background       I  [2] SCH: job service start with id 10537.
2025-10-09 22:52:27.988  2612-2753  Finsky:background       com.android.vending:background       I  [63] SCH: Satisfied jobs for 10537 are: 3-83
2025-10-09 22:52:27.988  2612-2739  Finsky:background       com.android.vending:background       I  [52] SCH: Scheduling system job Id: 10538, L: 7652017, D: 18452017, C: false, I: true, N: 2
2025-10-09 22:52:27.991  2612-3375  Finsky:background       com.android.vending:background       I  [79] SCH: Job 3-83 starting
2025-10-09 22:52:27.992  2612-2612  Finsky:background       com.android.vending:background       I  [2] WM::SCH: Logging work start for 3-83
2025-10-09 22:52:27.992  2612-2612  Finsky:background       com.android.vending:background       I  [2] XPF:Binding for 185440034
2025-10-09 22:52:27.996  2612-2612  Finsky:background       com.android.vending:background       I  [2] XPF:Binding for 185440034
2025-10-09 22:52:27.997  2242-2568  Finsky                  com.android.vending                  I  [87] XPF:Registering listener 178009824 for user u0.
2025-10-09 22:52:27.997  1722-1722  43-CredManRegistrationM com.google.android.gms               I  (REDACTED) [%s][%s] Success to register credentials
2025-10-09 22:52:27.997  2242-2568  Finsky                  com.android.vending                  I  [87] XPF:User 0 finished enterprise setup, removing profile.
2025-10-09 22:52:28.000  2242-2568  Finsky                  com.android.vending                  I  [87] XPF: Initializing profiles from value store.
2025-10-09 22:52:28.000  2242-2568  Finsky                  com.android.vending                  I  [87] IQ::HLD: Get the following profiles from PauseUpdatesProfilesValueStore [].
2025-10-09 22:52:28.001  2242-2568  Finsky                  com.android.vending                  I  [87] XPF: 0 profiles are paused for app updates: []
2025-10-09 22:52:28.002  2242-2568  Finsky                  com.android.vending                  I  [87] XPF:0 profiles are currently in enterprise setup: []
2025-10-09 22:52:28.004  2612-4372  ActivityThread          com.android.vending:background       E  Failed to find provider info for androidx.car.app.connection
2025-10-09 22:52:28.004  2612-2612  CarApp.Conn             com.android.vending:background       W  Null response from content provider when checking connection to the car, treating as disconnected
2025-10-09 22:52:28.004  2612-2612  Finsky:background       com.android.vending:background       I  [2] GH::GSM: IsProjecting:false
2025-10-09 22:52:28.004  2612-2612  Finsky:background       com.android.vending:background       I  [2] GH::GSM: Gearhead listeners Notified that Projection is: false
2025-10-09 22:52:28.004  2612-2612  Finsky:background       com.android.vending:background       I  [2] IQ: Connection has changed false
2025-10-09 22:52:28.004  2612-2612  Finsky:background       com.android.vending:background       I  [2] IQ::IQPJ: Start job 83
2025-10-09 22:52:28.008  2612-2612  Finsky:background       com.android.vending:background       I  [2] IQ: Connection has changed false
2025-10-09 22:52:28.013  2612-2743  Finsky:background       com.android.vending:background       I  [56] IQ: start evaluating install requests.
2025-10-09 22:52:28.023  2612-2743  Finsky:background       com.android.vending:background       I  [56] IQ: There are 1 installs pending for job 83: [com.google.android.webview]
2025-10-09 22:52:28.029  1722-1722  43-CredManRegistrationM com.google.android.gms               I  (REDACTED) [%s][%s] Success to register credentials
2025-10-09 22:52:28.031  2612-2743  Finsky:background       com.android.vending:background       I  [56] IQ: 1 scheduled install statuses found to proceed. 
2025-10-09 22:52:28.036  1722-1722  43-CredManRegistrationM com.google.android.gms               I  (REDACTED) [%s][%s] Success to register credentials
2025-10-09 22:52:28.038  1536-2153  TrainerClient           com.google.android.as                I  Preparing to schedule training for population:aiai/playstore/livetranslate session_name:livetranslate
2025-10-09 22:52:28.049  2612-2737  Finsky:background       com.android.vending:background       I  [50] IQ: proceed install request for [Package:com.google.android.webview, isid:cfW_Iw4SST-HSTbCscTFVA].
2025-10-09 22:52:28.049  2612-2737  Finsky:background       com.android.vending:background       I  [50] IQ: Notifying installation update. [Package:com.google.android.webview, isid:cfW_Iw4SST-HSTbCscTFVA], status=DOWNLOAD_PENDING, status_code=0, reason=auto_update, tsc=PT1.188S, attempt=0
2025-10-09 22:52:28.052  2612-2612  Finsky:background       com.android.vending:background       I  [2] PIM: Ignore install package event for: com.google.android.webview, isid: cfW_Iw4SST-HSTbCscTFVA
2025-10-09 22:52:28.055  2242-2242  Finsky                  com.android.vending                  I  [2] DL: Data loader session turned off due to Incremental install not requested: com.google.android.webview
2025-10-09 22:52:28.061  2242-2242  Finsky                  com.android.vending                  I  [2] IQ::HLD: if pauseAppUpdates is called now, it must wait for these ongoing installs: [[Package:com.google.android.webview, isid:cfW_Iw4SST-HSTbCscTFVA]]
2025-10-09 22:52:28.061  2242-2242  Finsky                  com.android.vending                  I  [2] IQ::HLD: previousAllInstallsDone is Optional[true], allInstallationsDone is Optional[false]
2025-10-09 22:52:28.061  2242-2242  Finsky                  com.android.vending                  I  [2] IQ::HLD: Updating installations status true cross profiles
2025-10-09 22:52:28.062  2242-2242  Finsky                  com.android.vending                  I  [2] XPF:Binding for 36912507
2025-10-09 22:52:28.062  2242-2242  Finsky                  com.android.vending                  I  [2] XPF:User 0 is in installation, adding profile.
2025-10-09 22:52:28.062  2612-2733  Finsky:background       com.android.vending:background       I  [48] IQ: Requesting install request=package_name=com.google.android.webview, pm_package_name=com.google.android.webview, version=739004333, priority=2, reason=auto_update, account_name=, type=0, isid=cfW_Iw4SST-HSTbCscTFVA, group_info=com.google.android.webview:739004333:899195093, package_install_infos=com.google.android.webview:739004333,com.google.android.trichromelibrary:739004333, constraints=((REQ_GEARHEAD_PROJECTION_OFF, NETWORK=ANY, PROVISIONING_STATE=PROVISIONED, BACKUP_MANAGER_STATE=BACKUP_READY, PROCESS_IMPORTANCE_THRESHOLD=125),), install_primary_identifier=UNKNOWN_ACTION_SURFACE using installer.
2025-10-09 22:52:28.062  2612-2733  Finsky:background       com.android.vending:background       I  [48] DL: Data loader session turned off due to Incremental install not requested: com.google.android.webview
2025-10-09 22:52:28.062  2612-2733  Finsky:background       com.android.vending:background       I  [48] DLIF: createIncrementalConfig with useIncrementalSessionWithReason: INCREMENTAL_DISABLED_IN_INSTALL_REQUEST , streamingVerdictWithReason: STREAMING_DISABLE_BY_UNKNOWN_REASON
2025-10-09 22:52:28.067  2612-4374  Finsky:background       com.android.vending:background       I  [100] IV2::EIU: Existing install found for update [Package:com.google.android.webview, isid:cfW_Iw4SST-HSTbCscTFVA].
2025-10-09 22:52:28.067  2612-4374  Finsky:background       com.android.vending:background       I  [100] IV2::FGCV: Foreground check passed for com.google.android.webview
2025-10-09 22:52:28.069  2612-2739  Finsky:background       com.android.vending:background       I  [52] IV2::DRV: install for [Package:com.google.android.webview, isid:cfW_Iw4SST-HSTbCscTFVA] not tracked by installer.
2025-10-09 22:52:28.075  2612-4374  Finsky:background       com.android.vending:background       I  [100] IV2: adding timeout to install 37
2025-10-09 22:52:28.077  1230-1230  BoundBrokerSvc          com.google.android.gms.persistent    D  onUnbind: Intent { act=com.google.android.gms.instantapps.START xflg=0x4 pkg=com.google.android.gms }
2025-10-09 22:52:28.082  2612-4374  Finsky:background       com.android.vending:background       I  [100] DL: Data loader session turned off due to Incremental install not requested: com.google.android.webview
2025-10-09 22:52:28.083  2612-4374  Finsky:background       com.android.vending:background       I  [100] DL: Data loader session turned off due to Incremental install not requested: com.google.android.trichromelibrary
2025-10-09 22:52:28.085  2612-4378  Finsky:background       com.android.vending:background       I  [104] IV2: Setting install scenario: 0
2025-10-09 22:52:28.089  1722-1722  43-CredManRegistrationM com.google.android.gms               I  (REDACTED) [%s][%s] Success to register credentials
2025-10-09 22:52:28.093  2612-4378  Finsky:background       com.android.vending:background       I  [104] IV2: Setting install scenario: 0
2025-10-09 22:52:28.096  2612-4378  Finsky:background       com.android.vending:background       I  [104] SM: Session with Context {name=com.google.android.webview versionCode=739004333} successfully created
2025-10-09 22:52:28.102  2612-4378  Finsky:background       com.android.vending:background       I  [104] SM: Session with Context {name=com.google.android.trichromelibrary versionCode=739004333} successfully created
2025-10-09 22:52:28.108  2612-2743  Finsky:background       com.android.vending:background       I  [56] IV2::TV: allowMeteredNetwork=true for [Package=com.google.android.webview, isid=cfW_Iw4SST-HSTbCscTFVA]
2025-10-09 22:52:28.109  2612-2737  Finsky:background       com.android.vending:background       I  [50] IV2::TM: Task added. com.google.android.webview[iid:37] [isid:cfW_Iw4SST-HSTbCscTFVA] [tid: 1000000041]
2025-10-09 22:52:28.112  2612-2739  Finsky:background       com.android.vending:background       I  [52] IV2::TM: starting: 1000000041
2025-10-09 22:52:28.113  2612-2739  Finsky:background       com.android.vending:background       I  [52] IV2::TM: Starting task: com.google.android.webview[iid:37] [isid:cfW_Iw4SST-HSTbCscTFVA] [tid: 1000000041]
2025-10-09 22:52:28.113  2612-2743  Finsky:background       com.android.vending:background       I  [56] IQ: start evaluating install requests.
2025-10-09 22:52:28.117  2612-2739  Finsky:background       com.android.vending:background       I  [52] IV2::ATD: starting task com.google.android.webview[iid:37] [isid:cfW_Iw4SST-HSTbCscTFVA] [tid: 1000000041].
2025-10-09 22:52:28.124  1031-1056  InstallSessionTracker   com...le.android.apps.nexuslauncher  D  onCreated: Install session created for appPackageName=com.google.android.webview, sessionId=629767478, appIcon=null, appLabel=Android System WebView
2025-10-09 22:52:28.124  1031-1056  InstallSessionTracker   com...le.android.apps.nexuslauncher  D  onCreated: Install session created for appPackageName=com.google.android.trichromelibrary, sessionId=1978423774, appIcon=null, appLabel=Android System WebView
2025-10-09 22:52:28.130  2612-4374  Finsky:background       com.android.vending:background       I  [100] IV2::ATD: Fetching metadata start. com.google.android.webview[iid:37] [isid:cfW_Iw4SST-HSTbCscTFVA] [tid: 1000000041]
2025-10-09 22:52:28.137  2612-2743  Finsky:background       com.android.vending:background       I  [56] IQ: There are 0 installs pending for job 83: []
2025-10-09 22:52:28.137  2612-2743  Finsky:background       com.android.vending:background       I  [56] IQ: No matching installs to run for jobs: [83]
2025-10-09 22:52:28.146  2612-2737  Finsky:background       com.android.vending:background       I  [50] Attempt creation of cached APK for com.google.android.webview
2025-10-09 22:52:28.146  2612-2733  Finsky:background       com.android.vending:background       I  [48] Attempt creation of cached APK for com.google.android.trichromelibrary
2025-10-09 22:52:28.147  2612-2733  Finsky:background       com.android.vending:background       I  [48] Preloads directory was not found.
2025-10-09 22:52:28.148  2612-2737  Finsky:background       com.android.vending:background       I  [50] Preloads directory was not found.
2025-10-09 22:52:28.149  2612-2743  Finsky:background       com.android.vending:background       I  [56] IQ: 0 scheduled install statuses found to proceed. 
2025-10-09 22:52:28.152  2612-2733  Finsky:background       com.android.vending:background       I  [48] File-by-File compatibility check result: true
2025-10-09 22:52:28.153  2612-2739  Finsky:background       com.android.vending:background       I  [52] File-by-File compatibility check result: true
2025-10-09 22:52:28.168  1722-1722  43-CredManRegistrationM com.google.android.gms               I  (REDACTED) [%s][%s] Success to register credentials
2025-10-09 22:52:28.172  2612-2733  Finsky:background       com.android.vending:background       W  [48] IU: Account  from AppState for update of com.google.android.trichromelibrary no longer exists.
2025-10-09 22:52:28.174  2775-3111  FederatedT...gScheduler com.google.android.as.oss            I  Cancelling training for population:aiai/playstore/livetranslate session_name:livetranslate
2025-10-09 22:52:28.175  2612-2739  Finsky:background       com.android.vending:background       W  [52] IU: Account  from AppState for update of com.google.android.webview no longer exists.
2025-10-09 22:52:28.175  2612-2733  Finsky:background       com.android.vending:background       W  [48] IU: Cannot get valid account for com.google.android.trichromelibrary
2025-10-09 22:52:28.175  2612-2733  Finsky:background       com.android.vending:background       I  [48] Unauthenticated delivery for com.google.android.trichromelibrary.
2025-10-09 22:52:28.178  2612-2739  Finsky:background       com.android.vending:background       W  [52] IU: Cannot get valid account for com.google.android.webview
2025-10-09 22:52:28.178  2612-2739  Finsky:background       com.android.vending:background       I  [52] Unauthenticated delivery for com.google.android.webview.
2025-10-09 22:52:28.198  1536-2678  AiAiAutofill            com.google.android.as                I  Connected AiAiAugmentedAutofillService.
2025-10-09 22:52:28.200  2775-2874  TrainerGrp...bleService com.google.android.as.oss            I  Cancelling training succeeded [population=aiai/playstore/livetranslate, session=livetranslate]
2025-10-09 22:52:28.205  1536-1897  CameraManagerGlobal     com.google.android.as                I  Connecting to camera service
2025-10-09 22:52:28.239   537-632   Attributio...ssionUtils cameraserver                         I  checkPermission (forDataDelivery 0 startDataDelivery 0): Permission hard denied for client attribution [uid 10139, pid 1536, packageName "<unknown>"]
2025-10-09 22:52:28.239  1536-2153  TrainerClient           com.google.android.as                I  Preparing to schedule training for population:aiai/playstore/autofill session_name:autofill
2025-10-09 22:52:28.241  2775-3111  FederatedT...gScheduler com.google.android.as.oss            I  Cancelling training for population:aiai/playstore/autofill session_name:autofill
2025-10-09 22:52:28.243  2775-2874  TrainerGrp...bleService com.google.android.as.oss            I  Cancelling training succeeded [population=aiai/playstore/autofill, session=autofill]
2025-10-09 22:52:28.244  1536-1897  DesktopModeFlags        com.google.android.as                D  Toggle override initialized to: OVERRIDE_UNSET
2025-10-09 22:52:28.262  2242-2524  Finsky                  com.android.vending                  I  [61] Cleaning the verify apps datastore
2025-10-09 22:52:28.279  2242-2524  Finsky                  com.android.vending                  I  [61] Finished cleaning the verify apps datastore
2025-10-09 22:52:28.281  1230-1230  BoundBrokerSvc          com.google.android.gms.persistent    D  onUnbind: Intent { act=com.google.android.gms.trustagent.BridgeApi.START dat=chimera-action:/... xflg=0x4 cmp=com.google.android.gms/.chimera.PersistentInternalApiService }
2025-10-09 22:52:28.286  2242-2525  AbstractLogEventBuilder com.android.vending                  E  The provided ProductIdOrigin 3 is not one of the process-level expected values: 1 or 2
2025-10-09 22:52:28.299  2578-2848  SystemServiceRegistry   com.google.android.gms.unstable      W  No service published for: persistent_data_block
2025-10-09 22:52:28.308  2242-2242  Finsky                  com.android.vending                  I  [2] VerifyApps: Done verifying installed packages (AutoScan)
2025-10-09 22:52:28.329  2242-2509  Finsky                  com.android.vending                  I  [57] SCH: jobFinished: 10-8. TimeElapsed: 9151ms.
2025-10-09 22:52:28.329  2242-2509  Finsky                  com.android.vending                  I  [57] WM::SCH: Logging work end for 10-8
2025-10-09 22:52:28.329  1536-1975  WM-WorkerWrapper        com.google.android.as                I  Worker result SUCCESS for Work [ id=9d0c1550-d826-41ed-9a89-8b94ffe60a8a, tags={ com.google.android.apps.miphone.aiai.chronicle.data.storage.simplestorage.impl.SimpleStorageMaintenanceWorker } ]
2025-10-09 22:52:28.343  2242-2522  Finsky                  com.android.vending                  I  [60] SCH: Scheduling phonesky job Id: 26-1414141414, CT: 1760040804248, Constraints: [{ L: 43200000, D: 44100000, C: CHARGING_NONE, I: IDLE_NONE, N: NET_NONE, B: BATTERY_ANY }]
2025-10-09 22:52:28.373  2242-2522  Finsky                  com.android.vending                  I  [60] SCH: Scheduling 1 system job(s)
2025-10-09 22:52:28.373  2242-2522  JobInfo                 com.android.vending                  W  Job 'com.android.vending/com.google.android.finsky.scheduler.process.mainimpl.PhoneskyJobServiceMain#9121' has a deadline with no functional constraints. The deadline won't improve job execution latency. Consider removing the deadline.
2025-10-09 22:52:28.373  2242-2522  Finsky                  com.android.vending                  I  [60] SCH: Scheduling system job Id: 9121, L: 40855875, D: 41755875, C: false, I: false, N: 0
2025-10-09 22:52:28.374   634-1114  JobInfo                 system_server                        W  Job 'com.android.vending/com.google.android.finsky.scheduler.process.mainimpl.PhoneskyJobServiceMain#9121' has a deadline with no functional constraints. The deadline won't improve job execution latency. Consider removing the deadline.
2025-10-09 22:52:28.390  1536-1975  WM-WorkerWrapper        com.google.android.as                I  Worker result SUCCESS for Work [ id=b83a664d-722d-43dc-a8c4-2e5f3c732ba8, tags={ com.google.android.apps.miphone.aiai.chronicle.impl.packagemonitor.PackageMonitoringWorker,PackageMonitoringWorker } ]
2025-10-09 22:52:28.405  2242-2487  Finsky                  com.android.vending                  I  [51] SCH: Scheduling phonesky job Id: 1-1337, CT: 1760043139095, Constraints: [{ L: 14399995, D: 51351290, C: CHARGING_NONE, I: IDLE_NONE, N: NET_ANY, B: BATTERY_ANY }]
2025-10-09 22:52:28.405  2242-2487  Finsky                  com.android.vending                  I  [51] SCH: Scheduling phonesky job Id: 10-4, CT: 1760043136682, Constraints: [{ L: 1200000, D: 86400000, C: CHARGING_NONE, I: IDLE_NONE, N: NET_ANY, B: BATTERY_ANY }]
2025-10-09 22:52:28.405  2242-2487  Finsky                  com.android.vending                  I  [51] SCH: Scheduling phonesky job Id: 10-11, CT: 1760043136683, Constraints: [{ L: 600000, D: 86400000, C: CHARGING_NONE, I: IDLE_NONE, N: NET_ANY, B: BATTERY_ANY }]
2025-10-09 22:52:28.405  2242-2487  Finsky                  com.android.vending                  I  [51] SCH: Scheduling phonesky job Id: 10-26, CT: 1760043136683, Constraints: [{ L: 600000, D: 86400000, C: CHARGING_NONE, I: IDLE_NONE, N: NET_ANY, B: BATTERY_ANY }]
2025-10-09 22:52:28.405  2242-2487  Finsky                  com.android.vending                  I  [51] SCH: Scheduling phonesky job Id: 10-101, CT: 1760043136684, Constraints: [{ L: 60000, D: 86400000, C: CHARGING_NONE, I: IDLE_NONE, N: NET_ANY, B: BATTERY_ANY }]
2025-10-09 22:52:28.405  2242-2487  Finsky                  com.android.vending                  I  [51] SCH: Scheduling phonesky job Id: 10-123, CT: 1760043136684, Constraints: [{ L: 600000, D: 86400000, C: CHARGING_NONE, I: IDLE_NONE, N: NET_ANY, B: BATTERY_ANY }]
2025-10-09 22:52:28.411  2242-2919  Finsky                  com.android.vending                  I  [107] SCH: job service finished with id 9030.
2025-10-09 22:52:28.413  2242-2487  Finsky                  com.android.vending                  I  [51] SCH: Scheduling 1 system job(s)
2025-10-09 22:52:28.413  2242-2487  Finsky                  com.android.vending                  I  [51] SCH: Scheduling system job Id: 9122, L: 48271, D: 51341972, C: false, I: false, N: 1
2025-10-09 22:52:28.419  2242-2919  Finsky                  com.android.vending                  I  [107] SCH: job service finished with id 9021.
2025-10-09 22:52:28.427  1230-3999  GetConfigSnapshotOp     com.google.android.gms.persistent    W  Succeeded but not registered: com.google.android.gms.clearcut_client#com.android.vending [CONTEXT service_id=51 ]
2025-10-09 22:52:28.432   634-1771  SafetySourceDataValidat system_server                        V  Package: com.android.vending has expected signature
2025-10-09 22:52:28.432   634-1771  SafetySourceDataValidat system_server                        V  Package: com.android.vending has expected signature
2025-10-09 22:52:28.456  2612-4374  Finsky:background       com.android.vending:background       I  [100] IV2::ATD: Fetching metadata done. com.google.android.webview[iid:37] [isid:cfW_Iw4SST-HSTbCscTFVA] [tid: 1000000041]
2025-10-09 22:52:28.459  2612-4374  Finsky:background       com.android.vending:background       I  [100] IV2::ATD: Validate start. com.google.android.webview[iid:37] [isid:cfW_Iw4SST-HSTbCscTFVA] [tid: 1000000041]
2025-10-09 22:52:28.461  2612-3451  Finsky:background       com.android.vending:background       I  [82] ICalc: Partition available space: 1769541632, install size: 270987813, min free: 311405772, additional needed: 0
2025-10-09 22:52:28.461  2612-2743  Finsky:background       com.android.vending:background       I  [56] AV::DSC: sufficient disk space space available for com.google.android.webview[iid:37] [isid:cfW_Iw4SST-HSTbCscTFVA] [tid: 1000000041]: 270987813
2025-10-09 22:52:28.499   479-491   GpuWork                 gpuservice                           W  Failed to attach bpf program to power/gpu_work_period tracepoint [2(No such file or directory)]
2025-10-09 22:52:28.553  1536-4368  AiAiCaptions            com.google.android.as                I  initialize(): check availability of mandatory languages models: [en_US].
2025-10-09 22:52:28.631  1536-4368  AiAiCaptions            com.google.android.as                I  maybeUpdateComponentsManagerAndRegisterListeners(): registering receivers
2025-10-09 22:52:28.631  1536-4368  AiAiCaptions            com.google.android.as                I  TtsLangFetcherImpl::fetch(). Fetching locales en_US
2025-10-09 22:52:28.641  1536-4368  ogle.android.as         com.google.android.as                I  AssetManager2(0xb400007c9442bff8) locale list changing from [] to [en-US]
2025-10-09 22:52:28.649  1801-1806  oid.apps.photos         com.google.android.apps.photos       W  Suspending all threads took: 8.363ms
2025-10-09 22:52:28.679  1536-4368  TextToSpeech            com.google.android.as                I  Sucessfully bound to com.google.android.tts
2025-10-09 22:52:28.683   634-653   IPCThreadState          system_server                        W  Sending oneway calls to frozen process.
2025-10-09 22:52:28.726   634-1927  TextToSpee...serService system_server                        D  Trying to start connection to TTS engine: com.google.android.tts
2025-10-09 22:52:28.738   634-840   Background...rolService system_server                        D  Package event received: 0
2025-10-09 22:52:28.744   634-634   ActivityManager         system_server                        D  sync unfroze 3297 com.google.android.tts for 6
2025-10-09 22:52:28.749   634-840   Background...rolService system_server                        D  Package event received: 0
2025-10-09 22:52:28.749  4402-4402  dumpsys                 dumpsys                              W  Thread Pool max thread count is 0. Cannot cache binder as linkToDeath cannot be implemented. serviceName: window
2025-10-09 22:52:28.765  1536-1545  ogle.android.as         com.google.android.as                W  Deferring native library unloading due to contention
2025-10-09 22:52:28.780   634-726   ActivityManager         system_server                        D  freezing 2001 com.google.android.apps.messaging
2025-10-09 22:52:28.849  4407-4407  dumpsys                 dumpsys                              W  Thread Pool max thread count is 0. Cannot cache binder as linkToDeath cannot be implemented. serviceName: user
2025-10-09 22:52:28.852   634-634   binder:634_1E           system_server                        W  type=1400 audit(0.0:140): avc:  denied  { read } for  name="u:object_r:system_user_mode_emulation_prop:s0" dev="tmpfs" ino=333 scontext=u:r:system_server:s0 tcontext=u:object_r:system_user_mode_emulation_prop:s0 tclass=file permissive=0
2025-10-09 22:52:28.856   634-1927  libc                    system_server                        W  Access denied finding property "persist.debug.user_mode_emulation"
2025-10-09 22:52:28.856   634-1927  UserSystem...eInstaller system_server                        V  dumpPackageWhitelistProblems(): using mode d
2025-10-09 22:52:28.877  1590-4409  stetho                  com...le.android.apps.messaging:rcs  W  I/O error: java.io.IOException: No matching handler, firstByte=71
2025-10-09 22:52:28.889  1590-4411  stetho                  com...le.android.apps.messaging:rcs  W  I/O error: java.io.IOException: No matching handler, firstByte=71
2025-10-09 22:52:28.878  3297-4410  VoiceDataDownloader     com.google.android.tts               I  Not already initialized. Initializing Superpacks.
2025-10-09 22:52:28.904  3297-3297  GoogleTtsServicePeer    com.google.android.tts               I  Creating Google TTS service, version googletts.google-speech-apk_20250818.02_p1.797044558
2025-10-09 22:52:28.911   634-1114  system_server           system_server                        I  AssetManager2(0xb400007c9443feb8) locale list changing from [] to [en-US]
2025-10-09 22:52:28.917   634-791   InetDiagMessage         system_server                        D  Destroyed 0 sockets, proto=IPPROTO_TCP, family=AF_INET, states=14
2025-10-09 22:52:28.918   634-791   InetDiagMessage         system_server                        D  Destroyed 0 sockets, proto=IPPROTO_TCP, family=AF_INET6, states=14
2025-10-09 22:52:28.918   634-791   InetDiagMessage         system_server                        D  Destroyed live tcp sockets for uids={10204} in 0ms
2025-10-09 22:52:28.918   634-791   InetDiagMessage         system_server                        D  Destroyed 0 sockets, proto=IPPROTO_TCP, family=AF_INET, states=14
2025-10-09 22:52:28.918   634-791   InetDiagMessage         system_server                        D  Destroyed 0 sockets, proto=IPPROTO_TCP, family=AF_INET6, states=14
2025-10-09 22:52:28.918   634-791   InetDiagMessage         system_server                        D  Destroyed live tcp sockets for uids={20204} in 0ms
2025-10-09 22:52:28.918   634-791   InetDiagMessage         system_server                        D  Destroyed 0 sockets, proto=IPPROTO_TCP, family=AF_INET, states=14
2025-10-09 22:52:28.918   634-791   InetDiagMessage         system_server                        D  Destroyed 0 sockets, proto=IPPROTO_TCP, family=AF_INET6, states=14
2025-10-09 22:52:28.918   634-791   InetDiagMessage         system_server                        D  Destroyed live tcp sockets for uids={10150} in 0ms
2025-10-09 22:52:28.918   634-791   InetDiagMessage         system_server                        D  Destroyed 0 sockets, proto=IPPROTO_TCP, family=AF_INET, states=14
2025-10-09 22:52:28.918   634-791   InetDiagMessage         system_server                        D  Destroyed 0 sockets, proto=IPPROTO_TCP, family=AF_INET6, states=14
2025-10-09 22:52:28.918   634-791   InetDiagMessage         system_server                        D  Destroyed live tcp sockets for uids={20150} in 1ms
2025-10-09 22:52:28.935  3297-4410  VoiceDataDownloader     com.google.android.tts               I  Superpack object built.
2025-10-09 22:52:28.935  3297-4410  VoiceDataDownloader     com.google.android.tts               I  Superpack slicing strategy registered
2025-10-09 22:52:28.936  3297-4410  VoiceDataDownloader     com.google.android.tts               I  Superpack quota set for all voices.
2025-10-09 22:52:28.948  3297-3297  ExoPlayerImpl           com.google.android.tts               I  Init cf5c1cf [AndroidXMedia3/1.8.0] [emu64a, sdk_gphone64_arm64, Google, 36]
2025-10-09 22:52:28.962  3297-3297  ExoPlayerImpl           com.google.android.tts               I  Init ab6abeb [AndroidXMedia3/1.8.0] [emu64a, sdk_gphone64_arm64, Google, 36]
2025-10-09 22:52:28.971  3297-4410  VoiceDataDownloader     com.google.android.tts               I  Got bundled voice en-us-x-multi-r83
2025-10-09 22:52:28.995   413-413   Zygote                  zygote64                             D  Forked child process 4417
2025-10-09 22:52:28.998   634-668   ActivityManager         system_server                        W  Slow operation: 74ms so far, now at startProcess: returned from zygote!
2025-10-09 22:52:28.999   634-668   ActivityManager         system_server                        W  Slow operation: 75ms so far, now at startProcess: done updating battery stats
2025-10-09 22:52:29.001   634-668   ActivityManager         system_server                        W  Slow operation: 77ms so far, now at startProcess: building log message
2025-10-09 22:52:29.003   634-668   ActivityManager         system_server                        I  Start proc 4417:com.android.vending:instant_app_installer/u0a144 for service {com.android.vending/com.google.android.finsky.instantapps.hint.AppPreloadHygieneService}
2025-10-09 22:52:29.003   634-668   ActivityManager         system_server                        W  Slow operation: 79ms so far, now at startProcess: starting to update pids map
2025-10-09 22:52:29.013   634-668   ActivityManager         system_server                        I  ProcessObserver broadcast disabled
2025-10-09 22:52:29.013   634-668   ActivityManager         system_server                        W  Slow operation: 88ms so far, now at startProcess: done updating pids map
2025-10-09 22:52:29.021  3297-4413  AudioSystem             com.google.android.tts               D  getService: checking for service media.audio_flinger: 0xb400007cb44878e0
2025-10-09 22:52:29.021  3297-4414  AudioSystem             com.google.android.tts               D  onNewServiceWithAdapter: media.audio_flinger service obtained 0xb400007c84429060
2025-10-09 22:52:29.039   634-726   ActivityManager         system_server                        D  freezing 1363 com.google.android.dialer
2025-10-09 22:52:29.102  3297-4418  SP                      com.google.android.tts               I  Registering ttsvoices.3264, url: null, constraints: *:*:*:*, flags: *, requested: 3264, current: 3264
2025-10-09 22:52:29.106  3297-4410  VoiceDataDownloader     com.google.android.tts               I  Superpacks created and default voices checked.
2025-10-09 22:52:29.106  3297-4410  VoiceDataDownloader     com.google.android.tts               I  Successfully initialized Superpacks.
2025-10-09 22:52:29.116  4417-4417  t_app_installer         zygote64                             I  Using CollectorTypeCMC GC.
2025-10-09 22:52:29.136  3297-4414  AudioSystem             com.google.android.tts               D  getService: checking for service media.audio_flinger: 0xb400007cb44878e0
2025-10-09 22:52:29.149  4417-4417  t_app_installer         zygote64                             E  Not starting debugger since process cannot load the jdwp agent.
2025-10-09 22:52:29.161  4417-4417  nativeloader            com...vending:instant_app_installer  D  Load libframework-connectivity-tiramisu-jni.so using APEX ns com_android_tethering for caller /apex/com.android.tethering/javalib/framework-connectivity-t.jar: ok
2025-10-09 22:52:29.194   634-1927  CompatChangeReporter    system_server                        D  Compat change id reported: 151861875; UID 10144; state: ENABLED
2025-10-09 22:52:29.197  1722-1722  BoundBrokerSvc          com.google.android.gms               D  onUnbind: Intent { act=com.google.android.gms.feedback.internal.IFeedbackService dat=chimera-action:/... xflg=0x4 cmp=com.google.android.gms/.chimera.GmsBoundBrokerService }
2025-10-09 22:52:29.205   634-791   InetDiagMessage         system_server                        D  Destroyed 0 sockets, proto=IPPROTO_TCP, family=AF_INET, states=14
2025-10-09 22:52:29.205   634-791   InetDiagMessage         system_server                        D  Destroyed 0 sockets, proto=IPPROTO_TCP, family=AF_INET6, states=14
2025-10-09 22:52:29.205   634-791   InetDiagMessage         system_server                        D  Destroyed live tcp sockets for uids={10142} in 0ms
2025-10-09 22:52:29.221  1722-1722  BoundBrokerSvc          com.google.android.gms               D  onUnbind: Intent { act=com.google.android.gms.auth.cryptauth.cryptauthservice.START dat=chimera-action:/... xflg=0x4 cmp=com.google.android.gms/.chimera.GmsBoundBrokerService }
2025-10-09 22:52:29.302  3297-3297  VoiceDataManager        com.google.android.tts               I  Explicitly adding voicepack to downloads: en-us-x-multi-seanet
2025-10-09 22:52:29.306  3297-3297  VoiceDataDownloader     com.google.android.tts               I  voicesToFetch en-us
2025-10-09 22:52:29.308  3297-3297  VoiceDataDownloader     com.google.android.tts               I  fetchVoiceInternal en-us
2025-10-09 22:52:29.316  3297-4410  VoiceDataManager        com.google.android.tts               I  start to download voice en-us
2025-10-09 22:52:29.316  3297-4410  VoiceDataDownloader     com.google.android.tts               I  Download of en-us started.
2025-10-09 22:52:29.316  3297-4410  VoiceDataDownloader     com.google.android.tts               I  Registered slicing strategy for en-us
2025-10-09 22:52:29.316  3297-4410  VoiceDataDownloader     com.google.android.tts               I  Getting pack name en-us-x-multi-r83
2025-10-09 22:52:29.316  3297-4410  VoiceDataDownloader     com.google.android.tts               I  Adding pack en-us-x-multi-r83 to superpack.
2025-10-09 22:52:29.316  3297-4410  VoiceDataDownloader     com.google.android.tts               I  Getting pack name en-us-x-multi-seanet-r83
2025-10-09 22:52:29.316  3297-4410  VoiceDataDownloader     com.google.android.tts               I  Adding pack en-us-x-multi-seanet-r83 to superpack.
2025-10-09 22:52:29.316  3297-4410  VoiceDataDownloader     com.google.android.tts               I  Getting pack name en-us-x-afh-r83
2025-10-09 22:52:29.316  3297-4410  VoiceDataDownloader     com.google.android.tts               I  Adding pack en-us-x-afh-r83 to superpack.
2025-10-09 22:52:29.316  3297-4410  VoiceDataDownloader     com.google.android.tts               I  Getting pack name en-us-x-fis-r83
2025-10-09 22:52:29.316  3297-4410  VoiceDataDownloader     com.google.android.tts               I  Adding pack en-us-x-fis-r83 to superpack.
2025-10-09 22:52:29.316  3297-4410  VoiceDataDownloader     com.google.android.tts               I  Getting pack name en-us-x-afh-seanet-r83
2025-10-09 22:52:29.316  3297-4410  VoiceDataDownloader     com.google.android.tts               I  Adding pack en-us-x-afh-seanet-r83 to superpack.
2025-10-09 22:52:29.316  3297-4410  VoiceDataDownloader     com.google.android.tts               I  Getting pack name en-us-x-fis-seanet-r83
2025-10-09 22:52:29.316  3297-4410  VoiceDataDownloader     com.google.android.tts               I  Adding pack en-us-x-fis-seanet-r83 to superpack.
2025-10-09 22:52:29.316  3297-4410  VoiceDataDownloader     com.google.android.tts               I  Getting pack name en-us-x-news-lemonbalm-r83
2025-10-09 22:52:29.316  3297-4410  VoiceDataDownloader     com.google.android.tts               I  Adding pack en-us-x-news-lemonbalm-r83 to superpack.
2025-10-09 22:52:29.316  3297-4410  VoiceDataDownloader     com.google.android.tts               I  Getting pack name en-us-x-news-darwinnrio-lemonbalm-r83
2025-10-09 22:52:29.316  3297-4410  VoiceDataDownloader     com.google.android.tts               I  Adding pack en-us-x-news-darwinnrio-lemonbalm-r83 to superpack.
2025-10-09 22:52:29.316  3297-4410  VoiceDataDownloader     com.google.android.tts               I  Getting pack name en-us-x-multi-locomel-r83
2025-10-09 22:52:29.316  3297-4410  VoiceDataDownloader     com.google.android.tts               I  Adding pack en-us-x-multi-locomel-r83 to superpack.
2025-10-09 22:52:29.316  3297-4410  VoiceDataDownloader     com.google.android.tts               I  Getting pack name en-us-x-blueginger-lemonbalm-r83
2025-10-09 22:52:29.316  3297-4410  VoiceDataDownloader     com.google.android.tts               I  Adding pack en-us-x-blueginger-lemonbalm-r83 to superpack.
2025-10-09 22:52:29.316  3297-4410  VoiceDataDownloader     com.google.android.tts               I  Getting pack name 
2025-10-09 22:52:29.316  3297-4410  VoiceDataDownloader     com.google.android.tts               I  Getting pack name 
2025-10-09 22:52:29.316  3297-4410  VoiceDataDownloader     com.google.android.tts               I  Syncing superpack en-us
2025-10-09 22:52:29.317  3297-4418  SP                      com.google.android.tts               I  Registering en-us.83, url: null, constraints: *:*:*:*, flags: *, requested: 83, current: 83
2025-10-09 22:52:29.341  4417-4417  ApplicationLoaders      com...vending:instant_app_installer  D  Returning zygote-cached class loader: /system/framework/org.apache.http.legacy.jar
2025-10-09 22:52:29.342  4417-4417  ApplicationLoaders      com...vending:instant_app_installer  D  Returning zygote-cached class loader: /system_ext/framework/androidx.window.extensions.jar
2025-10-09 22:52:29.342  4417-4417  ApplicationLoaders      com...vending:instant_app_installer  D  Returning zygote-cached class loader: /system_ext/framework/androidx.window.sidecar.jar
2025-10-09 22:52:29.360  1017-1028  MmsProvider             com.android.phone                    V  inside checkQueryParametersForSubqueries
2025-10-09 22:52:29.361  1017-1028  MmsProvider             com.android.phone                    V  checkQueryParametersForSubqueries checking proj: date
2025-10-09 22:52:29.378  1017-1028  MmsProvider             com.android.phone                    V  checkQueryParametersForSubqueries checking proj: address
2025-10-09 22:52:29.378  1017-1028  MmsProvider             com.android.phone                    V  checkQueryParametersForSubqueries checking sel: sub_id = ? AND date > ?
2025-10-09 22:52:29.378  1017-1028  MmsProvider             com.android.phone                    V  checkQueryParametersForSubqueries checking sort: date DESC
2025-10-09 22:52:29.394  1230-1230  NearbyUWB               com.google.android.gms.persistent    I  (REDACTED) Initiating shutdown of ServiceControllerRouter %s.
2025-10-09 22:52:29.397   634-838   ShortcutService         system_server                        D  received package broadcast intent: Intent { act=android.intent.action.PACKAGE_CHANGED dat=package: flg=0x45000010 pkg=android (has extras) }
2025-10-09 22:52:29.397   634-838   ShortcutService         system_server                        D  changing package: com.google.android.gms userId=0
2025-10-09 22:52:29.419   634-661   system_server           system_server                        I  AssetManager2(0xb400007c94433398) locale list changing from [] to [en-US]
2025-10-09 22:52:29.435   634-840   Background...rolService system_server                        D  Package event received: 0
2025-10-09 22:52:29.438   634-750   system_server           system_server                        I  AssetManager2(0xb400007c9443ebf8) locale list changing from [] to [en-US]
2025-10-09 22:52:29.447   634-840   Background...rolService system_server                        D  Package event received: 0
2025-10-09 22:52:29.455   634-750   system_server           system_server                        I  AssetManager2(0xb400007c94432718) locale list changing from [] to [en-US]
2025-10-09 22:52:29.466  1230-2465  NearbyUWB               com.google.android.gms.persistent    I  (REDACTED) Completed shutdown of ServiceControllerRouter %s.
2025-10-09 22:52:29.469  1230-1230  Nearby                  com.google.android.gms.persistent    I  (REDACTED) Successfully shutdown executor %s.
2025-10-09 22:52:29.471  1331-3803  Permission...erviceImpl com....android.permissioncontroller  I  Updating user sensitive for uid 10148
2025-10-09 22:52:29.473  1230-1230  Nearby                  com.google.android.gms.persistent    I  (REDACTED) Successfully shutdown executor %s.
