2025-11-01 15:25:54.002 24942-24942 VRI[MainAc...y]@e83e19b com.udry.app                         I  ViewPostIme pointer 0
2025-11-01 15:25:54.004 24942-24942 VRI[MainAc...y]@e83e19b com.udry.app                         I  call setFrameRateCategory for touch hint category=high hint, reason=touch, vri=VRI[MainActivity]@e83e19b
2025-11-01 15:25:54.072 24942-24942 VRI[MainAc...y]@e83e19b com.udry.app                         I  ViewPostIme pointer 1
2025-11-01 15:25:54.116 24942-24942 Capacitor/Console       com.udry.app                         D  File: https://maps.googleapis.com/maps-api-v3/api/js/62/12c/intl/zh_hk/marker.js - Line 3 - Msg: Rendering was performed in a subtree hidden by content-visibility.
2025-11-01 15:25:54.119 24942-24942 Capacitor/Console       com.udry.app                         D  File: https://maps.googleapis.com/maps-api-v3/api/js/62/12c/intl/zh_hk/marker.js - Line 3 - Msg: Rendering was performed in a subtree hidden by content-visibility.
2025-11-01 15:25:54.119 24942-24942 Capacitor/Console       com.udry.app                         D  File: https://maps.googleapis.com/maps-api-v3/api/js/62/12c/intl/zh_hk/marker.js - Line 3 - Msg: Rendering was performed in a subtree hidden by content-visibility.
2025-11-01 15:25:54.119 24942-24942 Capacitor/Console       com.udry.app                         D  File: https://maps.googleapis.com/maps-api-v3/api/js/62/12c/intl/zh_hk/marker.js - Line 3 - Msg: Rendering was performed in a subtree hidden by content-visibility.
2025-11-01 15:25:54.120 24942-24942 Capacitor/Console       com.udry.app                         D  File: https://maps.googleapis.com/maps-api-v3/api/js/62/12c/intl/zh_hk/marker.js - Line 3 - Msg: Rendering was performed in a subtree hidden by content-visibility.
2025-11-01 15:25:54.120 24942-24942 Capacitor/Console       com.udry.app                         D  File: https://maps.googleapis.com/maps-api-v3/api/js/62/12c/intl/zh_hk/marker.js - Line 3 - Msg: Rendering was performed in a subtree hidden by content-visibility.
2025-11-01 15:25:54.120 24942-24942 Capacitor/Console       com.udry.app                         D  File: https://maps.googleapis.com/maps-api-v3/api/js/62/12c/intl/zh_hk/marker.js - Line 3 - Msg: Rendering was performed in a subtree hidden by content-visibility.
2025-11-01 15:25:54.123 24942-24942 Capacitor/Console       com.udry.app                         D  File: https://maps.googleapis.com/maps-api-v3/api/js/62/12c/intl/zh_hk/marker.js - Line 3 - Msg: Rendering was performed in a subtree hidden by content-visibility.
2025-11-01 15:25:54.124 24942-24942 Capacitor/Console       com.udry.app                         D  File: https://maps.googleapis.com/maps-api-v3/api/js/62/12c/intl/zh_hk/marker.js - Line 3 - Msg: Rendering was performed in a subtree hidden by content-visibility.
2025-11-01 15:25:54.124 24942-24942 Capacitor/Console       com.udry.app                         D  File: https://maps.googleapis.com/maps-api-v3/api/js/62/12c/intl/zh_hk/marker.js - Line 3 - Msg: Rendering was performed in a subtree hidden by content-visibility.
2025-11-01 15:25:54.193 24942-24942 View                    com.udry.app                         I  setRequestedFrameRate frameRate=-4.0, this=com.getcapacitor.CapacitorWebView{4391d49 VFEDHVC.. .F...... 0,0-1080,2109 #7f0901c2 app:id/webview aid=1073741824}, caller=WV.ef.b:1 WV.fg.h:118 WV.fg.onDraw:7 com.android.webview.chromium.WebViewChromium.onDraw:35 android.webkit.WebView.onDraw:2959 
2025-11-01 15:25:57.074 24942-24942 VRI[MainAc...y]@e83e19b com.udry.app                         I  call setFrameRateCategory for touch hint category=no preference, reason=boost timeout, vri=VRI[MainActivity]@e83e19b
2025-11-01 15:25:57.227 24942-24942 VRI[MainAc...y]@e83e19b com.udry.app                         I  ViewPostIme pointer 0
2025-11-01 15:25:57.229 24942-24942 VRI[MainAc...y]@e83e19b com.udry.app                         I  call setFrameRateCategory for touch hint category=high hint, reason=touch, vri=VRI[MainActivity]@e83e19b
2025-11-01 15:25:57.302 24942-24942 VRI[MainAc...y]@e83e19b com.udry.app                         I  ViewPostIme pointer 1
2025-11-01 15:25:57.320 24942-25000 cr_media                com.udry.app                         W  Requires MODIFY_AUDIO_SETTINGS and RECORD_AUDIO. No audio device will be available for recording
2025-11-01 15:25:57.360 24942-24942 View                    com.udry.app                         I  setRequestedFrameRate frameRate=-4.0, this=com.getcapacitor.CapacitorWebView{4391d49 VFEDHVC.. .F...... 0,0-1080,2109 #7f0901c2 app:id/webview aid=1073741824}, caller=WV.ef.b:1 WV.fg.h:118 WV.fg.onDraw:7 com.android.webview.chromium.WebViewChromium.onDraw:35 android.webkit.WebView.onDraw:2959 
2025-11-01 15:25:57.361 24942-24942 Capacitor/Console       com.udry.app                         D  File: https://maps.googleapis.com/maps-api-v3/api/js/62/12c/intl/zh_hk/marker.js - Line 3 - Msg: Rendering was performed in a subtree hidden by content-visibility.
2025-11-01 15:25:57.363 24942-24942 Capacitor/Console       com.udry.app                         D  File: https://maps.googleapis.com/maps-api-v3/api/js/62/12c/intl/zh_hk/marker.js - Line 3 - Msg: Rendering was performed in a subtree hidden by content-visibility.
2025-11-01 15:25:57.364 24942-24942 Capacitor/Console       com.udry.app                         D  File: https://maps.googleapis.com/maps-api-v3/api/js/62/12c/intl/zh_hk/marker.js - Line 3 - Msg: Rendering was performed in a subtree hidden by content-visibility.
2025-11-01 15:25:57.364 24942-24942 Capacitor/Console       com.udry.app                         D  File: https://maps.googleapis.com/maps-api-v3/api/js/62/12c/intl/zh_hk/marker.js - Line 3 - Msg: Rendering was performed in a subtree hidden by content-visibility.
2025-11-01 15:25:57.364 24942-24942 Capacitor/Console       com.udry.app                         D  File: https://maps.googleapis.com/maps-api-v3/api/js/62/12c/intl/zh_hk/marker.js - Line 3 - Msg: Rendering was performed in a subtree hidden by content-visibility.
2025-11-01 15:25:57.364 24942-24942 Capacitor/Console       com.udry.app                         D  File: https://maps.googleapis.com/maps-api-v3/api/js/62/12c/intl/zh_hk/marker.js - Line 3 - Msg: Rendering was performed in a subtree hidden by content-visibility.
2025-11-01 15:25:57.364 24942-24942 Capacitor/Console       com.udry.app                         D  File: https://maps.googleapis.com/maps-api-v3/api/js/62/12c/intl/zh_hk/marker.js - Line 3 - Msg: Rendering was performed in a subtree hidden by content-visibility.
2025-11-01 15:25:57.364 24942-24942 Capacitor/Console       com.udry.app                         D  File: https://maps.googleapis.com/maps-api-v3/api/js/62/12c/intl/zh_hk/marker.js - Line 3 - Msg: Rendering was performed in a subtree hidden by content-visibility.
2025-11-01 15:25:57.365 24942-24942 Capacitor/Console       com.udry.app                         D  File: https://maps.googleapis.com/maps-api-v3/api/js/62/12c/intl/zh_hk/marker.js - Line 3 - Msg: Rendering was performed in a subtree hidden by content-visibility.
2025-11-01 15:25:57.365 24942-24942 Capacitor/Console       com.udry.app                         D  File: https://maps.googleapis.com/maps-api-v3/api/js/62/12c/intl/zh_hk/marker.js - Line 3 - Msg: Rendering was performed in a subtree hidden by content-visibility.
2025-11-01 15:25:57.372 24942-24942 View                    com.udry.app                         I  setRequestedFrameRate frameRate=-4.0, this=com.getcapacitor.CapacitorWebView{4391d49 VFEDHVC.. .F...... 0,0-1080,2109 #7f0901c2 app:id/webview aid=1073741824}, caller=WV.ef.b:1 WV.fg.h:118 WV.fg.onDraw:7 com.android.webview.chromium.WebViewChromium.onDraw:35 android.webkit.WebView.onDraw:2959 
2025-11-01 15:25:57.425 24942-24942 View                    com.udry.app                         I  setRequestedFrameRate frameRate=-4.0, this=com.getcapacitor.CapacitorWebView{4391d49 VFEDHVC.. .F...... 0,0-1080,2109 #7f0901c2 app:id/webview aid=1073741824}, caller=WV.ef.b:1 WV.fg.h:118 WV.fg.onDraw:7 com.android.webview.chromium.WebViewChromium.onDraw:35 android.webkit.WebView.onDraw:2959 
2025-11-01 15:25:57.441 24942-24942 View                    com.udry.app                         I  setRequestedFrameRate frameRate=-4.0, this=com.getcapacitor.CapacitorWebView{4391d49 VFEDHVC.. .F...... 0,0-1080,2109 #7f0901c2 app:id/webview aid=1073741824}, caller=WV.ef.b:1 WV.fg.h:118 WV.fg.onDraw:7 com.android.webview.chromium.WebViewChromium.onDraw:35 android.webkit.WebView.onDraw:2959 
2025-11-01 15:25:57.460 24942-24942 View                    com.udry.app                         I  setRequestedFrameRate frameRate=-4.0, this=com.getcapacitor.CapacitorWebView{4391d49 VFEDHVC.. .F...... 0,0-1080,2109 #7f0901c2 app:id/webview aid=1073741824}, caller=WV.ef.b:1 WV.fg.h:118 WV.fg.onDraw:7 com.android.webview.chromium.WebViewChromium.onDraw:35 android.webkit.WebView.onDraw:2959 
2025-11-01 15:25:57.472 24942-24942 View                    com.udry.app                         I  setRequestedFrameRate frameRate=-4.0, this=com.getcapacitor.CapacitorWebView{4391d49 VFEDHVC.. .F...... 0,0-1080,2109 #7f0901c2 app:id/webview aid=1073741824}, caller=WV.ef.b:1 WV.fg.h:118 WV.fg.onDraw:7 com.android.webview.chromium.WebViewChromium.onDraw:35 android.webkit.WebView.onDraw:2959 
2025-11-01 15:25:57.483 24942-24942 View                    com.udry.app                         I  setRequestedFrameRate frameRate=-4.0, this=com.getcapacitor.CapacitorWebView{4391d49 VFEDHVC.. .F...... 0,0-1080,2109 #7f0901c2 app:id/webview aid=1073741824}, caller=WV.ef.b:1 WV.fg.h:118 WV.fg.onDraw:7 com.android.webview.chromium.WebViewChromium.onDraw:35 android.webkit.WebView.onDraw:2959 
2025-11-01 15:25:57.496 24942-24942 View                    com.udry.app                         I  setRequestedFrameRate frameRate=-4.0, this=com.getcapacitor.CapacitorWebView{4391d49 VFEDHVC.. .F...... 0,0-1080,2109 #7f0901c2 app:id/webview aid=1073741824}, caller=WV.ef.b:1 WV.fg.h:118 WV.fg.onDraw:7 com.android.webview.chromium.WebViewChromium.onDraw:35 android.webkit.WebView.onDraw:2959 
2025-11-01 15:25:57.510 24942-24942 View                    com.udry.app                         I  setRequestedFrameRate frameRate=-4.0, this=com.getcapacitor.CapacitorWebView{4391d49 VFEDHVC.. .F...... 0,0-1080,2109 #7f0901c2 app:id/webview aid=1073741824}, caller=WV.ef.b:1 WV.fg.h:118 WV.fg.onDraw:7 com.android.webview.chromium.WebViewChromium.onDraw:35 android.webkit.WebView.onDraw:2959 
2025-11-01 15:25:57.524 24942-24942 View                    com.udry.app                         I  setRequestedFrameRate frameRate=-4.0, this=com.getcapacitor.CapacitorWebView{4391d49 VFEDHVC.. .F...... 0,0-1080,2109 #7f0901c2 app:id/webview aid=1073741824}, caller=WV.ef.b:1 WV.fg.h:118 WV.fg.onDraw:7 com.android.webview.chromium.WebViewChromium.onDraw:35 android.webkit.WebView.onDraw:2959 
2025-11-01 15:25:57.539 24942-24942 View                    com.udry.app                         I  setRequestedFrameRate frameRate=-4.0, this=com.getcapacitor.CapacitorWebView{4391d49 VFEDHVC.. .F...... 0,0-1080,2109 #7f0901c2 app:id/webview aid=1073741824}, caller=WV.ef.b:1 WV.fg.h:118 WV.fg.onDraw:7 com.android.webview.chromium.WebViewChromium.onDraw:35 android.webkit.WebView.onDraw:2959 
2025-11-01 15:25:57.553 24942-24942 View                    com.udry.app                         I  setRequestedFrameRate frameRate=-4.0, this=com.getcapacitor.CapacitorWebView{4391d49 VFEDHVC.. .F...... 0,0-1080,2109 #7f0901c2 app:id/webview aid=1073741824}, caller=WV.ef.b:1 WV.fg.h:118 WV.fg.onDraw:7 com.android.webview.chromium.WebViewChromium.onDraw:35 android.webkit.WebView.onDraw:2959 
2025-11-01 15:25:57.577 24942-24942 View                    com.udry.app                         I  setRequestedFrameRate frameRate=-4.0, this=com.getcapacitor.CapacitorWebView{4391d49 VFEDHVC.. .F...... 0,0-1080,2109 #7f0901c2 app:id/webview aid=1073741824}, caller=WV.ef.b:1 WV.fg.h:118 WV.fg.onDraw:7 com.android.webview.chromium.WebViewChromium.onDraw:35 android.webkit.WebView.onDraw:2959 
2025-11-01 15:25:57.589 24942-24942 View                    com.udry.app                         I  setRequestedFrameRate frameRate=-4.0, this=com.getcapacitor.CapacitorWebView{4391d49 VFEDHVC.. .F...... 0,0-1080,2109 #7f0901c2 app:id/webview aid=1073741824}, caller=WV.ef.b:1 WV.fg.h:118 WV.fg.onDraw:7 com.android.webview.chromium.WebViewChromium.onDraw:35 android.webkit.WebView.onDraw:2959 
2025-11-01 15:25:57.596 24942-25242 CameraManagerGlobal     com.udry.app                         I  Camera 1 facing CAMERA_FACING_FRONT state now CAMERA_STATE_OPENING for client com.udry.app API Level 2 User Id 0Device Id 0
2025-11-01 15:25:57.601 24942-25242 CameraManagerGlobal     com.udry.app                         I  postSingleUpdate device: camera id 1 status STATUS_NOT_AVAILABLE
2025-11-01 15:25:57.606 24942-24942 View                    com.udry.app                         I  setRequestedFrameRate frameRate=-4.0, this=com.getcapacitor.CapacitorWebView{4391d49 VFEDHVC.. .F...... 0,0-1080,2109 #7f0901c2 app:id/webview aid=1073741824}, caller=WV.ef.b:1 WV.fg.h:118 WV.fg.onDraw:7 com.android.webview.chromium.WebViewChromium.onDraw:35 android.webkit.WebView.onDraw:2959 
2025-11-01 15:25:57.619 24942-24942 View                    com.udry.app                         I  setRequestedFrameRate frameRate=-4.0, this=com.getcapacitor.CapacitorWebView{4391d49 VFEDHVC.. .F...... 0,0-1080,2109 #7f0901c2 app:id/webview aid=1073741824}, caller=WV.ef.b:1 WV.fg.h:118 WV.fg.onDraw:7 com.android.webview.chromium.WebViewChromium.onDraw:35 android.webkit.WebView.onDraw:2959 
2025-11-01 15:25:57.629 24942-24942 View                    com.udry.app                         I  setRequestedFrameRate frameRate=-4.0, this=com.getcapacitor.CapacitorWebView{4391d49 VFEDHVC.. .F...... 0,0-1080,2109 #7f0901c2 app:id/webview aid=1073741824}, caller=WV.ef.b:1 WV.fg.h:118 WV.fg.onDraw:7 com.android.webview.chromium.WebViewChromium.onDraw:35 android.webkit.WebView.onDraw:2959 
2025-11-01 15:25:57.640 24942-24942 View                    com.udry.app                         I  setRequestedFrameRate frameRate=-4.0, this=com.getcapacitor.CapacitorWebView{4391d49 VFEDHVC.. .F...... 0,0-1080,2109 #7f0901c2 app:id/webview aid=1073741824}, caller=WV.ef.b:1 WV.fg.h:118 WV.fg.onDraw:7 com.android.webview.chromium.WebViewChromium.onDraw:35 android.webkit.WebView.onDraw:2959 
2025-11-01 15:25:57.650 24942-25242 CameraManagerGlobal     com.udry.app                         I  Camera 1 facing CAMERA_FACING_FRONT state now CAMERA_STATE_OPEN for client com.udry.app API Level 2 User Id 0Device Id 0
2025-11-01 15:25:57.653 24942-24942 View                    com.udry.app                         I  setRequestedFrameRate frameRate=-4.0, this=com.getcapacitor.CapacitorWebView{4391d49 VFEDHVC.. .F...... 0,0-1080,2109 #7f0901c2 app:id/webview aid=1073741824}, caller=WV.ef.b:1 WV.fg.h:118 WV.fg.onDraw:7 com.android.webview.chromium.WebViewChromium.onDraw:35 android.webkit.WebView.onDraw:2959 
2025-11-01 15:25:57.658 24942-29512 cr_VideoCapture         com.udry.app                         E  CameraDevice.StateCallback onOpened
2025-11-01 15:25:57.671 24942-24942 View                    com.udry.app                         I  setRequestedFrameRate frameRate=-4.0, this=com.getcapacitor.CapacitorWebView{4391d49 VFEDHVC.. .F...... 0,0-1080,2109 #7f0901c2 app:id/webview aid=1073741824}, caller=WV.ef.b:1 WV.fg.h:118 WV.fg.onDraw:7 com.android.webview.chromium.WebViewChromium.onDraw:35 android.webkit.WebView.onDraw:2959 
2025-11-01 15:25:57.686 24942-24942 View                    com.udry.app                         I  setRequestedFrameRate frameRate=-4.0, this=com.getcapacitor.CapacitorWebView{4391d49 VFEDHVC.. .F...... 0,0-1080,2109 #7f0901c2 app:id/webview aid=1073741824}, caller=WV.ef.b:1 WV.fg.h:118 WV.fg.onDraw:7 com.android.webview.chromium.WebViewChromium.onDraw:35 android.webkit.WebView.onDraw:2959 
2025-11-01 15:25:57.704 24942-24942 View                    com.udry.app                         I  setRequestedFrameRate frameRate=-4.0, this=com.getcapacitor.CapacitorWebView{4391d49 VFEDHVC.. .F...... 0,0-1080,2109 #7f0901c2 app:id/webview aid=1073741824}, caller=WV.ef.b:1 WV.fg.h:118 WV.fg.onDraw:7 com.android.webview.chromium.WebViewChromium.onDraw:35 android.webkit.WebView.onDraw:2959 
2025-11-01 15:25:57.725 24942-24942 View                    com.udry.app                         I  setRequestedFrameRate frameRate=-4.0, this=com.getcapacitor.CapacitorWebView{4391d49 VFEDHVC.. .F...... 0,0-1080,2109 #7f0901c2 app:id/webview aid=1073741824}, caller=WV.ef.b:1 WV.fg.h:118 WV.fg.onDraw:7 com.android.webview.chromium.WebViewChromium.onDraw:35 android.webkit.WebView.onDraw:2959 
2025-11-01 15:25:57.737 24942-24942 View                    com.udry.app                         I  setRequestedFrameRate frameRate=-4.0, this=com.getcapacitor.CapacitorWebView{4391d49 VFEDHVC.. .F...... 0,0-1080,2109 #7f0901c2 app:id/webview aid=1073741824}, caller=WV.ef.b:1 WV.fg.h:118 WV.fg.onDraw:7 com.android.webview.chromium.WebViewChromium.onDraw:35 android.webkit.WebView.onDraw:2959 
2025-11-01 15:25:57.749 24942-24942 View                    com.udry.app                         I  setRequestedFrameRate frameRate=-4.0, this=com.getcapacitor.CapacitorWebView{4391d49 VFEDHVC.. .F...... 0,0-1080,2109 #7f0901c2 app:id/webview aid=1073741824}, caller=WV.ef.b:1 WV.fg.h:118 WV.fg.onDraw:7 com.android.webview.chromium.WebViewChromium.onDraw:35 android.webkit.WebView.onDraw:2959 
2025-11-01 15:25:57.770 24942-24942 View                    com.udry.app                         I  setRequestedFrameRate frameRate=-4.0, this=com.getcapacitor.CapacitorWebView{4391d49 VFEDHVC.. .F...... 0,0-1080,2109 #7f0901c2 app:id/webview aid=1073741824}, caller=WV.ef.b:1 WV.fg.h:118 WV.fg.onDraw:7 com.android.webview.chromium.WebViewChromium.onDraw:35 android.webkit.WebView.onDraw:2959 
2025-11-01 15:25:57.790 24942-25700 CameraManagerGlobal     com.udry.app                         I  Camera 1 facing CAMERA_FACING_FRONT state now CAMERA_STATE_ACTIVE for client com.udry.app API Level 2 User Id 0Device Id 0
2025-11-01 15:25:57.794 24942-24942 View                    com.udry.app                         I  setRequestedFrameRate frameRate=-4.0, this=com.getcapacitor.CapacitorWebView{4391d49 VFEDHVC.. .F...... 0,0-1080,2109 #7f0901c2 app:id/webview aid=1073741824}, caller=WV.ef.b:1 WV.fg.h:118 WV.fg.onDraw:7 com.android.webview.chromium.WebViewChromium.onDraw:35 android.webkit.WebView.onDraw:2959 
2025-11-01 15:25:57.817 24942-24942 View                    com.udry.app                         I  setRequestedFrameRate frameRate=-4.0, this=com.getcapacitor.CapacitorWebView{4391d49 VFEDHVC.. .F...... 0,0-1080,2109 #7f0901c2 app:id/webview aid=1073741824}, caller=WV.ef.b:1 WV.fg.h:118 WV.fg.onDraw:7 com.android.webview.chromium.WebViewChromium.onDraw:35 android.webkit.WebView.onDraw:2959 
2025-11-01 15:25:57.841 24942-24942 View                    com.udry.app                         I  setRequestedFrameRate frameRate=-4.0, this=com.getcapacitor.CapacitorWebView{4391d49 VFEDHVC.. .F...... 0,0-1080,2109 #7f0901c2 app:id/webview aid=1073741824}, caller=WV.ef.b:1 WV.fg.h:118 WV.fg.onDraw:7 com.android.webview.chromium.WebViewChromium.onDraw:35 android.webkit.WebView.onDraw:2959 
2025-11-01 15:25:57.865 24942-24942 View                    com.udry.app                         I  setRequestedFrameRate frameRate=-4.0, this=com.getcapacitor.CapacitorWebView{4391d49 VFEDHVC.. .F...... 0,0-1080,2109 #7f0901c2 app:id/webview aid=1073741824}, caller=WV.ef.b:1 WV.fg.h:118 WV.fg.onDraw:7 com.android.webview.chromium.WebViewChromium.onDraw:35 android.webkit.WebView.onDraw:2959 
2025-11-01 15:25:57.888 24942-24942 VRI[MainAc...y]@e83e19b com.udry.app                         I  onDisplayChanged oldDisplayState=2 newDisplayState=2
2025-11-01 15:25:57.890 24942-24942 View                    com.udry.app                         I  setRequestedFrameRate frameRate=-4.0, this=com.getcapacitor.CapacitorWebView{4391d49 VFEDHVC.. .F...... 0,0-1080,2109 #7f0901c2 app:id/webview aid=1073741824}, caller=WV.ef.b:1 WV.fg.h:118 WV.fg.onDraw:7 com.android.webview.chromium.WebViewChromium.onDraw:35 android.webkit.WebView.onDraw:2959 
2025-11-01 15:25:57.908 24942-24942 View                    com.udry.app                         I  setRequestedFrameRate frameRate=-4.0, this=com.getcapacitor.CapacitorWebView{4391d49 VFEDHVC.. .F...... 0,0-1080,2109 #7f0901c2 app:id/webview aid=1073741824}, caller=WV.ef.b:1 WV.fg.h:118 WV.fg.onDraw:7 com.android.webview.chromium.WebViewChromium.onDraw:35 android.webkit.WebView.onDraw:2959 
2025-11-01 15:25:57.930 24942-24942 View                    com.udry.app                         I  setRequestedFrameRate frameRate=-4.0, this=com.getcapacitor.CapacitorWebView{4391d49 VFEDHVC.. .F...... 0,0-1080,2109 #7f0901c2 app:id/webview aid=1073741824}, caller=WV.ef.b:1 WV.fg.h:118 WV.fg.onDraw:7 com.android.webview.chromium.WebViewChromium.onDraw:35 android.webkit.WebView.onDraw:2959 
2025-11-01 15:25:57.950 24942-24942 View                    com.udry.app                         I  setRequestedFrameRate frameRate=-4.0, this=com.getcapacitor.CapacitorWebView{4391d49 VFEDHVC.. .F...... 0,0-1080,2109 #7f0901c2 app:id/webview aid=1073741824}, caller=WV.ef.b:1 WV.fg.h:118 WV.fg.onDraw:7 com.android.webview.chromium.WebViewChromium.onDraw:35 android.webkit.WebView.onDraw:2959 
2025-11-01 15:25:57.970 24942-24942 View                    com.udry.app                         I  setRequestedFrameRate frameRate=-4.0, this=com.getcapacitor.CapacitorWebView{4391d49 VFEDHVC.. .F...... 0,0-1080,2109 #7f0901c2 app:id/webview aid=1073741824}, caller=WV.ef.b:1 WV.fg.h:118 WV.fg.onDraw:7 com.android.webview.chromium.WebViewChromium.onDraw:35 android.webkit.WebView.onDraw:2959 
2025-11-01 15:25:57.992 24942-24942 View                    com.udry.app                         I  setRequestedFrameRate frameRate=-4.0, this=com.getcapacitor.CapacitorWebView{4391d49 VFEDHVC.. .F...... 0,0-1080,2109 #7f0901c2 app:id/webview aid=1073741824}, caller=WV.ef.b:1 WV.fg.h:118 WV.fg.onDraw:7 com.android.webview.chromium.WebViewChromium.onDraw:35 android.webkit.WebView.onDraw:2959 
2025-11-01 15:25:58.013 24942-24942 View                    com.udry.app                         I  setRequestedFrameRate frameRate=-4.0, this=com.getcapacitor.CapacitorWebView{4391d49 VFEDHVC.. .F...... 0,0-1080,2109 #7f0901c2 app:id/webview aid=1073741824}, caller=WV.ef.b:1 WV.fg.h:118 WV.fg.onDraw:7 com.android.webview.chromium.WebViewChromium.onDraw:35 android.webkit.WebView.onDraw:2959 
2025-11-01 15:25:58.035 24942-24942 View                    com.udry.app                         I  setRequestedFrameRate frameRate=-4.0, this=com.getcapacitor.CapacitorWebView{4391d49 VFEDHVC.. .F...... 0,0-1080,2109 #7f0901c2 app:id/webview aid=1073741824}, caller=WV.ef.b:1 WV.fg.h:118 WV.fg.onDraw:7 com.android.webview.chromium.WebViewChromium.onDraw:35 android.webkit.WebView.onDraw:2959 
2025-11-01 15:25:58.054 24942-24942 View                    com.udry.app                         I  setRequestedFrameRate frameRate=-4.0, this=com.getcapacitor.CapacitorWebView{4391d49 VFEDHVC.. .F...... 0,0-1080,2109 #7f0901c2 app:id/webview aid=1073741824}, caller=WV.ef.b:1 WV.fg.h:118 WV.fg.onDraw:7 com.android.webview.chromium.WebViewChromium.onDraw:35 android.webkit.WebView.onDraw:2959 
2025-11-01 15:25:58.077 24942-24942 View                    com.udry.app                         I  setRequestedFrameRate frameRate=-4.0, this=com.getcapacitor.CapacitorWebView{4391d49 VFEDHVC.. .F...... 0,0-1080,2109 #7f0901c2 app:id/webview aid=1073741824}, caller=WV.ef.b:1 WV.fg.h:118 WV.fg.onDraw:7 com.android.webview.chromium.WebViewChromium.onDraw:35 android.webkit.WebView.onDraw:2959 
2025-11-01 15:25:58.100 24942-24942 View                    com.udry.app                         I  setRequestedFrameRate frameRate=-4.0, this=com.getcapacitor.CapacitorWebView{4391d49 VFEDHVC.. .F...... 0,0-1080,2109 #7f0901c2 app:id/webview aid=1073741824}, caller=WV.ef.b:1 WV.fg.h:118 WV.fg.onDraw:7 com.android.webview.chromium.WebViewChromium.onDraw:35 android.webkit.WebView.onDraw:2959 
2025-11-01 15:25:58.122 24942-24942 View                    com.udry.app                         I  setRequestedFrameRate frameRate=-4.0, this=com.getcapacitor.CapacitorWebView{4391d49 VFEDHVC.. .F...... 0,0-1080,2109 #7f0901c2 app:id/webview aid=1073741824}, caller=WV.ef.b:1 WV.fg.h:118 WV.fg.onDraw:7 com.android.webview.chromium.WebViewChromium.onDraw:35 android.webkit.WebView.onDraw:2959 
2025-11-01 15:25:58.144 24942-24942 View                    com.udry.app                         I  setRequestedFrameRate frameRate=-4.0, this=com.getcapacitor.CapacitorWebView{4391d49 VFEDHVC.. .F...... 0,0-1080,2109 #7f0901c2 app:id/webview aid=1073741824}, caller=WV.ef.b:1 WV.fg.h:118 WV.fg.onDraw:7 com.android.webview.chromium.WebViewChromium.onDraw:35 android.webkit.WebView.onDraw:2959 
2025-11-01 15:25:58.165 24942-24942 View                    com.udry.app                         I  setRequestedFrameRate frameRate=-4.0, this=com.getcapacitor.CapacitorWebView{4391d49 VFEDHVC.. .F...... 0,0-1080,2109 #7f0901c2 app:id/webview aid=1073741824}, caller=WV.ef.b:1 WV.fg.h:118 WV.fg.onDraw:7 com.android.webview.chromium.WebViewChromium.onDraw:35 android.webkit.WebView.onDraw:2959 
2025-11-01 15:25:58.186 24942-24942 View                    com.udry.app                         I  setRequestedFrameRate frameRate=-4.0, this=com.getcapacitor.CapacitorWebView{4391d49 VFEDHVC.. .F...... 0,0-1080,2109 #7f0901c2 app:id/webview aid=1073741824}, caller=WV.ef.b:1 WV.fg.h:118 WV.fg.onDraw:7 com.android.webview.chromium.WebViewChromium.onDraw:35 android.webkit.WebView.onDraw:2959 
2025-11-01 15:25:58.207 24942-24942 View                    com.udry.app                         I  setRequestedFrameRate frameRate=-4.0, this=com.getcapacitor.CapacitorWebView{4391d49 VFEDHVC.. .F...... 0,0-1080,2109 #7f0901c2 app:id/webview aid=1073741824}, caller=WV.ef.b:1 WV.fg.h:118 WV.fg.onDraw:7 com.android.webview.chromium.WebViewChromium.onDraw:35 android.webkit.WebView.onDraw:2959 
2025-11-01 15:25:58.229 24942-24942 View                    com.udry.app                         I  setRequestedFrameRate frameRate=-4.0, this=com.getcapacitor.CapacitorWebView{4391d49 VFEDHVC.. .F...... 0,0-1080,2109 #7f0901c2 app:id/webview aid=1073741824}, caller=WV.ef.b:1 WV.fg.h:118 WV.fg.onDraw:7 com.android.webview.chromium.WebViewChromium.onDraw:35 android.webkit.WebView.onDraw:2959 
2025-11-01 15:25:58.249 24942-24942 View                    com.udry.app                         I  setRequestedFrameRate frameRate=-4.0, this=com.getcapacitor.CapacitorWebView{4391d49 VFEDHVC.. .F...... 0,0-1080,2109 #7f0901c2 app:id/webview aid=1073741824}, caller=WV.ef.b:1 WV.fg.h:118 WV.fg.onDraw:7 com.android.webview.chromium.WebViewChromium.onDraw:35 android.webkit.WebView.onDraw:2959 
2025-11-01 15:25:58.271 24942-24942 View                    com.udry.app                         I  setRequestedFrameRate frameRate=-4.0, this=com.getcapacitor.CapacitorWebView{4391d49 VFEDHVC.. .F...... 0,0-1080,2109 #7f0901c2 app:id/webview aid=1073741824}, caller=WV.ef.b:1 WV.fg.h:118 WV.fg.onDraw:7 com.android.webview.chromium.WebViewChromium.onDraw:35 android.webkit.WebView.onDraw:2959 
2025-11-01 15:25:58.294 24942-24942 View                    com.udry.app                         I  setRequestedFrameRate frameRate=-4.0, this=com.getcapacitor.CapacitorWebView{4391d49 VFEDHVC.. .F...... 0,0-1080,2109 #7f0901c2 app:id/webview aid=1073741824}, caller=WV.ef.b:1 WV.fg.h:118 WV.fg.onDraw:7 com.android.webview.chromium.WebViewChromium.onDraw:35 android.webkit.WebView.onDraw:2959 
2025-11-01 15:25:58.319 24942-24942 View                    com.udry.app                         I  setRequestedFrameRate frameRate=-4.0, this=com.getcapacitor.CapacitorWebView{4391d49 VFEDHVC.. .F...... 0,0-1080,2109 #7f0901c2 app:id/webview aid=1073741824}, caller=WV.ef.b:1 WV.fg.h:118 WV.fg.onDraw:7 com.android.webview.chromium.WebViewChromium.onDraw:35 android.webkit.WebView.onDraw:2959 
2025-11-01 15:25:58.335 24942-24942 View                    com.udry.app                         I  setRequestedFrameRate frameRate=-4.0, this=com.getcapacitor.CapacitorWebView{4391d49 VFEDHVC.. .F...... 0,0-1080,2109 #7f0901c2 app:id/webview aid=1073741824}, caller=WV.ef.b:1 WV.fg.h:118 WV.fg.onDraw:7 com.android.webview.chromium.WebViewChromium.onDraw:35 android.webkit.WebView.onDraw:2959 
2025-11-01 15:25:58.362 24942-24942 View                    com.udry.app                         I  setRequestedFrameRate frameRate=-4.0, this=com.getcapacitor.CapacitorWebView{4391d49 VFEDHVC.. .F...... 0,0-1080,2109 #7f0901c2 app:id/webview aid=1073741824}, caller=WV.ef.b:1 WV.fg.h:118 WV.fg.onDraw:7 com.android.webview.chromium.WebViewChromium.onDraw:35 android.webkit.WebView.onDraw:2959 
2025-11-01 15:25:58.393 24942-24942 View                    com.udry.app                         I  setRequestedFrameRate frameRate=-4.0, this=com.getcapacitor.CapacitorWebView{4391d49 VFEDHVC.. .F...... 0,0-1080,2109 #7f0901c2 app:id/webview aid=1073741824}, caller=WV.ef.b:1 WV.fg.h:118 WV.fg.onDraw:7 com.android.webview.chromium.WebViewChromium.onDraw:35 android.webkit.WebView.onDraw:2959 
2025-11-01 15:25:58.411 24942-24942 View                    com.udry.app                         I  setRequestedFrameRate frameRate=-4.0, this=com.getcapacitor.CapacitorWebView{4391d49 VFEDHVC.. .F...... 0,0-1080,2109 #7f0901c2 app:id/webview aid=1073741824}, caller=WV.ef.b:1 WV.fg.h:118 WV.fg.onDraw:7 com.android.webview.chromium.WebViewChromium.onDraw:35 android.webkit.WebView.onDraw:2959 
2025-11-01 15:25:58.433 24942-24942 View                    com.udry.app                         I  setRequestedFrameRate frameRate=-4.0, this=com.getcapacitor.CapacitorWebView{4391d49 VFEDHVC.. .F...... 0,0-1080,2109 #7f0901c2 app:id/webview aid=1073741824}, caller=WV.ef.b:1 WV.fg.h:118 WV.fg.onDraw:7 com.android.webview.chromium.WebViewChromium.onDraw:35 android.webkit.WebView.onDraw:2959 
2025-11-01 15:25:58.456 24942-24942 View                    com.udry.app                         I  setRequestedFrameRate frameRate=-4.0, this=com.getcapacitor.CapacitorWebView{4391d49 VFEDHVC.. .F...... 0,0-1080,2109 #7f0901c2 app:id/webview aid=1073741824}, caller=WV.ef.b:1 WV.fg.h:118 WV.fg.onDraw:7 com.android.webview.chromium.WebViewChromium.onDraw:35 android.webkit.WebView.onDraw:2959 
2025-11-01 15:25:58.478 24942-24942 View                    com.udry.app                         I  setRequestedFrameRate frameRate=-4.0, this=com.getcapacitor.CapacitorWebView{4391d49 VFEDHVC.. .F...... 0,0-1080,2109 #7f0901c2 app:id/webview aid=1073741824}, caller=WV.ef.b:1 WV.fg.h:118 WV.fg.onDraw:7 com.android.webview.chromium.WebViewChromium.onDraw:35 android.webkit.WebView.onDraw:2959 
2025-11-01 15:25:58.501 24942-24942 View                    com.udry.app                         I  setRequestedFrameRate frameRate=-4.0, this=com.getcapacitor.CapacitorWebView{4391d49 VFEDHVC.. .F...... 0,0-1080,2109 #7f0901c2 app:id/webview aid=1073741824}, caller=WV.ef.b:1 WV.fg.h:118 WV.fg.onDraw:7 com.android.webview.chromium.WebViewChromium.onDraw:35 android.webkit.WebView.onDraw:2959 
2025-11-01 15:25:58.535 24942-24942 View                    com.udry.app                         I  setRequestedFrameRate frameRate=-4.0, this=com.getcapacitor.CapacitorWebView{4391d49 VFEDHVC.. .F...... 0,0-1080,2109 #7f0901c2 app:id/webview aid=1073741824}, caller=WV.ef.b:1 WV.fg.h:118 WV.fg.onDraw:7 com.android.webview.chromium.WebViewChromium.onDraw:35 android.webkit.WebView.onDraw:2959 
2025-11-01 15:25:58.563 24942-25233 CameraManagerGlobal     com.udry.app                         I  Camera 1 facing CAMERA_FACING_FRONT state now CAMERA_STATE_IDLE for client com.udry.app API Level 2 User Id 0Device Id 0
2025-11-01 15:25:58.565 24942-24942 View                    com.udry.app                         I  setRequestedFrameRate frameRate=-4.0, this=com.getcapacitor.CapacitorWebView{4391d49 VFEDHVC.. .F...... 0,0-1080,2109 #7f0901c2 app:id/webview aid=1073741824}, caller=WV.ef.b:1 WV.fg.h:118 WV.fg.onDraw:7 com.android.webview.chromium.WebViewChromium.onDraw:35 android.webkit.WebView.onDraw:2959 
2025-11-01 15:25:58.586 24942-25233 CameraManagerGlobal     com.udry.app                         I  postSingleUpdate device: camera id 1 status STATUS_PRESENT
2025-11-01 15:25:58.594 24942-25233 CameraManagerGlobal     com.udry.app                         I  Camera 1 facing CAMERA_FACING_FRONT state now CAMERA_STATE_CLOSED for client com.udry.app API Level 2 User Id 0Device Id 0
2025-11-01 15:25:58.645 24942-24942 VRI[MainAc...y]@e83e19b com.udry.app                         I  onDisplayChanged oldDisplayState=2 newDisplayState=2
2025-11-01 15:25:58.680 24942-25233 CameraManagerGlobal     com.udry.app                         I  Camera 2 facing CAMERA_FACING_BACK state now CAMERA_STATE_OPENING for client com.udry.app API Level 2 User Id 0Device Id 0
2025-11-01 15:25:58.684 24942-25233 CameraManagerGlobal     com.udry.app                         I  postSingleUpdate device: camera id 2 status STATUS_NOT_AVAILABLE
2025-11-01 15:25:58.723 24942-25233 CameraManagerGlobal     com.udry.app                         I  Camera 2 facing CAMERA_FACING_BACK state now CAMERA_STATE_OPEN for client com.udry.app API Level 2 User Id 0Device Id 0
2025-11-01 15:25:58.727 24942-29609 cr_VideoCapture         com.udry.app                         E  CameraDevice.StateCallback onOpened
2025-11-01 15:25:58.777 24942-24957 CameraManagerGlobal     com.udry.app                         I  Camera 2 facing CAMERA_FACING_BACK state now CAMERA_STATE_ACTIVE for client com.udry.app API Level 2 User Id 0Device Id 0
2025-11-01 15:25:58.823 24942-24942 VRI[MainAc...y]@e83e19b com.udry.app                         I  onDisplayChanged oldDisplayState=2 newDisplayState=2
2025-11-01 15:25:59.397 24942-24995 SensorManager           com.udry.app                         D  registerListener :: 1936159343, Samsung Game Rotation Vector Sensor, 16666, 0, 
2025-11-01 15:25:59.411 24942-24942 View                    com.udry.app                         I  setRequestedFrameRate frameRate=-4.0, this=com.getcapacitor.CapacitorWebView{4391d49 VFEDHVC.. .F...... 0,0-1080,2109 #7f0901c2 app:id/webview aid=1073741824}, caller=WV.ef.b:1 WV.fg.h:118 WV.fg.onDraw:7 com.android.webview.chromium.WebViewChromium.onDraw:35 android.webkit.WebView.onDraw:2959 
2025-11-01 15:25:59.440 24942-24942 View                    com.udry.app                         I  setRequestedFrameRate frameRate=-4.0, this=com.getcapacitor.CapacitorWebView{4391d49 VFEDHVC.. .F...... 0,0-1080,2109 #7f0901c2 app:id/webview aid=1073741824}, caller=WV.ef.b:1 WV.fg.h:118 WV.fg.onDraw:7 com.android.webview.chromium.WebViewChromium.onDraw:35 android.webkit.WebView.onDraw:2959 
2025-11-01 15:25:59.463 24942-24942 View                    com.udry.app                         I  setRequestedFrameRate frameRate=-4.0, this=com.getcapacitor.CapacitorWebView{4391d49 VFEDHVC.. .F...... 0,0-1080,2109 #7f0901c2 app:id/webview aid=1073741824}, caller=WV.ef.b:1 WV.fg.h:118 WV.fg.onDraw:7 com.android.webview.chromium.WebViewChromium.onDraw:35 android.webkit.WebView.onDraw:2959 
2025-11-01 15:25:59.502 24942-24942 View                    com.udry.app                         I  setRequestedFrameRate frameRate=-4.0, this=com.getcapacitor.CapacitorWebView{4391d49 VFEDHVC.. .F...... 0,0-1080,2109 #7f0901c2 app:id/webview aid=1073741824}, caller=WV.ef.b:1 WV.fg.h:118 WV.fg.onDraw:7 com.android.webview.chromium.WebViewChromium.onDraw:35 android.webkit.WebView.onDraw:2959 
2025-11-01 15:25:59.503 24942-24995 SensorManager           com.udry.app                         D  unregisterListener
2025-11-01 15:25:59.537 24942-24942 View                    com.udry.app                         I  setRequestedFrameRate frameRate=-4.0, this=com.getcapacitor.CapacitorWebView{4391d49 VFEDHVC.. .F...... 0,0-1080,2109 #7f0901c2 app:id/webview aid=1073741824}, caller=WV.ef.b:1 WV.fg.h:118 WV.fg.onDraw:7 com.android.webview.chromium.WebViewChromium.onDraw:35 android.webkit.WebView.onDraw:2959 
2025-11-01 15:25:59.588 24942-24942 View                    com.udry.app                         I  setRequestedFrameRate frameRate=-4.0, this=com.getcapacitor.CapacitorWebView{4391d49 VFEDHVC.. .F...... 0,0-1080,2109 #7f0901c2 app:id/webview aid=1073741824}, caller=WV.ef.b:1 WV.fg.h:118 WV.fg.onDraw:7 com.android.webview.chromium.WebViewChromium.onDraw:35 android.webkit.WebView.onDraw:2959 
2025-11-01 15:25:59.638 24942-24942 View                    com.udry.app                         I  setRequestedFrameRate frameRate=-4.0, this=com.getcapacitor.CapacitorWebView{4391d49 VFEDHVC.. .F...... 0,0-1080,2109 #7f0901c2 app:id/webview aid=1073741824}, caller=WV.ef.b:1 WV.fg.h:118 WV.fg.onDraw:7 com.android.webview.chromium.WebViewChromium.onDraw:35 android.webkit.WebView.onDraw:2959 
2025-11-01 15:25:59.688 24942-24942 View                    com.udry.app                         I  setRequestedFrameRate frameRate=-4.0, this=com.getcapacitor.CapacitorWebView{4391d49 VFEDHVC.. .F...... 0,0-1080,2109 #7f0901c2 app:id/webview aid=1073741824}, caller=WV.ef.b:1 WV.fg.h:118 WV.fg.onDraw:7 com.android.webview.chromium.WebViewChromium.onDraw:35 android.webkit.WebView.onDraw:2959 
2025-11-01 15:25:59.738 24942-24942 View                    com.udry.app                         I  setRequestedFrameRate frameRate=-4.0, this=com.getcapacitor.CapacitorWebView{4391d49 VFEDHVC.. .F...... 0,0-1080,2109 #7f0901c2 app:id/webview aid=1073741824}, caller=WV.ef.b:1 WV.fg.h:118 WV.fg.onDraw:7 com.android.webview.chromium.WebViewChromium.onDraw:35 android.webkit.WebView.onDraw:2959 
2025-11-01 15:25:59.792 24942-24942 View                    com.udry.app                         I  setRequestedFrameRate frameRate=19.954903, this=com.getcapacitor.CapacitorWebView{4391d49 VFEDHVC.. .F...... 0,0-1080,2109 #7f0901c2 app:id/webview aid=1073741824}, caller=WV.ef.b:1 WV.fg.h:118 WV.fg.onDraw:7 com.android.webview.chromium.WebViewChromium.onDraw:35 android.webkit.WebView.onDraw:2959 
2025-11-01 15:25:59.838 24942-24942 View                    com.udry.app                         I  setRequestedFrameRate frameRate=19.954903, this=com.getcapacitor.CapacitorWebView{4391d49 VFEDHVC.. .F...... 0,0-1080,2109 #7f0901c2 app:id/webview aid=1073741824}, caller=WV.ef.b:1 WV.fg.h:118 WV.fg.onDraw:7 com.android.webview.chromium.WebViewChromium.onDraw:35 android.webkit.WebView.onDraw:2959 
2025-11-01 15:25:59.872 24942-24942 View                    com.udry.app                         I  setRequestedFrameRate frameRate=19.954903, this=com.getcapacitor.CapacitorWebView{4391d49 VFEDHVC.. .F...... 0,0-1080,2109 #7f0901c2 app:id/webview aid=1073741824}, caller=WV.ef.b:1 WV.fg.h:118 WV.fg.onDraw:7 com.android.webview.chromium.WebViewChromium.onDraw:35 android.webkit.WebView.onDraw:2959 
2025-11-01 15:25:59.922 24942-24942 View                    com.udry.app                         I  setRequestedFrameRate frameRate=24.92212, this=com.getcapacitor.CapacitorWebView{4391d49 VFEDHVC.. .F...... 0,0-1080,2109 #7f0901c2 app:id/webview aid=1073741824}, caller=WV.ef.b:1 WV.fg.h:118 WV.fg.onDraw:7 com.android.webview.chromium.WebViewChromium.onDraw:35 android.webkit.WebView.onDraw:2959 
2025-11-01 15:25:59.956 24942-24942 View                    com.udry.app                         I  setRequestedFrameRate frameRate=24.92212, this=com.getcapacitor.CapacitorWebView{4391d49 VFEDHVC.. .F...... 0,0-1080,2109 #7f0901c2 app:id/webview aid=1073741824}, caller=WV.ef.b:1 WV.fg.h:118 WV.fg.onDraw:7 com.android.webview.chromium.WebViewChromium.onDraw:35 android.webkit.WebView.onDraw:2959 
2025-11-01 15:25:59.989 24942-24942 View                    com.udry.app                         I  setRequestedFrameRate frameRate=24.92212, this=com.getcapacitor.CapacitorWebView{4391d49 VFEDHVC.. .F...... 0,0-1080,2109 #7f0901c2 app:id/webview aid=1073741824}, caller=WV.ef.b:1 WV.fg.h:118 WV.fg.onDraw:7 com.android.webview.chromium.WebViewChromium.onDraw:35 android.webkit.WebView.onDraw:2959 
2025-11-01 15:26:00.038 24942-24942 View                    com.udry.app                         I  setRequestedFrameRate frameRate=24.92212, this=com.getcapacitor.CapacitorWebView{4391d49 VFEDHVC.. .F...... 0,0-1080,2109 #7f0901c2 app:id/webview aid=1073741824}, caller=WV.ef.b:1 WV.fg.h:118 WV.fg.onDraw:7 com.android.webview.chromium.WebViewChromium.onDraw:35 android.webkit.WebView.onDraw:2959 
2025-11-01 15:26:00.071 24942-24942 View                    com.udry.app                         I  setRequestedFrameRate frameRate=24.92212, this=com.getcapacitor.CapacitorWebView{4391d49 VFEDHVC.. .F...... 0,0-1080,2109 #7f0901c2 app:id/webview aid=1073741824}, caller=WV.ef.b:1 WV.fg.h:118 WV.fg.onDraw:7 com.android.webview.chromium.WebViewChromium.onDraw:35 android.webkit.WebView.onDraw:2959 
2025-11-01 15:26:00.122 24942-24942 View                    com.udry.app                         I  setRequestedFrameRate frameRate=24.92212, this=com.getcapacitor.CapacitorWebView{4391d49 VFEDHVC.. .F...... 0,0-1080,2109 #7f0901c2 app:id/webview aid=1073741824}, caller=WV.ef.b:1 WV.fg.h:118 WV.fg.onDraw:7 com.android.webview.chromium.WebViewChromium.onDraw:35 android.webkit.WebView.onDraw:2959 
2025-11-01 15:26:00.155 24942-24942 View                    com.udry.app                         I  setRequestedFrameRate frameRate=24.92212, this=com.getcapacitor.CapacitorWebView{4391d49 VFEDHVC.. .F...... 0,0-1080,2109 #7f0901c2 app:id/webview aid=1073741824}, caller=WV.ef.b:1 WV.fg.h:118 WV.fg.onDraw:7 com.android.webview.chromium.WebViewChromium.onDraw:35 android.webkit.WebView.onDraw:2959 
2025-11-01 15:26:00.221 24942-24942 View                    com.udry.app                         I  setRequestedFrameRate frameRate=24.92212, this=com.getcapacitor.CapacitorWebView{4391d49 VFEDHVC.. .F...... 0,0-1080,2109 #7f0901c2 app:id/webview aid=1073741824}, caller=WV.ef.b:1 WV.fg.h:118 WV.fg.onDraw:7 com.android.webview.chromium.WebViewChromium.onDraw:35 android.webkit.WebView.onDraw:2959 
2025-11-01 15:26:00.239 24942-24942 View                    com.udry.app                         I  setRequestedFrameRate frameRate=24.92212, this=com.getcapacitor.CapacitorWebView{4391d49 VFEDHVC.. .F...... 0,0-1080,2109 #7f0901c2 app:id/webview aid=1073741824}, caller=WV.ef.b:1 WV.fg.h:118 WV.fg.onDraw:7 com.android.webview.chromium.WebViewChromium.onDraw:35 android.webkit.WebView.onDraw:2959 
2025-11-01 15:26:00.272 24942-24942 View                    com.udry.app                         I  setRequestedFrameRate frameRate=24.92212, this=com.getcapacitor.CapacitorWebView{4391d49 VFEDHVC.. .F...... 0,0-1080,2109 #7f0901c2 app:id/webview aid=1073741824}, caller=WV.ef.b:1 WV.fg.h:118 WV.fg.onDraw:7 com.android.webview.chromium.WebViewChromium.onDraw:35 android.webkit.WebView.onDraw:2959 
2025-11-01 15:26:00.309 24942-24942 VRI[MainAc...y]@e83e19b com.udry.app                         I  call setFrameRateCategory for touch hint category=no preference, reason=boost timeout, vri=VRI[MainActivity]@e83e19b
2025-11-01 15:26:00.322 24942-24942 View                    com.udry.app                         I  setRequestedFrameRate frameRate=24.92212, this=com.getcapacitor.CapacitorWebView{4391d49 VFEDHVC.. .F...... 0,0-1080,2109 #7f0901c2 app:id/webview aid=1073741824}, caller=WV.ef.b:1 WV.fg.h:118 WV.fg.onDraw:7 com.android.webview.chromium.WebViewChromium.onDraw:35 android.webkit.WebView.onDraw:2959 
2025-11-01 15:26:00.355 24942-24942 View                    com.udry.app                         I  setRequestedFrameRate frameRate=24.92212, this=com.getcapacitor.CapacitorWebView{4391d49 VFEDHVC.. .F...... 0,0-1080,2109 #7f0901c2 app:id/webview aid=1073741824}, caller=WV.ef.b:1 WV.fg.h:118 WV.fg.onDraw:7 com.android.webview.chromium.WebViewChromium.onDraw:35 android.webkit.WebView.onDraw:2959 
2025-11-01 15:26:00.390 24942-24942 View                    com.udry.app                         I  setRequestedFrameRate frameRate=24.92212, this=com.getcapacitor.CapacitorWebView{4391d49 VFEDHVC.. .F...... 0,0-1080,2109 #7f0901c2 app:id/webview aid=1073741824}, caller=WV.ef.b:1 WV.fg.h:118 WV.fg.onDraw:7 com.android.webview.chromium.WebViewChromium.onDraw:35 android.webkit.WebView.onDraw:2959 
2025-11-01 15:26:00.422 24942-24942 View                    com.udry.app                         I  setRequestedFrameRate frameRate=30.039953, this=com.getcapacitor.CapacitorWebView{4391d49 VFEDHVC.. .F...... 0,0-1080,2109 #7f0901c2 app:id/webview aid=1073741824}, caller=WV.ef.b:1 WV.fg.h:118 WV.fg.onDraw:7 com.android.webview.chromium.WebViewChromium.onDraw:35 android.webkit.WebView.onDraw:2959 
2025-11-01 15:26:00.456 24942-24942 View                    com.udry.app                         I  setRequestedFrameRate frameRate=30.039953, this=com.getcapacitor.CapacitorWebView{4391d49 VFEDHVC.. .F...... 0,0-1080,2109 #7f0901c2 app:id/webview aid=1073741824}, caller=WV.ef.b:1 WV.fg.h:118 WV.fg.onDraw:7 com.android.webview.chromium.WebViewChromium.onDraw:35 android.webkit.WebView.onDraw:2959 
2025-11-01 15:26:00.488 24942-24942 View                    com.udry.app                         I  setRequestedFrameRate frameRate=30.039953, this=com.getcapacitor.CapacitorWebView{4391d49 VFEDHVC.. .F...... 0,0-1080,2109 #7f0901c2 app:id/webview aid=1073741824}, caller=WV.ef.b:1 WV.fg.h:118 WV.fg.onDraw:7 com.android.webview.chromium.WebViewChromium.onDraw:35 android.webkit.WebView.onDraw:2959 
2025-11-01 15:26:00.521 24942-24942 View                    com.udry.app                         I  setRequestedFrameRate frameRate=30.039953, this=com.getcapacitor.CapacitorWebView{4391d49 VFEDHVC.. .F...... 0,0-1080,2109 #7f0901c2 app:id/webview aid=1073741824}, caller=WV.ef.b:1 WV.fg.h:118 WV.fg.onDraw:7 com.android.webview.chromium.WebViewChromium.onDraw:35 android.webkit.WebView.onDraw:2959 
2025-11-01 15:26:00.538 24942-24942 View                    com.udry.app                         I  setRequestedFrameRate frameRate=30.039953, this=com.getcapacitor.CapacitorWebView{4391d49 VFEDHVC.. .F...... 0,0-1080,2109 #7f0901c2 app:id/webview aid=1073741824}, caller=WV.ef.b:1 WV.fg.h:118 WV.fg.onDraw:7 com.android.webview.chromium.WebViewChromium.onDraw:35 android.webkit.WebView.onDraw:2959 
2025-11-01 15:26:00.591 24942-24942 View                    com.udry.app                         I  setRequestedFrameRate frameRate=30.039953, this=com.getcapacitor.CapacitorWebView{4391d49 VFEDHVC.. .F...... 0,0-1080,2109 #7f0901c2 app:id/webview aid=1073741824}, caller=WV.ef.b:1 WV.fg.h:118 WV.fg.onDraw:7 com.android.webview.chromium.WebViewChromium.onDraw:35 android.webkit.WebView.onDraw:2959 
2025-11-01 15:26:00.623 24942-24942 View                    com.udry.app                         I  setRequestedFrameRate frameRate=33.19392, this=com.getcapacitor.CapacitorWebView{4391d49 VFEDHVC.. .F...... 0,0-1080,2109 #7f0901c2 app:id/webview aid=1073741824}, caller=WV.ef.b:1 WV.fg.h:118 WV.fg.onDraw:7 com.android.webview.chromium.WebViewChromium.onDraw:35 android.webkit.WebView.onDraw:2959 
2025-11-01 15:26:00.672 24942-24942 View                    com.udry.app                         I  setRequestedFrameRate frameRate=33.19392, this=com.getcapacitor.CapacitorWebView{4391d49 VFEDHVC.. .F...... 0,0-1080,2109 #7f0901c2 app:id/webview aid=1073741824}, caller=WV.ef.b:1 WV.fg.h:118 WV.fg.onDraw:7 com.android.webview.chromium.WebViewChromium.onDraw:35 android.webkit.WebView.onDraw:2959 
2025-11-01 15:26:00.706 24942-24942 View                    com.udry.app                         I  setRequestedFrameRate frameRate=33.19392, this=com.getcapacitor.CapacitorWebView{4391d49 VFEDHVC.. .F...... 0,0-1080,2109 #7f0901c2 app:id/webview aid=1073741824}, caller=WV.ef.b:1 WV.fg.h:118 WV.fg.onDraw:7 com.android.webview.chromium.WebViewChromium.onDraw:35 android.webkit.WebView.onDraw:2959 
2025-11-01 15:26:00.756 24942-24942 View                    com.udry.app                         I  setRequestedFrameRate frameRate=24.921497, this=com.getcapacitor.CapacitorWebView{4391d49 VFEDHVC.. .F...... 0,0-1080,2109 #7f0901c2 app:id/webview aid=1073741824}, caller=WV.ef.b:1 WV.fg.h:118 WV.fg.onDraw:7 com.android.webview.chromium.WebViewChromium.onDraw:35 android.webkit.WebView.onDraw:2959 
2025-11-01 15:26:00.790 24942-24942 View                    com.udry.app                         I  setRequestedFrameRate frameRate=24.921497, this=com.getcapacitor.CapacitorWebView{4391d49 VFEDHVC.. .F...... 0,0-1080,2109 #7f0901c2 app:id/webview aid=1073741824}, caller=WV.ef.b:1 WV.fg.h:118 WV.fg.onDraw:7 com.android.webview.chromium.WebViewChromium.onDraw:35 android.webkit.WebView.onDraw:2959 
2025-11-01 15:26:00.824 24942-24942 View                    com.udry.app                         I  setRequestedFrameRate frameRate=24.921497, this=com.getcapacitor.CapacitorWebView{4391d49 VFEDHVC.. .F...... 0,0-1080,2109 #7f0901c2 app:id/webview aid=1073741824}, caller=WV.ef.b:1 WV.fg.h:118 WV.fg.onDraw:7 com.android.webview.chromium.WebViewChromium.onDraw:35 android.webkit.WebView.onDraw:2959 
2025-11-01 15:26:00.844 24942-24942 InsetsSourceConsumer    com.udry.app                         I  applyRequestedVisibilityToControl: visible=true, type=statusBars, host=com.udry.app/com.udry.app.MainActivity
2025-11-01 15:26:00.890 24942-24942 View                    com.udry.app                         I  setRequestedFrameRate frameRate=24.921497, this=com.getcapacitor.CapacitorWebView{4391d49 VFEDHVC.. .F...... 0,0-1080,2109 #7f0901c2 app:id/webview aid=1073741824}, caller=WV.ef.b:1 WV.fg.h:118 WV.fg.onDraw:7 com.android.webview.chromium.WebViewChromium.onDraw:35 android.webkit.WebView.onDraw:2959 
