2025-10-09 22:52:25.413  1230-1864  Nearby                  com.google.android.gms.persistent    I  (REDACTED) Successfully shutdown executor %s.
2025-10-09 22:52:25.414  2242-2477  Finsky                  com.android.vending                  I  [48] setup::RES: Restore dumpsys cleanup skipped.
2025-10-09 22:52:25.417  1469-1734  .apps.wellbeing         com.google.android.apps.wellbeing    I  AssetManager2(0xb400007c94430e18) locale list changing from [] to [en-US]
2025-10-09 22:52:25.425  2242-2487  Finsky                  com.android.vending                  I  [51] SCH: jobFinished: 10-162. TimeElapsed: 19ms.
2025-10-09 22:52:25.425  2242-2487  Finsky                  com.android.vending                  I  [51] WM::SCH: Logging work end for 10-162
2025-10-09 22:52:25.437   634-1771  RemoteProvisionSysSvc   system_server                        I  getRegistration(android.hardware.security.keymint.IRemotelyProvisionedComponent/default)
2025-10-09 22:52:25.443  1722-2294  gle.android.gms         com.google.android.gms               I  AssetManager2(0xb400007c9442e898) locale list changing from [] to [en-US]
2025-10-09 22:52:25.446  2242-2242  Finsky                  com.android.vending                  I  [2] SCH: Job 10-167 starting
2025-10-09 22:52:25.446  2242-2242  Finsky                  com.android.vending                  I  [2] WM::SCH: Logging work start for 10-167
2025-10-09 22:52:25.447  2242-2242  Finsky                  com.android.vending                  I  [2] Setup::DSE: DSE Verification is enabled
2025-10-09 22:52:25.447  2242-2242  Finsky                  com.android.vending                  I  [2] Setup::DSE: Using on-device eligibility
2025-10-09 22:52:25.447   634-840   Background...rolService system_server                        D  Package event received: 0
2025-10-09 22:52:25.447   634-840   Background...rolService system_server                        D  Package event received: 0
2025-10-09 22:52:25.453  2242-2242  Finsky                  com.android.vending                  I  [2] Setup::DSE: original default browser com.android.chrome,  isPixel false, isEeav2Device false, isDseChoiceScreenDevice false, inSamprasCountries true, inDmaCountries true, inDseChoiceScreenCountries false, isDefaultBrowserChanged false, inOsakaCountries false, cohortId 0
2025-10-09 22:52:25.454  2242-2242  Finsky                  com.android.vending                  I  [2] Setup::DSE: Blocking experience APIs are disabled
2025-10-09 22:52:25.454  2242-2242  Finsky                  com.android.vending                  I  [2] Setup::DSE: Choice screen backfill logging is enabled
2025-10-09 22:52:25.454  2242-2242  Finsky                  com.android.vending                  I  [2] Setup::DSE: Using on-device eligibility
2025-10-09 22:52:25.454   634-634   RegistrationProxy       system_server                        I  onServiceConnected: com.android.rkpdapp.service.RemoteProvisioningService
2025-10-09 22:52:25.455  2242-2242  Finsky                  com.android.vending                  I  [2] Setup::DSE: original default browser com.android.chrome,  isPixel false, isEeav2Device false, isDseChoiceScreenDevice false, inSamprasCountries true, inDmaCountries true, inDseChoiceScreenCountries false, isDefaultBrowserChanged false, inOsakaCountries false, cohortId 0
2025-10-09 22:52:25.455  2242-2475  Finsky                  com.android.vending                  I  [46] Setup::DSE: Backfill logging is throttled. Skipping backfill.
2025-10-09 22:52:25.460  2242-2522  Finsky                  com.android.vending                  I  [60] App not installed com.android.virt
2025-10-09 22:52:25.461  2242-2522  Finsky                  com.android.vending                  W  [60] Frosting: Failed to get Frosting Creation Time for com.android.virt. Error: com.android.virt
2025-10-09 22:52:25.462  1469-1734  .apps.wellbeing         com.google.android.apps.wellbeing    I  AssetManager2(0xb400007c944304b8) locale list changing from [] to [en-US]
2025-10-09 22:52:25.469   634-1927  RegistrationProxy       system_server                        I  IGetRegistrationCallback.onSuccess
2025-10-09 22:52:25.478  2242-2504  Finsky                  com.android.vending                  E  [56] [Counters] attempted to use a non-positive increment for: 5969
2025-10-09 22:52:25.479   634-1927  RemoteProvisionSysSvc   system_server                        I  Fetching key 10148 for client 105150345
2025-10-09 22:52:25.479   634-1927  RegistrationProxy       system_server                        I  getKeyAsync operation started with callback 76075918
2025-10-09 22:52:25.480  2972-3025  RkpdRegistrationBinder  com.google.android.rkpdapp           I  Key requested for : android.hardware.security.keymint.IRemotelyProvisionedComponent/default, clientUid: 1017, keyId: 10148, callback: 116724888
2025-10-09 22:52:25.483  2972-3025  RkpdRegistrationBinder  com.google.android.rkpdapp           I  Key successfully assigned to client
2025-10-09 22:52:25.484   634-634   RemoteProvisionSysSvc   system_server                        I  Successfully fetched key for client 105150345
2025-10-09 22:52:25.485  2242-2522  Finsky                  com.android.vending                  I  [60] App not installed com.android.hardware.neuralnetworks
2025-10-09 22:52:25.490  2242-2522  Finsky                  com.android.vending                  W  [60] Frosting: Failed to get Frosting Creation Time for com.android.hardware.neuralnetworks. Error: com.android.hardware.neuralnetworks
2025-10-09 22:52:25.491  2242-2504  Finsky                  com.android.vending                  I  [56] SCH: jobFinished: 10-167. TimeElapsed: 45ms.
2025-10-09 22:52:25.491  2242-2504  Finsky                  com.android.vending                  I  [56] WM::SCH: Logging work end for 10-167
2025-10-09 22:52:25.512  1230-2514  .gms.persistent         com.google.android.gms.persistent    I  AssetManager2(0xb400007c944229f8) locale list changing from [] to [en-US]
2025-10-09 22:52:25.515   634-726   ActivityManager         system_server                        D  freezing 3160 com.google.android.configupdater
2025-10-09 22:52:25.515  1230-4034  .gms.persistent         com.google.android.gms.persistent    W  Verification of java.lang.Object[] m.jh.newArray(int) took 112.268ms (26.72 bytecodes/s) (0B arena alloc)
2025-10-09 22:52:25.519   634-726   ActivityManager         system_server                        D  freezing 3118 com.google.android.apps.safetyhub
2025-10-09 22:52:25.522  2242-2242  Finsky                  com.android.vending                  I  [2] UCtl: autoUpdateItems with size=0 is fulfilled from responseFuture
2025-10-09 22:52:25.525   634-791   InetDiagMessage         system_server                        D  Destroyed 0 sockets, proto=IPPROTO_TCP, family=AF_INET, states=14
2025-10-09 22:52:25.526   634-791   InetDiagMessage         system_server                        D  Destroyed 0 sockets, proto=IPPROTO_TCP, family=AF_INET6, states=14
2025-10-09 22:52:25.526   634-791   InetDiagMessage         system_server                        D  Destroyed live tcp sockets for uids={10134} in 0ms
2025-10-09 22:52:25.530  1469-1734  .apps.wellbeing         com.google.android.apps.wellbeing    I  AssetManager2(0xb400007c9442eed8) locale list changing from [] to [en-US]
2025-10-09 22:52:25.533   212-212   SoftKeymaster           and...ware.security.keymint-service  D  system/keymaster/km_openssl/certificate_utils.cpp, Line 148: Using TAG_CERTIFICATE_NOT_BEFORE: 0
2025-10-09 22:52:25.533   212-212   SoftKeymaster           and...ware.security.keymint-service  D  system/keymaster/km_openssl/certificate_utils.cpp, Line 154: Using TAG_CERTIFICATE_NOT_AFTER: 2461449600000
2025-10-09 22:52:25.533   212-212   SoftKeymaster           and...ware.security.keymint-service  D  system/keymaster/km_openssl/certificate_utils.cpp, Line 159: Got certificate date params:  NotBefore = 0, NotAfter = 2461449600000
2025-10-09 22:52:25.535  2242-2242  Finsky                  com.android.vending                  I  [2] AMU: No need profile check, single profile
2025-10-09 22:52:25.536  2242-2242  Finsky                  com.android.vending                  I  [2] UChk::Mainline: Evaluate if the pending 0 trains need to be canceled
2025-10-09 22:52:25.536  2242-2242  Finsky                  com.android.vending                  I  [2] SCH: jobFinished: 10-135. TimeElapsed: 270ms.
2025-10-09 22:52:25.536  2242-2242  Finsky                  com.android.vending                  I  [2] WM::SCH: Logging work end for 10-135
2025-10-09 22:52:25.539   212-212   SoftKeymaster           and...ware.security.keymint-service  D  system/keymaster/km_openssl/certificate_utils.cpp, Line 273: Setting notBefore to 0
2025-10-09 22:52:25.539   212-212   SoftKeymaster           and...ware.security.keymint-service  D  system/keymaster/km_openssl/certificate_utils.cpp, Line 282: Setting notAfter to 2461449600
2025-10-09 22:52:25.544  1469-1734  .apps.wellbeing         com.google.android.apps.wellbeing    I  AssetManager2(0xb400007c944307d8) locale list changing from [] to [en-US]
2025-10-09 22:52:25.546  1230-3992  GCoreUlr                com.google.android.gms.persistent    I  Unbound from all signal providers.
2025-10-09 22:52:25.556  1469-1734  .apps.wellbeing         com.google.android.apps.wellbeing    I  AssetManager2(0xb400007c94430198) locale list changing from [] to [en-US]
2025-10-09 22:52:25.557  2242-2487  Finsky                  com.android.vending                  I  [51] AU2: scheduling auto update v2 with 0 apps
2025-10-09 22:52:25.562  1722-2294  Configuration           com.google.android.gms               V  Updating configuration, locales updated from [] to [en_US]
2025-10-09 22:52:25.562  1722-2294  gle.android.gms         com.google.android.gms               I  AssetManager2(0xb400007c9441c2d8) locale list changing from [] to [en-US]
2025-10-09 22:52:25.570  1469-1734  .apps.wellbeing         com.google.android.apps.wellbeing    I  AssetManager2(0xb400007c94434018) locale list changing from [] to [en-US]
2025-10-09 22:52:25.570  1230-1230  GCoreUlr                com.google.android.gms.persistent    I  Unbound from all signal providers.
2025-10-09 22:52:25.570  1230-1230  GCoreUlr                com.google.android.gms.persistent    I  Stopping handler for UlrDispSvcFast
2025-10-09 22:52:25.574  1469-1734  .apps.wellbeing         com.google.android.apps.wellbeing    I  AssetManager2(0xb400007c94431a98) locale list changing from [] to [en-US]
2025-10-09 22:52:25.576  1469-1734  .apps.wellbeing         com.google.android.apps.wellbeing    I  AssetManager2(0xb400007c94431db8) locale list changing from [] to [en-US]
2025-10-09 22:52:25.579  1469-1734  .apps.wellbeing         com.google.android.apps.wellbeing    I  AssetManager2(0xb400007c944323f8) locale list changing from [] to [en-US]
2025-10-09 22:52:25.586   634-791   InetDiagMessage         system_server                        D  Destroyed 0 sockets, proto=IPPROTO_TCP, family=AF_INET, states=14
2025-10-09 22:52:25.586  2242-2522  Finsky                  com.android.vending                  I  [60] App not installed com.android.i18n
2025-10-09 22:52:25.586  2242-2522  Finsky                  com.android.vending                  W  [60] Frosting: Failed to get Frosting Creation Time for com.android.i18n. Error: com.android.i18n
2025-10-09 22:52:25.586   634-791   InetDiagMessage         system_server                        D  Destroyed 0 sockets, proto=IPPROTO_TCP, family=AF_INET6, states=14
2025-10-09 22:52:25.586   634-791   InetDiagMessage         system_server                        D  Destroyed live tcp sockets for uids={10143} in 1ms
2025-10-09 22:52:25.588  2578-3816  libc                    com.google.android.gms.unstable      W  Access denied finding property "persist.adb.tls_server.enable"
2025-10-09 22:52:25.584  2578-2578  binder:2578_5           com.google.android.gms.unstable      W  type=1400 audit(0.0:137): avc:  denied  { read } for  name="u:object_r:system_adbd_prop:s0" dev="tmpfs" ino=325 scontext=u:r:gmscore_app:s0:c512,c768 tcontext=u:object_r:system_adbd_prop:s0 tclass=file permissive=0 app=com.google.android.gms
2025-10-09 22:52:25.592  1469-1734  .apps.wellbeing         com.google.android.apps.wellbeing    I  AssetManager2(0xb400007c9442d5d8) locale list changing from [] to [en-US]
2025-10-09 22:52:25.594   634-791   InetDiagMessage         system_server                        D  Destroyed 0 sockets, proto=IPPROTO_TCP, family=AF_INET, states=14
2025-10-09 22:52:25.596  1469-1734  .apps.wellbeing         com.google.android.apps.wellbeing    I  AssetManager2(0xb400007c94433078) locale list changing from [] to [en-US]
2025-10-09 22:52:25.599  1469-1734  .apps.wellbeing         com.google.android.apps.wellbeing    I  AssetManager2(0xb400007c94433cf8) locale list changing from [] to [en-US]
2025-10-09 22:52:25.602  1469-1734  .apps.wellbeing         com.google.android.apps.wellbeing    I  AssetManager2(0xb400007c94437858) locale list changing from [] to [en-US]
2025-10-09 22:52:25.604  1469-1734  .apps.wellbeing         com.google.android.apps.wellbeing    I  AssetManager2(0xb400007c94435c38) locale list changing from [] to [en-US]
2025-10-09 22:52:25.605  1469-1734  .apps.wellbeing         com.google.android.apps.wellbeing    I  AssetManager2(0xb400007c94434658) locale list changing from [] to [en-US]
2025-10-09 22:52:25.606   634-791   InetDiagMessage         system_server                        D  Destroyed 0 sockets, proto=IPPROTO_TCP, family=AF_INET6, states=14
2025-10-09 22:52:25.609  1469-1734  .apps.wellbeing         com.google.android.apps.wellbeing    I  AssetManager2(0xb400007c94435918) locale list changing from [] to [en-US]
2025-10-09 22:52:25.614   634-791   InetDiagMessage         system_server                        D  Destroyed live tcp sockets for uids={10160} in 19ms
2025-10-09 22:52:25.614   634-791   InetDiagMessage         system_server                        D  Destroyed 0 sockets, proto=IPPROTO_TCP, family=AF_INET, states=14
2025-10-09 22:52:25.614   634-791   InetDiagMessage         system_server                        D  Destroyed 0 sockets, proto=IPPROTO_TCP, family=AF_INET6, states=14
2025-10-09 22:52:25.614   634-791   InetDiagMessage         system_server                        D  Destroyed live tcp sockets for uids={20160} in 0ms
2025-10-09 22:52:25.617  1469-1734  .apps.wellbeing         com.google.android.apps.wellbeing    I  AssetManager2(0xb400007c94431138) locale list changing from [] to [en-US]
2025-10-09 22:52:25.621  1469-1734  .apps.wellbeing         com.google.android.apps.wellbeing    I  AssetManager2(0xb400007c94435f58) locale list changing from [] to [en-US]
2025-10-09 22:52:25.638  1469-1734  .apps.wellbeing         com.google.android.apps.wellbeing    I  AssetManager2(0xb400007c944320d8) locale list changing from [] to [en-US]
2025-10-09 22:52:25.645  2242-2522  Finsky                  com.android.vending                  I  [60] App not installed com.android.hardware.dumpstate
2025-10-09 22:52:25.646  2242-2522  Finsky                  com.android.vending                  W  [60] Frosting: Failed to get Frosting Creation Time for com.android.hardware.dumpstate. Error: com.android.hardware.dumpstate
2025-10-09 22:52:25.670  1722-1722  43-CredManRegistrationM com.google.android.gms               I  (REDACTED) [%s][%s] Success to register credentials
2025-10-09 22:52:25.672  1590-2090  BugleRcsEngine          com...le.android.apps.messaging:rcs  D  log_saver already enabled
2025-10-09 22:52:25.689   634-726   ActivityManager         system_server                        D  freezing 3182 com.google.android.federatedcompute
2025-10-09 22:52:25.690   634-726   ActivityManager         system_server                        D  freezing 3208 com.google.android.healthconnect.controller
2025-10-09 22:52:25.691   634-791   InetDiagMessage         system_server                        D  Destroyed 0 sockets, proto=IPPROTO_TCP, family=AF_INET, states=14
2025-10-09 22:52:25.692   634-791   InetDiagMessage         system_server                        D  Destroyed 0 sockets, proto=IPPROTO_TCP, family=AF_INET6, states=14
2025-10-09 22:52:25.692   634-791   InetDiagMessage         system_server                        D  Destroyed live tcp sockets for uids={10203} in 0ms
2025-10-09 22:52:25.699  1722-2440  GmsModuleFndr           com.google.android.gms               I  Beginning GMS chimera module scan
2025-10-09 22:52:25.702  2578-2848  EGL_emulation           com.google.android.gms.unstable      I  Opening libGLESv1_CM_emulation.so
2025-10-09 22:52:25.714  1722-2440  ModuleSetResolution     com.google.android.gms               I  Computing pending module set with APKs: [[AdsFdrDynamite.integ:253405700100000], [Antifingerprinting.optional:253434100000], [Antifingerprinting.optional:253931100000], [Appsearch.optional:253434100400], [Appsearch.optional:253931100400], [MapsCoreDynamite.integ:252725201100400], [MapsCoreDynamite.integ:253425402100400], [MlkitBarcodeUi.optional:253434100400], [MlkitBarcodeUi.optional:253931100400], [MlkitOcrCommon.optional:253434100400], [MlkitOcrCommon.optional:253931100400], [PlayCloudSearch.optional:253434100000], [PlayCloudSearch.optional:253830100000], [PlayCloudSearch.optional:253931100000], [TfliteDynamiteDynamite.integ:243930802100400], [VisionBarcode.optional:253434100400], [VisionBarcode.optional:253931100400], [VisionOcr.optional:253434100000], [VisionOcr.optional:253931100000], [AdsFdrDynamite.integ:250505301100000], [Cronetdynamite:253434260400], [Dynamiteloader:253434260000], [Dynamitemodulesa:253434260000], [Dynamitemodulesc:253434260000], [Googlecertificates:253434260000], [Mapsdynamite:253434260000], [Measurementdynamite:253434260000]]
2025-10-09 22:52:25.716  1469-1734  .apps.wellbeing         com.google.android.apps.wellbeing    I  AssetManager2(0xb400007c94434fb8) locale list changing from [] to [en-US]
2025-10-09 22:52:25.717  1722-2440  ModuleSetResolution     com.google.android.gms               I  Pending container module APKs: [[Antifingerprinting.optional:253434100000], [Appsearch.optional:253434100400], [MapsCoreDynamite.integ:252725201100400], [MlkitBarcodeUi.optional:253434100400], [MlkitOcrCommon.optional:253434100400], [PlayCloudSearch.optional:253434100000], [TfliteDynamiteDynamite.integ:243930802100400], [VisionBarcode.optional:253434100400], [VisionOcr.optional:253434100000]]
2025-10-09 22:52:25.717  1722-2440  ModuleSetResolution     com.google.android.gms               I  Pending non-container module APKs: [[AdsFdrDynamite.integ:253405700100000]]
2025-10-09 22:52:25.718  1469-1734  .apps.wellbeing         com.google.android.apps.wellbeing    I  AssetManager2(0xb400007c94431778) locale list changing from [] to [en-US]
2025-10-09 22:52:25.726  1469-1734  .apps.wellbeing         com.google.android.apps.wellbeing    I  AssetManager2(0xb400007c944339d8) locale list changing from [] to [en-US]
2025-10-09 22:52:25.735  1722-2440  Configuration           com.google.android.gms               V  Updating configuration, locales updated from [] to [en_US]
2025-10-09 22:52:25.735  1722-2440  gle.android.gms         com.google.android.gms               I  AssetManager2(0xb400007c9442e898) locale list changing from [] to [en-US]
2025-10-09 22:52:25.751  1469-1734  .apps.wellbeing         com.google.android.apps.wellbeing    I  AssetManager2(0xb400007c94437538) locale list changing from [] to [en-US]
2025-10-09 22:52:25.754  1469-1734  .apps.wellbeing         com.google.android.apps.wellbeing    I  AssetManager2(0xb400007c94434978) locale list changing from [] to [en-US]
2025-10-09 22:52:25.755  1722-2440  Configuration           com.google.android.gms               V  Updating configuration, locales updated from [] to [en_US]
2025-10-09 22:52:25.756  1722-2440  gle.android.gms         com.google.android.gms               I  AssetManager2(0xb400007c94430198) locale list changing from [] to [en-US]
2025-10-09 22:52:25.764  1469-1734  .apps.wellbeing         com.google.android.apps.wellbeing    I  AssetManager2(0xb400007c94438b18) locale list changing from [] to [en-US]
2025-10-09 22:52:25.773  1469-1734  .apps.wellbeing         com.google.android.apps.wellbeing    I  AssetManager2(0xb400007c94434338) locale list changing from [] to [en-US]
2025-10-09 22:52:25.778  1722-2440  Configuration           com.google.android.gms               V  Updating configuration, locales updated from [] to [en_US]
2025-10-09 22:52:25.782  1722-2440  gle.android.gms         com.google.android.gms               I  AssetManager2(0xb400007c94430198) locale list changing from [] to [en-US]
2025-10-09 22:52:25.783  1469-1734  .apps.wellbeing         com.google.android.apps.wellbeing    I  AssetManager2(0xb400007c944336b8) locale list changing from [] to [en-US]
2025-10-09 22:52:25.786  1722-2440  Configuration           com.google.android.gms               V  Updating configuration, locales updated from [] to [en_US]
2025-10-09 22:52:25.793  1722-2440  gle.android.gms         com.google.android.gms               I  AssetManager2(0xb400007c94430198) locale list changing from [] to [en-US]
2025-10-09 22:52:25.794  1722-2440  Configuration           com.google.android.gms               V  Updating configuration, locales updated from [] to [en_US]
2025-10-09 22:52:25.799  1722-2440  gle.android.gms         com.google.android.gms               I  AssetManager2(0xb400007c94430198) locale list changing from [] to [en-US]
2025-10-09 22:52:25.800  1722-2440  Configuration           com.google.android.gms               V  Updating configuration, locales updated from [] to [en_US]
2025-10-09 22:52:25.805  1722-2440  gle.android.gms         com.google.android.gms               I  AssetManager2(0xb400007c94430198) locale list changing from [] to [en-US]
2025-10-09 22:52:25.806  1722-2440  Configuration           com.google.android.gms               V  Updating configuration, locales updated from [] to [en_US]
2025-10-09 22:52:25.809  1722-2440  gle.android.gms         com.google.android.gms               I  AssetManager2(0xb400007c94430198) locale list changing from [] to [en-US]
2025-10-09 22:52:25.811  1722-2440  Configuration           com.google.android.gms               V  Updating configuration, locales updated from [] to [en_US]
2025-10-09 22:52:25.814  1722-2440  gle.android.gms         com.google.android.gms               I  AssetManager2(0xb400007c94430198) locale list changing from [] to [en-US]
2025-10-09 22:52:25.820  2242-2522  Finsky                  com.android.vending                  I  [60] App not installed com.android.hardware.cas
2025-10-09 22:52:25.820  2242-2522  Finsky                  com.android.vending                  W  [60] Frosting: Failed to get Frosting Creation Time for com.android.hardware.cas. Error: com.android.hardware.cas
2025-10-09 22:52:25.843  1722-2440  Configuration           com.google.android.gms               V  Updating configuration, locales updated from [] to [en_US]
2025-10-09 22:52:25.853  1722-2440  gle.android.gms         com.google.android.gms               I  AssetManager2(0xb400007c94430198) locale list changing from [] to [en-US]
2025-10-09 22:52:25.854  1722-2440  Configuration           com.google.android.gms               V  Updating configuration, locales updated from [] to [en_US]
2025-10-09 22:52:25.854  1722-2440  gle.android.gms         com.google.android.gms               I  AssetManager2(0xb400007c94430198) locale list changing from [] to [en-US]
2025-10-09 22:52:25.856  1469-1734  .apps.wellbeing         com.google.android.apps.wellbeing    I  AssetManager2(0xb400007c944368b8) locale list changing from [] to [en-US]
2025-10-09 22:52:25.868   634-791   InetDiagMessage         system_server                        D  Destroyed 0 sockets, proto=IPPROTO_TCP, family=AF_INET, states=14
2025-10-09 22:52:25.869   634-791   InetDiagMessage         system_server                        D  Destroyed 0 sockets, proto=IPPROTO_TCP, family=AF_INET6, states=14
2025-10-09 22:52:25.874   634-791   InetDiagMessage         system_server                        D  Destroyed live tcp sockets for uids={10200} in 5ms
2025-10-09 22:52:25.876  1230-1632  DynamiteModule          com.google.android.gms.persistent    I  Considering local module com.google.android.gms.cronet_dynamite:0 and remote module com.google.android.gms.cronet_dynamite:3811
2025-10-09 22:52:25.876  1230-1632  DynamiteModule          com.google.android.gms.persistent    I  Selected remote version of com.google.android.gms.cronet_dynamite, version >= 3811
2025-10-09 22:52:25.881  2242-2522  Finsky                  com.android.vending                  I  [60] App not installed com.google.android.runtime
2025-10-09 22:52:25.882  2242-2522  Finsky                  com.android.vending                  W  [60] Frosting: Failed to get Frosting Creation Time for com.google.android.runtime. Error: com.google.android.runtime
2025-10-09 22:52:25.894  1722-4296  AutofillFlagChangeInten com.google.android.gms               I  onHandleIntent() [CONTEXT service_id=177 ]
2025-10-09 22:52:25.899  1722-3868  SyncIntentOperation     com.google.android.gms               I  (REDACTED) Handling the intent: %s.
2025-10-09 22:52:25.904  2242-2522  Finsky                  com.android.vending                  I  [60] App not installed com.android.devicelock
2025-10-09 22:52:25.904  2242-2522  Finsky                  com.android.vending                  W  [60] Frosting: Failed to get Frosting Creation Time for com.android.devicelock. Error: com.android.devicelock
2025-10-09 22:52:25.920  1722-2294  GmsModuleFndr           com.google.android.gms               I  Beginning GMS chimera module scan
2025-10-09 22:52:25.920  1722-2294  ModuleSetResolution     com.google.android.gms               I  Computing pending module set with APKs: [[AdsFdrDynamite.integ:253405700100000], [Antifingerprinting.optional:253434100000], [Antifingerprinting.optional:253931100000], [Appsearch.optional:253434100400], [Appsearch.optional:253931100400], [MapsCoreDynamite.integ:252725201100400], [MapsCoreDynamite.integ:253425402100400], [MlkitBarcodeUi.optional:253434100400], [MlkitBarcodeUi.optional:253931100400], [MlkitOcrCommon.optional:253434100400], [MlkitOcrCommon.optional:253931100400], [PlayCloudSearch.optional:253434100000], [PlayCloudSearch.optional:253830100000], [PlayCloudSearch.optional:253931100000], [TfliteDynamiteDynamite.integ:243930802100400], [VisionBarcode.optional:253434100400], [VisionBarcode.optional:253931100400], [VisionOcr.optional:253434100000], [VisionOcr.optional:253931100000], [AdsFdrDynamite.integ:250505301100000], [Cronetdynamite:253434260400], [Dynamiteloader:253434260000], [Dynamitemodulesa:253434260000], [Dynamitemodulesc:253434260000], [Googlecertificates:253434260000], [Mapsdynamite:253434260000], [Measurementdynamite:253434260000]]
2025-10-09 22:52:25.921  1722-2294  ModuleSetResolution     com.google.android.gms               I  Pending container module APKs: [[Antifingerprinting.optional:253434100000], [Appsearch.optional:253434100400], [MapsCoreDynamite.integ:252725201100400], [MlkitBarcodeUi.optional:253434100400], [MlkitOcrCommon.optional:253434100400], [PlayCloudSearch.optional:253434100000], [TfliteDynamiteDynamite.integ:243930802100400], [VisionBarcode.optional:253434100400], [VisionOcr.optional:253434100000]]
2025-10-09 22:52:25.921  1722-2294  ModuleSetResolution     com.google.android.gms               I  Pending non-container module APKs: [[AdsFdrDynamite.integ:253405700100000]]
2025-10-09 22:52:25.939  1722-4311  MS_Utils                com.google.android.gms               I  version of com.google.android.apps.maps = 1068253970
2025-10-09 22:52:25.945  2578-2848  EGL_emulation           com.google.android.gms.unstable      I  Opening libGLESv2_emulation.so
2025-10-09 22:52:25.947  2242-2522  Finsky                  com.android.vending                  I  [60] App not installed com.android.hardware.power
2025-10-09 22:52:25.947  2242-2522  Finsky                  com.android.vending                  W  [60] Frosting: Failed to get Frosting Creation Time for com.android.hardware.power. Error: com.android.hardware.power
2025-10-09 22:52:25.950  1722-4296  MdiSyncModule           com.google.android.gms               I  flag handling is skipping irrelevant intent.
2025-10-09 22:52:25.964  1722-4314  GmsSyncPolicyEngine     com.google.android.gms               I  (REDACTED) Periodic sync %d disabled by policy, cancelled.
2025-10-09 22:52:25.964  1722-4314  GmsSyncPolicyEngine     com.google.android.gms               I  (REDACTED) Periodic sync %d disabled by policy, cancelled.
2025-10-09 22:52:25.964  1722-4314  GmsSyncPolicyEngine     com.google.android.gms               I  (REDACTED) Periodic sync %d disabled by policy, cancelled.
2025-10-09 22:52:25.971  1722-3868  GmsCoreLogger           com.google.android.gms               E  Missing account for FACET_USAGE_GAIA_UNSAMPLED [CONTEXT service_id=299 ]
2025-10-09 22:52:25.979  1722-3868  SystemUpdate            com.google.android.gms               I  [Installation,ReceiverIntentOperation] Received intent: Intent { act=com.google.gservices.intent.action.GSERVICES_CHANGED flg=0x1000010 xflg=0x4 pkg=com.google.android.gms cmp=com.google.android.gms/.chimera.GmsIntentOperationService (has extras) }.
2025-10-09 22:52:26.005  1230-3999  GetConfigSnapshotOp     com.google.android.gms.persistent    W  Succeeded but not registered: com.google.android.libraries.performance.primes#com.android.vending [CONTEXT service_id=51 ]
2025-10-09 22:52:26.005   537-632   Attributio...ssionUtils cameraserver                         I  checkPermission (forDataDelivery 0 startDataDelivery 0): Permission hard denied for client attribution [uid 10148, pid 1722, packageName "<unknown>"]
2025-10-09 22:52:26.011  1722-4311  DesktopModeFlags        com.google.android.gms               D  Toggle override initialized to: OVERRIDE_UNSET
2025-10-09 22:52:26.017  1230-1632  .gms.persistent         com.google.android.gms.persistent    I  Waiting for a blocking GC AddRemoveAppImageSpace
2025-10-09 22:52:26.020   537-632   Attributio...ssionUtils cameraserver                         I  checkPermission (forDataDelivery 0 startDataDelivery 0): Permission hard denied for client attribution [uid 10148, pid 1722, packageName "<unknown>"]
2025-10-09 22:52:26.022   537-632   Attributio...ssionUtils cameraserver                         I  checkPermission (forDataDelivery 0 startDataDelivery 0): Permission hard denied for client attribution [uid 10148, pid 1722, packageName "<unknown>"]
2025-10-09 22:52:26.022   537-632   Attributio...ssionUtils cameraserver                         I  checkPermission (forDataDelivery 0 startDataDelivery 0): Permission hard denied for client attribution [uid 10148, pid 1722, packageName "<unknown>"]
2025-10-09 22:52:26.033   537-632   Attributio...ssionUtils cameraserver                         I  checkPermission (forDataDelivery 0 startDataDelivery 0): Permission hard denied for client attribution [uid 10148, pid 1722, packageName "<unknown>"]
2025-10-09 22:52:26.049   537-632   Attributio...ssionUtils cameraserver                         I  checkPermission (forDataDelivery 0 startDataDelivery 0): Permission hard denied for client attribution [uid 10148, pid 1722, packageName "<unknown>"]
2025-10-09 22:52:26.051   537-632   Attributio...ssionUtils cameraserver                         I  checkPermission (forDataDelivery 0 startDataDelivery 0): Permission hard denied for client attribution [uid 10148, pid 1722, packageName "<unknown>"]
2025-10-09 22:52:26.053   537-632   Attributio...ssionUtils cameraserver                         I  checkPermission (forDataDelivery 0 startDataDelivery 0): Permission hard denied for client attribution [uid 10148, pid 1722, packageName "<unknown>"]
2025-10-09 22:52:26.053  2242-2522  Finsky                  com.android.vending                  I  [60] App not installed com.android.hardware.rebootescrow
2025-10-09 22:52:26.053  2242-2522  Finsky                  com.android.vending                  W  [60] Frosting: Failed to get Frosting Creation Time for com.android.hardware.rebootescrow. Error: com.android.hardware.rebootescrow
2025-10-09 22:52:26.101  1363-1679  WM-DelayedWorkTracker   com.google.android.dialer            D  Scheduling work aab613a9-b3d4-48fb-b147-99ab3a699f00
2025-10-09 22:52:26.101  1363-1679  WM-GreedyScheduler      com.google.android.dialer            D  Starting tracking for aab613a9-b3d4-48fb-b147-99ab3a699f00
2025-10-09 22:52:26.114  1536-1545  ogle.android.as         com.google.android.as                W  Deferring native library unloading due to contention
2025-10-09 22:52:26.124  4318-4318  dumpsys                 dumpsys                              W  Thread Pool max thread count is 0. Cannot cache binder as linkToDeath cannot be implemented. serviceName: window
2025-10-09 22:52:26.124   634-1927  ConnectivityService     system_server                        D  Returning BLOCKED NetworkInfo to uid=10142
2025-10-09 22:52:26.131   634-726   ActivityManager         system_server                        D  freezing 3220 com.google.android.ondevicepersonalization.services
2025-10-09 22:52:26.136  1363-1404  WM-ConstraintTracker    com.google.android.dialer            D  gci: initial state = NetworkState(isConnected=false, isValidated=false, isMetered=true, isNotRoaming=true)
2025-10-09 22:52:26.137  1363-1404  WM-NetworkStateTracker  com.google.android.dialer            D  Registering network callback
2025-10-09 22:52:26.138  1722-4314  SystemUpdate            com.google.android.gms               I  [Execution,InstallationEventIntentOperation] Handling event of type 2.
2025-10-09 22:52:26.142  1536-1618  ogle.android.as         com.google.android.as                I  WaitForGcToComplete blocked ProfileSaver on Background for 4.814s
2025-10-09 22:52:26.165   634-726   ActivityManager         system_server                        D  freezing 1363 com.google.android.dialer
2025-10-09 22:52:26.168   634-1927  ConnectivityService     system_server                        D  requestNetwork for uid/pid:10142/1363 activeRequest: null callbackRequest: 162 [NetworkRequest [ REQUEST id=163, [ Capabilities: INTERNET&NOT_RESTRICTED&TRUSTED&NOT_VCN_MANAGED&NOT_BANDWIDTH_CONSTRAINED Uid: 10142 RequestorUid: 10142 RequestorPkg: com.google.android.dialer UnderlyingNetworks: Null] ]] callback flags: 0 order: 2147483647 isUidTracked: false declaredMethods: AVAIL|LOST|NC
2025-10-09 22:52:26.174  1363-1404  WM-GreedyScheduler      com.google.android.dialer            D  Constraints not met: Cancelling work ID WorkGenerationalId(workSpecId=aab613a9-b3d4-48fb-b147-99ab3a699f00, generation=0)
2025-10-09 22:52:26.177  1722-3868  SystemUpdate            com.google.android.gms               I  [Execution,InstallationIntentOperation] Received intent: Intent { act=com.google.android.gms.update.INSTALL_UPDATE cat=[targeted_intent_op_prefix:.update.execution.InstallationIntentOperation] xflg=0x4 cmp=com.google.android.gms/.chimera.GmsIntentOperationService (has extras) }.
2025-10-09 22:52:26.177   634-726   ActivityManager         system_server                        D  Reschedule freeze for process 1363 com.google.android.dialer (outstanding txns), timeout=2836
2025-10-09 22:52:26.189   634-726   ActivityManager         system_server                        D  freezing 3232 com.google.android.packageinstaller
2025-10-09 22:52:26.190  1722-3868  SystemUpdate            com.google.android.gms               I  [Execution,ExecutionManager] Start action execution: finished-execution
2025-10-09 22:52:26.190  1722-3868  SystemUpdate            com.google.android.gms               I  [Execution,ExecutionManager] Action finished-execution executed for 0.01 seconds.
2025-10-09 22:52:26.196  1722-4311  DynamiteModule          com.google.android.gms               W  Local module descriptor class for com.google.android.gms.vision.dynamite.ocr not found.
2025-10-09 22:52:26.199  1722-4311  ProviderHelper          com.google.android.gms               W  Unknown dynamite feature vision.dynamite.ocr
2025-10-09 22:52:26.204   634-1771  system_server           system_server                        I  AssetManager2(0xb400007c944f52b8) locale list changing from [] to [en-US]
2025-10-09 22:52:26.220  1722-4311  DynamiteModule          com.google.android.gms               I  Considering local module com.google.android.gms.vision.dynamite.ocr:0 and remote module com.google.android.gms.vision.dynamite.ocr:0
2025-10-09 22:52:26.221  2242-2522  Finsky                  com.android.vending                  I  [60] App not installed com.android.hardware.gatekeeper
2025-10-09 22:52:26.221  2242-2522  Finsky                  com.android.vending                  W  [60] Frosting: Failed to get Frosting Creation Time for com.android.hardware.gatekeeper. Error: com.android.hardware.gatekeeper
2025-10-09 22:52:26.225  1722-2294  Configuration           com.google.android.gms               V  Updating configuration, locales updated from [] to [en_US]
2025-10-09 22:52:26.227  1363-1945  WM-NetworkStateTracker  com.google.android.dialer            D  Network capabilities changed: [ Transports: WIFI Capabilities: NOT_METERED&INTERNET&NOT_RESTRICTED&TRUSTED&NOT_VPN&VALIDATED&NOT_ROAMING&FOREGROUND&NOT_CONGESTED&NOT_SUSPENDED&NOT_VCN_MANAGED&NOT_BANDWIDTH_CONSTRAINED LinkUpBandwidth>=12000Kbps LinkDnBandwidth>=30000Kbps TransportInfo: <SSID: <unknown ssid>, BSSID: 02:00:00:00:00:00, MAC: 02:00:00:00:00:00, IP: /10.0.2.16, Security type: 0, Supplicant state: COMPLETED, Wi-Fi standard: legacy, RSSI: -50, Link speed: 1Mbps, Tx Link speed: 1Mbps, Max Supported Tx Link speed: 11Mbps, Rx Link speed: 2Mbps, Max Supported Rx Link speed: 11Mbps, Frequency: 2447MHz, Net ID: -1, Metered hint: false, score: 60, isUsable: true, CarrierMerged: false, SubscriptionId: -1, IsPrimary: -1, Trusted: true, Restricted: false, Ephemeral: false, OEM paid: false, OEM private: false, OSU AP: false, FQDN: <none>, Provider friendly name: <none>, Requesting package name: <none><none>MLO Information: , Is TID-To-Link negotiation supported by the AP: false, AP MLD Address: <none>, AP MLO Link Id: <none>, AP MLO Affiliated links: <none>, Vendor Data: <none>> SignalStrength: -50 UnderlyingNetworks: Null]
2025-10-09 22:52:26.228  1363-1692  WM-GreedyScheduler      com.google.android.dialer            D  Constraints met: Scheduling work ID WorkGenerationalId(workSpecId=aab613a9-b3d4-48fb-b147-99ab3a699f00, generation=0)
2025-10-09 22:52:26.230   634-1771  system_server           system_server                        I  AssetManager2(0xb400007c944f6258) locale list changing from [] to [en-US]
2025-10-09 22:52:26.241   634-1771  system_server           system_server                        I  AssetManager2(0xb400007c94493838) locale list changing from [] to [en-US]
2025-10-09 22:52:26.241  1363-1692  WM-Processor            com.google.android.dialer            D  fzl: processing WorkGenerationalId(workSpecId=aab613a9-b3d4-48fb-b147-99ab3a699f00, generation=0)
2025-10-09 22:52:26.260  2242-2262  android.vending         com.android.vending                  W  Missing inline cache for java.lang.Object auwd.apply(java.lang.Object)
2025-10-09 22:52:26.276   634-726   ActivityManager         system_server                        D  freezing 3260 com.google.android.projection.gearhead:car
2025-10-09 22:52:26.279  2242-2262  android.vending         com.android.vending                  W  Missing inline cache for java.lang.Object auwd.apply(java.lang.Object)
2025-10-09 22:52:26.289  1363-1363  WM-WorkerWrapper        com.google.android.dialer            D  Starting work for com.google.apps.tiktok.contrib.work.TikTokListenableWorker
2025-10-09 22:52:26.304   634-785   WifiNetworkFactory      system_server                        D  got request NetworkRequest [ REQUEST id=163, [ Capabilities: INTERNET&NOT_RESTRICTED&TRUSTED&NOT_VCN_MANAGED&NOT_BANDWIDTH_CONSTRAINED Uid: 10142 RequestorUid: 10142 RequestorPkg: com.google.android.dialer UnderlyingNetworks: Null] ]
2025-10-09 22:52:26.305  1363-1406  DialerSing...alsLogging com.google.android.dialer            I  com.google.android.dialershared.externals.logging.SingletonScopedExternalsLogging.recordCallMethodInvocation:75 event: TIKTOK_WORK_EXECUTION_MONITOR_ON_WORK_STARTED, function parameters: [aab613a9-b3d4-48fb-b147-99ab3a699f00,com.android.dialer.voicemail.service.impl.VvmTaskWorker], return value: <empty>
2025-10-09 22:52:26.306   634-785   UntrustedW...orkFactory system_server                        D  got request NetworkRequest [ REQUEST id=163, [ Capabilities: INTERNET&NOT_RESTRICTED&TRUSTED&NOT_VCN_MANAGED&NOT_BANDWIDTH_CONSTRAINED Uid: 10142 RequestorUid: 10142 RequestorPkg: com.google.android.dialer UnderlyingNetworks: Null] ]
2025-10-09 22:52:26.313  1363-1406  DialerVvmT...erDelegate com.google.android.dialer            I  com.android.dialer.voicemail.service.impl.scheduler.VvmTaskWorker$VvmTaskWorkerDelegate.executeVvmJob:191 Beginning execution of job ID: 7
2025-10-09 22:52:26.313   634-785   OemPaidWif...orkFactory system_server                        D  got request NetworkRequest [ REQUEST id=163, [ Capabilities: INTERNET&NOT_RESTRICTED&TRUSTED&NOT_VCN_MANAGED&NOT_BANDWIDTH_CONSTRAINED Uid: 10142 RequestorUid: 10142 RequestorPkg: com.google.android.dialer UnderlyingNetworks: Null] ]
2025-10-09 22:52:26.315  1363-1406  DialerSing...alsLogging com.google.android.dialer            I  com.google.android.dialershared.externals.logging.SingletonScopedExternalsLogging.recordCallMethodInvocation:66 event: VVM_TASK_WORKER_EXECUTE_VVM_JOB, function parameters: [7], return value: <empty> [CONTEXT enable_persistent_logger=true ]
2025-10-09 22:52:26.317   634-785   MultiInter...orkFactory system_server                        D  got request NetworkRequest [ REQUEST id=163, [ Capabilities: INTERNET&NOT_RESTRICTED&TRUSTED&NOT_VCN_MANAGED&NOT_BANDWIDTH_CONSTRAINED Uid: 10142 RequestorUid: 10142 RequestorPkg: com.google.android.dialer UnderlyingNetworks: Null] ]
2025-10-09 22:52:26.322   634-791   ConnectivityService     system_server                        D  NetReassign [163 : null  100] [c 1] [a 49] [i 89]
2025-10-09 22:52:26.330   634-791   InetDiagMessage         system_server                        D  Destroyed 0 sockets, proto=IPPROTO_TCP, family=AF_INET, states=14
2025-10-09 22:52:26.330   634-791   InetDiagMessage         system_server                        D  Destroyed 0 sockets, proto=IPPROTO_TCP, family=AF_INET6, states=14
2025-10-09 22:52:26.330   634-791   InetDiagMessage         system_server                        D  Destroyed live tcp sockets for uids={10202} in 7ms
2025-10-09 22:52:26.330   634-791   InetDiagMessage         system_server                        D  Destroyed 0 sockets, proto=IPPROTO_TCP, family=AF_INET, states=14
2025-10-09 22:52:26.331   634-791   InetDiagMessage         system_server                        D  Destroyed 0 sockets, proto=IPPROTO_TCP, family=AF_INET6, states=14
2025-10-09 22:52:26.331   634-791   InetDiagMessage         system_server                        D  Destroyed live tcp sockets for uids={10107} in 0ms
2025-10-09 22:52:26.356   634-1771  system_server           system_server                        I  AssetManager2(0xb400007c94423038) locale list changing from [] to [en-US]
2025-10-09 22:52:26.356  1722-2294  gle.android.gms         com.google.android.gms               I  AssetManager2(0xb400007c9442ebb8) locale list changing from [] to [en-US]
2025-10-09 22:52:26.359  1722-4311  DynamiteModule          com.google.android.gms               I  Considering local module com.google.android.gms.vision.ocr:0 and remote module com.google.android.gms.vision.ocr:253434000
2025-10-09 22:52:26.359  1722-4311  DynamiteModule          com.google.android.gms               I  Selected remote version of com.google.android.gms.vision.ocr, version >= 253434000
2025-10-09 22:52:26.363  1722-4320  GmsDebugLogger          com.google.android.gms               I  [89] vision.dynamite.ocr
2025-10-09 22:52:26.365  1722-1722  43-CredManRegistrationM com.google.android.gms               I  (REDACTED) [%s][%s] Success to register credentials
2025-10-09 22:52:26.368   634-1114  OomAdjuster             system_server                        D  Not killing cached processes
2025-10-09 22:52:26.375  1722-4311  ProviderHelper          com.google.android.gms               W  Unknown dynamite feature providerinstaller.dynamite
2025-10-09 22:52:26.375  1722-4311  DynamiteModule          com.google.android.gms               I  Considering local module com.google.android.gms.providerinstaller.dynamite:1 and remote module com.google.android.gms.providerinstaller.dynamite:0
2025-10-09 22:52:26.375  1722-4311  DynamiteModule          com.google.android.gms               I  Selected local version of com.google.android.gms.providerinstaller.dynamite
2025-10-09 22:52:26.381   634-1771  system_server           system_server                        I  AssetManager2(0xb400007c94424c58) locale list changing from [] to [en-US]
2025-10-09 22:52:26.389   634-1771  system_server           system_server                        I  AssetManager2(0xb400007c94425298) locale list changing from [] to [en-US]
2025-10-09 22:52:26.421  1363-1406  DialerVvmExecutorImpl   com.google.android.dialer            I  com.android.dialer.voicemail.service.impl.scheduler.VvmExecutorImpl.execute:250 Beginning VVM action: SYNC with retryCount: 1 for ComponentInfo{com.android.phone/com.android.services.telephony.TelephonyConnectionService}, 1, UserHandle{0} [CONTEXT enable_persistent_logger=true ]
2025-10-09 22:52:26.422   634-791   InetDiagMessage         system_server                        D  Destroyed 0 sockets, proto=IPPROTO_TCP, family=AF_INET, states=14
2025-10-09 22:52:26.422   634-791   InetDiagMessage         system_server                        D  Destroyed 0 sockets, proto=IPPROTO_TCP, family=AF_INET6, states=14
2025-10-09 22:52:26.422   634-791   InetDiagMessage         system_server                        D  Destroyed live tcp sockets for uids={10132} in 0ms
2025-10-09 22:52:26.432  1230-2514  .gms.persistent         com.google.android.gms.persistent    I  AssetManager2(0xb400007c94427b38) locale list changing from [] to [en-US]
2025-10-09 22:52:26.445  4323-4323  dumpsys                 dumpsys                              W  Thread Pool max thread count is 0. Cannot cache binder as linkToDeath cannot be implemented. serviceName: user
2025-10-09 22:52:26.448   634-634   binder:634_18           system_server                        W  type=1400 audit(0.0:138): avc:  denied  { read } for  name="u:object_r:system_user_mode_emulation_prop:s0" dev="tmpfs" ino=333 scontext=u:r:system_server:s0 tcontext=u:object_r:system_user_mode_emulation_prop:s0 tclass=file permissive=0
2025-10-09 22:52:26.457   634-1771  libc                    system_server                        W  Access denied finding property "persist.debug.user_mode_emulation"
2025-10-09 22:52:26.459   634-1771  UserSystem...eInstaller system_server                        V  dumpPackageWhitelistProblems(): using mode d
2025-10-09 22:52:26.474  1722-4311  gle.android.gms         com.google.android.gms               I  Waiting for a blocking GC ClassLinker
2025-10-09 22:52:26.476  1722-2294  Configuration           com.google.android.gms               V  Updating configuration, locales updated from [] to [en_US]
2025-10-09 22:52:26.479  1590-4325  stetho                  com...le.android.apps.messaging:rcs  W  I/O error: java.io.IOException: No matching handler, firstByte=71
2025-10-09 22:52:26.485  1722-2294  gle.android.gms         com.google.android.gms               I  AssetManager2(0xb400007c9442ebb8) locale list changing from [] to [en-US]
2025-10-09 22:52:26.489  1590-4327  stetho                  com...le.android.apps.messaging:rcs  W  I/O error: java.io.IOException: No matching handler, firstByte=71
2025-10-09 22:52:26.509  2001-4326  stetho                  com.google.android.apps.messaging    W  I/O error: java.io.IOException: No matching handler, firstByte=71
2025-10-09 22:52:26.518  1722-1722  43-CredManRegistrationM com.google.android.gms               I  (REDACTED) [%s][%s] Success to register credentials
2025-10-09 22:52:26.519  1363-1385  .android.dialer         com.google.android.dialer            I  Waiting for a blocking GC ProfileSaver
2025-10-09 22:52:26.519  1516-2403  MediaProvider           com...ndroid.providers.media.module  I  Scanned external_primary due to REASON_MOUNTED, found 15 items in 1973ms, 0 inserts 0 updates 0 deletes
2025-10-09 22:52:26.521  1230-4034  nativeloader            com.google.android.gms.persistent    D  Configuring clns-11 for other apk . target_sdk_version=36, uses_libraries=ALL, library_path=/data/user_de/0/com.google.android.gms/app_chimera/m/00000015/dl-TfliteDynamiteDynamite.integ_243930802100400.apk!/lib/arm64-v8a, permitted_path=/data:/mnt/expand
2025-10-09 22:52:26.527  1722-2294  Configuration           com.google.android.gms               V  Updating configuration, locales updated from [] to [en_US]
2025-10-09 22:52:26.529  2001-4328  stetho                  com.google.android.apps.messaging    W  I/O error: java.io.IOException: No matching handler, firstByte=71
2025-10-09 22:52:26.537  1516-2403  MediaProvider           com...ndroid.providers.media.module  I  End Intent { act=com.android.providers.media.action.SCAN_VOLUME (has extras) }
2025-10-09 22:52:26.553  1453-1453  PhenotypeModule         com...gle.android.inputmethod.latin  I  PhenotypeModule.receiveBroadcast():593 onReceive() urgent = false
2025-10-09 22:52:26.553  1453-1453  PhenotypeModule         com...gle.android.inputmethod.latin  I  PhenotypeModule.maybeFetchAndUpdate():277 maybeFetchAndUpdate: start new task to fetch
