2025-11-01 16:00:57.400  2737-2737  View                    com.udry.app                         I  setRequestedFrameRate frameRate=-4.0, this=com.getcapacitor.CapacitorWebView{4395b14 VFEDHVC.. .F...... 0,0-1080,2109 #7f0901c2 app:id/webview aid=1073741824}, caller=WV.ef.b:1 WV.fg.h:118 WV.fg.onDraw:7 com.android.webview.chromium.WebViewChromium.onDraw:35 android.webkit.WebView.onDraw:2959 
2025-11-01 16:00:57.410  2737-2737  View                    com.udry.app                         I  setRequestedFrameRate frameRate=-4.0, this=com.getcapacitor.CapacitorWebView{4395b14 VFEDHVC.. .F...... 0,0-1080,2109 #7f0901c2 app:id/webview aid=1073741824}, caller=WV.ef.b:1 WV.fg.h:118 WV.fg.onDraw:7 com.android.webview.chromium.WebViewChromium.onDraw:35 android.webkit.WebView.onDraw:2959 
2025-11-01 16:00:57.422  2737-2737  View                    com.udry.app                         I  setRequestedFrameRate frameRate=-4.0, this=com.getcapacitor.CapacitorWebView{4395b14 VFEDHVC.. .F...... 0,0-1080,2109 #7f0901c2 app:id/webview aid=1073741824}, caller=WV.ef.b:1 WV.fg.h:118 WV.fg.onDraw:7 com.android.webview.chromium.WebViewChromium.onDraw:35 android.webkit.WebView.onDraw:2959 
2025-11-01 16:00:57.433  2737-2737  View                    com.udry.app                         I  setRequestedFrameRate frameRate=-4.0, this=com.getcapacitor.CapacitorWebView{4395b14 VFEDHVC.. .F...... 0,0-1080,2109 #7f0901c2 app:id/webview aid=1073741824}, caller=WV.ef.b:1 WV.fg.h:118 WV.fg.onDraw:7 com.android.webview.chromium.WebViewChromium.onDraw:35 android.webkit.WebView.onDraw:2959 
2025-11-01 16:00:57.444  2737-2737  View                    com.udry.app                         I  setRequestedFrameRate frameRate=-4.0, this=com.getcapacitor.CapacitorWebView{4395b14 VFEDHVC.. .F...... 0,0-1080,2109 #7f0901c2 app:id/webview aid=1073741824}, caller=WV.ef.b:1 WV.fg.h:118 WV.fg.onDraw:7 com.android.webview.chromium.WebViewChromium.onDraw:35 android.webkit.WebView.onDraw:2959 
2025-11-01 16:00:57.454  2737-2737  View                    com.udry.app                         I  setRequestedFrameRate frameRate=-4.0, this=com.getcapacitor.CapacitorWebView{4395b14 VFEDHVC.. .F...... 0,0-1080,2109 #7f0901c2 app:id/webview aid=1073741824}, caller=WV.ef.b:1 WV.fg.h:118 WV.fg.onDraw:7 com.android.webview.chromium.WebViewChromium.onDraw:35 android.webkit.WebView.onDraw:2959 
2025-11-01 16:00:57.468  2737-2737  View                    com.udry.app                         I  setRequestedFrameRate frameRate=-4.0, this=com.getcapacitor.CapacitorWebView{4395b14 VFEDHVC.. .F...... 0,0-1080,2109 #7f0901c2 app:id/webview aid=1073741824}, caller=WV.ef.b:1 WV.fg.h:118 WV.fg.onDraw:7 com.android.webview.chromium.WebViewChromium.onDraw:35 android.webkit.WebView.onDraw:2959 
2025-11-01 16:00:57.477  2737-2737  View                    com.udry.app                         I  setRequestedFrameRate frameRate=-4.0, this=com.getcapacitor.CapacitorWebView{4395b14 VFEDHVC.. .F...... 0,0-1080,2109 #7f0901c2 app:id/webview aid=1073741824}, caller=WV.ef.b:1 WV.fg.h:118 WV.fg.onDraw:7 com.android.webview.chromium.WebViewChromium.onDraw:35 android.webkit.WebView.onDraw:2959 
2025-11-01 16:00:57.495  2737-2737  View                    com.udry.app                         I  setRequestedFrameRate frameRate=-4.0, this=com.getcapacitor.CapacitorWebView{4395b14 VFEDHVC.. .F...... 0,0-1080,2109 #7f0901c2 app:id/webview aid=1073741824}, caller=WV.ef.b:1 WV.fg.h:118 WV.fg.onDraw:7 com.android.webview.chromium.WebViewChromium.onDraw:35 android.webkit.WebView.onDraw:2959 
2025-11-01 16:00:57.516  2737-2737  View                    com.udry.app                         I  setRequestedFrameRate frameRate=-4.0, this=com.getcapacitor.CapacitorWebView{4395b14 VFEDHVC.. .F...... 0,0-1080,2109 #7f0901c2 app:id/webview aid=1073741824}, caller=WV.ef.b:1 WV.fg.h:118 WV.fg.onDraw:7 com.android.webview.chromium.WebViewChromium.onDraw:35 android.webkit.WebView.onDraw:2959 
2025-11-01 16:00:57.543  2737-2737  View                    com.udry.app                         I  setRequestedFrameRate frameRate=-4.0, this=com.getcapacitor.CapacitorWebView{4395b14 VFEDHVC.. .F...... 0,0-1080,2109 #7f0901c2 app:id/webview aid=1073741824}, caller=WV.ef.b:1 WV.fg.h:118 WV.fg.onDraw:7 com.android.webview.chromium.WebViewChromium.onDraw:35 android.webkit.WebView.onDraw:2959 
2025-11-01 16:00:57.609  2737-2737  View                    com.udry.app                         I  setRequestedFrameRate frameRate=-4.0, this=com.getcapacitor.CapacitorWebView{4395b14 VFEDHVC.. .F...... 0,0-1080,2109 #7f0901c2 app:id/webview aid=1073741824}, caller=WV.ef.b:1 WV.fg.h:118 WV.fg.onDraw:7 com.android.webview.chromium.WebViewChromium.onDraw:35 android.webkit.WebView.onDraw:2959 
2025-11-01 16:00:57.631  2737-2737  View                    com.udry.app                         I  setRequestedFrameRate frameRate=-4.0, this=com.getcapacitor.CapacitorWebView{4395b14 VFEDHVC.. .F...... 0,0-1080,2109 #7f0901c2 app:id/webview aid=1073741824}, caller=WV.ef.b:1 WV.fg.h:118 WV.fg.onDraw:7 com.android.webview.chromium.WebViewChromium.onDraw:35 android.webkit.WebView.onDraw:2959 
2025-11-01 16:00:57.663  2737-2737  View                    com.udry.app                         I  setRequestedFrameRate frameRate=-4.0, this=com.getcapacitor.CapacitorWebView{4395b14 VFEDHVC.. .F...... 0,0-1080,2109 #7f0901c2 app:id/webview aid=1073741824}, caller=WV.ef.b:1 WV.fg.h:118 WV.fg.onDraw:7 com.android.webview.chromium.WebViewChromium.onDraw:35 android.webkit.WebView.onDraw:2959 
2025-11-01 16:00:57.852  2737-2737  VRI[MainAc...y]@4391d49 com.udry.app                         I  ViewPostIme pointer 0
2025-11-01 16:00:57.856  2737-2737  VRI[MainAc...y]@4391d49 com.udry.app                         I  call setFrameRateCategory for touch hint category=high hint, reason=touch, vri=VRI[MainActivity]@4391d49
2025-11-01 16:00:57.888  2737-2737  VRI[MainAc...y]@4391d49 com.udry.app                         I  ViewPostIme pointer 1
2025-11-01 16:00:57.906  2737-2794  cr_media                com.udry.app                         W  Requires MODIFY_AUDIO_SETTINGS and RECORD_AUDIO. No audio device will be available for recording
2025-11-01 16:00:57.965  2737-2737  View                    com.udry.app                         I  setRequestedFrameRate frameRate=-4.0, this=com.getcapacitor.CapacitorWebView{4395b14 VFEDHVC.. .F...... 0,0-1080,2109 #7f0901c2 app:id/webview aid=1073741824}, caller=WV.ef.b:1 WV.fg.h:118 WV.fg.onDraw:7 com.android.webview.chromium.WebViewChromium.onDraw:35 android.webkit.WebView.onDraw:2959 
2025-11-01 16:00:57.969  2737-2737  Capacitor/Console       com.udry.app                         D  File: https://maps.googleapis.com/maps-api-v3/api/js/62/12c/intl/zh_hk/marker.js - Line 3 - Msg: Rendering was performed in a subtree hidden by content-visibility.
2025-11-01 16:00:57.969  2737-2737  Capacitor/Console       com.udry.app                         D  File: https://maps.googleapis.com/maps-api-v3/api/js/62/12c/intl/zh_hk/marker.js - Line 3 - Msg: Rendering was performed in a subtree hidden by content-visibility.
2025-11-01 16:00:57.969  2737-2737  Capacitor/Console       com.udry.app                         D  File: https://maps.googleapis.com/maps-api-v3/api/js/62/12c/intl/zh_hk/marker.js - Line 3 - Msg: Rendering was performed in a subtree hidden by content-visibility.
2025-11-01 16:00:57.969  2737-2737  Capacitor/Console       com.udry.app                         D  File: https://maps.googleapis.com/maps-api-v3/api/js/62/12c/intl/zh_hk/marker.js - Line 3 - Msg: Rendering was performed in a subtree hidden by content-visibility.
2025-11-01 16:00:57.970  2737-2737  Capacitor/Console       com.udry.app                         D  File: https://maps.googleapis.com/maps-api-v3/api/js/62/12c/intl/zh_hk/marker.js - Line 3 - Msg: Rendering was performed in a subtree hidden by content-visibility.
2025-11-01 16:00:57.970  2737-2737  Capacitor/Console       com.udry.app                         D  File: https://maps.googleapis.com/maps-api-v3/api/js/62/12c/intl/zh_hk/marker.js - Line 3 - Msg: Rendering was performed in a subtree hidden by content-visibility.
2025-11-01 16:00:57.970  2737-2737  Capacitor/Console       com.udry.app                         D  File: https://maps.googleapis.com/maps-api-v3/api/js/62/12c/intl/zh_hk/marker.js - Line 3 - Msg: Rendering was performed in a subtree hidden by content-visibility.
2025-11-01 16:00:57.970  2737-2737  Capacitor/Console       com.udry.app                         D  File: https://maps.googleapis.com/maps-api-v3/api/js/62/12c/intl/zh_hk/marker.js - Line 3 - Msg: Rendering was performed in a subtree hidden by content-visibility.
2025-11-01 16:00:57.970  2737-2737  Capacitor/Console       com.udry.app                         D  File: https://maps.googleapis.com/maps-api-v3/api/js/62/12c/intl/zh_hk/marker.js - Line 3 - Msg: Rendering was performed in a subtree hidden by content-visibility.
2025-11-01 16:00:57.970  2737-2737  Capacitor/Console       com.udry.app                         D  File: https://maps.googleapis.com/maps-api-v3/api/js/62/12c/intl/zh_hk/marker.js - Line 3 - Msg: Rendering was performed in a subtree hidden by content-visibility.
2025-11-01 16:00:57.990  2737-2737  View                    com.udry.app                         I  setRequestedFrameRate frameRate=-4.0, this=com.getcapacitor.CapacitorWebView{4395b14 VFEDHVC.. .F...... 0,0-1080,2109 #7f0901c2 app:id/webview aid=1073741824}, caller=WV.ef.b:1 WV.fg.h:118 WV.fg.onDraw:7 com.android.webview.chromium.WebViewChromium.onDraw:35 android.webkit.WebView.onDraw:2959 
2025-11-01 16:00:58.005  2737-2737  View                    com.udry.app                         I  setRequestedFrameRate frameRate=-4.0, this=com.getcapacitor.CapacitorWebView{4395b14 VFEDHVC.. .F...... 0,0-1080,2109 #7f0901c2 app:id/webview aid=1073741824}, caller=WV.ef.b:1 WV.fg.h:118 WV.fg.onDraw:7 com.android.webview.chromium.WebViewChromium.onDraw:35 android.webkit.WebView.onDraw:2959 
2025-11-01 16:00:58.074  2737-2737  View                    com.udry.app                         I  setRequestedFrameRate frameRate=-4.0, this=com.getcapacitor.CapacitorWebView{4395b14 VFEDHVC.. .F...... 0,0-1080,2109 #7f0901c2 app:id/webview aid=1073741824}, caller=WV.ef.b:1 WV.fg.h:118 WV.fg.onDraw:7 com.android.webview.chromium.WebViewChromium.onDraw:35 android.webkit.WebView.onDraw:2959 
2025-11-01 16:00:58.096  2737-2737  View                    com.udry.app                         I  setRequestedFrameRate frameRate=-4.0, this=com.getcapacitor.CapacitorWebView{4395b14 VFEDHVC.. .F...... 0,0-1080,2109 #7f0901c2 app:id/webview aid=1073741824}, caller=WV.ef.b:1 WV.fg.h:118 WV.fg.onDraw:7 com.android.webview.chromium.WebViewChromium.onDraw:35 android.webkit.WebView.onDraw:2959 
2025-11-01 16:00:58.111  2737-2737  View                    com.udry.app                         I  setRequestedFrameRate frameRate=-4.0, this=com.getcapacitor.CapacitorWebView{4395b14 VFEDHVC.. .F...... 0,0-1080,2109 #7f0901c2 app:id/webview aid=1073741824}, caller=WV.ef.b:1 WV.fg.h:118 WV.fg.onDraw:7 com.android.webview.chromium.WebViewChromium.onDraw:35 android.webkit.WebView.onDraw:2959 
2025-11-01 16:00:58.124  2737-2737  View                    com.udry.app                         I  setRequestedFrameRate frameRate=-4.0, this=com.getcapacitor.CapacitorWebView{4395b14 VFEDHVC.. .F...... 0,0-1080,2109 #7f0901c2 app:id/webview aid=1073741824}, caller=WV.ef.b:1 WV.fg.h:118 WV.fg.onDraw:7 com.android.webview.chromium.WebViewChromium.onDraw:35 android.webkit.WebView.onDraw:2959 
2025-11-01 16:00:58.136  2737-2737  View                    com.udry.app                         I  setRequestedFrameRate frameRate=-4.0, this=com.getcapacitor.CapacitorWebView{4395b14 VFEDHVC.. .F...... 0,0-1080,2109 #7f0901c2 app:id/webview aid=1073741824}, caller=WV.ef.b:1 WV.fg.h:118 WV.fg.onDraw:7 com.android.webview.chromium.WebViewChromium.onDraw:35 android.webkit.WebView.onDraw:2959 
2025-11-01 16:00:58.155  2737-2737  View                    com.udry.app                         I  setRequestedFrameRate frameRate=-4.0, this=com.getcapacitor.CapacitorWebView{4395b14 VFEDHVC.. .F...... 0,0-1080,2109 #7f0901c2 app:id/webview aid=1073741824}, caller=WV.ef.b:1 WV.fg.h:118 WV.fg.onDraw:7 com.android.webview.chromium.WebViewChromium.onDraw:35 android.webkit.WebView.onDraw:2959 
2025-11-01 16:00:58.172  2737-2737  View                    com.udry.app                         I  setRequestedFrameRate frameRate=-4.0, this=com.getcapacitor.CapacitorWebView{4395b14 VFEDHVC.. .F...... 0,0-1080,2109 #7f0901c2 app:id/webview aid=1073741824}, caller=WV.ef.b:1 WV.fg.h:118 WV.fg.onDraw:7 com.android.webview.chromium.WebViewChromium.onDraw:35 android.webkit.WebView.onDraw:2959 
2025-11-01 16:00:58.185  2737-2737  View                    com.udry.app                         I  setRequestedFrameRate frameRate=-4.0, this=com.getcapacitor.CapacitorWebView{4395b14 VFEDHVC.. .F...... 0,0-1080,2109 #7f0901c2 app:id/webview aid=1073741824}, caller=WV.ef.b:1 WV.fg.h:118 WV.fg.onDraw:7 com.android.webview.chromium.WebViewChromium.onDraw:35 android.webkit.WebView.onDraw:2959 
2025-11-01 16:00:58.218  2737-2737  View                    com.udry.app                         I  setRequestedFrameRate frameRate=-4.0, this=com.getcapacitor.CapacitorWebView{4395b14 VFEDHVC.. .F...... 0,0-1080,2109 #7f0901c2 app:id/webview aid=1073741824}, caller=WV.ef.b:1 WV.fg.h:118 WV.fg.onDraw:7 com.android.webview.chromium.WebViewChromium.onDraw:35 android.webkit.WebView.onDraw:2959 
2025-11-01 16:00:58.247  2737-2737  View                    com.udry.app                         I  setRequestedFrameRate frameRate=-4.0, this=com.getcapacitor.CapacitorWebView{4395b14 VFEDHVC.. .F...... 0,0-1080,2109 #7f0901c2 app:id/webview aid=1073741824}, caller=WV.ef.b:1 WV.fg.h:118 WV.fg.onDraw:7 com.android.webview.chromium.WebViewChromium.onDraw:35 android.webkit.WebView.onDraw:2959 
2025-11-01 16:00:58.251  2737-2753  CameraManagerGlobal     com.udry.app                         I  Camera 1 facing CAMERA_FACING_FRONT state now CAMERA_STATE_OPENING for client com.udry.app API Level 2 User Id 0Device Id 0
2025-11-01 16:00:58.255  2737-2737  View                    com.udry.app                         I  setRequestedFrameRate frameRate=-4.0, this=com.getcapacitor.CapacitorWebView{4395b14 VFEDHVC.. .F...... 0,0-1080,2109 #7f0901c2 app:id/webview aid=1073741824}, caller=WV.ef.b:1 WV.fg.h:118 WV.fg.onDraw:7 com.android.webview.chromium.WebViewChromium.onDraw:35 android.webkit.WebView.onDraw:2959 
2025-11-01 16:00:58.261  2737-2753  CameraManagerGlobal     com.udry.app                         I  postSingleUpdate device: camera id 1 status STATUS_NOT_AVAILABLE
2025-11-01 16:00:58.269  2737-2737  View                    com.udry.app                         I  setRequestedFrameRate frameRate=-4.0, this=com.getcapacitor.CapacitorWebView{4395b14 VFEDHVC.. .F...... 0,0-1080,2109 #7f0901c2 app:id/webview aid=1073741824}, caller=WV.ef.b:1 WV.fg.h:118 WV.fg.onDraw:7 com.android.webview.chromium.WebViewChromium.onDraw:35 android.webkit.WebView.onDraw:2959 
2025-11-01 16:00:58.279  2737-2737  View                    com.udry.app                         I  setRequestedFrameRate frameRate=-4.0, this=com.getcapacitor.CapacitorWebView{4395b14 VFEDHVC.. .F...... 0,0-1080,2109 #7f0901c2 app:id/webview aid=1073741824}, caller=WV.ef.b:1 WV.fg.h:118 WV.fg.onDraw:7 com.android.webview.chromium.WebViewChromium.onDraw:35 android.webkit.WebView.onDraw:2959 
2025-11-01 16:00:58.301  2737-2737  View                    com.udry.app                         I  setRequestedFrameRate frameRate=-4.0, this=com.getcapacitor.CapacitorWebView{4395b14 VFEDHVC.. .F...... 0,0-1080,2109 #7f0901c2 app:id/webview aid=1073741824}, caller=WV.ef.b:1 WV.fg.h:118 WV.fg.onDraw:7 com.android.webview.chromium.WebViewChromium.onDraw:35 android.webkit.WebView.onDraw:2959 
2025-11-01 16:00:58.319  2737-2753  CameraManagerGlobal     com.udry.app                         I  Camera 1 facing CAMERA_FACING_FRONT state now CAMERA_STATE_OPEN for client com.udry.app API Level 2 User Id 0Device Id 0
2025-11-01 16:00:58.331  2737-2737  View                    com.udry.app                         I  setRequestedFrameRate frameRate=-4.0, this=com.getcapacitor.CapacitorWebView{4395b14 VFEDHVC.. .F...... 0,0-1080,2109 #7f0901c2 app:id/webview aid=1073741824}, caller=WV.ef.b:1 WV.fg.h:118 WV.fg.onDraw:7 com.android.webview.chromium.WebViewChromium.onDraw:35 android.webkit.WebView.onDraw:2959 
2025-11-01 16:00:58.349  2737-2984  cr_VideoCapture         com.udry.app                         E  CameraDevice.StateCallback onOpened
2025-11-01 16:00:58.350  2737-2984  CompatChangeReporter    com.udry.app                         D  Compat change id reported: 236825255; UID 10335; state: ENABLED
2025-11-01 16:00:58.359  2737-2737  View                    com.udry.app                         I  setRequestedFrameRate frameRate=-4.0, this=com.getcapacitor.CapacitorWebView{4395b14 VFEDHVC.. .F...... 0,0-1080,2109 #7f0901c2 app:id/webview aid=1073741824}, caller=WV.ef.b:1 WV.fg.h:118 WV.fg.onDraw:7 com.android.webview.chromium.WebViewChromium.onDraw:35 android.webkit.WebView.onDraw:2959 
2025-11-01 16:00:58.387  2737-2737  View                    com.udry.app                         I  setRequestedFrameRate frameRate=-4.0, this=com.getcapacitor.CapacitorWebView{4395b14 VFEDHVC.. .F...... 0,0-1080,2109 #7f0901c2 app:id/webview aid=1073741824}, caller=WV.ef.b:1 WV.fg.h:118 WV.fg.onDraw:7 com.android.webview.chromium.WebViewChromium.onDraw:35 android.webkit.WebView.onDraw:2959 
2025-11-01 16:00:58.403  2737-2737  View                    com.udry.app                         I  setRequestedFrameRate frameRate=-4.0, this=com.getcapacitor.CapacitorWebView{4395b14 VFEDHVC.. .F...... 0,0-1080,2109 #7f0901c2 app:id/webview aid=1073741824}, caller=WV.ef.b:1 WV.fg.h:118 WV.fg.onDraw:7 com.android.webview.chromium.WebViewChromium.onDraw:35 android.webkit.WebView.onDraw:2959 
2025-11-01 16:00:58.429  2737-2737  View                    com.udry.app                         I  setRequestedFrameRate frameRate=-4.0, this=com.getcapacitor.CapacitorWebView{4395b14 VFEDHVC.. .F...... 0,0-1080,2109 #7f0901c2 app:id/webview aid=1073741824}, caller=WV.ef.b:1 WV.fg.h:118 WV.fg.onDraw:7 com.android.webview.chromium.WebViewChromium.onDraw:35 android.webkit.WebView.onDraw:2959 
2025-11-01 16:00:58.457  2737-2737  View                    com.udry.app                         I  setRequestedFrameRate frameRate=-4.0, this=com.getcapacitor.CapacitorWebView{4395b14 VFEDHVC.. .F...... 0,0-1080,2109 #7f0901c2 app:id/webview aid=1073741824}, caller=WV.ef.b:1 WV.fg.h:118 WV.fg.onDraw:7 com.android.webview.chromium.WebViewChromium.onDraw:35 android.webkit.WebView.onDraw:2959 
2025-11-01 16:00:58.483  2737-2737  View                    com.udry.app                         I  setRequestedFrameRate frameRate=-4.0, this=com.getcapacitor.CapacitorWebView{4395b14 VFEDHVC.. .F...... 0,0-1080,2109 #7f0901c2 app:id/webview aid=1073741824}, caller=WV.ef.b:1 WV.fg.h:118 WV.fg.onDraw:7 com.android.webview.chromium.WebViewChromium.onDraw:35 android.webkit.WebView.onDraw:2959 
2025-11-01 16:00:58.505  2737-2737  View                    com.udry.app                         I  setRequestedFrameRate frameRate=-4.0, this=com.getcapacitor.CapacitorWebView{4395b14 VFEDHVC.. .F...... 0,0-1080,2109 #7f0901c2 app:id/webview aid=1073741824}, caller=WV.ef.b:1 WV.fg.h:118 WV.fg.onDraw:7 com.android.webview.chromium.WebViewChromium.onDraw:35 android.webkit.WebView.onDraw:2959 
2025-11-01 16:00:58.521  2737-2755  CameraManagerGlobal     com.udry.app                         I  Camera 1 facing CAMERA_FACING_FRONT state now CAMERA_STATE_ACTIVE for client com.udry.app API Level 2 User Id 0Device Id 0
2025-11-01 16:00:58.529  2737-2737  View                    com.udry.app                         I  setRequestedFrameRate frameRate=-4.0, this=com.getcapacitor.CapacitorWebView{4395b14 VFEDHVC.. .F...... 0,0-1080,2109 #7f0901c2 app:id/webview aid=1073741824}, caller=WV.ef.b:1 WV.fg.h:118 WV.fg.onDraw:7 com.android.webview.chromium.WebViewChromium.onDraw:35 android.webkit.WebView.onDraw:2959 
2025-11-01 16:00:58.552  2737-2737  View                    com.udry.app                         I  setRequestedFrameRate frameRate=-4.0, this=com.getcapacitor.CapacitorWebView{4395b14 VFEDHVC.. .F...... 0,0-1080,2109 #7f0901c2 app:id/webview aid=1073741824}, caller=WV.ef.b:1 WV.fg.h:118 WV.fg.onDraw:7 com.android.webview.chromium.WebViewChromium.onDraw:35 android.webkit.WebView.onDraw:2959 
2025-11-01 16:00:58.573  2737-2737  View                    com.udry.app                         I  setRequestedFrameRate frameRate=-4.0, this=com.getcapacitor.CapacitorWebView{4395b14 VFEDHVC.. .F...... 0,0-1080,2109 #7f0901c2 app:id/webview aid=1073741824}, caller=WV.ef.b:1 WV.fg.h:118 WV.fg.onDraw:7 com.android.webview.chromium.WebViewChromium.onDraw:35 android.webkit.WebView.onDraw:2959 
2025-11-01 16:00:58.609  2737-2737  View                    com.udry.app                         I  setRequestedFrameRate frameRate=-4.0, this=com.getcapacitor.CapacitorWebView{4395b14 VFEDHVC.. .F...... 0,0-1080,2109 #7f0901c2 app:id/webview aid=1073741824}, caller=WV.ef.b:1 WV.fg.h:118 WV.fg.onDraw:7 com.android.webview.chromium.WebViewChromium.onDraw:35 android.webkit.WebView.onDraw:2959 
2025-11-01 16:00:58.623  2737-2737  VRI[MainAc...y]@4391d49 com.udry.app                         I  onDisplayChanged oldDisplayState=2 newDisplayState=2
2025-11-01 16:00:58.627  2737-2737  View                    com.udry.app                         I  setRequestedFrameRate frameRate=-4.0, this=com.getcapacitor.CapacitorWebView{4395b14 VFEDHVC.. .F...... 0,0-1080,2109 #7f0901c2 app:id/webview aid=1073741824}, caller=WV.ef.b:1 WV.fg.h:118 WV.fg.onDraw:7 com.android.webview.chromium.WebViewChromium.onDraw:35 android.webkit.WebView.onDraw:2959 
2025-11-01 16:00:58.639  2737-2737  View                    com.udry.app                         I  setRequestedFrameRate frameRate=-4.0, this=com.getcapacitor.CapacitorWebView{4395b14 VFEDHVC.. .F...... 0,0-1080,2109 #7f0901c2 app:id/webview aid=1073741824}, caller=WV.ef.b:1 WV.fg.h:118 WV.fg.onDraw:7 com.android.webview.chromium.WebViewChromium.onDraw:35 android.webkit.WebView.onDraw:2959 
2025-11-01 16:00:58.660  2737-2737  View                    com.udry.app                         I  setRequestedFrameRate frameRate=-4.0, this=com.getcapacitor.CapacitorWebView{4395b14 VFEDHVC.. .F...... 0,0-1080,2109 #7f0901c2 app:id/webview aid=1073741824}, caller=WV.ef.b:1 WV.fg.h:118 WV.fg.onDraw:7 com.android.webview.chromium.WebViewChromium.onDraw:35 android.webkit.WebView.onDraw:2959 
2025-11-01 16:00:58.684  2737-2737  View                    com.udry.app                         I  setRequestedFrameRate frameRate=-4.0, this=com.getcapacitor.CapacitorWebView{4395b14 VFEDHVC.. .F...... 0,0-1080,2109 #7f0901c2 app:id/webview aid=1073741824}, caller=WV.ef.b:1 WV.fg.h:118 WV.fg.onDraw:7 com.android.webview.chromium.WebViewChromium.onDraw:35 android.webkit.WebView.onDraw:2959 
2025-11-01 16:00:58.709  2737-2737  View                    com.udry.app                         I  setRequestedFrameRate frameRate=-4.0, this=com.getcapacitor.CapacitorWebView{4395b14 VFEDHVC.. .F...... 0,0-1080,2109 #7f0901c2 app:id/webview aid=1073741824}, caller=WV.ef.b:1 WV.fg.h:118 WV.fg.onDraw:7 com.android.webview.chromium.WebViewChromium.onDraw:35 android.webkit.WebView.onDraw:2959 
2025-11-01 16:00:58.736  2737-2737  View                    com.udry.app                         I  setRequestedFrameRate frameRate=-4.0, this=com.getcapacitor.CapacitorWebView{4395b14 VFEDHVC.. .F...... 0,0-1080,2109 #7f0901c2 app:id/webview aid=1073741824}, caller=WV.ef.b:1 WV.fg.h:118 WV.fg.onDraw:7 com.android.webview.chromium.WebViewChromium.onDraw:35 android.webkit.WebView.onDraw:2959 
2025-11-01 16:00:58.760  2737-2737  View                    com.udry.app                         I  setRequestedFrameRate frameRate=-4.0, this=com.getcapacitor.CapacitorWebView{4395b14 VFEDHVC.. .F...... 0,0-1080,2109 #7f0901c2 app:id/webview aid=1073741824}, caller=WV.ef.b:1 WV.fg.h:118 WV.fg.onDraw:7 com.android.webview.chromium.WebViewChromium.onDraw:35 android.webkit.WebView.onDraw:2959 
2025-11-01 16:00:58.776  2737-2737  View                    com.udry.app                         I  setRequestedFrameRate frameRate=-4.0, this=com.getcapacitor.CapacitorWebView{4395b14 VFEDHVC.. .F...... 0,0-1080,2109 #7f0901c2 app:id/webview aid=1073741824}, caller=WV.ef.b:1 WV.fg.h:118 WV.fg.onDraw:7 com.android.webview.chromium.WebViewChromium.onDraw:35 android.webkit.WebView.onDraw:2959 
2025-11-01 16:00:58.798  2737-2737  View                    com.udry.app                         I  setRequestedFrameRate frameRate=-4.0, this=com.getcapacitor.CapacitorWebView{4395b14 VFEDHVC.. .F...... 0,0-1080,2109 #7f0901c2 app:id/webview aid=1073741824}, caller=WV.ef.b:1 WV.fg.h:118 WV.fg.onDraw:7 com.android.webview.chromium.WebViewChromium.onDraw:35 android.webkit.WebView.onDraw:2959 
2025-11-01 16:00:58.819  2737-2737  View                    com.udry.app                         I  setRequestedFrameRate frameRate=-4.0, this=com.getcapacitor.CapacitorWebView{4395b14 VFEDHVC.. .F...... 0,0-1080,2109 #7f0901c2 app:id/webview aid=1073741824}, caller=WV.ef.b:1 WV.fg.h:118 WV.fg.onDraw:7 com.android.webview.chromium.WebViewChromium.onDraw:35 android.webkit.WebView.onDraw:2959 
2025-11-01 16:00:58.842  2737-2737  View                    com.udry.app                         I  setRequestedFrameRate frameRate=-4.0, this=com.getcapacitor.CapacitorWebView{4395b14 VFEDHVC.. .F...... 0,0-1080,2109 #7f0901c2 app:id/webview aid=1073741824}, caller=WV.ef.b:1 WV.fg.h:118 WV.fg.onDraw:7 com.android.webview.chromium.WebViewChromium.onDraw:35 android.webkit.WebView.onDraw:2959 
2025-11-01 16:00:58.863  2737-2737  View                    com.udry.app                         I  setRequestedFrameRate frameRate=-4.0, this=com.getcapacitor.CapacitorWebView{4395b14 VFEDHVC.. .F...... 0,0-1080,2109 #7f0901c2 app:id/webview aid=1073741824}, caller=WV.ef.b:1 WV.fg.h:118 WV.fg.onDraw:7 com.android.webview.chromium.WebViewChromium.onDraw:35 android.webkit.WebView.onDraw:2959 
2025-11-01 16:00:58.884  2737-2737  View                    com.udry.app                         I  setRequestedFrameRate frameRate=-4.0, this=com.getcapacitor.CapacitorWebView{4395b14 VFEDHVC.. .F...... 0,0-1080,2109 #7f0901c2 app:id/webview aid=1073741824}, caller=WV.ef.b:1 WV.fg.h:118 WV.fg.onDraw:7 com.android.webview.chromium.WebViewChromium.onDraw:35 android.webkit.WebView.onDraw:2959 
2025-11-01 16:00:58.906  2737-2737  View                    com.udry.app                         I  setRequestedFrameRate frameRate=-4.0, this=com.getcapacitor.CapacitorWebView{4395b14 VFEDHVC.. .F...... 0,0-1080,2109 #7f0901c2 app:id/webview aid=1073741824}, caller=WV.ef.b:1 WV.fg.h:118 WV.fg.onDraw:7 com.android.webview.chromium.WebViewChromium.onDraw:35 android.webkit.WebView.onDraw:2959 
2025-11-01 16:00:58.927  2737-2737  View                    com.udry.app                         I  setRequestedFrameRate frameRate=-4.0, this=com.getcapacitor.CapacitorWebView{4395b14 VFEDHVC.. .F...... 0,0-1080,2109 #7f0901c2 app:id/webview aid=1073741824}, caller=WV.ef.b:1 WV.fg.h:118 WV.fg.onDraw:7 com.android.webview.chromium.WebViewChromium.onDraw:35 android.webkit.WebView.onDraw:2959 
2025-11-01 16:00:58.949  2737-2737  View                    com.udry.app                         I  setRequestedFrameRate frameRate=-4.0, this=com.getcapacitor.CapacitorWebView{4395b14 VFEDHVC.. .F...... 0,0-1080,2109 #7f0901c2 app:id/webview aid=1073741824}, caller=WV.ef.b:1 WV.fg.h:118 WV.fg.onDraw:7 com.android.webview.chromium.WebViewChromium.onDraw:35 android.webkit.WebView.onDraw:2959 
2025-11-01 16:00:58.972  2737-2737  View                    com.udry.app                         I  setRequestedFrameRate frameRate=-4.0, this=com.getcapacitor.CapacitorWebView{4395b14 VFEDHVC.. .F...... 0,0-1080,2109 #7f0901c2 app:id/webview aid=1073741824}, caller=WV.ef.b:1 WV.fg.h:118 WV.fg.onDraw:7 com.android.webview.chromium.WebViewChromium.onDraw:35 android.webkit.WebView.onDraw:2959 
2025-11-01 16:00:59.013  2737-2737  View                    com.udry.app                         I  setRequestedFrameRate frameRate=-4.0, this=com.getcapacitor.CapacitorWebView{4395b14 VFEDHVC.. .F...... 0,0-1080,2109 #7f0901c2 app:id/webview aid=1073741824}, caller=WV.ef.b:1 WV.fg.h:118 WV.fg.onDraw:7 com.android.webview.chromium.WebViewChromium.onDraw:35 android.webkit.WebView.onDraw:2959 
2025-11-01 16:00:59.022  2737-2737  View                    com.udry.app                         I  setRequestedFrameRate frameRate=-4.0, this=com.getcapacitor.CapacitorWebView{4395b14 VFEDHVC.. .F...... 0,0-1080,2109 #7f0901c2 app:id/webview aid=1073741824}, caller=WV.ef.b:1 WV.fg.h:118 WV.fg.onDraw:7 com.android.webview.chromium.WebViewChromium.onDraw:35 android.webkit.WebView.onDraw:2959 
2025-11-01 16:00:59.048  2737-2737  View                    com.udry.app                         I  setRequestedFrameRate frameRate=-4.0, this=com.getcapacitor.CapacitorWebView{4395b14 VFEDHVC.. .F...... 0,0-1080,2109 #7f0901c2 app:id/webview aid=1073741824}, caller=WV.ef.b:1 WV.fg.h:118 WV.fg.onDraw:7 com.android.webview.chromium.WebViewChromium.onDraw:35 android.webkit.WebView.onDraw:2959 
2025-11-01 16:00:59.074  2737-2737  View                    com.udry.app                         I  setRequestedFrameRate frameRate=-4.0, this=com.getcapacitor.CapacitorWebView{4395b14 VFEDHVC.. .F...... 0,0-1080,2109 #7f0901c2 app:id/webview aid=1073741824}, caller=WV.ef.b:1 WV.fg.h:118 WV.fg.onDraw:7 com.android.webview.chromium.WebViewChromium.onDraw:35 android.webkit.WebView.onDraw:2959 
2025-11-01 16:00:59.100  2737-2737  View                    com.udry.app                         I  setRequestedFrameRate frameRate=-4.0, this=com.getcapacitor.CapacitorWebView{4395b14 VFEDHVC.. .F...... 0,0-1080,2109 #7f0901c2 app:id/webview aid=1073741824}, caller=WV.ef.b:1 WV.fg.h:118 WV.fg.onDraw:7 com.android.webview.chromium.WebViewChromium.onDraw:35 android.webkit.WebView.onDraw:2959 
2025-11-01 16:00:59.101  2737-3105  ProfileInstaller        com.udry.app                         D  Installing profile for com.udry.app
2025-11-01 16:00:59.122  2737-2737  View                    com.udry.app                         I  setRequestedFrameRate frameRate=-4.0, this=com.getcapacitor.CapacitorWebView{4395b14 VFEDHVC.. .F...... 0,0-1080,2109 #7f0901c2 app:id/webview aid=1073741824}, caller=WV.ef.b:1 WV.fg.h:118 WV.fg.onDraw:7 com.android.webview.chromium.WebViewChromium.onDraw:35 android.webkit.WebView.onDraw:2959 
2025-11-01 16:00:59.145  2737-2737  View                    com.udry.app                         I  setRequestedFrameRate frameRate=-4.0, this=com.getcapacitor.CapacitorWebView{4395b14 VFEDHVC.. .F...... 0,0-1080,2109 #7f0901c2 app:id/webview aid=1073741824}, caller=WV.ef.b:1 WV.fg.h:118 WV.fg.onDraw:7 com.android.webview.chromium.WebViewChromium.onDraw:35 android.webkit.WebView.onDraw:2959 
2025-11-01 16:00:59.170  2737-2737  View                    com.udry.app                         I  setRequestedFrameRate frameRate=-4.0, this=com.getcapacitor.CapacitorWebView{4395b14 VFEDHVC.. .F...... 0,0-1080,2109 #7f0901c2 app:id/webview aid=1073741824}, caller=WV.ef.b:1 WV.fg.h:118 WV.fg.onDraw:7 com.android.webview.chromium.WebViewChromium.onDraw:35 android.webkit.WebView.onDraw:2959 
2025-11-01 16:00:59.214  2737-2839  DynamiteModule          com.udry.app                         W  Local module descriptor class for com.google.android.gms.vision.dynamite.barcode not found.
2025-11-01 16:00:59.214  2737-2737  View                    com.udry.app                         I  setRequestedFrameRate frameRate=-4.0, this=com.getcapacitor.CapacitorWebView{4395b14 VFEDHVC.. .F...... 0,0-1080,2109 #7f0901c2 app:id/webview aid=1073741824}, caller=WV.ef.b:1 WV.fg.h:118 WV.fg.onDraw:7 com.android.webview.chromium.WebViewChromium.onDraw:35 android.webkit.WebView.onDraw:2959 
2025-11-01 16:00:59.221  2737-2839  DynamiteModule          com.udry.app                         I  Considering local module com.google.android.gms.vision.dynamite.barcode:0 and remote module com.google.android.gms.vision.dynamite.barcode:0
2025-11-01 16:00:59.230  2737-2839  com.udry.app            com.udry.app                         W  ClassLoaderContext classpath size mismatch. expected=1, found=0 (DLC[];PCL[base.apk*1898674927]{PCL[/system/framework/org.apache.http.legacy.jar*3637333363]#PCL[/system/framework/com.android.media.remotedisplay.jar*2042759013]#PCL[/system/framework/com.android.location.provider.jar*3414091812]#PCL[/system_ext/framework/androidx.window.extensions.jar*393752484]#PCL[/system_ext/framework/androidx.window.sidecar.jar*3240773605]} | DLC[];PCL[])
2025-11-01 16:00:59.234  2737-2839  DynamiteModule          com.udry.app                         I  Considering local module com.google.android.gms.vision.barcode:0 and remote module com.google.android.gms.vision.barcode:254232000
2025-11-01 16:00:59.234  2737-2839  DynamiteModule          com.udry.app                         I  Selected remote version of com.google.android.gms.vision.barcode, version >= 254232000
2025-11-01 16:00:59.244  2737-2839  System                  com.udry.app                         W  ClassLoader referenced unknown path: 
2025-11-01 16:00:59.244  2737-2737  View                    com.udry.app                         I  setRequestedFrameRate frameRate=-4.0, this=com.getcapacitor.CapacitorWebView{4395b14 VFEDHVC.. .F...... 0,0-1080,2109 #7f0901c2 app:id/webview aid=1073741824}, caller=WV.ef.b:1 WV.fg.h:118 WV.fg.onDraw:7 com.android.webview.chromium.WebViewChromium.onDraw:35 android.webkit.WebView.onDraw:2959 
2025-11-01 16:00:59.245  2737-2839  nativeloader            com.udry.app                         D  Configuring clns-10 for other apk . target_sdk_version=36, uses_libraries=, library_path=/data/app/~~sZZ4sZNtNwjPi-Zz9Eq-Lw==/com.google.android.gms-uPObNxvG3Lgta6KUVEnnNA==/lib/arm64:/data/app/~~sZZ4sZNtNwjPi-Zz9Eq-Lw==/com.google.android.gms-uPObNxvG3Lgta6KUVEnnNA==/base.apk!/lib/arm64-v8a, permitted_path=/data:/mnt/expand:/data/user/0/com.google.android.gms
2025-11-01 16:00:59.255  2737-2759  CameraManagerGlobal     com.udry.app                         I  Camera 1 facing CAMERA_FACING_FRONT state now CAMERA_STATE_IDLE for client com.udry.app API Level 2 User Id 0Device Id 0
2025-11-01 16:00:59.255  2737-2839  com.udry.app            com.udry.app                         W  Unsupported class loader: java.lang.Class<WV.h63>
2025-11-01 16:00:59.272  2737-2839  com.udry.app            com.udry.app                         W  Unsupported class loader: java.lang.Class<WV.h63>
2025-11-01 16:00:59.283  2737-2755  CameraManagerGlobal     com.udry.app                         I  postSingleUpdate device: camera id 1 status STATUS_PRESENT
2025-11-01 16:00:59.284  2737-2856  CameraManagerGlobal     com.udry.app                         I  Camera 1 facing CAMERA_FACING_FRONT state now CAMERA_STATE_CLOSED for client com.udry.app API Level 2 User Id 0Device Id 0
2025-11-01 16:00:59.325  2737-3125  com.udry.app            com.udry.app                         I  hiddenapi: Accessing hidden method Ldalvik/system/VMStack;->getStackClass2()Ljava/lang/Class; (runtime_flags=0, domain=core-platform, api=unsupported) from Lm71/hfu; (domain=app) using reflection: allowed
2025-11-01 16:00:59.343  2737-2737  VRI[MainAc...y]@4391d49 com.udry.app                         I  onDisplayChanged oldDisplayState=2 newDisplayState=2
2025-11-01 16:00:59.354  2737-3126  LibraryVersion          com.udry.app                         W  Failed to get app version for libraryName: optional-module-barcode
2025-11-01 16:00:59.354  2737-2839  nativeloader            com.udry.app                         D  Configuring clns-11 for other apk . target_sdk_version=34, uses_libraries=ALL, library_path=/data/user_de/0/com.google.android.gms/app_chimera/m/000000a1/dl-VisionBarcode.optional_254232100400.apk!/lib/arm64-v8a, permitted_path=/data:/mnt/expand
2025-11-01 16:00:59.354  2737-2839  nativeloader            com.udry.app                         D  Extending system_exposed_libraries: libface_landmark.arcsoft.so:liblow_light_hdr.arcsoft.so:libhigh_dynamic_range.arcsoft.so:libFacialAttributeDetection.arcsoft.so:libaudiomirroring_jni.audiomirroring.samsung.so:libBeauty_v4.camera.samsung.so:libexifa.camera.samsung.so:libjpega.camera.samsung.so:libOpenCv.camera.samsung.so:libC2paDps.camera.samsung.so:libImageScreener.camera.samsung.so:libFace_Landmark_API.camera.samsung.so:libHpr_RecGAE_cvFeature_v1.0.camera.samsung.so:libHprFace_GAE_api.camera.samsung.so:libHprFace_GAE_jni.camera.samsung.so:libDLInterface_aidl.camera.samsung.so:libImageTagger.camera.samsung.so:libSceneDetector_v1.camera.samsung.so:libQREngine.camera.samsung.so:libFood.camera.samsung.so:libFoodDetector.camera.samsung.so:libportrait_controller_engine.camera.samsung.so:libportrait_controller_interface_jni.camera.samsung.so:libsecbufferhandler.camera.samsung.so:libPortraitSolution.camera.samsung.so:libsrib_CNNInterface.camera.samsung.so:libsrib_humanaware_engine.camera.samsung.so:libInteractiv
2025-11-01 16:00:59.358  2737-2839  nativeloader            com.udry.app                         D  Load /data/user_de/0/com.google.android.gms/app_chimera/m/000000a1/dl-VisionBarcode.optional_254232100400.apk!/lib/arm64-v8a/libbarhopper_v3.so using isolated ns clns-11 (caller=/data/user_de/0/com.google.android.gms/app_chimera/m/000000a1/dl-VisionBarcode.optional_254232100400.apk): ok
2025-11-01 16:00:59.381  2737-3127  DynamiteModule          com.udry.app                         W  Local module descriptor class for com.google.android.gms.tflite_dynamite not found.
2025-11-01 16:00:59.387  2737-3127  DynamiteModule          com.udry.app                         I  Considering local module com.google.android.gms.tflite_dynamite:0 and remote module com.google.android.gms.tflite_dynamite:243930802
2025-11-01 16:00:59.388  2737-3127  DynamiteModule          com.udry.app                         I  Selected remote version of com.google.android.gms.tflite_dynamite, version >= 243930802
2025-11-01 16:00:59.390  2737-3127  com.udry.app            com.udry.app                         W  Unsupported class loader: java.lang.Class<WV.h63>
2025-11-01 16:00:59.391  2737-2839  DynamiteModule          com.udry.app                         W  Local module descriptor class for com.google.android.gms.vision.dynamite.barcode not found.
2025-11-01 16:00:59.393  2737-2839  DynamiteModule          com.udry.app                         I  Considering local module com.google.android.gms.vision.dynamite.barcode:0 and remote module com.google.android.gms.vision.dynamite.barcode:0
2025-11-01 16:00:59.396  2737-2839  DynamiteModule          com.udry.app                         I  Considering local module com.google.android.gms.vision.barcode:0 and remote module com.google.android.gms.vision.barcode:254232000
2025-11-01 16:00:59.396  2737-2839  DynamiteModule          com.udry.app                         I  Selected remote version of com.google.android.gms.vision.barcode, version >= 254232000
2025-11-01 16:00:59.402  2737-2839  DynamiteModule          com.udry.app                         W  Local module descriptor class for com.google.android.gms.vision.dynamite.barcode not found.
2025-11-01 16:00:59.405  2737-2839  DynamiteModule          com.udry.app                         I  Considering local module com.google.android.gms.vision.dynamite.barcode:0 and remote module com.google.android.gms.vision.dynamite.barcode:0
2025-11-01 16:00:59.408  2737-2839  DynamiteModule          com.udry.app                         I  Considering local module com.google.android.gms.vision.barcode:0 and remote module com.google.android.gms.vision.barcode:254232000
2025-11-01 16:00:59.408  2737-2839  DynamiteModule          com.udry.app                         I  Selected remote version of com.google.android.gms.vision.barcode, version >= 254232000
2025-11-01 16:00:59.411  2737-3127  com.udry.app            com.udry.app                         W  Unsupported class loader: java.lang.Class<WV.h63>
2025-11-01 16:00:59.434  2737-2755  CameraManagerGlobal     com.udry.app                         I  Camera 2 facing CAMERA_FACING_BACK state now CAMERA_STATE_OPENING for client com.udry.app API Level 2 User Id 0Device Id 0
2025-11-01 16:00:59.440  2737-2755  CameraManagerGlobal     com.udry.app                         I  postSingleUpdate device: camera id 2 status STATUS_NOT_AVAILABLE
2025-11-01 16:00:59.462  2737-3127  DynamiteModule          com.udry.app                         W  Local module descriptor class for com.google.android.gms.googlecertificates not found.
2025-11-01 16:00:59.465  2737-3127  DynamiteModule          com.udry.app                         I  Considering local module com.google.android.gms.googlecertificates:0 and remote module com.google.android.gms.googlecertificates:7
2025-11-01 16:00:59.466  2737-3127  DynamiteModule          com.udry.app                         I  Selected remote version of com.google.android.gms.googlecertificates, version >= 7
2025-11-01 16:00:59.469  2737-3127  com.udry.app            com.udry.app                         W  Unsupported class loader: java.lang.Class<WV.h63>
2025-11-01 16:00:59.472  2737-3127  com.udry.app            com.udry.app                         W  Unsupported class loader: java.lang.Class<WV.h63>
2025-11-01 16:00:59.500  2737-2755  CameraManagerGlobal     com.udry.app                         I  Camera 2 facing CAMERA_FACING_BACK state now CAMERA_STATE_OPEN for client com.udry.app API Level 2 User Id 0Device Id 0
2025-11-01 16:00:59.508  2737-3131  cr_VideoCapture         com.udry.app                         E  CameraDevice.StateCallback onOpened
2025-11-01 16:00:59.538  2737-3127  nativeloader            com.udry.app                         D  Configuring clns-12 for other apk . target_sdk_version=34, uses_libraries=ALL, library_path=/data/user_de/0/com.google.android.gms/app_chimera/m/00000076/dl-TfliteDynamiteDynamite.integ_243930802100400.apk!/lib/arm64-v8a, permitted_path=/data:/mnt/expand
2025-11-01 16:00:59.538  2737-3127  nativeloader            com.udry.app                         D  Extending system_exposed_libraries: libface_landmark.arcsoft.so:liblow_light_hdr.arcsoft.so:libhigh_dynamic_range.arcsoft.so:libFacialAttributeDetection.arcsoft.so:libaudiomirroring_jni.audiomirroring.samsung.so:libBeauty_v4.camera.samsung.so:libexifa.camera.samsung.so:libjpega.camera.samsung.so:libOpenCv.camera.samsung.so:libC2paDps.camera.samsung.so:libImageScreener.camera.samsung.so:libFace_Landmark_API.camera.samsung.so:libHpr_RecGAE_cvFeature_v1.0.camera.samsung.so:libHprFace_GAE_api.camera.samsung.so:libHprFace_GAE_jni.camera.samsung.so:libDLInterface_aidl.camera.samsung.so:libImageTagger.camera.samsung.so:libSceneDetector_v1.camera.samsung.so:libQREngine.camera.samsung.so:libFood.camera.samsung.so:libFoodDetector.camera.samsung.so:libportrait_controller_engine.camera.samsung.so:libportrait_controller_interface_jni.camera.samsung.so:libsecbufferhandler.camera.samsung.so:libPortraitSolution.camera.samsung.so:libsrib_CNNInterface.camera.samsung.so:libsrib_humanaware_engine.camera.samsung.so:libInteractiv
2025-11-01 16:00:59.541  2737-3127  nativeloader            com.udry.app                         D  Load /data/user_de/0/com.google.android.gms/app_chimera/m/00000076/dl-TfliteDynamiteDynamite.integ_243930802100400.apk!/lib/arm64-v8a/libtflite_gmscore_jni.so using isolated ns clns-12 (caller=/data/user_de/0/com.google.android.gms/app_chimera/m/00000076/dl-TfliteDynamiteDynamite.integ_243930802100400.apk): ok
2025-11-01 16:00:59.543  2737-3127  TFLite-in-PlayServices  com.udry.app                         I  Initialized module.
2025-11-01 16:00:59.581  2737-2755  CameraManagerGlobal     com.udry.app                         I  Camera 2 facing CAMERA_FACING_BACK state now CAMERA_STATE_ACTIVE for client com.udry.app API Level 2 User Id 0Device Id 0
2025-11-01 16:00:59.612  2737-3170  GoogleApiManager        com.udry.app                         E  Failed to get service from broker.  (Ask Gemini)
                                                                                                    java.lang.SecurityException: Unknown calling package name 'com.google.android.gms'.
                                                                                                    	at android.os.Parcel.createExceptionOrNull(Parcel.java:3257)
                                                                                                    	at android.os.Parcel.createException(Parcel.java:3241)
                                                                                                    	at android.os.Parcel.readException(Parcel.java:3224)
                                                                                                    	at android.os.Parcel.readException(Parcel.java:3166)
                                                                                                    	at m.hp.q(:com.google.android.gms.policy_tflite_dynamite_dynamite@243930807@243930802025.794556501.794556501:19)
                                                                                                    	at m.ge.run(:com.google.android.gms.policy_tflite_dynamite_dynamite@243930807@243930802025.794556501.794556501:54)
                                                                                                    	at android.os.Handler.handleCallback(Handler.java:959)
                                                                                                    	at android.os.Handler.dispatchMessage(Handler.java:100)
                                                                                                    	at android.os.Looper.loopOnce(Looper.java:257)
                                                                                                    	at android.os.Looper.loop(Looper.java:342)
                                                                                                    	at android.os.HandlerThread.run(HandlerThread.java:85)
2025-11-01 16:00:59.618  2737-3209  MobStoreFlagStore       com.udry.app                         W  Unable to update local snapshot for com.google.android.libraries.consentverifier#com.google.android.gms, may result in stale flags. (Ask Gemini)
                                                                                                    java.util.concurrent.ExecutionException: m.vd: 17: 17: API: Phenotype.API is not available on this device. Connection failed with: cz{statusCode=DEVELOPER_ERROR, resolution=null, message=null}
                                                                                                    	at m.apo.s(:com.google.android.gms.policy_tflite_dynamite_dynamite@243930807@243930802025.794556501.794556501:21)
                                                                                                    	at m.apo.get(:com.google.android.gms.policy_tflite_dynamite_dynamite@243930807@243930802025.794556501.794556501:3)
                                                                                                    	at m.arv.a(:com.google.android.gms.policy_tflite_dynamite_dynamite@243930807@243930802025.794556501.794556501:2)
                                                                                                    	at m.aqy.g(:com.google.android.gms.policy_tflite_dynamite_dynamite@243930807@243930802025.794556501.794556501:10)
                                                                                                    	at m.wx.d(:com.google.android.gms.policy_tflite_dynamite_dynamite@243930807@243930802025.794556501.794556501:1)
                                                                                                    	at m.wq.run(:com.google.android.gms.policy_tflite_dynamite_dynamite@243930807@243930802025.794556501.794556501:5)
                                                                                                    	at java.util.concurrent.Executors$RunnableAdapter.call(Executors.java:524)
                                                                                                    	at java.util.concurrent.FutureTask.run(FutureTask.java:317)
                                                                                                    	at java.util.concurrent.ScheduledThreadPoolExecutor$ScheduledFutureTask.run(ScheduledThreadPoolExecutor.java:348)
                                                                                                    	at java.util.concurrent.ThreadPoolExecutor.runWorker(ThreadPoolExecutor.java:1156)
                                                                                                    	at java.util.concurrent.ThreadPoolExecutor$Worker.run(ThreadPoolExecutor.java:651)
                                                                                                    	at java.lang.Thread.run(Thread.java:1119)
                                                                                                    Caused by: m.vd: 17: 17: API: Phenotype.API is not available on this device. Connection failed with: cz{statusCode=DEVELOPER_ERROR, resolution=null, message=null}
                                                                                                    	at m.vf.a(:com.google.android.gms.policy_tflite_dynamite_dynamite@243930807@243930802025.794556501.794556501:13)
                                                                                                    	at m.aow.f(:com.google.android.gms.policy_tflite_dynamite_dynamite@243930807@243930802025.794556501.794556501:3)
