2025-11-01 18:33:34.596  1027-1281  SGM:FgCheckThread       system_server                        D  onLooperPrepared(), msg: MSG_TASK_FOCUSED, pkgName: com.android.chrome, userId: 0
2025-11-01 18:33:34.596  1027-1281  SGM:FgCheckThread       system_server                        D  handleTaskFocused().
2025-11-01 18:33:34.596  1027-1281  SGM:FgCheckThread       system_server                        D    handleTaskFocused(), pkgName: com.android.chrome, userID:0
2025-11-01 18:33:34.596  1027-1281  SGM:FgCheckThread       system_server                        D  handleResume().
2025-11-01 18:33:34.597  1027-2295  WindowManagerServiceExt system_server                        D  updateTaskbarTargetIfNeeded: cn=ComponentInfo{com.android.chrome/com.google.android.apps.chrome.Main} occludesParent=true isInSplitScreenMode=false styleFloating=false
2025-11-01 18:33:34.597  1027-1281  SGM:FgCheckThread       system_server                        D  sendFocusOutConditionally() - mPrevNotiPkg: (unknown), userId: 0
2025-11-01 18:33:34.597  1027-1281  SGM:FgCheckThread       system_server                        D    handleResume(). pkgName: com.android.chrome, userId: 0, category: non-game
2025-11-01 18:33:34.597  1027-1281  SGM:FgCheckThread       system_server                        D  notifyFocusInOut(). of pkg: com.android.chrome, type: 4, isSecGameFamily: false, userId: 0
2025-11-01 18:33:34.597  1027-1281  SGM:FgCheckThread       system_server                        D    notifyFocusInOut(). unexpected mPrevNotiType: -1
2025-11-01 18:33:34.597  1027-1281  SGM:SystemHelper        system_server                        D  callReleaseBlock needReleaseBlock:false
2025-11-01 18:33:34.597  1027-1351  AS.MultiSoundManager    system_server                        D  mForegroundUid = 10219
2025-11-01 18:33:34.598  1027-2295  BLASTSyncEngine         system_server                        D  SyncGroup 395:  Unfinished container: ActivityRecord{88523af u0 com.android.chrome/com.google.android.apps.chrome.Main t370} mSyncState=2
2025-11-01 18:33:34.598 22066-22066 VRI[Main]@915907        com.android.chrome                   I  handleAppVisibility mAppVisible = false visible = true
2025-11-01 18:33:34.598 22066-22066 VRI[Main]@915907        com.android.chrome                   I  stopped(false) old = true
2025-11-01 18:33:34.598 22066-22066 VRI[Main]@915907        com.android.chrome                   D  WindowStopped on com.android.chrome/com.google.android.apps.chrome.Main set to false
2025-11-01 18:33:34.600  1502-1715  WindowManagerShell      com.android.systemui                 D  onActivityRestartAttempt: ComponentInfo{com.android.chrome/org.chromium.chrome.browser.ChromeTabbedActivity}
2025-11-01 18:33:34.604  1027-1461  NetdEventL...nerService system_server                        D  DNS Requested by 104, 10219(com.android.chrome), SUCCESS, 12ms
2025-11-01 18:33:34.605 22066-22066 JobInfo                 com.android.chrome                   W  Job 'com.android.chrome/org.chromium.components.background_task_scheduler.internal.BackgroundTaskJobService#112' has a deadline with no functional constraints. The deadline won't improve job execution latency. Consider removing the deadline.
2025-11-01 18:33:34.607 22066-22066 cr_ActivityDispatcher   com.android.chrome                   W  CustomTabsIntent#shouldAlwaysUseBrowserUI() = false
2025-11-01 18:33:34.607  2153-30185 HoneySpace.RecentTasks  com.sec.android.app.launcher         I  onRecentTasksChanged
2025-11-01 18:33:34.608  2153-2328  HoneySpace...TaskSource com.sec.android.app.launcher         I  onTaskMovedToFront : taskId = 370, displayId = 0
2025-11-01 18:33:34.609  1027-1377  CocktailBa...eContainer system_server                        I  handleMessage: entry what = 6
2025-11-01 18:33:34.609  1027-1377  CocktailBa...erviceImpl system_server                        I  notePauseComponent : no active host
2025-11-01 18:33:34.611  1027-1111  SGM:FgCheckThread       system_server                        D  notePauseComponent(), received pkgName: com.android.chrome, userId: 0
2025-11-01 18:33:34.611  1027-1111  SGM:FgCheckThread       system_server                        D  notePauseComponent(), received pkgName: com.android.chrome, userId: 0
2025-11-01 18:33:34.611  1027-1111  SGM:FgCheckThread       system_server                        D  notifyFocusInOut(). of pkg: com.android.chrome, type: 20, isSecGameFamily: false, userId: 0
2025-11-01 18:33:34.614 32466-32466 View                    com.udry.app                         I  setRequestedFrameRate frameRate=-4.0, this=com.getcapacitor.CapacitorWebView{4395b14 VFEDHVC.. .F...... 0,0-1080,2205 #7f0901c6 app:id/webview aid=1073741824}, caller=WV.ef.b:1 WV.fg.h:118 WV.fg.onDraw:7 com.android.webview.chromium.WebViewChromium.onDraw:35 android.webkit.WebView.onDraw:2959 
2025-11-01 18:33:34.617 22066-22066 cr_PartnerCustomize     com.android.chrome                   W  Another initializeAsync is already in progress.
2025-11-01 18:33:34.617  2153-2330  HoneySpace...askUseCase com.sec.android.app.launcher         I  topTaskId 370, DisplayId : 0
2025-11-01 18:33:34.618  1027-1111  SGM:GameManager         system_server                        D  identifyGamePackage. com.android.chrome, mCurrentUserId: 0, callerUserId: 0, callingMethodInfo: com.samsung.android.game.SemGameManager.isGamePackage(SemGameManager.java:105)
2025-11-01 18:33:34.618  1027-1111  SGM:SemGameManager      system_server                        D  isGamePackage(), pkgName=com.android.chrome, ret=false
2025-11-01 18:33:34.618  1027-1111  SGM:FgCheckThread       system_server                        D    notifyFocusInOut(). unexpected type. 20
2025-11-01 18:33:34.619  1027-1377  CocktailBa...eContainer system_server                        I  handleMessage: entry what = 5
2025-11-01 18:33:34.619  1027-1377  CocktailBa...erviceImpl system_server                        I  noteResumeComponent : no active host
2025-11-01 18:33:34.620  1027-1764  CoreBackPreview         system_server                        D  Window{f6a6829 u0 com.android.chrome/com.google.android.apps.chrome.Main}: Setting back callback OnBackInvokedCallbackInfo{mCallback=android.window.IOnBackInvokedCallback$Stub$Proxy@750f437, mPriority=0, mIsAnimationCallback=true}
2025-11-01 18:33:34.620  1027-1111  SGM:FgCheckThread       system_server                        D  noteResumeComponent(), received pkgName: com.android.chrome, userId: 0
2025-11-01 18:33:34.621 22066-22066 cr_ChromeActivity       com.android.chrome                   I  onNewIntentWithNative: exiting picture in picture if needed
2025-11-01 18:33:34.621 22066-22066 cr_VideoPersist         com.android.chrome                   I  Framework exited picture in picture
2025-11-01 18:33:34.621 22066-22066 cr_VideoPersist         com.android.chrome                   I  Exited picture in picture with reason: 0
2025-11-01 18:33:34.622  1027-1281  SGM:FgCheckThread       system_server                        D  onLooperPrepared(), msg: MSG_APP_RESUME, pkgName: com.android.chrome, userid: 0
2025-11-01 18:33:34.622  1027-1281  SGM:FgCheckThread       system_server                        D  handleResume().
2025-11-01 18:33:34.622  1027-1281  SGM:FgCheckThread       system_server                        D  sendFocusOutConditionally() - mPrevNotiPkg: (unknown), userId: 0
2025-11-01 18:33:34.622  1027-1281  SGM:FgCheckThread       system_server                        D    handleResume(). pkgName: com.android.chrome, userId: 0, category: non-game
2025-11-01 18:33:34.622  1027-1281  SGM:FgCheckThread       system_server                        D  notifyFocusInOut(). of pkg: com.android.chrome, type: 4, isSecGameFamily: false, userId: 0
2025-11-01 18:33:34.622  1027-1281  SGM:FgCheckThread       system_server                        D    notifyFocusInOut(). unexpected mPrevNotiType: -1
2025-11-01 18:33:34.622  1027-1281  SGM:SystemHelper        system_server                        D  callReleaseBlock needReleaseBlock:false
2025-11-01 18:33:34.623  3493-15314 SDHMS:l                 com.sec.android.sdhms                I  handleResumeComponent : put = com.android.chrome, userid = 0 instanceid =212664133
2025-11-01 18:33:34.626  1502-1502  {OngoingAc...ontroller} com.android.systemui                 I  onTaskFocusChanged focused:false, baseActivity:ComponentInfo{com.udry.app/com.udry.app.MainActivity}
2025-11-01 18:33:34.627  2153-2328  HoneySpace...TaskSource com.sec.android.app.launcher         I  onTaskFocusChanged(): taskId = 370
2025-11-01 18:33:34.627  2153-2328  HoneySpace...TaskSource com.sec.android.app.launcher         I  onTaskMovedToFront : taskId = 370, displayId = 0
2025-11-01 18:33:34.630  1502-1502  {OngoingAc...ontroller} com.android.systemui                 I  onTaskFocusChanged focused:true, baseActivity:ComponentInfo{com.android.chrome/org.chromium.chrome.browser.ChromeTabbedActivity}
2025-11-01 18:33:34.631  1502-1502  {OngoingAc...ataHelper} com.android.systemui                 I  setBaseActivityComponentName:ComponentInfo{com.android.chrome/org.chromium.chrome.browser.ChromeTabbedActivity}
2025-11-01 18:33:34.639 28094-28115 ForwardSyncCache        com.google.android.apps.messaging    I  reclaimMemory: Clearing caches
2025-11-01 18:33:34.640 28094-28115 Bugle                   com.google.android.apps.messaging    W  TextClassifierLibManagerImpl: Reclaiming memory at level: 40
2025-11-01 18:33:34.643  5417-5417  BoundBrokerSvc          com.google.android.gms               D  onBind: Intent { act=com.google.android.gms.chromesync.service.firstparty.START dat=chimera-action:/... cmp=com.google.android.gms/.chimera.GmsApiService }
2025-11-01 18:33:34.644  5417-5417  BoundBrokerSvc          com.google.android.gms               D  Loading bound service for intent: Intent { act=com.google.android.gms.chromesync.service.firstparty.START dat=chimera-action:/... cmp=com.google.android.gms/.chimera.GmsApiService }
2025-11-01 18:33:34.649 32466-32466 View                    com.udry.app                         I  setRequestedFrameRate frameRate=-4.0, this=com.getcapacitor.CapacitorWebView{4395b14 VFEDHVC.. .F...... 0,0-1080,2205 #7f0901c6 app:id/webview aid=1073741824}, caller=WV.ef.b:1 WV.fg.h:118 WV.fg.onDraw:7 com.android.webview.chromium.WebViewChromium.onDraw:35 android.webkit.WebView.onDraw:2959 
2025-11-01 18:33:34.652  2153-30185 HoneySpace...4656@OneUI com.sec.android.app.launcher         I  Illegal access. Unknown type. skip load history items
2025-11-01 18:33:34.654  1027-2295  Grammatica...ctionUtils system_server                        V  AttributionSource: AttributionSource { uid = 90022, packageName = null, attributionTag = null, token = android.os.Binder@1b379, deviceId = 0, next = null } does not have READ_SYSTEM_GRAMMATICAL_GENDER permission.
2025-11-01 18:33:34.666 32466-32466 View                    com.udry.app                         I  setRequestedFrameRate frameRate=-4.0, this=com.getcapacitor.CapacitorWebView{4395b14 VFEDHVC.. .F...... 0,0-1080,2205 #7f0901c6 app:id/webview aid=1073741824}, caller=WV.ef.b:1 WV.fg.h:118 WV.fg.onDraw:7 com.android.webview.chromium.WebViewChromium.onDraw:35 android.webkit.WebView.onDraw:2959 
2025-11-01 18:33:34.670  5417-5417  BoundBrokerSvc          com.google.android.gms               D  onBind: Intent { act=com.google.android.gms.safebrowsing.SafeBrowsingService.START dat=chimera-action:/... cmp=com.google.android.gms/.chimera.GmsBoundBrokerService }
2025-11-01 18:33:34.671  5417-5417  BoundBrokerSvc          com.google.android.gms               D  Loading bound service for intent: Intent { act=com.google.android.gms.safebrowsing.SafeBrowsingService.START dat=chimera-action:/... cmp=com.google.android.gms/.chimera.GmsBoundBrokerService }
2025-11-01 18:33:34.681 22747-22747 Zygote                  com.android.chrome_zygote            D  Forked child process 1581
2025-11-01 18:33:34.683 22066-22066 InputMethodManager      com.android.chrome                   I  invalidateInput
2025-11-01 18:33:34.688  1027-1124  ActivityManager         system_server                        I  Start proc 1581:com.android.chrome:sandboxed_process0:org.chromium.content.app.SandboxedProcessService0:22/u0ai22 for  {com.android.chrome/org.chromium.content.app.SandboxedProcessService0:22}
2025-11-01 18:33:34.691  1027-1338  MdnieScena...rolService system_server                        D   packageName : com.android.chrome    className : org.chromium.chrome.browser.ChromeTabbedActivity
2025-11-01 18:33:34.694 22066-22066 InputMethodManager      com.android.chrome                   I  invalidateInput
2025-11-01 18:33:34.697  3493-16935 SDHMS:l                 com.sec.android.sdhms                I  onTaskStackChanged
2025-11-01 18:33:34.699  1581-1581  libc                    pid-1581                             E  SetHeapTaggingLevel: re-enabling tagging after it was disabled is not supported
2025-11-01 18:33:34.701 22066-22066 cr_VideoPersist         com.android.chrome                   I  Dismiss activity with reason 4
2025-11-01 18:33:34.702  2153-30184 HoneySpace.RecentTasks  com.sec.android.app.launcher         I  onRecentTasksChanged
2025-11-01 18:33:34.704 22066-22066 cr_A11yState            com.android.chrome                   I  Enabled accessibility services list updated. []
2025-11-01 18:33:34.705  3493-4143  SDHMS:N0                com.sec.android.sdhms                I  p2p-if:: false, , 
2025-11-01 18:33:34.706 22066-22066 cr_A11yState            com.android.chrome                   I  Informing listeners of changes.
2025-11-01 18:33:34.706 22066-22066 cr_A11yState            com.android.chrome                   I  New AccessibilityState: State{isComplexUserInteractionServiceEnabled=false, isTouchExplorationEnabled=false, isPerformGesturesEnabled=false, isAnyAccessibilityServiceEnabled=false, isAccessibilityToolPresent=false, isTextShowPasswordEnabled=false, isOnlyAutofillRunning=false, isOnlyPasswordManagersEnabled=false, isKnownScreenReaderEnabled=false}
2025-11-01 18:33:34.705  1027-1338  MdnieScena...rolService system_server                        V  mAclOffEnabled : false
2025-11-01 18:33:34.707  3493-4143  SemDvfsHyPerManager     com.sec.android.sdhms                I  acquire hyper - TABaseBoost/3493@20, type = -999
2025-11-01 18:33:34.708   695-780   HYPER-HAL               ven...amsung.hardware.hyper-service  I  [RequestManager.cpp]acquire(): Acquired ID : 6172361  [3493 / 20]    HINT :      list : [TABoost / 1] 
2025-11-01 18:33:34.709 32466-32466 View                    com.udry.app                         I  setRequestedFrameRate frameRate=-4.0, this=com.getcapacitor.CapacitorWebView{4395b14 VFEDHVC.. .F...... 0,0-1080,2205 #7f0901c6 app:id/webview aid=1073741824}, caller=WV.ef.b:1 WV.fg.h:118 WV.fg.onDraw:7 com.android.webview.chromium.WebViewChromium.onDraw:35 android.webkit.WebView.onDraw:2959 
2025-11-01 18:33:34.717  1027-2295  SGM:GameManager         system_server                        D  identifyGamePackage. com.android.chrome, mCurrentUserId: 0, callerUserId: 0, callingMethodInfo: com.samsung.android.game.IGameManagerService$Stub.onTransact(IGameManagerService.java:228)
2025-11-01 18:33:34.718  1027-1338  SemMdnieManagerService  system_server                        I  DDI setContentMode : 8
2025-11-01 18:33:34.719  1027-1338  MdnieScena...rolService system_server                        V  Calling MdnieManager API(setContentMode(8))
2025-11-01 18:33:34.719  1027-1338  MdnieScena...rolService system_server                        D  Start Browser Brightness Decrease Timer
2025-11-01 18:33:34.719  1581-1581  cessService0:22         pid-1581                             I  Using CollectorTypeCMC GC.
2025-11-01 18:33:34.719  1027-1338  SemDisplay...gerService system_server                        D  uid : 1000 , pid : 1027 , name : brightness_scale_off
2025-11-01 18:33:34.719  1027-1338  SemDisplay...gerService system_server                        D  where : application what : DEFAULT setScreenBrightnessScaleFactor(1.0) , mBrightnessCompensation : 1.0 , PMS value : 1.0
2025-11-01 18:33:34.720  1027-1338  PowerManagerService     system_server                        D  [api] setScreenBrightnessScaleFactor: scaleFactor: 1.0 (uid: 1000 pid: 1027)
2025-11-01 18:33:34.720  1027-1338  SemDisplay...gerService system_server                        D  Normal Mode setMultipleScreenBrightness , application, DEFAULT, 1.0
2025-11-01 18:33:34.720  1027-1338  MdnieScena...rolService system_server                        V  Calling SemDisplaySolutionManager API(setMultipleScreenBrightness(0)
2025-11-01 18:33:34.722 22066-22066 cr_InactivityTracker    com.android.chrome                   I  Last background time read from the SharedPreference is:1761992762957.
2025-11-01 18:33:34.723  2153-30184 HoneySpace...4656@OneUI com.sec.android.app.launcher         I  Illegal access. Unknown type. skip load history items
2025-11-01 18:33:34.724   755-18412 AudioFlinger            audioserver                          D  setParameters: filtered dev setParameters keyvalue audioHDR=0
2025-11-01 18:33:34.725 22066-22066 cr_ChromeActivity       com.android.chrome                   I  onResumeWithNative: exiting picture in picture if needed
2025-11-01 18:33:34.725 22066-22066 cr_VideoPersist         com.android.chrome                   I  Dismiss activity with reason 0
2025-11-01 18:33:34.725   674-1092  audio_hw_primary        android.hardware.audio.service       D  device-adev_set_parameters: enter
2025-11-01 18:33:34.726   674-1092  audio_hw_primary        android.hardware.audio.service       D  device-adev_set_parameters: param (audioHDR=0)
2025-11-01 18:33:34.727 22066-22066 cr_InactivityTracker    com.android.chrome                   I  Last visible time read from the SharedPreference is:1761992739836.
2025-11-01 18:33:34.728  1581-1581  cessService0:22         pid-1581                             E  Not starting debugger since process cannot load the jdwp agent.
2025-11-01 18:33:34.734  1027-1338  MdnieScena...rolService system_server                        V  setBrowserMode from Browser function
2025-11-01 18:33:34.738 32466-32466 View                    com.udry.app                         I  setRequestedFrameRate frameRate=-4.0, this=com.getcapacitor.CapacitorWebView{4395b14 VFEDHVC.. .F...... 0,0-1080,2205 #7f0901c6 app:id/webview aid=1073741824}, caller=WV.ef.b:1 WV.fg.h:118 WV.fg.onDraw:7 com.android.webview.chromium.WebViewChromium.onDraw:35 android.webkit.WebView.onDraw:2959 
2025-11-01 18:33:34.740  1581-1581  nativeloader            pid-1581                             D  Load libframework-connectivity-tiramisu-jni.so using APEX ns com_android_tethering for caller /apex/com.android.tethering/javalib/framework-connectivity-t.jar: ok
2025-11-01 18:33:34.742 22066-22066 SurfaceView@6fa308d     com.android.chrome                   I  onWindowVisibilityChanged(0) false android.view.SurfaceView{6fa308d V.E...... ........ 0,0-1080,2109} of VRI[Main]@915907
2025-11-01 18:33:34.742 22066-22066 SurfaceView@6fa308d     com.android.chrome                   D  updateSurface: surface is not valid
2025-11-01 18:33:34.742 22066-22066 SurfaceView@6fa308d     com.android.chrome                   I  releaseSurfaces: viewRoot = VRI[Main]@915907
2025-11-01 18:33:34.742 22066-22066 VRI[Main]@915907        com.android.chrome                   D  applyTransactionOnDraw applyImmediately
2025-11-01 18:33:34.744  1027-2268  WindowManager           system_server                        V  Relayout Window{f6a6829 u0 com.android.chrome/com.google.android.apps.chrome.Main}: viewVisibility=0 req=1080x2340 ty=1 d0
2025-11-01 18:33:34.745   765-2279  SurfaceFlinger          surfaceflinger                       I  id=4856 createSurf, flag=44004, com.android.chrome/com.google.android.apps.chrome.Main$_22066#4856
2025-11-01 18:33:34.745  1027-2268  WindowManager           system_server                        D  makeSurface duration=1 name=com.android.chrome/com.google.android.apps.chrome.Main$_22066
2025-11-01 18:33:34.746  1581-1581  ActivityThread          pid-1581                             D  setConscryptValidator
2025-11-01 18:33:34.746  1581-1581  ActivityThread          pid-1581                             D  setConscryptValidator - put
2025-11-01 18:33:34.746  1027-2268  BLASTSyncEngine         system_server                        D  SyncGroup 395:  Unfinished container: ActivityRecord{88523af u0 com.android.chrome/com.google.android.apps.chrome.Main t370} mSyncState=2
2025-11-01 18:33:34.747  1027-2268  WindowManager           system_server                        D  Changing focus from null to Window{f6a6829 u0 com.android.chrome/com.google.android.apps.chrome.Main} displayId=0 Callers=com.android.server.wm.WindowManagerService.relayoutWindowInner:142 com.android.server.wm.WindowManagerService.relayoutWindow:6 com.android.server.wm.Session.relayout:27 android.view.IWindowSession$Stub.onTransact:861 
2025-11-01 18:33:34.747  1027-2268  WindowManager           system_server                        I  Cancelling animation restarting=true, leash=Surface(name=Surface(name=ccbc14c NavigationBar0)/@0xebfaa14 - animation-leash of insets_animation)/@0x2803705
2025-11-01 18:33:34.747  1027-2268  WindowManager           system_server                        I  Reparenting to original parent: Surface(name=WindowToken{b37ad7f type=2019 android.os.BinderProxy@bf294d9})/@0xce5b2bd, destroy=false, syncState=0, syncCommitDepth=0, surface=Surface(name=ccbc14c NavigationBar0)/@0xebfaa14
2025-11-01 18:33:34.747  1027-2268  WindowManager           system_server                        I  Reparenting to leash, surface=Surface(name=ccbc14c NavigationBar0)/@0xebfaa14, syncState=0, syncCommitDepth=0, leashParent=Surface(name=WindowToken{b37ad7f type=2019 android.os.BinderProxy@bf294d9})/@0xce5b2bd
2025-11-01 18:33:34.747   765-796   SurfaceFlinger          surfaceflinger                       I  id=4857 createSurf, flag=24000, Surface(name=ccbc14c NavigationBar0)/@0xebfaa14 - animation-leash of insets_animation#4857
2025-11-01 18:33:34.748  1027-2268  WindowManager           system_server                        D  makeSurface duration=1 leash=Surface(name=Surface(name=ccbc14c NavigationBar0)/@0xebfaa14 - animation-leash of insets_animation)/@0x8339fa5
2025-11-01 18:33:34.748  1027-2268  InsetsSourceProvider    system_server                        D  updateControlForTarget: control=InsetsSourceControl: {79c40001 mType=navigationBars initiallyVisible mSurfacePosition=Point(0, 2205) mInsetsHint=Insets{left=0, top=0, right=0, bottom=135}}, target=Window{f6a6829 u0 com.android.chrome/com.google.android.apps.chrome.Main}, from=com.android.server.wm.InsetsStateController.onControlTargetChanged:81 com.android.server.wm.InsetsPolicy.updateBarControlTarget:176 com.android.server.wm.DisplayPolicy.updateSystemBarAttributes:281 com.android.server.wm.WindowManagerService.updateFocusedWindowLocked:375 com.android.server.wm.WindowManagerService.relayoutWindowInner:142 
2025-11-01 18:33:34.749  1027-2268  WindowManager           system_server                        I  Cancelling animation restarting=true, leash=Surface(name=Surface(name=c1e4fc2 StatusBar)/@0x1321803 - animation-leash of insets_animation)/@0x6b5a98b
2025-11-01 18:33:34.749  1027-2268  WindowManager           system_server                        I  Reparenting to original parent: Surface(name=WindowToken{813abd1 type=2000 android.os.BinderProxy@ae25b})/@0xaf75380, destroy=false, syncState=0, syncCommitDepth=0, surface=Surface(name=c1e4fc2 StatusBar)/@0x1321803
2025-11-01 18:33:34.749  1027-2268  WindowManager           system_server                        I  Reparenting to leash, surface=Surface(name=c1e4fc2 StatusBar)/@0x1321803, syncState=0, syncCommitDepth=0, leashParent=Surface(name=WindowToken{813abd1 type=2000 android.os.BinderProxy@ae25b})/@0xaf75380
2025-11-01 18:33:34.749   765-2279  SurfaceFlinger          surfaceflinger                       I  id=4858 createSurf, flag=24000, Surface(name=c1e4fc2 StatusBar)/@0x1321803 - animation-leash of insets_animation#4858
2025-11-01 18:33:34.749   765-765   SurfaceFlinger          surfaceflinger                       I  [com.android.chrome/com.google.android.apps.chrome.Main$_22066#4856] attach to parent LayerHierarchy{RequestedLayerState{f6a6829 com.android.chrome/com.google.android.apps.chrome.Main#3071 parentId=3061} 1 children}
2025-11-01 18:33:34.749   765-765   SurfaceFlinger          surfaceflinger                       I  [Surface(name=ccbc14c NavigationBar0)/@0xebfaa14 - animation-leash of insets_animation#4857] attach to parent LayerHierarchy{RequestedLayerState{WindowToken{b37ad7f type=2019 android.os.BinderProxy@bf294d9}#81 parentId=31} 2 children}
2025-11-01 18:33:34.750  1027-2268  WindowManager           system_server                        D  makeSurface duration=1 leash=Surface(name=Surface(name=c1e4fc2 StatusBar)/@0x1321803 - animation-leash of insets_animation)/@0xf7bd32b
2025-11-01 18:33:34.750  1027-2268  InsetsSourceProvider    system_server                        D  updateControlForTarget: control=InsetsSourceControl: {31c60000 mType=statusBars initiallyVisible mSurfacePosition=Point(0, 0) mInsetsHint=Insets{left=0, top=96, right=0, bottom=0}}, target=Window{f6a6829 u0 com.android.chrome/com.google.android.apps.chrome.Main}, from=com.android.server.wm.InsetsStateController.onControlTargetChanged:81 com.android.server.wm.InsetsPolicy.updateBarControlTarget:163 com.android.server.wm.DisplayPolicy.updateSystemBarAttributes:281 com.android.server.wm.WindowManagerService.updateFocusedWindowLocked:375 com.android.server.wm.WindowManagerService.relayoutWindowInner:142 
2025-11-01 18:33:34.750  1027-2268  WindowManager           system_server                        D  updateSystemBarAttributes: displayId=0, focusedCanBeNavColorWin=false, win=Window{f6a6829 u0 com.android.chrome/com.google.android.apps.chrome.Main}, navColorWin=Window{deec664 u0 com.udry.app/com.udry.app.MainActivity}, caller=com.android.server.wm.WindowManagerService.updateFocusedWindowLocked:375 com.android.server.wm.WindowManagerService.relayoutWindowInner:142 com.android.server.wm.WindowManagerService.relayoutWindow:6 
2025-11-01 18:33:34.750  1027-2268  WindowManager           system_server                        D  updateSystemBarAttributes, bhv=1, apr=24, statusBarAprRegions=[AppearanceRegion{LIGHT_STATUS_BARS bounds=[0,0][1080,2340]}], requestedVisibilities=-9
2025-11-01 18:33:34.750  1027-2268  SystemKeyManager        system_server                        V  updateFocusedWindow() is called, com.android.chrome/com.google.android.apps.chrome.Main
2025-11-01 18:33:34.751  1027-2268  WindowManager           system_server                        V  Relayout hash=f6a6829, pid=22066, syncId=-1: mAttrs={(0,0)(fillxfill) sim={state=always_hidden adjust=resize forwardNavigation} layoutInDisplayCutoutMode=always ty=BASE_APPLICATION fmt=TRANSLUCENT wanim=0x1030312 sysuil=true
                                                                                                      fl=81810100
                                                                                                      pfl=10008840
                                                                                                      vsysui=2010
                                                                                                      apr=18
                                                                                                      bhv=1
                                                                                                      fitSides=0
                                                                                                      frameRateBoostOnTouch=true
                                                                                                      dvrrWindowFrameRateHint=true naviIconColor=0}
2025-11-01 18:33:34.752 22066-22066 BLASTBufferQueue_Java   com.android.chrome                   I  new BLASTBufferQueue, mName= VRI[Main]@915907 mNativeObject= 0xb400007b4a41d700 sc.mNativeObject= 0xb400007be285dd40 caller= android.view.ViewRootImpl.updateBlastSurfaceIfNeeded:3397 android.view.ViewRootImpl.relayoutWindow:11361 android.view.ViewRootImpl.performTraversals:4544 android.view.ViewRootImpl.doTraversal:3708 android.view.ViewRootImpl$TraversalRunnable.run:12542 android.view.Choreographer$CallbackRecord.run:1751 android.view.Choreographer$CallbackRecord.run:1760 android.view.Choreographer.doCallbacks:1216 android.view.Choreographer.doFrame:1142 android.view.Choreographer$FrameDisplayEventReceiver.run:1707 
2025-11-01 18:33:34.752 22066-22066 BLASTBufferQueue_Java   com.android.chrome                   I  update, w= 1080 h= 2340 mName = VRI[Main]@915907 mNativeObject= 0xb400007b4a41d700 sc.mNativeObject= 0xb400007be285dd40 format= -3 caller= android.graphics.BLASTBufferQueue.<init>:88 android.view.ViewRootImpl.updateBlastSurfaceIfNeeded:3397 android.view.ViewRootImpl.relayoutWindow:11361 android.view.ViewRootImpl.performTraversals:4544 android.view.ViewRootImpl.doTraversal:3708 android.view.ViewRootImpl$TraversalRunnable.run:12542 
2025-11-01 18:33:34.753 22066-22066 VRI[Main]@915907        com.android.chrome                   I  Relayout returned: old=(0,0,1080,2340) new=(0,0,1080,2340) relayoutAsync=false req=(1080,2340)0 dur=8 res=0x3 s={true 0xb400007baa144000} ch=true seqId=0
2025-11-01 18:33:34.753 22066-22066 VRI[Main]@915907        com.android.chrome                   D  mThreadedRenderer.initialize() mSurface={isValid=true 0xb400007baa144000} hwInitialized=true
2025-11-01 18:33:34.754  1027-1440  WifiConnectivityMonitor system_server                        D  start WCM Poll.
2025-11-01 18:33:34.755  1027-1437  WifiConnectivityMonitor system_server                        D  Register WifiLinkQualityMonitorCallback
2025-11-01 18:33:34.755 22066-22066 SurfaceView@6fa308d     com.android.chrome                   I  windowStopped(false) true android.view.SurfaceView{6fa308d V.E...... ........ 0,0-1080,2109} of VRI[Main]@915907
2025-11-01 18:33:34.755 22066-22066 SurfaceView             com.android.chrome                   I  117059725 Changes: creating=true format=false size=false visible=true alpha=false hint=false visible=true left=false top=false z=false attached=true lifecycleStrategy=false
2025-11-01 18:33:34.755  1027-1437  SemWifiLin...ityMonitor system_server                        I  LQ L2 callback initialized: 0 / N / Y
2025-11-01 18:33:34.755   765-2279  SurfaceFlinger          surfaceflinger                       I  id=4859 createSurf, flag=20004, Bounds for - com.android.chrome/com.google.android.apps.chrome.Main@4#4859
2025-11-01 18:33:34.756   765-797   SurfaceFlinger          surfaceflinger                       I  id=4860 createSurf, flag=84004, SurfaceView[com.android.chrome/com.google.android.apps.chrome.Main]@0#4860
2025-11-01 18:33:34.756   765-860   SurfaceFlinger          surfaceflinger                       I  id=4861 createSurf, flag=44000, SurfaceView[com.android.chrome/com.google.android.apps.chrome.Main]@0(BLAST)#4861
2025-11-01 18:33:34.756   765-860   SurfaceFlinger          surfaceflinger                       I  id=4862 createSurf, flag=20404, Background for SurfaceView[com.android.chrome/com.google.android.apps.chrome.Main]@0#4862
2025-11-01 18:33:34.757 22066-22066 BLASTBufferQueue_Java   com.android.chrome                   I  update, w= 1080 h= 2109 mName = null mNativeObject= 0xb400007bebdda800 sc.mNativeObject= 0xb400007bdf02c4c0 format= -3 caller= android.view.SurfaceView.createBlastSurfaceControls:1642 android.view.SurfaceView.updateSurface:1318 android.view.SurfaceView.setWindowStopped:474 android.view.SurfaceView.surfaceCreated:2172 android.view.ViewRootImpl.notifySurfaceCreated:3312 android.view.ViewRootImpl.performTraversals:5036 
2025-11-01 18:33:34.757 22066-22066 SurfaceView             com.android.chrome                   I  117059725 Cur surface: Surface(name=null mNativeObject=0)/@0x6acc69e
2025-11-01 18:33:34.757 22066-22066 SurfaceView@6fa308d     com.android.chrome                   I  pST: sr = Rect(0, 96 - 1080, 2205) sw = 1080 sh = 2109
2025-11-01 18:33:34.758 22066-22066 SurfaceView             com.android.chrome                   D  117059725 performSurfaceTransaction RenderWorker position = [0, 96, 1080, 2205] surfaceSize = 1080x2109
2025-11-01 18:33:34.758 22066-22066 SurfaceView@6fa308d     com.android.chrome                   I  updateSurface: mVisible = true mSurface.isValid() = true
2025-11-01 18:33:34.758 22066-22066 SurfaceView@6fa308d     com.android.chrome                   I  updateSurface: mSurfaceCreated = false surfaceChanged = true visibleChanged = true
2025-11-01 18:33:34.758 22066-22066 SurfaceView             com.android.chrome                   I  117059725 visibleChanged -- surfaceCreated
2025-11-01 18:33:34.758 22066-22066 SurfaceView@6fa308d     com.android.chrome                   I  surfaceCreated 1 #1 android.view.SurfaceView{6fa308d V.E...... ........ 0,0-1080,2109}
2025-11-01 18:33:34.758 22066-22066 cr_CompositorSurfaceMgr com.android.chrome                   I  surfaceCreated format: 0
2025-11-01 18:33:34.758 22066-22066 SurfaceView             com.android.chrome                   I  117059725 surfaceChanged -- format=-3 w=1080 h=2109
2025-11-01 18:33:34.758 22066-22066 SurfaceView@6fa308d     com.android.chrome                   I  surfaceChanged (1080,2109) 1 #1 android.view.SurfaceView{6fa308d V.E...... ........ 0,0-1080,2109}
2025-11-01 18:33:34.760  1027-1409  SemWifiLin...ityMonitor system_server                        I  LQ callback registered
2025-11-01 18:33:34.760   765-765   SurfaceFlinger          surfaceflinger                       I  [Surface(name=c1e4fc2 StatusBar)/@0x1321803 - animation-leash of insets_animation#4858] attach to parent LayerHierarchy{RequestedLayerState{WindowToken{813abd1 type=2000 android.os.BinderProxy@ae25b}#85 parentId=19} 2 children}
2025-11-01 18:33:34.760   765-765   SurfaceFlinger          surfaceflinger                       I  [Bounds for - com.android.chrome/com.google.android.apps.chrome.Main@4#4859] attach to parent LayerHierarchy{RequestedLayerState{com.android.chrome/com.google.android.apps.chrome.Main$_22066#4856 parentId=3071} 1 children}
2025-11-01 18:33:34.760   765-765   SurfaceFlinger          surfaceflinger                       I  [SurfaceView[com.android.chrome/com.google.android.apps.chrome.Main]@0#4860] attach to parent LayerHierarchy{RequestedLayerState{Bounds for - com.android.chrome/com.google.android.apps.chrome.Main@4#4859 parentId=4856} 1 children}
2025-11-01 18:33:34.760   765-765   SurfaceFlinger          surfaceflinger                       I  [SurfaceView[com.android.chrome/com.google.android.apps.chrome.Main]@0(BLAST)#4861] attach to parent LayerHierarchy{RequestedLayerState{SurfaceView[com.android.chrome/com.google.android.apps.chrome.Main]@0#4860 parentId=4859} 1 children}
2025-11-01 18:33:34.760   765-765   SurfaceFlinger          surfaceflinger                       I  [Background for SurfaceView[com.android.chrome/com.google.android.apps.chrome.Main]@0#4862] attach to parent LayerHierarchy{RequestedLayerState{SurfaceView[com.android.chrome/com.google.android.apps.chrome.Main]@0#4860 parentId=4859} 2 children}
2025-11-01 18:33:34.765 22066-22066 SurfaceView             com.android.chrome                   I  117059725 surfaceRedrawNeeded
2025-11-01 18:33:34.765 22066-22066 SurfaceView             com.android.chrome                   V  Layout: x=0 y=96 w=1080 h=2109, frame=Rect(0, 0 - 1080, 2109)
2025-11-01 18:33:34.765 22066-22066 VRI[Main]@915907        com.android.chrome                   D  reportNextDraw android.view.ViewRootImpl.performTraversals:5193 android.view.ViewRootImpl.doTraversal:3708 android.view.ViewRootImpl$TraversalRunnable.run:12542 android.view.Choreographer$CallbackRecord.run:1751 android.view.Choreographer$CallbackRecord.run:1760 
2025-11-01 18:33:34.766 22066-22066 VRI[Main]@915907        com.android.chrome                   D  Setup new sync=wmsSync-VRI[Main]@915907#14
2025-11-01 18:33:34.766 22066-22066 VRI[Main]@915907        com.android.chrome                   I  Creating new active sync group VRI[Main]@915907#15
2025-11-01 18:33:34.766 22066-22066 VRI[Main]@915907        com.android.chrome                   D  Start draw after previous draw not visible
2025-11-01 18:33:34.766 22066-22066 VRI[Main]@915907        com.android.chrome                   D  registerCallbacksForSync syncBuffer=false
2025-11-01 18:33:34.770   765-2279  SurfaceFlinger          surfaceflinger                       I  id=4863 createSurf, flag=44000, com.android.chrome/ChromeNativeWindowSurface#4863
2025-11-01 18:33:34.771   765-765   SurfaceFlinger          surfaceflinger                       I  [LayerHierarchy{RequestedLayerState{ImeContainer#16 parentId=4829 relativeParentId=4829 z=1} 1 children}] RelativeParent to null
2025-11-01 18:33:34.771   765-765   SurfaceFlinger          surfaceflinger                       I  [LayerHierarchy{RequestedLayerState{ccbc14c NavigationBar0#82 parentId=4857} 1 children}] reparent to LayerHierarchy{RequestedLayerState{Surface(name=ccbc14c NavigationBar0)/@0xebfaa14 - animation-leash of insets_animation#4857 parentId=81} 1 children}
2025-11-01 18:33:34.771   765-765   SurfaceFlinger          surfaceflinger                       I  [LayerHierarchy{RequestedLayerState{c1e4fc2 StatusBar#86 parentId=4858} 1 children}] reparent to LayerHierarchy{RequestedLayerState{Surface(name=c1e4fc2 StatusBar)/@0x1321803 - animation-leash of insets_animation#4858 parentId=85} 1 children}
2025-11-01 18:33:34.771   765-765   SurfaceFlinger          surfaceflinger                       I  [LayerHierarchy{RequestedLayerState{Surface(name=ccbc14c NavigationBar0)/@0xebfaa14 - animation-leash of insets_animation#4853} no children}] reparent to OffscreenRoot
2025-11-01 18:33:34.771   765-765   SurfaceFlinger          surfaceflinger                       I  [LayerHierarchy{RequestedLayerState{Surface(name=ccbc14c NavigationBar0)/@0xebfaa14 - animation-leash of insets_animation#4853} no children}] RelativeParent to null
2025-11-01 18:33:34.771   765-765   SurfaceFlinger          surfaceflinger                       I  [LayerHierarchy{RequestedLayerState{Surface(name=c1e4fc2 StatusBar)/@0x1321803 - animation-leash of insets_animation#4854} no children}] reparent to OffscreenRoot
2025-11-01 18:33:34.771   765-765   SurfaceFlinger          surfaceflinger                       I  [LayerHierarchy{RequestedLayerState{Surface(name=c1e4fc2 StatusBar)/@0x1321803 - animation-leash of insets_animation#4854} no children}] RelativeParent to null
2025-11-01 18:33:34.771   765-765   SurfaceFlinger          surfaceflinger                       I  [com.android.chrome/ChromeNativeWindowSurface#4863] attach to parent LayerHierarchy{RequestedLayerState{SurfaceView[com.android.chrome/com.google.android.apps.chrome.Main]@0(BLAST)#4861 parentId=4860} 1 children}
2025-11-01 18:33:34.772 22066-22738 SurfaceView             com.android.chrome                   D  117059725 updateSurfacePosition RenderWorker, frameNr = 1, position = [0, 96, 1080, 2205] surfaceSize = 1080x2109
2025-11-01 18:33:34.772 22066-22738 SurfaceView@6fa308d     com.android.chrome                   I  uSP: rtp = Rect(0, 96 - 1080, 2205) rtsw = 1080 rtsh = 2109
2025-11-01 18:33:34.772 22066-22738 SurfaceView@6fa308d     com.android.chrome                   I  onSSPAndSRT: pl = 0 pt = 96 sx = 1.0 sy = 1.0
2025-11-01 18:33:34.772 22066-22738 SurfaceView@6fa308d     com.android.chrome                   I  aOrMT: VRI[Main]@915907 t = android.view.SurfaceControl$Transaction@e4c276c fN = 1 android.view.SurfaceView.-$$Nest$mapplyOrMergeTransaction:0 android.view.SurfaceView$SurfaceViewPositionUpdateListener.positionChanged:1792 android.graphics.RenderNode$CompositePositionUpdateListener.positionChanged:398 
2025-11-01 18:33:34.773 22066-22738 VRI[Main]@915907        com.android.chrome                   I  mWNT: t=0xb400007be292bc80 mBlastBufferQueue=0xb400007b4a41d700 fn= 1 HdrRenderState mRenderHdrSdrRatio=1.0 caller= android.view.SurfaceView.applyOrMergeTransaction:1723 android.view.SurfaceView.-$$Nest$mapplyOrMergeTransaction:0 android.view.SurfaceView$SurfaceViewPositionUpdateListener.positionChanged:1792 
2025-11-01 18:33:34.776   765-845   SurfaceFlinger          surfaceflinger                       D  [input] setFocusedWindow: f6a6829 com.android.chrome/com.google.android.apps.chrome.Main
2025-11-01 18:33:34.777  1027-2295  InputDispatcher         system_server                        D  Once focus requested (0): f6a6829 com.android.chrome/com.google.android.apps.chrome.Main
2025-11-01 18:33:34.777  1027-2295  InputDispatcher         system_server                        D  Focus request (0): f6a6829 com.android.chrome/com.google.android.apps.chrome.Main but waiting because NOT_VISIBLE
2025-11-01 18:33:34.781 22066-22762 VRI[Main]@915907        com.android.chrome                   D  Received frameDrawingCallback syncResult=0 frameNum=1.
2025-11-01 18:33:34.782 22066-22762 VRI[Main]@915907        com.android.chrome                   I  mWNT: t=0xb400007bdf092c00 mBlastBufferQueue=0xb400007b4a41d700 fn= 1 HdrRenderState mRenderHdrSdrRatio=1.0 caller= android.view.ViewRootImpl$11.onFrameDraw:15016 android.view.ThreadedRenderer$1.onFrameDraw:761 <bottom of call stack> 
2025-11-01 18:33:34.782 22066-22762 VRI[Main]@915907        com.android.chrome                   I  Setting up sync and frameCommitCallback
2025-11-01 18:33:34.782  1581-1581  ApplicationLoaders      pid-1581                             D  Returning zygote-cached class loader: /system_ext/framework/androidx.window.extensions.jar
2025-11-01 18:33:34.782  1581-1581  ApplicationLoaders      pid-1581                             D  Returning zygote-cached class loader: /system_ext/framework/androidx.window.sidecar.jar
2025-11-01 18:33:34.790 32466-32466 View                    com.udry.app                         I  setRequestedFrameRate frameRate=-4.0, this=com.getcapacitor.CapacitorWebView{4395b14 VFEDHVC.. .F...... 0,0-1080,2205 #7f0901c6 app:id/webview aid=1073741824}, caller=WV.ef.b:1 WV.fg.h:118 WV.fg.onDraw:7 com.android.webview.chromium.WebViewChromium.onDraw:35 android.webkit.WebView.onDraw:2959 
2025-11-01 18:33:34.790  1581-1581  LoadedApk               pid-1581                             I  No resource references to update in package com.google.android.trichromelibrary
2025-11-01 18:33:34.794  1581-1581  cr_SplitCompatApp       pid-1581                             I  version=141.0.7390.123 (739012333) minSdkVersion=29 processName=com.android.chrome:sandboxed_process0:org.chromium.content.app.SandboxedProcessService0:22 isIsolatedProcess=true splits=chrome,config.zh,dev_ui,on_demand,stack_unwinder,test_dummy
2025-11-01 18:33:34.796  1027-3700  ActivityManager         system_server                        I  Changes in 90022 19 to 3, 0 to 56
2025-11-01 18:33:34.797 22066-22738 BLASTBufferQueue        com.android.chrome                   I  [VRI[Main]@915907#9](f:0,a:0,s:0) onFrameAvailable the first frame is available
2025-11-01 18:33:34.798 22066-22738 VRI[Main]@915907        com.android.chrome                   I  Received frameCommittedCallback lastAttemptedDrawFrameNum=1 didProduceBuffer=true
2025-11-01 18:33:34.799   765-2279  SurfaceFlinger          surfaceflinger                       I  [com.android.chrome/com.google.android.apps.chrome.Main$_22066#4856] setTransactionState with the first frame. bufferData(ID: 94772748353552, frameNumber: 1)
2025-11-01 18:33:34.801  1581-1581  cr_ChildProcessService  pid-1581                             I  Creating new ChildProcessService pid=1581
2025-11-01 18:33:34.803 22066-22776 cr_OPArchivePublisher   com.android.chrome                   I  ADM threw while trying to remove a download. java.lang.IllegalArgumentException: input param 'ids' can't be null
2025-11-01 18:33:34.804   765-765   SurfaceFlinger          surfaceflinger                       I  Layer [Bounds for - com.android.chrome/com.google.android.apps.chrome.Main@4#4859] hidden!! flag(0)
2025-11-01 18:33:34.804   765-765   SurfaceFlinger          surfaceflinger                       I  Layer [SurfaceView[com.android.chrome/com.google.android.apps.chrome.Main]@0#4860] hidden!! flag(0)
2025-11-01 18:33:34.805   765-765   SurfaceFlinger          surfaceflinger                       I  [LayerHierarchy{RequestedLayerState{SurfaceView[com.android.chrome/com.google.android.apps.chrome.Main]@0#4860 parentId=4859 relativeParentId=4856 z=-1} 2 children}] RelativeParent to LayerHierarchy{RequestedLayerState{com.android.chrome/com.google.android.apps.chrome.Main$_22066#4856 parentId=3071} 2 children}
2025-11-01 18:33:34.805   765-765   SurfaceFlinger          surfaceflinger                       I  [LayerHierarchy{RequestedLayerState{Background for SurfaceView[com.android.chrome/com.google.android.apps.chrome.Main]@0#4862 parentId=4860 relativeParentId=4856 z=-2147483648} no children}] RelativeParent to LayerHierarchy{RequestedLayerState{com.android.chrome/com.google.android.apps.chrome.Main$_22066#4856 parentId=3071} 3 children}
2025-11-01 18:33:34.815 22066-22066 InsetsSourceConsumer    com.android.chrome                   I  applyRequestedVisibilityToControl: visible=true, type=navigationBars, host=com.android.chrome/com.google.android.apps.chrome.Main
2025-11-01 18:33:34.815 22066-22066 InsetsSourceConsumer    com.android.chrome                   I  applyRequestedVisibilityToControl: visible=true, type=statusBars, host=com.android.chrome/com.google.android.apps.chrome.Main
2025-11-01 18:33:34.817 22066-22066 BLASTBufferQueue_Java   com.android.chrome                   I  update, w= 1080 h= 2340 mName = VRI[Main]@915907 mNativeObject= 0xb400007b4a41d700 sc.mNativeObject= 0xb400007be285dd40 format= -3 caller= android.view.ViewRootImpl.updateBlastSurfaceIfNeeded:3386 android.view.ViewRootImpl.relayoutWindow:11361 android.view.ViewRootImpl.performTraversals:4544 android.view.ViewRootImpl.doTraversal:3708 android.view.ViewRootImpl$TraversalRunnable.run:12542 android.view.Choreographer$CallbackRecord.run:1751 
2025-11-01 18:33:34.817 22066-22066 VRI[Main]@915907        com.android.chrome                   I  Relayout returned: old=(0,0,1080,2340) new=(0,0,1080,2340) relayoutAsync=true req=(1080,2340)0 dur=0 res=0x0 s={true 0xb400007baa144000} ch=false seqId=0
2025-11-01 18:33:34.818 22066-22066 VRI[Main]@915907        com.android.chrome                   I  updateBoundsLayer: t=android.view.SurfaceControl$Transaction@6e7eb20 sc=Surface(name=Bounds for - com.android.chrome/com.google.android.apps.chrome.Main@4)/@0xf8b573b frame=2
2025-11-01 18:33:34.818  1027-2137  WindowManager           system_server                        V  Relayout Window{f6a6829 u0 com.android.chrome/com.google.android.apps.chrome.Main}: viewVisibility=0 req=1080x2340 ty=1 d0
2025-11-01 18:33:34.818 22066-22066 VRI[Main]@915907        com.android.chrome                   I  registerCallbackForPendingTransactions
2025-11-01 18:33:34.821 22066-22761 VRI[Main]@915907        com.android.chrome                   I  mWNT: t=0xb400007bdf093200 mBlastBufferQueue=0xb400007b4a41d700 fn= 3 HdrRenderState mRenderHdrSdrRatio=1.0 caller= android.view.ViewRootImpl$9.onFrameDraw:6276 android.view.ViewRootImpl$3.onFrameDraw:2440 android.view.ThreadedRenderer$1.onFrameDraw:761 
2025-11-01 18:33:34.830   765-2279  SurfaceFlinger          surfaceflinger                       I  id=4853 Removed Surface(name=ccbc14c NavigationBar0)/@0xebfaa14 - animation-leash of insets_animation#4853 (145)
2025-11-01 18:33:34.830   765-2279  SurfaceFlinger          surfaceflinger                       I  id=4854 Removed Surface(name=c1e4fc2 StatusBar)/@0x1321803 - animation-leash of insets_animation#4854 (145)
2025-11-01 18:33:34.833   765-860   SurfaceFlinger          surfaceflinger                       I  id=4864 createSurf, flag=44000, com.android.chrome/ChromeChildSurface#4864
2025-11-01 18:33:34.835  1027-2137  BLASTSyncEngine         system_server                        D  SyncGroup 395:  Unfinished container: ActivityRecord{88523af u0 com.android.chrome/com.google.android.apps.chrome.Main t370} mSyncState=2
2025-11-01 18:33:34.836  1027-1513  SemDvfsHyPerManager     system_server                        I  acquire hyper - AMS_RESUME_TAIL/1027@17, type = -999
2025-11-01 18:33:34.836  1027-1513  SemDvfsHyPerManager     system_server                        I  acquire hyper - AMS_ACT_LAZY/1027@18, type = -999
2025-11-01 18:33:34.836  1027-1513  ActivityMa...erformance system_server                        D  AMP_acquire() TAIL
2025-11-01 18:33:34.836  1027-1513  ActivityMa...erformance system_server                        D  AMP_release() APP_SWITCH
2025-11-01 18:33:34.837  1027-2137  WindowManager           system_server                        V  Relayout hash=f6a6829, pid=0, syncId=-1: mAttrs={(0,0)(fillxfill) sim={state=always_hidden adjust=resize forwardNavigation} layoutInDisplayCutoutMode=always ty=BASE_APPLICATION fmt=TRANSLUCENT wanim=0x1030312 sysuil=true
                                                                                                      fl=81810100
                                                                                                      pfl=10008840
                                                                                                      vsysui=2010
                                                                                                      apr=8
                                                                                                      bhv=1
                                                                                                      fitSides=0
