2025-11-02 13:14:26.682 25179-25179 cr_E2E_DCController     com.android.chrome                   I  setViewportFit: 2
2025-11-02 13:14:26.682 25179-25179 cr_E2E_DCController     com.android.chrome                   I  setSafeAreaConstraint: false
2025-11-02 13:14:26.682 25179-25179 cr_E2E_DCController     com.android.chrome                   I  setViewportFit: 0
2025-11-02 13:14:26.682 25179-25179 cr_E2E_DCController     com.android.chrome                   I  setSafeAreaConstraint: false
2025-11-02 13:14:26.695  3738-3763  libc                    pid-3738                             W  Access denied finding property "ro.mediatek.platform"
2025-11-02 13:14:26.695  3738-3763  libc                    pid-3738                             W  Access denied finding property "ro.chipname"
2025-11-02 13:14:26.695 25179-25179 BLASTBufferQueue_Java   com.android.chrome                   I  update, w= 1080 h= 2340 mName = VRI[Main]@95c91f7 mNativeObject= 0xb400007aa63aeb00 sc.mNativeObject= 0xb400007bd372c040 format= -3 caller= android.view.ViewRootImpl.updateBlastSurfaceIfNeeded:3386 android.view.ViewRootImpl.relayoutWindow:11361 android.view.ViewRootImpl.performTraversals:4544 android.view.ViewRootImpl.doTraversal:3708 android.view.ViewRootImpl$TraversalRunnable.run:12542 android.view.Choreographer$CallbackRecord.run:1751 
2025-11-02 13:14:26.695 25179-25179 VRI[Main]@95c91f7       com.android.chrome                   I  Relayout returned: old=(0,0,1080,2340) new=(0,0,1080,2340) relayoutAsync=true req=(1080,2340)0 dur=1 res=0x0 s={true 0xb400007aa664b800} ch=false seqId=0
2025-11-02 13:14:26.695 25179-25179 VRI[Main]@95c91f7       com.android.chrome                   I  updateBoundsLayer: t=android.view.SurfaceControl$Transaction@a210b67 sc=Surface(name=Bounds for - com.android.chrome/com.google.android.apps.chrome.Main@12)/@0x62898a8 frame=43
2025-11-02 13:14:26.695  1027-2103  WindowManager           system_server                        V  Relayout Window{bd9988f u0 com.android.chrome/com.google.android.apps.chrome.Main}: viewVisibility=0 req=1080x2340 ty=1 d0
2025-11-02 13:14:26.696 25179-25179 VRI[Main]@95c91f7       com.android.chrome                   I  registerCallbackForPendingTransactions
2025-11-02 13:14:26.698 25179-25236 VRI[Main]@95c91f7       com.android.chrome                   I  mWNT: t=0xb400007a9eca0100 mBlastBufferQueue=0xb400007aa63aeb00 fn= 43 HdrRenderState mRenderHdrSdrRatio=1.0 caller= android.view.ViewRootImpl$9.onFrameDraw:6276 android.view.ViewRootImpl$3.onFrameDraw:2440 android.view.ThreadedRenderer$1.onFrameDraw:761 
2025-11-02 13:14:26.701  1027-2103  WindowManager           system_server                        V  Relayout hash=bd9988f, pid=0, syncId=-1: mAttrs={(0,0)(fillxfill) sim={state=always_hidden adjust=resize} layoutInDisplayCutoutMode=always ty=BASE_APPLICATION fmt=TRANSLUCENT wanim=0x1030312
                                                                                                      fl=81810100
                                                                                                      pfl=10008840
                                                                                                      vsysui=2010
                                                                                                      apr=18
                                                                                                      bhv=1
                                                                                                      fitSides=0
                                                                                                      frameRateBoostOnTouch=true
                                                                                                      dvrrWindowFrameRateHint=true naviIconColor=0}
2025-11-02 13:14:26.811 25179-25254 AtomicFile              com.android.chrome                   E  Failed to sync file output stream
2025-11-02 13:14:26.814 25179-25179 BLASTBufferQueue_Java   com.android.chrome                   I  update, w= 1080 h= 2340 mName = VRI[Main]@95c91f7 mNativeObject= 0xb400007aa63aeb00 sc.mNativeObject= 0xb400007bd372c040 format= -3 caller= android.view.ViewRootImpl.updateBlastSurfaceIfNeeded:3386 android.view.ViewRootImpl.relayoutWindow:11361 android.view.ViewRootImpl.performTraversals:4544 android.view.ViewRootImpl.doTraversal:3708 android.view.ViewRootImpl$TraversalRunnable.run:12542 android.view.Choreographer$CallbackRecord.run:1751 
2025-11-02 13:14:26.814 25179-25179 VRI[Main]@95c91f7       com.android.chrome                   I  Relayout returned: old=(0,0,1080,2340) new=(0,0,1080,2340) relayoutAsync=true req=(1080,2340)0 dur=0 res=0x0 s={true 0xb400007aa664b800} ch=false seqId=0
2025-11-02 13:14:26.814 25179-25179 VRI[Main]@95c91f7       com.android.chrome                   I  registerCallbackForPendingTransactions
2025-11-02 13:14:26.814  1027-2103  WindowManager           system_server                        V  Relayout Window{bd9988f u0 com.android.chrome/com.google.android.apps.chrome.Main}: viewVisibility=0 req=1080x2340 ty=1 d0
2025-11-02 13:14:26.816 25179-25237 VRI[Main]@95c91f7       com.android.chrome                   I  mWNT: t=0xb400007a9eca0280 mBlastBufferQueue=0xb400007aa63aeb00 fn= 46 HdrRenderState mRenderHdrSdrRatio=1.0 caller= android.view.ViewRootImpl$9.onFrameDraw:6276 android.view.ViewRootImpl$3.onFrameDraw:2440 android.view.ThreadedRenderer$1.onFrameDraw:761 
2025-11-02 13:14:26.819  1027-2103  WindowManager           system_server                        V  Relayout hash=bd9988f, pid=0, syncId=-1: mAttrs={(0,0)(fillxfill) sim={state=always_hidden adjust=resize} layoutInDisplayCutoutMode=always ty=BASE_APPLICATION fmt=TRANSLUCENT wanim=0x1030312 sysuil=true
                                                                                                      fl=81810100
                                                                                                      pfl=10008840
                                                                                                      vsysui=2010
                                                                                                      apr=18
                                                                                                      bhv=1
                                                                                                      fitSides=0
                                                                                                      frameRateBoostOnTouch=true
                                                                                                      dvrrWindowFrameRateHint=true naviIconColor=0}
2025-11-02 13:14:26.853 25179-25179 InputMethodManager      com.android.chrome                   I  invalidateInput
2025-11-02 13:14:26.878 25179-25254 cr_WebApkValidator      com.android.chrome                   E  no application info, or metaData retrieved.
2025-11-02 13:14:26.981 25179-25179 BLASTBufferQueue_Java   com.android.chrome                   I  update, w= 1080 h= 2340 mName = VRI[Main]@95c91f7 mNativeObject= 0xb400007aa63aeb00 sc.mNativeObject= 0xb400007bd372c040 format= -3 caller= android.view.ViewRootImpl.updateBlastSurfaceIfNeeded:3386 android.view.ViewRootImpl.relayoutWindow:11361 android.view.ViewRootImpl.performTraversals:4544 android.view.ViewRootImpl.doTraversal:3708 android.view.ViewRootImpl$TraversalRunnable.run:12542 android.view.Choreographer$CallbackRecord.run:1751 
2025-11-02 13:14:26.981 25179-25179 VRI[Main]@95c91f7       com.android.chrome                   I  Relayout returned: old=(0,0,1080,2340) new=(0,0,1080,2340) relayoutAsync=true req=(1080,2340)0 dur=0 res=0x0 s={true 0xb400007aa664b800} ch=false seqId=0
2025-11-02 13:14:26.981 25179-25179 VRI[Main]@95c91f7       com.android.chrome                   I  updateBoundsLayer: t=android.view.SurfaceControl$Transaction@a210b67 sc=Surface(name=Bounds for - com.android.chrome/com.google.android.apps.chrome.Main@12)/@0x62898a8 frame=61
2025-11-02 13:14:26.982 25179-25179 VRI[Main]@95c91f7       com.android.chrome                   I  registerCallbackForPendingTransactions
2025-11-02 13:14:26.982  1027-2103  WindowManager           system_server                        V  Relayout Window{bd9988f u0 com.android.chrome/com.google.android.apps.chrome.Main}: viewVisibility=0 req=1080x2340 ty=1 d0
2025-11-02 13:14:26.984  1027-2103  WindowManager           system_server                        D  updateSystemBarAttributes: displayId=0, focusedCanBeNavColorWin=false, win=Window{bd9988f u0 com.android.chrome/com.google.android.apps.chrome.Main}, navColorWin=Window{bd9988f u0 com.android.chrome/com.google.android.apps.chrome.Main}, caller=com.android.server.wm.DisplayPolicy.finishPostLayoutPolicyLw:17 com.android.server.wm.RootWindowContainer.applySurfaceChangesTransaction$1:194 com.android.server.wm.RootWindowContainer.performSurfacePlacementNoTrace:59 
2025-11-02 13:14:26.985  1027-2103  WindowManager           system_server                        D  updateSystemBarAttributes, bhv=1, apr=16, statusBarAprRegions=[AppearanceRegion{ bounds=[0,0][1080,2340]}], requestedVisibilities=-9
2025-11-02 13:14:26.985 25179-25236 VRI[Main]@95c91f7       com.android.chrome                   I  mWNT: t=0xb400007a9eca0400 mBlastBufferQueue=0xb400007aa63aeb00 fn= 61 HdrRenderState mRenderHdrSdrRatio=1.0 caller= android.view.ViewRootImpl$9.onFrameDraw:6276 android.view.ViewRootImpl$3.onFrameDraw:2440 android.view.ThreadedRenderer$1.onFrameDraw:761 
2025-11-02 13:14:26.988  1027-2103  WindowManager           system_server                        V  Relayout hash=bd9988f, pid=0, syncId=-1: mAttrs={(0,0)(fillxfill) sim={state=always_hidden adjust=resize} layoutInDisplayCutoutMode=always ty=BASE_APPLICATION fmt=TRANSLUCENT wanim=0x1030312 sysuil=true
                                                                                                      fl=81810100
                                                                                                      pfl=10008840
                                                                                                      vsysui=2010
                                                                                                      apr=10
                                                                                                      bhv=1
                                                                                                      fitSides=0
                                                                                                      frameRateBoostOnTouch=true
                                                                                                      dvrrWindowFrameRateHint=true naviIconColor=0}
2025-11-02 13:14:26.988  1502-1502  SamsungLig...trolHelper com.android.systemui                 D  updateStatusBar (WHITE icon) numStacks:1, StatusBarMode:MODE_TRANSPARENT, lightBarBounds:[], StatusBarState:SHADE, packageName:, isWhiteKeyguardStatusBar:true
2025-11-02 13:14:26.989  1502-1502  SamsungLig...trolHelper com.android.systemui                 D  onStatusBarAppearanceChanged() -  sbModeChanged:false, statusBarMode:0, barState:MODE_TRANSPARENT, isKeyguardShowing:false, navbarColorManagedByIme:false, (AppearanceRegion{ bounds=[0,0][1080,2340]}, )
2025-11-02 13:14:26.989  1502-1502  NavigationBar           com.android.systemui                 D  onSystemBarAttributesChanged() -  displayId:0, appearance:16, packageName: com.android.chrome (APPEARANCE_LIGHT_NAVIGATION_BARS ), navbarColorManagedByIme:false
2025-11-02 13:14:27.077  1027-1435  SemWifiSwi...ppsService system_server                        D  isSkipTcpMonitorInfo - result:1
2025-11-02 13:14:27.101   465-465   io_stats                iod                                  D  !@   8,0 r 3844110 81493167 w 1854153 30942012 d 292147 120534348 f 80148 244908 iot 3113136 0 th 0 0 0 pt 0 inp 0 0 91779.075
2025-11-02 13:14:27.102   465-465   io_stats                iod                                  D  !@ Read_top(KB): .android.chrome(25179) 64 ocessService0:0(2949) 16 f2fs_ckpt-254:5(2521) 8
2025-11-02 13:14:27.102   465-465   io_stats                iod                                  D  !@ Write_top(KB): .android.chrome(25179) 700 f2fs_ckpt-254:5(2521) 356
2025-11-02 13:14:27.150 25179-25179 cr_SegmentationPlatform com.android.chrome                   W  Signal type not found: 16
2025-11-02 13:14:27.716 12000-12084 BtGatt.ScanHelper       com.android.bluetooth                I  onScanResult to scannerId: 3- eventType=0x10, addressType=1, address=XX:XX:XX:XX:65:16, primaryPhy=1, secondaryPhy=0, advertisingSid=0xff, txPower=127, rssi=-102, periodicAdvInt=0x0
2025-11-02 13:14:27.718 32024-3736  NearbyConnections       com.google.android.gms.persistent    I  Found BleAdvertisement [ 0x23 0x47 0x4a 0x54 0x4a 0x11 0x32 0xfa 0x7c 0x0f 0xd2 0xe6 0x07 0xf9 0x98 0xea 0x59 0x30 0x61 0x62 0x91 0x26 0x33 ] (with EndpointId GJTJ and EndpointInfo [ 0x32 0xfa 0x7c 0x0f 0xd2 0xe6 0x07 0xf9 0x98 0xea 0x59 0x30 0x61 0x62 0x91 0x26 0x33 ])
2025-11-02 13:14:27.718 32024-3736  NearbyConnections       com.google.android.gms.persistent    I  ClientProxy(202891479 0p:com.google.android.gms.nearby.sharing) reporting onEndpointFound(GJTJ)
2025-11-02 13:14:27.718 32024-3736  NearbyConnections       com.google.android.gms.persistent    I  ClientProxy(202891479) reporting onEndpointDistanceChanged(GJTJ, UNKNOWN)
2025-11-02 13:14:27.721 32024-3442  NearbySharing           com.google.android.gms.persistent    I  NearbySharing Internal event EndpointDiscovered(endpointId=GJTJ)
2025-11-02 13:14:27.756  1027-2103  Grammatica...ctionUtils system_server                        V  AttributionSource: AttributionSource { uid = 90056, packageName = null, attributionTag = null, token = android.os.Binder@1b379, deviceId = 0, next = null } does not have READ_SYSTEM_GRAMMATICAL_GENDER permission.
2025-11-02 13:14:27.767 25179-25255 AtomicFile              com.android.chrome                   E  Failed to sync file output stream
2025-11-02 13:14:27.771 25238-25238 Zygote                  com.android.chrome_zygote            D  Forked child process 3775
2025-11-02 13:14:27.774  1027-1124  ActivityManager         system_server                        I  Start proc 3775:com.android.chrome:sandboxed_process0:org.chromium.content.app.SandboxedProcessService0:56/u0ai56 for  {com.android.chrome/org.chromium.content.app.SandboxedProcessService0:56}
2025-11-02 13:14:27.775  3775-3775  libc                    pid-3775                             E  SetHeapTaggingLevel: re-enabling tagging after it was disabled is not supported
2025-11-02 13:14:27.780  3775-3775  cessService0:56         pid-3775                             I  Using CollectorTypeCMC GC.
2025-11-02 13:14:27.787  3775-3775  cessService0:56         pid-3775                             E  Not starting debugger since process cannot load the jdwp agent.
2025-11-02 13:14:27.792  3775-3775  nativeloader            pid-3775                             D  Load libframework-connectivity-tiramisu-jni.so using APEX ns com_android_tethering for caller /apex/com.android.tethering/javalib/framework-connectivity-t.jar: ok
2025-11-02 13:14:27.796  3775-3775  ActivityThread          pid-3775                             D  setConscryptValidator
2025-11-02 13:14:27.796  3775-3775  ActivityThread          pid-3775                             D  setConscryptValidator - put
2025-11-02 13:14:27.821  3775-3775  ApplicationLoaders      pid-3775                             D  Returning zygote-cached class loader: /system_ext/framework/androidx.window.extensions.jar
2025-11-02 13:14:27.821  3775-3775  ApplicationLoaders      pid-3775                             D  Returning zygote-cached class loader: /system_ext/framework/androidx.window.sidecar.jar
2025-11-02 13:14:27.827  3775-3775  LoadedApk               pid-3775                             I  No resource references to update in package com.google.android.trichromelibrary
2025-11-02 13:14:27.831  3775-3775  cr_SplitCompatApp       pid-3775                             I  version=141.0.7390.123 (739012333) minSdkVersion=29 processName=com.android.chrome:sandboxed_process0:org.chromium.content.app.SandboxedProcessService0:56 isIsolatedProcess=true splits=chrome,config.en,config.zh,dev_ui,on_demand,stack_unwinder,test_dummy
2025-11-02 13:14:27.833  1027-2103  ActivityManager         system_server                        I  Changes in 90056 19 to 3, 0 to 56
2025-11-02 13:14:27.840  3775-3775  cr_ChildProcessService  pid-3775                             I  Creating new ChildProcessService pid=3775
2025-11-02 13:14:27.846  3775-3786  cr_LibraryLoader        pid-3775                             I  Successfully loaded native library
2025-11-02 13:14:27.849  3775-3786  cr_CachingUmaRecorder   pid-3775                             I  Flushed 3 samples from 3 histograms, 0 samples were dropped.
2025-11-02 13:14:27.850  3775-3786  chromium                pid-3775                             W  [WARNING:content/app/android/content_main_android.cc:82] android_setCpu already initialized
2025-11-02 13:14:27.853  1027-2103  ActivityManager         system_server                        I  Killing 3686:com.android.chrome:sandboxed_process0:org.chromium.content.app.SandboxedProcessService0:54/u0a219i-8946 (adj 0): isolated not needed
2025-11-02 13:14:27.879  1027-2103  ActivityManager         system_server                        I  Killing 3775:com.android.chrome:sandboxed_process0:org.chromium.content.app.SandboxedProcessService0:56/u0a219i-8944 (adj 0): isolated not needed
2025-11-02 13:14:27.880  1027-2103  ActivityManager         system_server                        I  Changes in 90056 3 to 19, 56 to 0
2025-11-02 13:14:27.883  1027-2103  ActivityManager         system_server                        I  Killing 3505:com.android.chrome:sandboxed_process0:org.chromium.content.app.SandboxedProcessService0:52/u0a219i-8948 (adj 0): isolated not needed
2025-11-02 13:14:27.899  1027-1135  BatteryExt...tatsWorker system_server                        D  update stats : remove-uid (1)
2025-11-02 13:14:27.903 25238-25238 Zygote                  com.android.chrome_zygote            I  Process 3775 exited cleanly (0)
2025-11-02 13:14:27.910  1027-1109  DisplayManagerService   system_server                        D  Drop pending events for gone uid 90056
2025-11-02 13:14:27.916  1027-1135  BatteryExt...tatsWorker system_server                        D  Update CPU state
2025-11-02 13:14:27.916  1027-1135  BatteryExt...tatsWorker system_server                        D  mStats lock released
2025-11-02 13:14:27.916  1027-1135  BatteryExt...tatsWorker system_server                        D  done updateExternalStatsLocked
2025-11-02 13:14:27.919 25238-25238 Zygote                  com.android.chrome_zygote            I  Process 3686 exited cleanly (0)
2025-11-02 13:14:27.920  1027-1135  BatteryExt...tatsWorker system_server                        D  update stats : remove-uid (1)
2025-11-02 13:14:27.920  1027-1126  libprocessgroup         system_server                        I  Removed cgroup /sys/fs/cgroup/uid_90054/pid_3686
2025-11-02 13:14:27.921  1027-1135  BatteryExt...tatsWorker system_server                        D  Update CPU state
2025-11-02 13:14:27.921  1027-1135  BatteryExt...tatsWorker system_server                        D  mStats lock released
2025-11-02 13:14:27.921  1027-1135  BatteryExt...tatsWorker system_server                        D  done updateExternalStatsLocked
2025-11-02 13:14:27.921  1027-1126  libprocessgroup         system_server                        I  Removed cgroup /sys/fs/cgroup/uid_90056/pid_3775
2025-11-02 13:14:27.926  1027-1109  DisplayManagerService   system_server                        D  Drop pending events for gone uid 90054
2025-11-02 13:14:27.951 25238-25238 Zygote                  com.android.chrome_zygote            I  Process 3505 exited cleanly (0)
2025-11-02 13:14:27.951  1027-1135  BatteryExt...tatsWorker system_server                        D  update stats : remove-uid (1)
2025-11-02 13:14:27.952  1027-1135  BatteryExt...tatsWorker system_server                        D  Update CPU state
2025-11-02 13:14:27.952  1027-1135  BatteryExt...tatsWorker system_server                        D  mStats lock released
2025-11-02 13:14:27.952  1027-1135  BatteryExt...tatsWorker system_server                        D  done updateExternalStatsLocked
2025-11-02 13:14:27.952  1027-1126  libprocessgroup         system_server                        I  Removed cgroup /sys/fs/cgroup/uid_90052/pid_3505
2025-11-02 13:14:27.956  1027-1109  DisplayManagerService   system_server                        D  Drop pending events for gone uid 90052
2025-11-02 13:14:28.064  1027-2884  SemWifiUsa...atsMonitor system_server                        D  onWifiUsabilityStats - seqNum 7736, isSameBssidAndFreq true
2025-11-02 13:14:28.067  1027-1409  SemWifiLin...ityMonitor system_server                        I  Link stat: 2578 / 0 / 1.00 (90) / 433 / -44.0 || 100.0 : 433.00 / 0.5 : 1.00 / 0.55 : 0.00 / G (G) || b9f683e25765: 0.090 / 88.421 /  / N || N N / 0 / N 2.0 / N 0 / 91780039 0
2025-11-02 13:14:28.094  1027-1435  SemWifiSwi...ppsService system_server                        D  isSkipTcpMonitorInfo - result:1
2025-11-02 13:14:28.329  1027-2608  MARs:Activ...fficFilter system_server                        D  filter : com.udry.app(0)
2025-11-02 13:14:28.329  1027-2608  FreecessController      system_server                        D  com.udry.app(10338) is important[8]
2025-11-02 13:14:28.927  1027-1135  BatteryExt...tatsWorker system_server                        D  update stats : update-network-download (6)
2025-11-02 13:14:28.927  1027-1135  BatteryExt...tatsWorker system_server                        D  Fetch WiFi data
2025-11-02 13:14:28.927  1027-1135  BatteryExt...tatsWorker system_server                        D  Update Rail Energy data
2025-11-02 13:14:28.928  1027-1135  BatteryExt...tatsWorker system_server                        D  Fetch modem data
2025-11-02 13:14:28.952  1484-1495  Am                      com.android.phone                    D  Broadcasting: Intent { act=com.samsung.intent.action.BIG_DATA_INFO (has extras) }
2025-11-02 13:14:28.953  1027-1764  TelephonyManager        system_server                        D  requestModemActivityInfo: Sending result to app: ModemActivityInfo{ mTimestamp=393906363 mSleepTimeMs=380221594 mIdleTimeMs=3106611 mActivityStatsTechSpecificInfo=[{mRat=UNKNOWN,mFrequencyRange=UNKNOWN,mTxTimeMs[]=[36526, 23124, 29684, 11754, 12190],mRxTimeMs=64930120}]}
2025-11-02 13:14:28.953  1027-1135  BatteryExt...tatsWorker system_server                        D  mStats lock released
2025-11-02 13:14:28.959  1027-1135  BatteryStatsImpl        system_server                        D  NetworkStats size(wifi): 317
2025-11-02 13:14:28.960  1027-1135  BatteryExt...tatsWorker system_server                        D  Update wifi state
2025-11-02 13:14:28.964  1027-1337  NSLocationMonitor       system_server                        I  Broadcast receiver, action=com.samsung.intent.action.BIG_DATA_INFO
2025-11-02 13:14:28.967  1027-1135  BatteryStatsImpl        system_server                        D  NetworkStats size(modem): 153
2025-11-02 13:14:28.967  1027-1135  BatteryExt...tatsWorker system_server                        D  Update modem state
2025-11-02 13:14:28.967  1027-1135  BatteryExt...tatsWorker system_server                        D  done updateExternalStatsLocked
2025-11-02 13:14:28.970  1484-1484  SemBigData...Controller com.android.phone                    D  Intent: com.samsung.intent.action.BIG_DATA_INFO
2025-11-02 13:14:28.970  1484-1484  SemBigData...Controller com.android.phone                    D  BIG_DATA insertLog slot: 0, feature: CMAI
2025-11-02 13:14:28.974  1484-1484  SemBigData...Controller com.android.phone                    D  Intent: com.samsung.intent.action.BIG_DATA_INFO
2025-11-02 13:14:28.983  1484-1495  Am                      com.android.phone                    D  Broadcast completed: result=0
2025-11-02 13:14:29.089  1027-1439  WifiConnec...tsAnalyzer system_server                        D  Backhaul result - RSSI:-45, CE:22, PE:28, TI:35, PTI:37, TW:1, PTW:15, Tx:220, Rx:173, TxS:118, RxS:89, RESULT:true, IC:0, ICT:5, WC:0, WCT:5, R:11, RC:0, IE:0, EC:0
2025-11-02 13:14:29.103   465-465   io_stats                iod                                  D  !@   8,0 r 3844111 81493171 w 1854212 30943000 d 292147 120534348 f 80148 244908 iot 3113176 0 th 0 0 0 pt 0 inp 0 0 91781.077
2025-11-02 13:14:29.111  1027-1435  SemWifiSwi...ppsService system_server                        D  isSkipTcpMonitorInfo - result:1
2025-11-02 13:14:29.205   765-765   RefreshRateSelector     surfaceflinger                       E  Can't find HRR max refresh rate by policy with the same group 0
2025-11-02 13:14:29.362 25179-25179 InputMethodManager      com.android.chrome                   I  invalidateInput
2025-11-02 13:14:29.375 25179-25179 InputMethodManager      com.android.chrome                   I  invalidateInput
2025-11-02 13:14:29.383 25179-25179 BLASTBufferQueue_Java   com.android.chrome                   I  update, w= 1080 h= 2340 mName = VRI[Main]@95c91f7 mNativeObject= 0xb400007aa63aeb00 sc.mNativeObject= 0xb400007bd372c040 format= -3 caller= android.view.ViewRootImpl.updateBlastSurfaceIfNeeded:3386 android.view.ViewRootImpl.relayoutWindow:11361 android.view.ViewRootImpl.performTraversals:4544 android.view.ViewRootImpl.doTraversal:3708 android.view.ViewRootImpl$TraversalRunnable.run:12542 android.view.Choreographer$CallbackRecord.run:1751 
2025-11-02 13:14:29.384 25179-25179 VRI[Main]@95c91f7       com.android.chrome                   I  Relayout returned: old=(0,0,1080,2340) new=(0,0,1080,2340) relayoutAsync=true req=(1080,2340)0 dur=0 res=0x0 s={true 0xb400007aa664b800} ch=false seqId=0
2025-11-02 13:14:29.384 25179-25179 VRI[Main]@95c91f7       com.android.chrome                   I  updateBoundsLayer: t=android.view.SurfaceControl$Transaction@a210b67 sc=Surface(name=Bounds for - com.android.chrome/com.google.android.apps.chrome.Main@12)/@0x62898a8 frame=88
2025-11-02 13:14:29.384  1027-1764  WindowManager           system_server                        V  Relayout Window{bd9988f u0 com.android.chrome/com.google.android.apps.chrome.Main}: viewVisibility=0 req=1080x2340 ty=1 d0
2025-11-02 13:14:29.384 25179-25179 VRI[Main]@95c91f7       com.android.chrome                   I  registerCallbackForPendingTransactions
2025-11-02 13:14:29.386 25179-25237 VRI[Main]@95c91f7       com.android.chrome                   I  mWNT: t=0xb400007a9eca0580 mBlastBufferQueue=0xb400007aa63aeb00 fn= 88 HdrRenderState mRenderHdrSdrRatio=1.0 caller= android.view.ViewRootImpl$9.onFrameDraw:6276 android.view.ViewRootImpl$3.onFrameDraw:2440 android.view.ThreadedRenderer$1.onFrameDraw:761 
2025-11-02 13:14:29.387  1027-1764  WindowManager           system_server                        V  Relayout hash=bd9988f, pid=0, syncId=-1: mAttrs={(0,0)(fillxfill) sim={state=always_hidden adjust=resize} layoutInDisplayCutoutMode=always ty=BASE_APPLICATION fmt=TRANSLUCENT wanim=0x1030312
                                                                                                      fl=81810100
                                                                                                      pfl=10008840
                                                                                                      vsysui=2010
                                                                                                      apr=10
                                                                                                      bhv=1
                                                                                                      fitSides=0
                                                                                                      frameRateBoostOnTouch=true
                                                                                                      dvrrWindowFrameRateHint=true naviIconColor=0}
2025-11-02 13:14:29.415 25179-25254 cr_WebApkValidator      com.android.chrome                   E  no application info, or metaData retrieved.
2025-11-02 13:14:29.483 31898-31920 SyncManager             com.google.android.gms               I  (REDACTED) Executing sync(type=%s%s)
2025-11-02 13:14:29.497 31898-31920 SyncManager             com.google.android.gms               I  (REDACTED) Executing sync(type=%s) finished in %s
2025-11-02 13:14:29.499 31898-31920 SyncManager             com.google.android.gms               I  (REDACTED) Executing sync(type=%s%s)
2025-11-02 13:14:29.507 31898-31920 SyncManager             com.google.android.gms               I  (REDACTED) Executing sync(type=%s) finished in %s
2025-11-02 13:14:29.516 31898-31920 SyncManager             com.google.android.gms               I  (REDACTED) Executing sync(type=%s%s)
2025-11-02 13:14:29.520 31898-31920 SyncManager             com.google.android.gms               I  (REDACTED) Executing sync(type=%s) finished in %s
2025-11-02 13:14:29.533 31898-31920 SyncManager             com.google.android.gms               I  (REDACTED) Executing sync(type=%s%s)
2025-11-02 13:14:29.540 31898-31920 SyncManager             com.google.android.gms               I  (REDACTED) Executing sync(type=%s) finished in %s
2025-11-02 13:14:30.134  1027-1435  SemWifiSwi...ppsService system_server                        D  isSkipTcpMonitorInfo - result:1
2025-11-02 13:14:30.147   703-761   BatteryDump             ven...msung.hardware.health-service  E  !@new_battery_dump : 4423,0,3000,3150,100,329,330,374,0,0,349,374,0,Full,NO_CHARGING,None,Good,PDIC,0,Normal,0,0,9395,0x0,0x10000,0x0,0,0,0000,0000,00000000,0,0,0,0,11,4406,10000,990,0,
2025-11-02 13:14:30.162   703-703   sehhealth-service       ven...msung.hardware.health-service  I  updateLrpSysfs: write: 353
2025-11-02 13:14:30.559   765-2504  NativeSemDvfsManager    surfaceflinger                       D  acquire:: timeout = 2000 mIsAcquired = 1  mTagName : SurfaceFlinger 
2025-11-02 13:14:30.562   765-2504  NativeCust...ncyManager surfaceflinger                       E  [NativeCFMS] BpCustomFrequencyManager::acquire()
2025-11-02 13:14:30.562   695-780   HYPER-HAL               ven...amsung.hardware.hyper-service  I  [RequestManager.cpp]acquire(): Acquired ID : 1559495  [765 / 1000]    HINT : SF_GPU_MINLOCK    list : [TIMEOUT / 2000] 
2025-11-02 13:14:30.686  3493-3493  SDHMS:LOAD              com.sec.android.sdhms                I  type: LoadsFreqs, value: 0:70:12:1024760:2400000:533000:1161579:2002000:533000:182:611:0
2025-11-02 13:14:30.695   765-765   RefreshRateSelector     surfaceflinger                       E  Can't find HRR max refresh rate by policy with the same group 0
2025-11-02 13:14:30.774  1027-2103  Customized...tsInternal system_server                        D  reportCpuUsage() : 2%
2025-11-02 13:14:30.776  1027-1122  BinderCallsStats        system_server                        I  Collected cpu time : 0us, collected call count : 0 for 393825412 ms
2025-11-02 13:14:31.087  1027-2884  SemWifiUsa...atsMonitor system_server                        D  onWifiUsabilityStats - seqNum 7737, isSameBssidAndFreq true
2025-11-02 13:14:31.091  1027-1409  SemWifiLin...ityMonitor system_server                        I  Link stat: 1172 / 0 / 1.00 (24) / 433 / -45.0 || 100.0 : 433.00 / 0.5 : 1.00 / 0.55 : 0.00 / G (G) || b9f683e25765: 0.090 / 88.421 /  / N || N N / 0 / N 2.0 / N 0 / 91783062 0
2025-11-02 13:14:31.105   465-465   io_stats                iod                                  D  !@   8,0 r 3844111 81493171 w 1854220 30943132 d 292148 120534352 f 80149 244909 iot 3113200 0 th 0 0 0 pt 0 inp 0 0 91783.079
2025-11-02 13:14:31.106   465-465   io_stats                iod                                  D  !@ Read_top(KB): gle.android.gms(31898) 4
2025-11-02 13:14:31.106   465-465   io_stats                iod                                  D  !@ Write_top(KB): kworker/u16:2(29924) 932 .android.chrome(25179) 128 jbd2/sda2-8(461) 20
2025-11-02 13:14:31.156  1027-1435  SemWifiSwi...ppsService system_server                        D  isSkipTcpMonitorInfo - result:1
2025-11-02 13:14:31.315   765-765   SurfaceFlinger          surfaceflinger                       I  SFWD update time=91783289031038
2025-11-02 13:14:31.401 12000-12061 bluetooth               com.android.bluetooth                W  system/gd/hci/hci_layer.cc:835 on_vs_event: Unhandled vendor specific event of type Unknown VseSubeventCode(0x63)
2025-11-02 13:14:31.403 12000-12061 bluetooth               com.android.bluetooth                W  system/gd/hci/hci_layer.cc:835 on_vs_event: Unhandled vendor specific event of type Unknown VseSubeventCode(0x63)
2025-11-02 13:14:32.176  1027-1435  SemWifiSwi...ppsService system_server                        D  isSkipTcpMonitorInfo - result:1
2025-11-02 13:14:32.323  1669-1669  wpa_supplicant          wpa_supplicant                       I  Heartbeat 9115
2025-11-02 13:14:32.505  3493-4624  SDHMS:x                 com.sec.android.sdhms                I  SIOP:: AP:392 BAT:329 USB:329 CHG:373 PA:360 CP:360 WIFI:371 CF:353 BLK:0 SUBBAT:0 SKIN:353 SKINF:349 SKINB:353 LRP:353 LRP2:353 LRF2:349 LRB2:353 SPK:325 AP2:353 CHG2:345 MEM2:349 WIFI2:352 SPK2:321 DNSPK:328 VAP:382 AVGCUR:0 AVGSYS:0 POWER:0
2025-11-02 13:14:32.509  3493-3740  SDHMS:N0                com.sec.android.sdhms                I  p2p-if:: false, , 
2025-11-02 13:14:32.521 32024-3774  NearbyMediums           com.google.android.gms.persistent    I  Found Fast Ble Advertisements :
                                                                                                    BleAdvertisement { version=2, socketVersion=2, isFast=true, serviceIdHash=null, data=[ 0x23 0x47 0x4a 0x54 0x4a 0x11 0x32 0xfa 0x7c 0x0f 0xd2 0xe6 0x07 0xf9 0x98 0xea 0x59 0x30 0x61 0x62 0x91 0x26 0x33 ], deviceToken=[ 0xde 0xfd ], rxAdvertisement=null } : 1 times.
                                                                                                    Total 1 fast advertisements from 1 unique advertisers.
