2025-10-09 23:01:42.306  1131-1150  PrefCtrlListHelper      com.android.settings                 D  Could not find Context-only controller for pref: com.android.settings.development.mediadrm.ForceSwSecureCryptoFallbackPreferenceController
2025-10-09 23:01:42.306  1131-1150  SettingsSearchProvider  com.android.settings                 V  com.android.settings.development.mediadrm.MediaDrmSettingsFragment$1@c83e613 tried to add an empty non-indexable key
2025-10-09 23:01:42.306  1131-1150  PrefCtrlListHelper      com.android.settings                 D  Could not find Context-only controller for pref: com.android.settings.notification.SummarizationPreferenceController
2025-10-09 23:01:42.306  1131-1150  PrefCtrlListHelper      com.android.settings                 D  Could not find Context-only controller for pref: com.android.settings.notification.BundlePreferenceController
2025-10-09 23:01:42.306  1131-1150  PrefCtrlListHelper      com.android.settings                 D  Could not find Context-only controller for pref: com.android.settings.notification.ConversationListSummaryPreferenceController
2025-10-09 23:01:42.306  1131-1150  PrefCtrlListHelper      com.android.settings                 D  Could not find Context-only controller for pref: com.android.settings.notification.BubbleSummaryNotificationPreferenceController
2025-10-09 23:01:42.306  1131-1150  PrefCtrlListHelper      com.android.settings                 D  Could not find Context-only controller for pref: com.android.settings.applications.specialaccess.notificationaccess.NotificationAccessController
2025-10-09 23:01:42.306  1131-1150  PrefCtrlListHelper      com.android.settings                 D  Could not find Context-only controller for pref: com.android.settings.notification.LockScreenNotificationsPreferencePageController
2025-10-09 23:01:42.306  1131-1150  PrefCtrlListHelper      com.android.settings                 D  Could not find Context-only controller for pref: com.android.settings.notification.RedactNotificationPreferenceController
2025-10-09 23:01:42.306  1131-1150  PrefCtrlListHelper      com.android.settings                 D  Could not find Context-only controller for pref: com.android.settings.notification.RedactNotificationPreferenceController
2025-10-09 23:01:42.306  1131-1150  PrefCtrlListHelper      com.android.settings                 D  Could not find Context-only controller for pref: com.android.settings.biometrics.face.FaceSettingsLockscreenBypassPreferenceController
2025-10-09 23:01:42.306  1131-1150  PrefCtrlListHelper      com.android.settings                 D  Could not find Context-only controller for pref: com.android.settings.notification.syncacrossdevices.SyncAcrossDevicesPreferenceController
2025-10-09 23:01:42.306  1131-1150  PrefCtrlListHelper      com.android.settings                 D  Could not find Context-only controller for pref: com.android.settings.notification.PoliteNotificationsPreferenceController
2025-10-09 23:01:42.306  1131-1150  PrefCtrlListHelper      com.android.settings                 D  Could not find Context-only controller for pref: com.android.settings.notification.zen.ZenModePreferenceController
2025-10-09 23:01:42.306  1131-1150  PrefCtrlListHelper      com.android.settings                 D  Could not find Context-only controller for pref: com.android.settings.notification.LockscreenNotificationMinimalismPreferenceController
2025-10-09 23:01:42.306  1131-1150  PrefCtrlListHelper      com.android.settings                 D  Could not find Context-only controller for pref: com.android.settings.notification.ShowOnlyUnseenNotificationsOnLockscreenPreferenceController
2025-10-09 23:01:42.307  1131-1150  PrefCtrlListHelper      com.android.settings                 D  Could not find Context-only controller for pref: com.android.settings.accessibility.FlashNotificationsPreferenceController
2025-10-09 23:01:42.307  1131-1150  PrefCtrlListHelper      com.android.settings                 D  Could not find Context-only controller for pref: com.android.settings.notification.SnoozeNotificationPreferenceController
2025-10-09 23:01:42.307  1131-1150  PrefCtrlListHelper      com.android.settings                 D  Could not find Context-only controller for pref: com.android.settings.notification.BadgingNotificationPreferenceController
2025-10-09 23:01:42.307  1131-1150  PrefCtrlListHelper      com.android.settings                 D  Could not find Context-only controller for pref: com.android.settings.notification.PulseNotificationPreferenceController
2025-10-09 23:01:42.307  3338-3448  JobInfo                 com.google.android.tts               W  Requested important-while-foreground flag for job13 is ignored and takes no effect
2025-10-09 23:01:42.317  3256-3345  Finsky:background       com.android.vending:background       I  [44] WM::SCH: Logging work initialize for 3-85
2025-10-09 23:01:42.317  3256-3345  Finsky:background       com.android.vending:background       I  [44] WM::SCH: Logging work initialize for 3-86
2025-10-09 23:01:42.317  3256-3345  Finsky:background       com.android.vending:background       I  [44] WM::SCH: Logging work initialize for 3-87
2025-10-09 23:01:42.318  1131-1150  PrefCtrlListHelper      com.android.settings                 D  Could not find Context-only controller for pref: com.android.settings.regionalpreferences.FirstDayOfWeekItemCategoryController
2025-10-09 23:01:42.318  1131-1150  PrefCtrlListHelper      com.android.settings                 D  Could not find Context-only controller for pref: com.google.android.settings.notification.SpatialAudioTipsButtonPreferenceController
2025-10-09 23:01:42.318  1131-1150  PrefCtrlListHelper      com.android.settings                 D  Could not find Context-only controller for pref: com.android.settings.notification.SpatialAudioPreferenceController
2025-10-09 23:01:42.318  1131-1150  PrefCtrlListHelper      com.android.settings                 D  Could not find Context-only controller for pref: com.android.settings.notification.SpatialAudioWiredHeadphonesController
2025-10-09 23:01:42.319  3338-3448  JobInfo                 com.google.android.tts               W  Requested important-while-foreground flag for job14 is ignored and takes no effect
2025-10-09 23:01:42.324   638-1834  ConnectivityService     system_server                        D  requestNetwork for uid/pid:1000/638 asUid: 10152 activeRequest: null callbackRequest: 130 [NetworkRequest [ REQUEST id=131, [ Capabilities: INTERNET&NOT_RESTRICTED&TRUSTED&NOT_VCN_MANAGED&NOT_BANDWIDTH_CONSTRAINED Uid: 10152 RequestorUid: 1000 RequestorPkg: android UnderlyingNetworks: Null] ]] callback flags: 0 order: 2147483647 isUidTracked: false declaredMethods: AVAIL|LOST|BLK
2025-10-09 23:01:42.325  3256-3357  Finsky:background       com.android.vending:background       I  [52] SCH: Scheduling phonesky job Id: 3-85, CT: 1760043702115, Constraints: [{ L: 0, D: 86400000, C: CHARGING_REQUIRED, I: IDLE_REQUIRED, N: NET_UNMETERED, B: BATTERY_ANY }]
2025-10-09 23:01:42.325  3256-3357  Finsky:background       com.android.vending:background       I  [52] SCH: Scheduling phonesky job Id: 3-86, CT: 1760043702115, Constraints: [{ L: 0, D: 86400000, C: CHARGING_NONE, I: IDLE_REQUIRED, N: NET_ANY, B: BATTERY_ANY }]
2025-10-09 23:01:42.325  3256-3357  Finsky:background       com.android.vending:background       I  [52] SCH: Scheduling phonesky job Id: 3-87, CT: 1760043702115, Constraints: [{ L: 7097914, D: 17897914, C: CHARGING_NONE, I: IDLE_REQUIRED, N: NET_UNMETERED, B: BATTERY_ANY }]
2025-10-09 23:01:42.326  3256-3352  Finsky:background       com.android.vending:background       I  [48] SCH: Scheduling 0 system job(s)
2025-10-09 23:01:42.331  1131-1146  ndroid.settings         com.android.settings                 I  AssetManager2(0xb4000070657175d8) locale list changing from [] to [en-US]
2025-10-09 23:01:42.334  1131-1150  PrefCtrlListHelper      com.android.settings                 D  Could not find Context-only controller for pref: com.android.settings.applications.managedomainurls.WebActionCategoryController
2025-10-09 23:01:42.334  1131-1150  PrefCtrlListHelper      com.android.settings                 D  Could not find Context-only controller for pref: com.android.settings.applications.managedomainurls.InstantAppWebActionPreferenceController
2025-10-09 23:01:42.334  1131-1150  PrefCtrlListHelper      com.android.settings                 D  Could not find Context-only controller for pref: com.android.settings.applications.managedomainurls.InstantAppAccountPreferenceController
2025-10-09 23:01:42.335  1131-1150  PrefCtrlListHelper      com.android.settings                 D  Could not find Context-only controller for pref: com.android.settings.applications.managedomainurls.DomainAppPreferenceController
2025-10-09 23:01:42.336  3338-3448  JobInfo                 com.google.android.tts               W  Requested important-while-foreground flag for job15 is ignored and takes no effect
2025-10-09 23:01:42.342   638-809   ConnectivityService     system_server                        D  NetReassign [131 : null → 100] [c 0] [a 10] [i 0]
2025-10-09 23:01:42.343   638-803   WifiNetworkFactory      system_server                        D  got request NetworkRequest [ REQUEST id=131, [ Capabilities: INTERNET&NOT_RESTRICTED&TRUSTED&NOT_VCN_MANAGED&NOT_BANDWIDTH_CONSTRAINED Uid: 10152 RequestorUid: 1000 RequestorPkg: android UnderlyingNetworks: Null] ]
2025-10-09 23:01:42.343   638-803   UntrustedW...orkFactory system_server                        D  got request NetworkRequest [ REQUEST id=131, [ Capabilities: INTERNET&NOT_RESTRICTED&TRUSTED&NOT_VCN_MANAGED&NOT_BANDWIDTH_CONSTRAINED Uid: 10152 RequestorUid: 1000 RequestorPkg: android UnderlyingNetworks: Null] ]
2025-10-09 23:01:42.345  1131-1150  PrefCtrlListHelper      com.android.settings                 D  Could not find Context-only controller for pref: com.android.settings.security.SecurityAdvancedSettingsController
2025-10-09 23:01:42.346   638-803   OemPaidWif...orkFactory system_server                        D  got request NetworkRequest [ REQUEST id=131, [ Capabilities: INTERNET&NOT_RESTRICTED&TRUSTED&NOT_VCN_MANAGED&NOT_BANDWIDTH_CONSTRAINED Uid: 10152 RequestorUid: 1000 RequestorPkg: android UnderlyingNetworks: Null] ]
2025-10-09 23:01:42.346   638-803   MultiInter...orkFactory system_server                        D  got request NetworkRequest [ REQUEST id=131, [ Capabilities: INTERNET&NOT_RESTRICTED&TRUSTED&NOT_VCN_MANAGED&NOT_BANDWIDTH_CONSTRAINED Uid: 10152 RequestorUid: 1000 RequestorPkg: android UnderlyingNetworks: Null] ]
2025-10-09 23:01:42.347  3451-3451  Photopicke...igReceiver com.google.android.photopicker       D  onReceive: will evaluate Photopicker components with new DeviceConfig.
2025-10-09 23:01:42.351   638-691   Grammatica...ctionUtils system_server                        V  AttributionSource: android.content.AttributionSource@a7d21aa2 does not have READ_SYSTEM_GRAMMATICAL_GENDER permission.
2025-10-09 23:01:42.359  3338-3448  JobInfo                 com.google.android.tts               W  Requested important-while-foreground flag for job19 is ignored and takes no effect
2025-10-09 23:01:42.360  1131-1150  FingerprintSettings     com.android.settings                 D  FingerprintManager is not null. Hardware detected: true
2025-10-09 23:01:42.360  1131-1150  FaceSettings            com.android.settings                 D  FaceManager is null
2025-10-09 23:01:42.360  1131-1150  PrefCtrlListHelper      com.android.settings                 D  Could not find Context-only controller for pref: com.android.settings.accessibility.TextReadingFragmentForA11ySettingsController
2025-10-09 23:01:42.360  1131-1150  PrefCtrlListHelper      com.android.settings                 D  Could not find Context-only controller for pref: com.android.settings.accessibility.ReduceBrightColorsPreferenceController
2025-10-09 23:01:42.360  1131-1150  PrefCtrlListHelper      com.android.settings                 D  Could not find Context-only controller for pref: com.android.settings.accessibility.MagnificationPreferenceController
2025-10-09 23:01:42.360  1131-1150  PrefCtrlListHelper      com.android.settings                 D  Could not find Context-only controller for pref: com.google.android.settings.accessibility.MagnifierPreferenceController
2025-10-09 23:01:42.360  1131-1150  PrefCtrlListHelper      com.android.settings                 D  Could not find Context-only controller for pref: com.google.android.settings.simplemode.SimpleModeCategoryController
2025-10-09 23:01:42.360  1131-1150  PrefCtrlListHelper      com.android.settings                 D  Could not find Context-only controller for pref: com.google.android.settings.simplemode.SimpleModePreferenceController
2025-10-09 23:01:42.360  1131-1150  PrefCtrlListHelper      com.android.settings                 D  Could not find Context-only controller for pref: com.android.settings.accessibility.VibrationPreferenceController
2025-10-09 23:01:42.360  1131-1150  PrefCtrlListHelper      com.android.settings                 D  Could not find Context-only controller for pref: com.android.settings.inputmethod.PointerTouchpadPreferenceController
2025-10-09 23:01:42.360  1131-1150  PrefCtrlListHelper      com.android.settings                 D  Could not find Context-only controller for pref: com.android.settings.inputmethod.PhysicalKeyboardA11yPreferenceController
2025-10-09 23:01:42.360  1131-1150  PrefCtrlListHelper      com.android.settings                 D  Could not find Context-only controller for pref: com.android.settings.accessibility.LiveCaptionPreferenceController
2025-10-09 23:01:42.361  1131-1150  PrefCtrlListHelper      com.android.settings                 D  Could not find Context-only controller for pref: com.android.settings.accessibility.CaptioningPreferenceController
2025-10-09 23:01:42.361  1131-1150  PrefCtrlListHelper      com.android.settings                 D  Could not find Context-only controller for pref: com.android.settings.accessibility.RTTSettingPreferenceController
2025-10-09 23:01:42.361  1131-1150  RTTSettingsCtr          com.android.settings                 D  init controller
2025-10-09 23:01:42.361  1131-1150  PrefCtrlListHelper      com.android.settings                 D  Could not find Context-only controller for pref: com.android.settings.accessibility.AudioDescriptionPreferenceController
2025-10-09 23:01:42.361  1131-1150  PrefCtrlListHelper      com.android.settings                 D  Could not find Context-only controller for pref: com.android.settings.accessibility.FlashNotificationsPreferenceController
2025-10-09 23:01:42.361  1131-1150  PrefCtrlListHelper      com.android.settings                 D  Could not find Context-only controller for pref: com.android.settings.accessibility.AccessibilityHearingAidPreferenceController
2025-10-09 23:01:42.361  1131-1150  PrefCtrlListHelper      com.android.settings                 D  Could not find Context-only controller for pref: com.android.settings.language.TtsPreferenceController
2025-10-09 23:01:42.363   407-407   Zygote                  zygote64                             D  Forked child process 3479
2025-10-09 23:01:42.364   638-1938  BiometricService        system_server                        D  canAuthenticate: User=0, Caller=0, Authenticators=255
2025-10-09 23:01:42.375  3479-3479  externalstorage         com.android.externalstorage          I  Using CollectorTypeCMC GC.
2025-10-09 23:01:42.375  1131-1146  ndroid.settings         com.android.settings                 I  AssetManager2(0xb400007065715ff8) locale list changing from [] to [en-US]
2025-10-09 23:01:42.378  3479-3479  externalstorage         com.android.externalstorage          E  Not starting debugger since process cannot load the jdwp agent.
2025-10-09 23:01:42.383  1510-2080  gle.android.gms         com.google.android.gms               I  AssetManager2(0xb400007065718bb8) locale list changing from [] to [en-US]
2025-10-09 23:01:42.384  3451-3451  Photopicke...igReceiver com.google.android.photopicker       D  Setting true state for com.android.photopicker.MainActivity
2025-10-09 23:01:42.384  3451-3451  Photopicke...igReceiver com.google.android.photopicker       D  Setting true state for com.android.photopicker.PhotopickerGetContentActivity
2025-10-09 23:01:42.384  3451-3451  Photopicke...igReceiver com.google.android.photopicker       D  Setting true state for com.android.photopicker.PhotopickerUserSelectActivity
2025-10-09 23:01:42.385   638-692   ActivityManager         system_server                        I  Start proc 3479:com.android.externalstorage/u0a104 for broadcast {com.android.externalstorage/com.android.externalstorage.MountReceiver}
2025-10-09 23:01:42.390   638-692   ActivityManager         system_server                        I  ProcessObserver broadcast disabled
2025-10-09 23:01:42.394  1510-2080  ProviderHelper          com.google.android.gms               W  Unknown dynamite feature providerinstaller.dynamite
2025-10-09 23:01:42.396  1131-1146  ndroid.settings         com.android.settings                 I  AssetManager2(0xb400007065716c78) locale list changing from [] to [en-US]
2025-10-09 23:01:42.397  1229-2449  AlarmManager            com.google.android.gms.persistent    I  setExactAndAllowWhileIdle [name: GCM_CONN_ALARM type: 2 triggerAtMillis: 52940]
2025-10-09 23:01:42.400  1131-1150  RTTSettingsCtr          com.android.settings                 D  isRttSettingSupported [start]
2025-10-09 23:01:42.406   638-1938  BiometricS...reAuthInfo system_server                        D  Package: com.google.android.gms Sensor ID: 0 Modality: 2 User id: 0 Status: 7
2025-10-09 23:01:42.408   638-1938  BiometricS...reAuthInfo system_server                        D  getCanAuthenticateInternal Modality: 2 AuthenticatorStatus: 7
2025-10-09 23:01:42.418   638-1938  AuthService             system_server                        D  canAuthenticate, userId: 0, callingUserId: 0, authenticators: 255, result: 11
2025-10-09 23:01:42.420  1131-1146  ndroid.settings         com.android.settings                 I  AssetManager2(0xb400007065719e78) locale list changing from [] to [en-US]
2025-10-09 23:01:42.423  3479-3479  nativeloader            com.android.externalstorage          D  Load libframework-connectivity-tiramisu-jni.so using APEX ns com_android_tethering for caller /apex/com.android.tethering/javalib/framework-connectivity-t.jar: ok
2025-10-09 23:01:42.436  1131-1146  PrefCtrlListHelper      com.android.settings                 D  Could not find Context-only controller for pref: com.android.settings.accessibility.VibrationMainSwitchPreferenceController
2025-10-09 23:01:42.436  1131-1146  PrefCtrlListHelper      com.android.settings                 D  Could not find Context-only controller for pref: com.android.settings.accessibility.RingVibrationIntensityPreferenceController
2025-10-09 23:01:42.437  1131-1146  PrefCtrlListHelper      com.android.settings                 D  Could not find Context-only controller for pref: com.android.settings.accessibility.VibrationRampingRingerTogglePreferenceController
2025-10-09 23:01:42.437  1131-1146  PrefCtrlListHelper      com.android.settings                 D  Could not find Context-only controller for pref: com.android.settings.accessibility.NotificationVibrationIntensityPreferenceController
2025-10-09 23:01:42.437  1131-1146  PrefCtrlListHelper      com.android.settings                 D  Could not find Context-only controller for pref: com.android.settings.accessibility.AlarmVibrationIntensityPreferenceController
2025-10-09 23:01:42.437  1131-1146  PrefCtrlListHelper      com.android.settings                 D  Could not find Context-only controller for pref: com.google.android.settings.accessibility.AdaptiveHapticsTogglePreferenceController
2025-10-09 23:01:42.437  1131-1146  PrefCtrlListHelper      com.android.settings                 D  Could not find Context-only controller for pref: com.google.android.settings.accessibility.AdaptiveVibrationPreferenceController
2025-10-09 23:01:42.437  1131-1146  PrefCtrlListHelper      com.android.settings                 D  Could not find Context-only controller for pref: com.android.settings.accessibility.HapticFeedbackIntensityPreferenceController
2025-10-09 23:01:42.437  1131-1146  PrefCtrlListHelper      com.android.settings                 D  Could not find Context-only controller for pref: com.android.settings.accessibility.MediaVibrationIntensityPreferenceController
2025-10-09 23:01:42.439  1131-1146  PrefCtrlListHelper      com.android.settings                 D  Could not find Context-only controller for pref: com.android.settings.accessibility.KeyboardVibrationTogglePreferenceController
2025-10-09 23:01:42.445  1131-1146  PrefCtrlListHelper      com.android.settings                 D  Could not find Context-only controller for pref: com.android.settings.connecteddevice.audiosharing.AudioSharingPreferenceController
2025-10-09 23:01:42.446  1131-1146  PrefCtrlListHelper      com.android.settings                 D  Could not find Context-only controller for pref: com.android.settings.connecteddevice.NfcAndPaymentFragmentController
2025-10-09 23:01:42.446  1131-1146  PrefCtrlListHelper      com.android.settings                 D  Could not find Context-only controller for pref: com.android.settings.wfd.WifiDisplayPreferenceController
2025-10-09 23:01:42.458  1229-1563  ctxmgr                  com.google.android.gms.persistent    W  [WorkManager] Long workInfo: pkg=com.google.android.gms, lbl=DispatcherDeliver, start=2025-10-09 23:01:38.944+0200, stop=2025-10-09 23:01:42.458+0200, durtn=3514ms [CONTEXT service_id=47 ]
2025-10-09 23:01:42.459  3493-3493  dumpsys                 pid-3493                             W  Thread Pool max thread count is 0. Cannot cache binder as linkToDeath cannot be implemented. serviceName: window
2025-10-09 23:01:42.468  1131-1150  TelecomUtil             com.android.settings                 D  Failed to find SubscriptionInfo for phoneAccountHandle
2025-10-09 23:01:42.468  1131-1150  RTTSettingsCtr          com.android.settings                 D  subscription id for the device: -1
2025-10-09 23:01:42.469   638-1834  BiometricService        system_server                        D  canAuthenticate: User=0, Caller=0, Authenticators=32768
2025-10-09 23:01:42.469   638-1834  BiometricS...reAuthInfo system_server                        D  getCanAuthenticateInternal Modality: 1 AuthenticatorStatus: 9
2025-10-09 23:01:42.469   638-1834  AuthService             system_server                        D  canAuthenticate, userId: 0, callingUserId: 0, authenticators: 32768, result: 11
2025-10-09 23:01:42.497  1131-1146  MediaRouter             com.android.settings                 V  Selecting route: RouteInfo{ name=Phone, description=null, status=null, category=RouteCategory{ name=System types=ROUTE_TYPE_LIVE_AUDIO ROUTE_TYPE_LIVE_VIDEO  groupable=false }, supportedTypes=ROUTE_TYPE_LIVE_AUDIO ROUTE_TYPE_LIVE_VIDEO , presentationDisplay=null }
2025-10-09 23:01:42.506  3498-3498  dumpsys                 pid-3498                             W  Thread Pool max thread count is 0. Cannot cache binder as linkToDeath cannot be implemented. serviceName: user
2025-10-09 23:01:42.507  3252-3443  GMS_MM_Logger           com.google.android.gms.unstable      I  (REDACTED) Start time: %s
2025-10-09 23:01:42.507  3252-3443  GMS_MM_Logger           com.google.android.gms.unstable      I  Started.
2025-10-09 23:01:42.510  1229-1229  BoundBrokerSvc          com.google.android.gms.persistent    D  onUnbind: Intent { act=com.google.android.gms.findmydevice.spot.service.locationreport.START dat=chimera-action:/... xflg=0x4 cmp=com.google.android.gms/.chimera.PersistentApiService }
2025-10-09 23:01:42.516   638-638   binder:638_2            system_server                        W  type=1400 audit(0.0:124): avc:  denied  { read } for  name="u:object_r:system_user_mode_emulation_prop:s0" dev="tmpfs" ino=333 scontext=u:r:system_server:s0 tcontext=u:object_r:system_user_mode_emulation_prop:s0 tclass=file permissive=0
2025-10-09 23:01:42.520   638-679   libc                    system_server                        W  Access denied finding property "persist.debug.user_mode_emulation"
2025-10-09 23:01:42.521  1131-1146  MediaRouter             com.android.settings                 I  Skip setBluetoothA2dpOn(): types=8388615, isPlaybackActive()=false, BT route=null
2025-10-09 23:01:42.526  1131-1146  PrefCtrlListHelper      com.android.settings                 D  Could not find Context-only controller for pref: com.android.settings.connecteddevice.threadnetwork.ThreadNetworkFragmentController
2025-10-09 23:01:42.528  1041-1261  SatelliteController     com.android.phone                    D  iisInCarrierRoamingNbIotNtn: satellite is disabled
2025-10-09 23:01:42.537   638-679   UserSystem...eInstaller system_server                        V  dumpPackageWhitelistProblems(): using mode d
2025-10-09 23:01:42.562  1131-1146  PrefCtrlListHelper      com.android.settings                 D  Could not find Context-only controller for pref: com.android.settings.connecteddevice.virtual.VirtualDeviceListController
2025-10-09 23:01:42.563  1131-1146  PrefCtrlListHelper      com.android.settings                 D  Could not find Context-only controller for pref: com.android.settings.uwb.UwbPreferenceController
2025-10-09 23:01:42.568  2232-3501  stetho                  com.google.android.apps.messaging    W  I/O error: java.io.IOException: No matching handler, firstByte=71
2025-10-09 23:01:42.569  1131-1146  PrefCtrlListHelper      com.android.settings                 D  Could not find Context-only controller for pref: com.android.settings.accessibility.ToggleAutoclickMainSwitchPreferenceController
2025-10-09 23:01:42.570  1131-1146  PrefCtrlListHelper      com.android.settings                 D  Could not find Context-only controller for pref: com.android.settings.accessibility.ToggleAutoclickPreferenceController
2025-10-09 23:01:42.570  1131-1146  PrefCtrlListHelper      com.android.settings                 D  Could not find Context-only controller for pref: com.android.settings.accessibility.ToggleAutoclickPreferenceController
2025-10-09 23:01:42.570  1131-1146  PrefCtrlListHelper      com.android.settings                 D  Could not find Context-only controller for pref: com.android.settings.accessibility.ToggleAutoclickPreferenceController
2025-10-09 23:01:42.570  1131-1146  PrefCtrlListHelper      com.android.settings                 D  Could not find Context-only controller for pref: com.android.settings.accessibility.ToggleAutoclickPreferenceController
2025-10-09 23:01:42.570  1131-1146  PrefCtrlListHelper      com.android.settings                 D  Could not find Context-only controller for pref: com.android.settings.accessibility.ToggleAutoclickPreferenceController
2025-10-09 23:01:42.570  1131-1146  PrefCtrlListHelper      com.android.settings                 D  Could not find Context-only controller for pref: com.android.settings.accessibility.ToggleAutoclickCustomSeekbarController
2025-10-09 23:01:42.570  1131-1146  PrefCtrlListHelper      com.android.settings                 D  Could not find Context-only controller for pref: com.android.settings.accessibility.ToggleAutoclickCursorAreaSizeController
2025-10-09 23:01:42.573  1131-1146  PrefCtrlListHelper      com.android.settings                 W  Cannot instantiate controller from reflection: com.android.settings.accessibility.ToggleAutoclickCursorAreaSizeController
2025-10-09 23:01:42.573  1131-1146  PrefCtrlListHelper      com.android.settings                 D  Could not find Context-only controller for pref: com.android.settings.accessibility.ToggleAutoclickIgnoreMinorCursorMovementController
2025-10-09 23:01:42.573  1131-1146  PrefCtrlListHelper      com.android.settings                 D  Could not find Context-only controller for pref: com.android.settings.accessibility.ToggleAutoclickRevertToLeftClickController
2025-10-09 23:01:42.573  1131-1146  PrefCtrlListHelper      com.android.settings                 D  Could not find Context-only controller for pref: com.android.settings.accessibility.ToggleAutoclickFooterPreferenceController
2025-10-09 23:01:42.574  3479-3479  nativeloader            com.android.externalstorage          D  Configuring clns-shared-9 for other apk /system/priv-app/ExternalStorageProvider/ExternalStorageProvider.apk. target_sdk_version=36, uses_libraries=, library_path=/system/priv-app/ExternalStorageProvider/lib/arm64:/system/lib64:/system_ext/lib64, permitted_path=/data:/mnt/expand:/data/user/0/com.android.externalstorage:/system/priv-app/ExternalStorageProvider:/system/lib64:/system_ext/lib64
2025-10-09 23:01:42.581  2232-3502  stetho                  com.google.android.apps.messaging    W  I/O error: java.io.IOException: No matching handler, firstByte=71
2025-10-09 23:01:42.585  1693-1708  ClearcutMetricXmitter   com...d.googlequicksearchbox:search  V  Transmission is done.
2025-10-09 23:01:42.586  1510-2080  DynamiteModule          com.google.android.gms               I  Considering local module com.google.android.gms.providerinstaller.dynamite:1 and remote module com.google.android.gms.providerinstaller.dynamite:0
2025-10-09 23:01:42.586  1510-2080  DynamiteModule          com.google.android.gms               I  Selected local version of com.google.android.gms.providerinstaller.dynamite
2025-10-09 23:01:42.587  1131-1146  PrefCtrlListHelper      com.android.settings                 D  Could not find Context-only controller for pref: com.android.settings.security.trustagent.TrustAgentsPreferenceController
2025-10-09 23:01:42.588  1131-1146  PrefCtrlListHelper      com.android.settings                 D  Could not find Context-only controller for pref: com.android.settings.security.ContentProtectionTogglePreferenceController
2025-10-09 23:01:42.589  1405-1410  .android.dialer         com.google.android.dialer            W  Suspending all threads took: 5.486ms
2025-10-09 23:01:42.593  1510-2842  Fido                    com.google.android.gms               I  [FidoV2EnrollmentController] Attempting to enroll Autofill Keystore keys [CONTEXT service_id=287 ]
2025-10-09 23:01:42.593  1510-2842  Fido                    com.google.android.gms               I  [FidoV2EnrollmentController] No screen lock set. [CONTEXT service_id=287 ]
2025-10-09 23:01:42.597  3479-3479  externalstorage         com.android.externalstorage          I  AssetManager2(0xb400007065711b38) locale list changing from [] to [en-US]
2025-10-09 23:01:42.598  1597-3500  stetho                  com...le.android.apps.messaging:rcs  W  I/O error: java.io.IOException: No matching handler, firstByte=71
2025-10-09 23:01:42.602  1131-1146  PrefCtrlListHelper      com.android.settings                 D  Could not find Context-only controller for pref: com.android.settings.security.ContentProtectionWorkSwitchController
2025-10-09 23:01:42.602  1131-1146  PrefCtrlListHelper      com.android.settings                 D  Could not find Context-only controller for pref: com.android.settings.notification.PoliteNotificationGlobalPreferenceController
2025-10-09 23:01:42.602  1131-1146  PrefCtrlListHelper      com.android.settings                 D  Could not find Context-only controller for pref: com.android.settings.notification.PoliteNotifWorkProfileToggleController
2025-10-09 23:01:42.603  1131-1146  ContextImpl             com.android.settings                 W  Calling a method in the system process without a qualified user: android.app.ContextImpl.startService:2002 android.content.ContextWrapper.startService:855 com.android.settings.network.NetworkDashboardFragment.buildPreferenceControllers:98 com.android.settings.network.NetworkDashboardFragment.-$$Nest$smbuildPreferenceControllers:0 com.android.settings.network.NetworkDashboardFragment$1.createPreferenceControllers:120 
2025-10-09 23:01:42.607  3252-3276  nativeloader            com.google.android.gms.unstable      D  Configuring clns-10 for other apk . target_sdk_version=36, uses_libraries=ALL, library_path=, permitted_path=/data:/mnt/expand
2025-10-09 23:01:42.607  3252-3276  nativeloader            com.google.android.gms.unstable      D  Load /data/user/0/com.google.android.gms/app_dg_cache/A813B03C93F342DC3CA427F3C7D3B4ED9A5DEECF/the.apk!/libdA3F28C25EB18.so using isolated ns clns-10 (caller=/data/user/0/com.google.android.gms/app_dg_cache/A813B03C93F342DC3CA427F3C7D3B4ED9A5DEECF/the.apk): ok
2025-10-09 23:01:42.617  1131-1146  PrefCtrlListHelper      com.android.settings                 D  Could not find Context-only controller for pref: com.android.settings.network.InternetPreferenceControllerV2
2025-10-09 23:01:42.617  1131-1146  PrefCtrlListHelper      com.android.settings                 D  Could not find Context-only controller for pref: com.android.settings.network.NetworkProviderCallsSmsController
2025-10-09 23:01:42.617  1131-1146  PrefCtrlListHelper      com.android.settings                 D  Could not find Context-only controller for pref: com.android.settings.network.MobileNetworkSummaryController
2025-10-09 23:01:42.619  1131-1146  SatelliteRepository     com.android.settings                 W  SatelliteManager is null
2025-10-09 23:01:42.619  1131-1146  PrefCtrlListHelper      com.android.settings                 D  Could not find Context-only controller for pref: com.android.settings.network.AirplaneModePreferenceController
2025-10-09 23:01:42.623  1131-1146  PrefCtrlListHelper      com.android.settings                 D  Could not find Context-only controller for pref: com.android.settings.network.TetherPreferenceController
2025-10-09 23:01:42.623  1131-1146  PrefCtrlListHelper      com.android.settings                 D  Could not find Context-only controller for pref: com.android.settings.network.AdaptiveConnectivityPreferenceController
2025-10-09 23:01:42.623  1131-1146  PrefCtrlListHelper      com.android.settings                 D  Could not find Context-only controller for pref: com.android.settings.network.CellularSecurityPreferenceController
2025-10-09 23:01:42.629  3479-3479  GraphicsEnvironment     com.android.externalstorage          V  Currently set values for:
2025-10-09 23:01:42.629  3479-3479  GraphicsEnvironment     com.android.externalstorage          V    angle_gl_driver_selection_pkgs=[]
2025-10-09 23:01:42.629  3479-3479  GraphicsEnvironment     com.android.externalstorage          V    angle_gl_driver_selection_values=[]
2025-10-09 23:01:42.629  3479-3479  GraphicsEnvironment     com.android.externalstorage          V  com.android.externalstorage is not listed in per-application setting
2025-10-09 23:01:42.629  3479-3479  GraphicsEnvironment     com.android.externalstorage          V  ANGLE allowlist from config: com.dreamgames.royalmatch com.dts.freefiremax com.dxx.firenow com.gramgames.mergedragons com.ludo.king com.mojang.minecraftpe com.my.defense com.nintendo.zaka com.os.airforce com.playrix.fishdomdd.gplay io.teslatech.callbreak jp.konami.prospia net.peakgames.toonblast
2025-10-09 23:01:42.629  3479-3479  GraphicsEnvironment     com.android.externalstorage          V  com.android.externalstorage is not listed in ANGLE allowlist or settings, returning default
2025-10-09 23:01:42.629  3479-3479  GraphicsEnvironment     com.android.externalstorage          V  Neither updatable production driver nor prerelease driver is supported.
2025-10-09 23:01:42.630   638-1839  Telecom                 system_server                        I  PhoneAccountRegistrar: getSimCallManager: SimCallManager for subId 1 queried, returning: null: TSI.gPA(cas)@AIs
2025-10-09 23:01:42.631  1522-1825  .apps.wellbeing         com.google.android.apps.wellbeing    I  AssetManager2(0xb400007065716638) locale list changing from [] to [en-US]
2025-10-09 23:01:42.632  1510-1893  ChimeraUtils            com.google.android.gms               W  Module com.google.android.gms.growth missing resource growth_module_display_name(0)
2025-10-09 23:01:42.636  1131-1150  RTTSettingsCtr          com.android.settings                 D  rtt calling supported by telecom:: false
2025-10-09 23:01:42.636  1131-1150  RTTSettingsCtr          com.android.settings                 D  isRttSettingSupported [Not support]
2025-10-09 23:01:42.637  1510-1893  ChimeraUtils            com.google.android.gms               W  Module com.google.android.gms.growth missing resource growth_module_display_name(0)
2025-10-09 23:01:42.657  1131-1150  PrefCtrlListHelper      com.android.settings                 D  Could not find Context-only controller for pref: com.android.settings.accessibility.VibrationMainSwitchPreferenceController
2025-10-09 23:01:42.657  1131-1150  PrefCtrlListHelper      com.android.settings                 D  Could not find Context-only controller for pref: com.android.settings.accessibility.RingVibrationIntensityPreferenceController
2025-10-09 23:01:42.657  1131-1150  PrefCtrlListHelper      com.android.settings                 D  Could not find Context-only controller for pref: com.android.settings.accessibility.VibrationRampingRingerTogglePreferenceController
2025-10-09 23:01:42.657  1131-1150  PrefCtrlListHelper      com.android.settings                 D  Could not find Context-only controller for pref: com.android.settings.accessibility.NotificationVibrationIntensityPreferenceController
2025-10-09 23:01:42.657  1131-1150  PrefCtrlListHelper      com.android.settings                 D  Could not find Context-only controller for pref: com.android.settings.accessibility.AlarmVibrationIntensityPreferenceController
2025-10-09 23:01:42.657  1131-1150  PrefCtrlListHelper      com.android.settings                 D  Could not find Context-only controller for pref: com.google.android.settings.accessibility.AdaptiveHapticsTogglePreferenceController
2025-10-09 23:01:42.657  1131-1150  PrefCtrlListHelper      com.android.settings                 D  Could not find Context-only controller for pref: com.google.android.settings.accessibility.AdaptiveVibrationPreferenceController
2025-10-09 23:01:42.657  1131-1150  PrefCtrlListHelper      com.android.settings                 D  Could not find Context-only controller for pref: com.android.settings.accessibility.HapticFeedbackIntensityPreferenceController
2025-10-09 23:01:42.657  1131-1150  PrefCtrlListHelper      com.android.settings                 D  Could not find Context-only controller for pref: com.android.settings.accessibility.MediaVibrationIntensityPreferenceController
2025-10-09 23:01:42.657  1131-1150  PrefCtrlListHelper      com.android.settings                 D  Could not find Context-only controller for pref: com.android.settings.accessibility.KeyboardVibrationTogglePreferenceController
2025-10-09 23:01:42.658  3479-3479  ashmem                  com.android.externalstorage          E  Pinning is deprecated since Android Q. Please use trim or other methods.
2025-10-09 23:01:42.660  1131-1150  PrefCtrlListHelper      com.android.settings                 D  Could not find Context-only controller for pref: com.android.settings.connecteddevice.audiosharing.AudioSharingPreferenceController
2025-10-09 23:01:42.660  1131-1150  PrefCtrlListHelper      com.android.settings                 D  Could not find Context-only controller for pref: com.android.settings.connecteddevice.NfcAndPaymentFragmentController
2025-10-09 23:01:42.660  1131-1150  PrefCtrlListHelper      com.android.settings                 D  Could not find Context-only controller for pref: com.android.settings.wfd.WifiDisplayPreferenceController
2025-10-09 23:01:42.660  1131-1150  PrefCtrlListHelper      com.android.settings                 D  Could not find Context-only controller for pref: com.android.settings.connecteddevice.threadnetwork.ThreadNetworkFragmentController
2025-10-09 23:01:42.660  1131-1150  PrefCtrlListHelper      com.android.settings                 D  Could not find Context-only controller for pref: com.android.settings.connecteddevice.virtual.VirtualDeviceListController
2025-10-09 23:01:42.660  1131-1150  PrefCtrlListHelper      com.android.settings                 D  Could not find Context-only controller for pref: com.android.settings.uwb.UwbPreferenceController
2025-10-09 23:01:42.685  1131-1146  NrRepository            com.android.settings                 D  [1] has5gCapability: true
2025-10-09 23:01:42.685  3479-3479  ExternalStorage         com.android.externalstorage          D  After updating volumes, found 1 active roots
2025-10-09 23:01:42.711  1131-1150  PrefCtrlListHelper      com.android.settings                 D  Could not find Context-only controller for pref: com.android.settings.accessibility.ToggleAutoclickMainSwitchPreferenceController
2025-10-09 23:01:42.711  1131-1150  PrefCtrlListHelper      com.android.settings                 D  Could not find Context-only controller for pref: com.android.settings.accessibility.ToggleAutoclickPreferenceController
2025-10-09 23:01:42.711  1131-1150  PrefCtrlListHelper      com.android.settings                 D  Could not find Context-only controller for pref: com.android.settings.accessibility.ToggleAutoclickPreferenceController
2025-10-09 23:01:42.711  1131-1150  PrefCtrlListHelper      com.android.settings                 D  Could not find Context-only controller for pref: com.android.settings.accessibility.ToggleAutoclickPreferenceController
2025-10-09 23:01:42.711  1131-1150  PrefCtrlListHelper      com.android.settings                 D  Could not find Context-only controller for pref: com.android.settings.accessibility.ToggleAutoclickPreferenceController
2025-10-09 23:01:42.711  1131-1150  PrefCtrlListHelper      com.android.settings                 D  Could not find Context-only controller for pref: com.android.settings.accessibility.ToggleAutoclickPreferenceController
2025-10-09 23:01:42.711  1131-1150  PrefCtrlListHelper      com.android.settings                 D  Could not find Context-only controller for pref: com.android.settings.accessibility.ToggleAutoclickCustomSeekbarController
2025-10-09 23:01:42.711  1131-1150  PrefCtrlListHelper      com.android.settings                 D  Could not find Context-only controller for pref: com.android.settings.accessibility.ToggleAutoclickCursorAreaSizeController
2025-10-09 23:01:42.711  1131-1150  PrefCtrlListHelper      com.android.settings                 W  Cannot instantiate controller from reflection: com.android.settings.accessibility.ToggleAutoclickCursorAreaSizeController
2025-10-09 23:01:42.711  1131-1150  PrefCtrlListHelper      com.android.settings                 D  Could not find Context-only controller for pref: com.android.settings.accessibility.ToggleAutoclickIgnoreMinorCursorMovementController
2025-10-09 23:01:42.711  1131-1150  PrefCtrlListHelper      com.android.settings                 D  Could not find Context-only controller for pref: com.android.settings.accessibility.ToggleAutoclickRevertToLeftClickController
2025-10-09 23:01:42.711  1131-1150  PrefCtrlListHelper      com.android.settings                 D  Could not find Context-only controller for pref: com.android.settings.accessibility.ToggleAutoclickFooterPreferenceController
2025-10-09 23:01:42.711  1131-1150  PrefCtrlListHelper      com.android.settings                 D  Could not find Context-only controller for pref: com.android.settings.accounts.WorkModePreferenceController
2025-10-09 23:01:42.711  1131-1150  PrefCtrlListHelper      com.android.settings                 D  Could not find Context-only controller for pref: com.android.settings.accounts.ContactSearchPreferenceController
2025-10-09 23:01:42.711  1131-1150  PrefCtrlListHelper      com.android.settings                 D  Could not find Context-only controller for pref: com.android.settings.accounts.CrossProfileCalendarPreferenceController
2025-10-09 23:01:42.713   638-691   Grammatica...ctionUtils system_server                        V  AttributionSource: android.content.AttributionSource@16bd1b01 does not have READ_SYSTEM_GRAMMATICAL_GENDER permission.
2025-10-09 23:01:42.723  1131-1150  ndroid.settings         com.android.settings                 I  AssetManager2(0xb400007065718bb8) locale list changing from [] to [en-US]
2025-10-09 23:01:42.725  1131-1289  SubscriptionRepository  com.android.settings                 D  subscriptions changed
2025-10-09 23:01:42.725  3479-3479  ExternalStorage         com.android.externalstorage          D  After updating volumes, found 1 active roots
2025-10-09 23:01:42.726   407-407   Zygote                  zygote64                             D  Forked child process 3505
2025-10-09 23:01:42.729  1131-1288  SubscriptionRepository  com.android.settings                 D  subscriptions changed
2025-10-09 23:01:42.738  3505-3505  oid.apps.photos         com.google.android.apps.photos       I  Using CollectorTypeCMC GC.
2025-10-09 23:01:42.739  3505-3505  oid.apps.photos         com.google.android.apps.photos       E  Not starting debugger since process cannot load the jdwp agent.
2025-10-09 23:01:42.745   638-692   ActivityManager         system_server                        I  Start proc 3505:com.google.android.apps.photos/u0a169 for broadcast {com.google.android.apps.photos/com.google.android.apps.photos.sdcard.envcache.ExternalStorageStateChangeBroadcastReceiver}
2025-10-09 23:01:42.746  3505-3505  nativeloader            com.google.android.apps.photos       D  Load libframework-connectivity-tiramisu-jni.so using APEX ns com_android_tethering for caller /apex/com.android.tethering/javalib/framework-connectivity-t.jar: ok
2025-10-09 23:01:42.746   638-692   ActivityManager         system_server                        I  ProcessObserver broadcast disabled
2025-10-09 23:01:42.749  1510-1742  Checkin                 com.google.android.gms               I  [CheckinApiChimeraService] onGetService
2025-10-09 23:01:42.750  3479-3479  ExternalStorage         com.android.externalstorage          D  After updating volumes, found 1 active roots
2025-10-09 23:01:42.758  1597-3504  stetho                  com...le.android.apps.messaging:rcs  W  I/O error: java.io.IOException: No matching handler, firstByte=71
2025-10-09 23:01:42.780  1131-1289  ImsMmTelRepository      com.android.settings                 D  [1] IMS onUnavailable
2025-10-09 23:01:42.792  1510-2842  GmsIntrusionDetection   com.google.android.gms               I  (REDACTED) [IntrusionDetectionSettingsInitIntentOperation] Disabling component: %s
2025-10-09 23:01:42.792  1131-1289  ImsMmTelRepository      com.android.settings                 D  [1] IMS onUnavailable
2025-10-09 23:01:42.793  1131-1288  ProvisioningRepository  com.android.settings                 D  [1] changed: capability=2 tech=0 isProvisioned=true
2025-10-09 23:01:42.797  3012-3141  Finsky                  com.android.vending                  I  [62] [PLUS] Triggering sync due to NOW urgency payload
2025-10-09 23:01:42.799  3012-3107  Finsky                  com.android.vending                  I  [50] [PLUS] Adding payload case=9
2025-10-09 23:01:42.801  3012-3107  Finsky                  com.android.vending                  I  [50] [PLUS] Adding payload case=8
2025-10-09 23:01:42.801  3012-3107  Finsky                  com.android.vending                  I  [50] [PLUS] Adding payload case=10
2025-10-09 23:01:42.801  3012-3107  Finsky                  com.android.vending                  I  [50] [PLUS] Adding payload case=11
2025-10-09 23:01:42.801  3012-3107  Finsky                  com.android.vending                  I  [50] [PLUS] Adding payload case=12
2025-10-09 23:01:42.801  3012-3107  Finsky                  com.android.vending                  I  [50] [PLUS] Adding payload case=13
2025-10-09 23:01:42.801  3012-3107  Finsky                  com.android.vending                  I  [50] [PLUS] Adding payload case=14
2025-10-09 23:01:42.801  3012-3107  Finsky                  com.android.vending                  I  [50] [PLUS] Adding payload case=15
2025-10-09 23:01:42.801  3012-3107  Finsky                  com.android.vending                  I  [50] [PLUS] Adding payload case=16
2025-10-09 23:01:42.801  3012-3107  Finsky                  com.android.vending                  I  [50] [PLUS] Adding payload case=17
2025-10-09 23:01:42.801  3012-3107  Finsky                  com.android.vending                  I  [50] [PLUS] Adding payload case=18
2025-10-09 23:01:42.801  3012-3107  Finsky                  com.android.vending                  I  [50] [PLUS] Adding payload case=19
2025-10-09 23:01:42.801  3012-3107  Finsky                  com.android.vending                  I  [50] [PLUS] Adding payload case=20
2025-10-09 23:01:42.801  3012-3107  Finsky                  com.android.vending                  I  [50] [PLUS] Adding payload case=21
2025-10-09 23:01:42.801  3012-3107  Finsky                  com.android.vending                  I  [50] [PLUS] Adding payload case=24
2025-10-09 23:01:42.801  3012-3107  Finsky                  com.android.vending                  I  [50] [PLUS] Adding payload case=34
2025-10-09 23:01:42.809  1131-1288  ImsMmTelRepository      com.android.settings                 D  [1] IMS onUnavailable
2025-10-09 23:01:42.810  1131-1288  SubscriptionRepository  com.android.settings                 D  subscriptions changed
2025-10-09 23:01:42.810  1131-1288  SubscriptionRepository  com.android.settings                 D  subscriptions changed
2025-10-09 23:01:42.811   638-753   JobScheduler.Quota      system_server                        E  <0>com.google.android.apps.photos has 0 EJ quota without running anything
2025-10-09 23:01:42.813  3012-3126  Finsky                  com.android.vending                  I  [57] [PLUS] Syncing for users with urgency above: NOW
