                                                                                                    	at java.lang.Thread.run(Thread.java:1119)
2025-10-09 22:52:20.344  1230-2514  .gms.persistent         com.google.android.gms.persistent    I  AssetManager2(0xb400007c944255b8) locale list changing from [] to [en-US]
2025-10-09 22:52:20.398  2242-2504  android.vending         com.android.vending                  I  AssetManager2(0xb400007c94427818) locale list changing from [] to [en-US]
2025-10-09 22:52:20.404  2242-2522  android.vending         com.android.vending                  I  AssetManager2(0xb400007c94428498) locale list changing from [] to [en-US]
2025-10-09 22:52:20.421  1536-2114  JobInfo                 com.google.android.as                W  Requested important-while-foreground flag for job87 is ignored and takes no effect
2025-10-09 22:52:20.455  1722-2377  constellation           com.google.android.gms               E  [reboot_checker] Couldn't sync with the server due to 
                                                                                                    bcnk: sync
                                                                                                    	at bbuu.C(:com.google.android.gms@253434035@25.34.34 (260400-800653487):49)
                                                                                                    	at bbuu.i(:com.google.android.gms@253434035@25.34.34 (260400-800653487):364)
                                                                                                    	at bbtn.l(:com.google.android.gms@253434035@25.34.34 (260400-800653487):121)
                                                                                                    	at bbtn.p(:com.google.android.gms@253434035@25.34.34 (260400-800653487):496)
                                                                                                    	at com.google.android.gms.constellation.EventManager.onHandleIntent(:com.google.android.gms@253434035@25.34.34 (260400-800653487):912)
                                                                                                    	at com.google.android.chimera.IntentOperation.onHandleIntent(:com.google.android.gms@253434035@25.34.34 (260400-800653487):2)
                                                                                                    	at awce.onHandleIntent(:com.google.android.gms@253434035@25.34.34 (260400-800653487):8)
                                                                                                    	at wzr.run(:com.google.android.gms@253434035@25.34.34 (260400-800653487):64)
                                                                                                    	at wzq.run(:com.google.android.gms@253434035@25.34.34 (260400-800653487):132)
                                                                                                    	at gdma.run(:com.google.android.gms@253434035@25.34.34 (260400-800653487):21)
                                                                                                    	at java.util.concurrent.ThreadPoolExecutor.runWorker(ThreadPoolExecutor.java:1156)
                                                                                                    	at java.util.concurrent.ThreadPoolExecutor$Worker.run(ThreadPoolExecutor.java:651)
                                                                                                    	at java.lang.Thread.run(Thread.java:1119)
2025-10-09 22:52:20.468  1230-4034  .gms.persistent         com.google.android.gms.persistent    W  Verification of int m.ky.a(android.content.Context, java.lang.String, boolean) took 376.454ms (1466.31 bytecodes/s) (0B arena alloc)
2025-10-09 22:52:20.480  1536-1975  JobInfo                 com.google.android.as                W  Requested important-while-foreground flag for job88 is ignored and takes no effect
2025-10-09 22:52:20.491  1536-2697  ogle.android.as         com.google.android.as                I  AssetManager2(0xb400007c94424618) locale list changing from [] to [en-US]
2025-10-09 22:52:20.515  1722-3558  iavd                    com.google.android.gms               E  *~*~*~ Previous channel {0} was garbage collected without being shut down! ~*~*~*
                                                                                                        Make sure to call shutdown()/shutdownNow()
                                                                                                    java.lang.RuntimeException: ManagedChannel allocation site
                                                                                                    	at iavc.<init>(:com.google.android.gms@253434035@25.34.34 (260400-800653487):21)
                                                                                                    	at iavd.<init>(:com.google.android.gms@253434035@25.34.34 (260400-800653487):10)
                                                                                                    	at iavb.a(:com.google.android.gms@253434035@25.34.34 (260400-800653487):250)
                                                                                                    	at iafn.a(:com.google.android.gms@253434035@25.34.34 (260400-800653487):5)
                                                                                                    	at bbcl.a(:com.google.android.gms@253434035@25.34.34 (260400-800653487):70)
                                                                                                    	at bbcc.u(:com.google.android.gms@253434035@25.34.34 (260400-800653487):119)
                                                                                                    	at bbcc.e(:com.google.android.gms@253434035@25.34.34 (260400-800653487):5)
                                                                                                    	at eruw.a(:com.google.android.gms@253434035@25.34.34 (260400-800653487):45)
                                                                                                    	at erub.c(:com.google.android.gms@253434035@25.34.34 (260400-800653487):20)
                                                                                                    	at erub.a(:com.google.android.gms@253434035@25.34.34 (260400-800653487):3)
                                                                                                    	at avvo.run(:com.google.android.gms@253434035@25.34.34 (260400-800653487):5)
                                                                                                    	at bbim.c(:com.google.android.gms@253434035@25.34.34 (260400-800653487):50)
                                                                                                    	at bbim.run(:com.google.android.gms@253434035@25.34.34 (260400-800653487):70)
                                                                                                    	at java.util.concurrent.ThreadPoolExecutor.runWorker(ThreadPoolExecutor.java:1156)
                                                                                                    	at java.util.concurrent.ThreadPoolExecutor$Worker.run(ThreadPoolExecutor.java:651)
                                                                                                    	at bboe.run(:com.google.android.gms@253434035@25.34.34 (260400-800653487):8)
                                                                                                    	at java.lang.Thread.run(Thread.java:1119)
2025-10-09 22:52:20.532  2242-4218  android.vending         com.android.vending                  I  AssetManager2(0xb400007c94428178) locale list changing from [] to [en-US]
2025-10-09 22:52:20.535  2242-2522  android.vending         com.android.vending                  I  AssetManager2(0xb400007c94423038) locale list changing from [] to [en-US]
2025-10-09 22:52:20.554  1722-1722  BoundBrokerSvc          com.google.android.gms               D  onUnbind: Intent { act=com.google.android.gms.safebrowsing.SafeBrowsingService.START dat=chimera-action:/... xflg=0x4 cmp=com.google.android.gms/.chimera.GmsBoundBrokerService }
2025-10-09 22:52:20.565  1722-2444  Icing                   com.google.android.gms               I  Indexing com.google.android.gms-apps from com.google.android.gms
2025-10-09 22:52:20.579   634-659   Looper                  system_server                        W  Slow delivery took 282ms android.ui app=system_server main=false group=TOP_APP h=android.view.Choreographer$FrameHandler c=android.view.Choreographer$FrameDisplayEventReceiver@96c6939 m=0
2025-10-09 22:52:20.579   634-659   Looper                  system_server                        W  Slow dispatch took 2880ms android.ui app=system_server main=false group=TOP_APP h=android.view.Choreographer$FrameHandler c=android.view.Choreographer$FrameDisplayEventReceiver@96c6939 m=0
2025-10-09 22:52:20.583   634-659   Choreographer           system_server                        I  Skipped 185 frames!  The application may be doing too much work on its main thread.
2025-10-09 22:52:20.601  1536-1975  JobInfo                 com.google.android.as                W  Requested important-while-foreground flag for job89 is ignored and takes no effect
2025-10-09 22:52:20.607  1722-1722  BoundBrokerSvc          com.google.android.gms               D  onUnbind: Intent { act=com.google.android.gms.auth.key.retrieval.service.START dat=chimera-action:/... xflg=0x4 cmp=com.google.android.gms/.chimera.GmsApiService }
2025-10-09 22:52:20.607  1722-1722  BoundBrokerSvc          com.google.android.gms               D  onUnbind: Intent { act=com.google.android.gms.credential.manager.service.firstparty.START dat=chimera-action:/... xflg=0x4 cmp=com.google.android.gms/.chimera.GmsApiService }
2025-10-09 22:52:20.631  1230-1230  BoundBrokerSvc          com.google.android.gms.persistent    D  onBind: Intent { act=com.google.android.gms.play.integrity.api.service.IntegrityApiDisplayListenerApiService.START dat=chimera-action:/... xflg=0x4 cmp=com.google.android.gms/.chimera.PersistentApiServiceNoInstantApps }
2025-10-09 22:52:20.631  1230-1230  BoundBrokerSvc          com.google.android.gms.persistent    D  Loading bound service for intent: Intent { act=com.google.android.gms.play.integrity.api.service.IntegrityApiDisplayListenerApiService.START dat=chimera-action:/... xflg=0x4 cmp=com.google.android.gms/.chimera.PersistentApiServiceNoInstantApps }
2025-10-09 22:52:20.636  2242-2525  android.vending         com.android.vending                  I  AssetManager2(0xb400007c94421d78) locale list changing from [] to [en-US]
2025-10-09 22:52:20.676  2242-4222  android.vending         com.android.vending                  I  AssetManager2(0xb400007c944271d8) locale list changing from [] to [en-US]
2025-10-09 22:52:20.678  1536-2697  ogle.android.as         com.google.android.as                I  AssetManager2(0xb400007c94429118) locale list changing from [] to [en-US]
2025-10-09 22:52:20.718   634-1779  AS.PlaybackActivityMon  system_server                        W  No piid assigned for invalid/internal port id 15
2025-10-09 22:52:20.779  2242-2504  android.vending         com.android.vending                  I  AssetManager2(0xb400007c94428ad8) locale list changing from [] to [en-US]
2025-10-09 22:52:20.854  2242-2525  android.vending         com.android.vending                  I  AssetManager2(0xb400007c944255b8) locale list changing from [] to [en-US]
2025-10-09 22:52:20.859   472-600   AudioFlinger            audioserver                          D  mixer(0xb40000736ff61770) throttle end: throttle time(33)
2025-10-09 22:52:20.880   634-791   InetDiagMessage         system_server                        D  Destroyed 0 sockets, proto=IPPROTO_TCP, family=AF_INET, states=14
2025-10-09 22:52:20.884  1722-3076  SharedPreferencesImpl   com.google.android.gms               D  Time required to fsync /data/user/0/com.google.android.gms/shared_prefs/proxy-apps-corpus.xml: [<1: 0, <2: 0, <4: 0, <8: 0, <16: 0, <32: 0, <64: 0, <128: 0, <256: 1, <512: 1, <1024: 0, <2048: 0, <4096: 0, <8192: 0, <16384: 0, >=16384: 0]
2025-10-09 22:52:20.893   634-791   InetDiagMessage         system_server                        D  Destroyed 0 sockets, proto=IPPROTO_TCP, family=AF_INET6, states=14
2025-10-09 22:52:20.893   634-791   InetDiagMessage         system_server                        D  Destroyed live tcp sockets for uids={10204} in 23ms
2025-10-09 22:52:20.894   634-791   InetDiagMessage         system_server                        D  Destroyed 0 sockets, proto=IPPROTO_TCP, family=AF_INET, states=14
2025-10-09 22:52:20.894   634-791   InetDiagMessage         system_server                        D  Destroyed 0 sockets, proto=IPPROTO_TCP, family=AF_INET6, states=14
2025-10-09 22:52:20.894   634-791   InetDiagMessage         system_server                        D  Destroyed live tcp sockets for uids={20204} in 0ms
2025-10-09 22:52:20.909  2242-2522  android.vending         com.android.vending                  I  AssetManager2(0xb400007c94423678) locale list changing from [] to [en-US]
2025-10-09 22:52:20.917   634-791   InetDiagMessage         system_server                        D  Destroyed 0 sockets, proto=IPPROTO_TCP, family=AF_INET, states=14
2025-10-09 22:52:20.917   634-791   InetDiagMessage         system_server                        D  Destroyed 0 sockets, proto=IPPROTO_TCP, family=AF_INET6, states=14
2025-10-09 22:52:20.917   634-791   InetDiagMessage         system_server                        D  Destroyed live tcp sockets for uids={10150} in 0ms
2025-10-09 22:52:20.917   634-791   InetDiagMessage         system_server                        D  Destroyed 0 sockets, proto=IPPROTO_TCP, family=AF_INET, states=14
2025-10-09 22:52:20.918   634-791   InetDiagMessage         system_server                        D  Destroyed 0 sockets, proto=IPPROTO_TCP, family=AF_INET6, states=14
2025-10-09 22:52:20.918   634-791   InetDiagMessage         system_server                        D  Destroyed live tcp sockets for uids={20150} in 0ms
2025-10-09 22:52:20.918   634-791   InetDiagMessage         system_server                        D  Destroyed 0 sockets, proto=IPPROTO_TCP, family=AF_INET, states=14
2025-10-09 22:52:20.918   634-791   InetDiagMessage         system_server                        D  Destroyed 0 sockets, proto=IPPROTO_TCP, family=AF_INET6, states=14
2025-10-09 22:52:20.918   634-791   InetDiagMessage         system_server                        D  Destroyed live tcp sockets for uids={10146} in 0ms
2025-10-09 22:52:20.918   634-791   InetDiagMessage         system_server                        D  Destroyed 0 sockets, proto=IPPROTO_TCP, family=AF_INET, states=14
2025-10-09 22:52:20.918   634-791   InetDiagMessage         system_server                        D  Destroyed 0 sockets, proto=IPPROTO_TCP, family=AF_INET6, states=14
2025-10-09 22:52:20.918   634-791   InetDiagMessage         system_server                        D  Destroyed live tcp sockets for uids={20146} in 0ms
2025-10-09 22:52:20.945  2612-3485  PlayCommon              com.android.vending:background       W  [84] No account for auth token provided
2025-10-09 22:52:20.956  2612-3485  PlayCommon              com.android.vending:background       I  [84] Connecting to server: https://play.googleapis.com/play/log?format=raw&proto_v2=true
2025-10-09 22:52:20.970  2242-2525  android.vending         com.android.vending                  I  AssetManager2(0xb400007c944274f8) locale list changing from [] to [en-US]
2025-10-09 22:52:20.974  2242-4220  android.vending         com.android.vending                  I  AssetManager2(0xb400007c94425bf8) locale list changing from [] to [en-US]
2025-10-09 22:52:20.992  1722-1722  43-CredManRegistrationM com.google.android.gms               I  (REDACTED) [%s][%s] Success to register credentials
2025-10-09 22:52:20.993  2242-2522  android.vending         com.android.vending                  I  AssetManager2(0xb400007c9442ebb8) locale list changing from [] to [en-US]
2025-10-09 22:52:20.997   634-726   ActivityManager         system_server                        D  freezing 2798 com.google.android.onetimeinitializer
2025-10-09 22:52:21.006  1722-1722  BoundBrokerSvc          com.google.android.gms               D  onBind: Intent { act=com.google.android.gms.chromesync.service.firstparty.START dat=chimera-action:/... xflg=0x4 cmp=com.google.android.gms/.chimera.GmsApiService }
2025-10-09 22:52:21.006  1722-1722  BoundBrokerSvc          com.google.android.gms               D  Loading bound service for intent: Intent { act=com.google.android.gms.chromesync.service.firstparty.START dat=chimera-action:/... xflg=0x4 cmp=com.google.android.gms/.chimera.GmsApiService }
2025-10-09 22:52:21.009  1017-1152  SatelliteController     com.android.phone                    D  iisInCarrierRoamingNbIotNtn: satellite is disabled
2025-10-09 22:52:21.014  2242-2522  android.vending         com.android.vending                  I  AssetManager2(0xb400007c9442b698) locale list changing from [] to [en-US]
2025-10-09 22:52:21.033  2242-2525  android.vending         com.android.vending                  I  AssetManager2(0xb400007c9442a0b8) locale list changing from [] to [en-US]
2025-10-09 22:52:21.049  2242-2504  android.vending         com.android.vending                  I  AssetManager2(0xb400007c9442f838) locale list changing from [] to [en-US]
2025-10-09 22:52:21.065  2242-2525  android.vending         com.android.vending                  I  AssetManager2(0xb400007c9442d2b8) locale list changing from [] to [en-US]
2025-10-09 22:52:21.067   634-791   InetDiagMessage         system_server                        D  Destroyed 0 sockets, proto=IPPROTO_TCP, family=AF_INET, states=14
2025-10-09 22:52:21.067   634-791   InetDiagMessage         system_server                        D  Destroyed 0 sockets, proto=IPPROTO_TCP, family=AF_INET6, states=14
2025-10-09 22:52:21.067   634-791   InetDiagMessage         system_server                        D  Destroyed live tcp sockets for uids={10135} in 18ms
2025-10-09 22:52:21.079  2612-3485  PlayCommon              com.android.vending:background       I  [84] Successfully uploaded logs.
2025-10-09 22:52:21.082  2242-2525  android.vending         com.android.vending                  I  AssetManager2(0xb400007c94422098) locale list changing from [] to [en-US]
2025-10-09 22:52:21.093  2242-2504  android.vending         com.android.vending                  I  AssetManager2(0xb400007c9442e898) locale list changing from [] to [en-US]
2025-10-09 22:52:21.102  2242-2487  android.vending         com.android.vending                  I  AssetManager2(0xb400007c9442cc78) locale list changing from [] to [en-US]
2025-10-09 22:52:21.133  2242-2487  android.vending         com.android.vending                  I  AssetManager2(0xb400007c9442bcd8) locale list changing from [] to [en-US]
2025-10-09 22:52:21.137  1536-2697  ogle.android.as         com.google.android.as                I  AssetManager2(0xb400007c944255b8) locale list changing from [] to [en-US]
2025-10-09 22:52:21.174  1536-2697  ogle.android.as         com.google.android.as                I  AssetManager2(0xb400007c944226d8) locale list changing from [] to [en-US]
2025-10-09 22:52:21.180  1536-2697  ogle.android.as         com.google.android.as                I  AssetManager2(0xb400007c94424938) locale list changing from [] to [en-US]
2025-10-09 22:52:21.185  2242-2504  android.vending         com.android.vending                  I  AssetManager2(0xb400007c9442fb58) locale list changing from [] to [en-US]
2025-10-09 22:52:21.186  2242-2504  android.vending         com.android.vending                  I  AssetManager2(0xb400007c9442b9b8) locale list changing from [] to [en-US]
2025-10-09 22:52:21.233  2242-2487  android.vending         com.android.vending                  I  AssetManager2(0xb400007c9442b058) locale list changing from [] to [en-US]
2025-10-09 22:52:21.271  4233-4233  dumpsys                 dumpsys                              W  Thread Pool max thread count is 0. Cannot cache binder as linkToDeath cannot be implemented. serviceName: window
2025-10-09 22:52:21.274  1722-3903  Pay                     com.google.android.gms               W  Active account was null, notification task will be cancelled. [CONTEXT service_id=198 ]
2025-10-09 22:52:21.282  1536-2697  ogle.android.as         com.google.android.as                I  AssetManager2(0xb400007c9442ebb8) locale list changing from [] to [en-US]
2025-10-09 22:52:21.291  1722-3903  Pay                     com.google.android.gms               W  [eMoney card recovery task] exiting without init: active tapandpay account not found! [CONTEXT service_id=198 ]
2025-10-09 22:52:21.306   634-1691  OomAdjuster             system_server                        D  Not killing cached processes
2025-10-09 22:52:21.327  1536-1618  ogle.android.as         com.google.android.as                I  Waiting for a blocking GC ProfileSaver
2025-10-09 22:52:21.359  1230-4034  .gms.persistent         com.google.android.gms.persistent    W  Verification of void com.google.android.gms.tflite.dynamite.TfLiteDynamiteLoaderImpl.<init>() took 254.606ms (35.35 bytecodes/s) (0B arena alloc)
2025-10-09 22:52:21.360  2242-2504  android.vending         com.android.vending                  I  AssetManager2(0xb400007c9442a3d8) locale list changing from [] to [en-US]
2025-10-09 22:52:21.373  4237-4237  dumpsys                 dumpsys                              W  Thread Pool max thread count is 0. Cannot cache binder as linkToDeath cannot be implemented. serviceName: user
2025-10-09 22:52:21.375   634-1932  libc                    system_server                        W  Access denied finding property "persist.debug.user_mode_emulation"
2025-10-09 22:52:21.372   634-634   binder:634_20           system_server                        W  type=1400 audit(0.0:133): avc:  denied  { read } for  name="u:object_r:system_user_mode_emulation_prop:s0" dev="tmpfs" ino=333 scontext=u:r:system_server:s0 tcontext=u:object_r:system_user_mode_emulation_prop:s0 tclass=file permissive=0
2025-10-09 22:52:21.385  2242-4219  android.vending         com.android.vending                  I  AssetManager2(0xb400007c9442aa18) locale list changing from [] to [en-US]
2025-10-09 22:52:21.387   634-1932  UserSystem...eInstaller system_server                        V  dumpPackageWhitelistProblems(): using mode d
2025-10-09 22:52:21.389  2242-2487  android.vending         com.android.vending                  I  AssetManager2(0xb400007c9442bff8) locale list changing from [] to [en-US]
2025-10-09 22:52:21.403  1230-1230  BoundBrokerSvc          com.google.android.gms.persistent    D  onUnbind: Intent { act=com.google.android.gms.common.telemetry.service.START dat=chimera-action:/... xflg=0x4 cmp=com.google.android.gms/.chimera.PersistentApiService }
2025-10-09 22:52:21.422  2001-4239  stetho                  com.google.android.apps.messaging    W  I/O error: java.io.IOException: No matching handler, firstByte=71
2025-10-09 22:52:21.434  2001-4240  stetho                  com.google.android.apps.messaging    W  I/O error: java.io.IOException: No matching handler, firstByte=71
2025-10-09 22:52:21.437  2242-2487  android.vending         com.android.vending                  I  AssetManager2(0xb400007c9442f518) locale list changing from [] to [en-US]
2025-10-09 22:52:21.448   634-1932  CompatChangeReporter    system_server                        D  Compat change id reported: 297989574; UID 10144; state: ENABLED
2025-10-09 22:52:21.452  1536-2697  ogle.android.as         com.google.android.as                I  AssetManager2(0xb400007c9442a0b8) locale list changing from [] to [en-US]
2025-10-09 22:52:21.468  2242-2487  android.vending         com.android.vending                  I  AssetManager2(0xb400007c9442cf98) locale list changing from [] to [en-US]
2025-10-09 22:52:21.483  1536-2697  ogle.android.as         com.google.android.as                I  AssetManager2(0xb400007c9442f838) locale list changing from [] to [en-US]
2025-10-09 22:52:21.509  1230-4034  .gms.persistent         com.google.android.gms.persistent    W  Verification of m.kj com.google.android.gms.tflite.dynamite.TfLiteDynamiteLoaderImpl.b(m.kj, m.pk, boolean, boolean) took 107.190ms (2239.01 bytecodes/s) (0B arena alloc)
2025-10-09 22:52:21.523  2242-2504  android.vending         com.android.vending                  I  AssetManager2(0xb400007c9442b378) locale list changing from [] to [en-US]
2025-10-09 22:52:21.523   634-726   ActivityManager         system_server                        D  freezing 2853 com.android.camera2
2025-10-09 22:52:21.524   634-791   InetDiagMessage         system_server                        D  Destroyed 0 sockets, proto=IPPROTO_TCP, family=AF_INET, states=14
2025-10-09 22:52:21.525   634-791   InetDiagMessage         system_server                        D  Destroyed 0 sockets, proto=IPPROTO_TCP, family=AF_INET6, states=14
2025-10-09 22:52:21.525   634-791   InetDiagMessage         system_server                        D  Destroyed live tcp sockets for uids={10151} in 0ms
2025-10-09 22:52:21.533  1590-4241  stetho                  com...le.android.apps.messaging:rcs  W  I/O error: java.io.IOException: No matching handler, firstByte=71
2025-10-09 22:52:21.576  2242-2242  JobService              com.android.vending                  W  onNetworkChanged() not implemented in com.google.android.finsky.scheduler.process.mainimpl.PhoneskyJobServiceMain. Must override in a subclass.
2025-10-09 22:52:21.585  3339-3339  BatteryUsa...stReceiver com.android.settings                 D  onReceive:android.intent.action.BATTERY_LEVEL_CHANGED
2025-10-09 22:52:21.589   634-634   Looper                  system_server                        W  Slow dispatch took 116ms main app=system_server main=true group=FOREGROUND h=android.app.ActivityThread$H c=android.app.LoadedApk$ReceiverDispatcher$Args$$ExternalSyntheticLambda0@f25fe08 m=0
2025-10-09 22:52:21.595  1536-2697  ogle.android.as         com.google.android.as                I  AssetManager2(0xb400007c9442d8f8) locale list changing from [] to [en-US]
2025-10-09 22:52:21.599  1230-2031  GmsCoreXrpcWrapper      com.google.android.gms.persistent    I  (REDACTED) Returning a channel provider with trafficStatsTag=%d trafficStatsUid=%d
2025-10-09 22:52:21.599  1230-2031  GmsCoreXrpcWrapper      com.google.android.gms.persistent    I  (REDACTED) Returning a channel provider with trafficStatsTag=%d trafficStatsUid=%d
2025-10-09 22:52:21.600  1230-2031  GmsCoreXrpcWrapper      com.google.android.gms.persistent    I  (REDACTED) Returning a channel provider with trafficStatsTag=%d trafficStatsUid=%d
2025-10-09 22:52:21.600  1230-2031  GmsCoreXrpcWrapper      com.google.android.gms.persistent    I  (REDACTED) Returning a channel provider with trafficStatsTag=%d trafficStatsUid=%d
2025-10-09 22:52:21.622  1536-2697  ogle.android.as         com.google.android.as                I  AssetManager2(0xb400007c9442cc78) locale list changing from [] to [en-US]
2025-10-09 22:52:21.633  1590-4243  stetho                  com...le.android.apps.messaging:rcs  W  I/O error: java.io.IOException: No matching handler, firstByte=71
2025-10-09 22:52:21.640  2242-2525  android.vending         com.android.vending                  I  AssetManager2(0xb400007c9442c638) locale list changing from [] to [en-US]
2025-10-09 22:52:21.641  2242-2487  android.vending         com.android.vending                  I  AssetManager2(0xb400007c9442ad38) locale list changing from [] to [en-US]
2025-10-09 22:52:21.679  1536-2697  ogle.android.as         com.google.android.as                I  AssetManager2(0xb400007c9442bcd8) locale list changing from [] to [en-US]
2025-10-09 22:52:21.683  1722-2294  GmsModuleFndr           com.google.android.gms               I  Beginning GMS chimera module scan
2025-10-09 22:52:21.696  1469-1734  .apps.wellbeing         com.google.android.apps.wellbeing    I  AssetManager2(0xb400007c94415bb8) locale list changing from [] to [en-US]
2025-10-09 22:52:21.703  1536-2697  ogle.android.as         com.google.android.as                I  AssetManager2(0xb400007c94429758) locale list changing from [] to [en-US]
2025-10-09 22:52:21.703  1722-3558  constellation           com.google.android.gms               W  [gaia_util] No accounts found on device
2025-10-09 22:52:21.717   634-726   ActivityManager         system_server                        D  freezing 1937 com.google.android.googlequicksearchbox:googleapp
2025-10-09 22:52:21.720  2242-2525  android.vending         com.android.vending                  I  AssetManager2(0xb400007c9442c318) locale list changing from [] to [en-US]
2025-10-09 22:52:21.749  1536-2697  ogle.android.as         com.google.android.as                I  AssetManager2(0xb400007c9442fe78) locale list changing from [] to [en-US]
2025-10-09 22:52:21.750  1536-2697  ogle.android.as         com.google.android.as                I  AssetManager2(0xb400007c9442e578) locale list changing from [] to [en-US]
2025-10-09 22:52:21.759  2242-2525  android.vending         com.android.vending                  I  AssetManager2(0xb400007c94429d98) locale list changing from [] to [en-US]
2025-10-09 22:52:21.767  1536-2094  AiAiAdaptiveAudio       com.google.android.as                I  AdaptiveAudio config updated, new config=AdaptiveAudioConfig{shouldEnableAdaptiveAudio=false, shouldBypassQprCheck=false, shouldLimitCalibration=true, shouldShowDebugNotification=false, userSettingDefaultValue=false, crashOnError=true, shouldShowPromoNotification=false, useSilenceDetectorStateBugFix=false}
2025-10-09 22:52:21.777   634-659   Looper                  system_server                        W  Slow dispatch took 1194ms android.ui app=system_server main=false group=TOP_APP h=android.view.Choreographer$FrameHandler c=android.view.Choreographer$FrameDisplayEventReceiver@96c6939 m=0
2025-10-09 22:52:21.785  2242-2525  android.vending         com.android.vending                  I  AssetManager2(0xb400007c9442df38) locale list changing from [] to [en-US]
2025-10-09 22:52:21.789  1536-2697  ogle.android.as         com.google.android.as                I  AssetManager2(0xb400007c9442b058) locale list changing from [] to [en-US]
2025-10-09 22:52:21.801   634-659   WindowOnBackDispatcher  system_server                        W  sendCancelIfRunning: isInProgress=false callback=android.app.Dialog$$ExternalSyntheticLambda2@7a2a2bc
2025-10-09 22:52:21.814   634-659   CoreBackPreview         system_server                        D  Window{8e435ea u0 Application Error: com.udry.app}: Setting back callback null
2025-10-09 22:52:21.820   634-1644  ActivityManager         system_server                        I  Killing 3885:com.udry.app/u0a216 (adj 900): crash
2025-10-09 22:52:21.868   634-840   Background...rolService system_server                        D  Package event received: 0
2025-10-09 22:52:21.898  1536-1975  JobInfo                 com.google.android.as                W  Requested important-while-foreground flag for job90 is ignored and takes no effect
2025-10-09 22:52:21.939  1536-2697  ogle.android.as         com.google.android.as                I  AssetManager2(0xb400007c9442a3d8) locale list changing from [] to [en-US]
2025-10-09 22:52:21.958   634-865   WindowManager           system_server                        W  Failed looking up window session=Session{3d732de 883:u0a10187} callers=com.android.server.wm.WindowManagerService.windowForClientLocked:6410 com.android.server.wm.WindowManagerService.relayoutWindow:2379 com.android.server.wm.Session.relayout:283 
2025-10-09 22:52:21.960   883-1090  Configuration           com.android.systemui                 V  Updating configuration, locales updated from [] to [en_US]
2025-10-09 22:52:21.970  1031-1031  RecentsView             com...le.android.apps.nexuslauncher  D  onTaskRemoved: 59, not handling task stack changes
2025-10-09 22:52:21.973   883-1090  Configuration           com.android.systemui                 V  Updating configuration, locales updated from [] to [en_US]
2025-10-09 22:52:21.973   883-1090  Configuration           com.android.systemui                 V  Updating configuration, locales updated from [] to [en_US]
2025-10-09 22:52:21.974   883-1090  Configuration           com.android.systemui                 V  Updating configuration, locales updated from [] to [en_US]
2025-10-09 22:52:21.974   883-1090  Configuration           com.android.systemui                 V  Updating configuration, locales updated from [] to [en_US]
2025-10-09 22:52:21.992  1031-1031  RecentsView             com...le.android.apps.nexuslauncher  D  onTaskRemoved: 59, not handling task stack changes
2025-10-09 22:52:21.993   883-1090  Configuration           com.android.systemui                 V  Updating configuration, locales updated from [] to [en_US]
2025-10-09 22:52:21.993   883-1090  Configuration           com.android.systemui                 V  Updating configuration, locales updated from [] to [en_US]
2025-10-09 22:52:21.993   883-1090  Configuration           com.android.systemui                 V  Updating configuration, locales updated from [] to [en_US]
2025-10-09 22:52:21.996   883-1090  WindowOnBackDispatcher  com.android.systemui                 W  sendCancelIfRunning: isInProgress=false callback=android.view.ViewRootImpl$$ExternalSyntheticLambda13@40c2e6
2025-10-09 22:52:21.997   634-1744  WindowManager           system_server                        W  Failed looking up window session=Session{3d732de 883:u0a10187} callers=com.android.server.wm.WindowManagerService.removeClientToken:2135 com.android.server.wm.Session.remove:270 android.view.IWindowSession$Stub.onTransact:696 
2025-10-09 22:52:22.005  1230-4034  .gms.persistent         com.google.android.gms.persistent    W  Verification of java.lang.Object com.google.android.gms.dynamic.ObjectWrapper.b(m.kj) took 291.723ms (373.64 bytecodes/s) (0B arena alloc)
2025-10-09 22:52:22.012   634-1742  WindowManager           system_server                        W  Failed looking up window session=Session{3d732de 883:u0a10187} callers=com.android.server.wm.WindowManagerService.windowForClientLocked:6410 com.android.server.wm.Session.setOnBackInvokedCallbackInfo:1002 android.view.IWindowSession$Stub.onTransact:1156 
2025-10-09 22:52:22.012   634-1742  WindowManager           system_server                        I  setOnBackInvokedCallback(): No window state for package:com.android.systemui
2025-10-09 22:52:22.016  1536-2697  ogle.android.as         com.google.android.as                I  AssetManager2(0xb400007c9442b378) locale list changing from [] to [en-US]
---------------------------- PROCESS ENDED (3885) for package com.udry.app ----------------------------
2025-10-09 22:52:22.030  2242-2504  android.vending         com.android.vending                  I  AssetManager2(0xb400007c94429d98) locale list changing from [] to [en-US]
2025-10-09 22:52:22.031   487-487   adbd                    adbd                                 I  Remote process closed the socket (on MSG_PEEK)
2025-10-09 22:52:22.033   634-1114  ActivityManager         system_server                        V  Got obituary of 3885:com.udry.app
2025-10-09 22:52:22.037  2242-2487  android.vending         com.android.vending                  I  AssetManager2(0xb400007c9442ad38) locale list changing from [] to [en-US]
2025-10-09 22:52:22.042   634-791   ConnectivityService     system_server                        D  handleLingerComplete for [101 CELLULAR]
2025-10-09 22:52:22.048  2242-2525  android.vending         com.android.vending                  I  AssetManager2(0xb400007c9442c638) locale list changing from [] to [en-US]
2025-10-09 22:52:22.054  2242-2525  android.vending         com.android.vending                  I  AssetManager2(0xb400007c9442b378) locale list changing from [] to [en-US]
2025-10-09 22:52:22.056   413-413   Zygote                  zygote64                             I  Process 3885 exited due to signal 9 (Killed)
2025-10-09 22:52:22.061   634-791   ConnectivityService     system_server                        I  Update capabilities for net 101 : -FOREGROUND
2025-10-09 22:52:22.062  2242-2522  android.vending         com.android.vending                  I  AssetManager2(0xb400007c9442c318) locale list changing from [] to [en-US]
2025-10-09 22:52:22.070  2242-2525  android.vending         com.android.vending                  I  AssetManager2(0xb400007c9442cf98) locale list changing from [] to [en-US]
2025-10-09 22:52:22.073  2242-2504  android.vending         com.android.vending                  I  AssetManager2(0xb400007c9442f518) locale list changing from [] to [en-US]
2025-10-09 22:52:22.078   634-1773  ConnectivityService     system_server                        D  Returning BLOCKED NetworkInfo to uid=10150
2025-10-09 22:52:22.080  2242-2504  android.vending         com.android.vending                  I  AssetManager2(0xb400007c94430af8) locale list changing from [] to [en-US]
2025-10-09 22:52:22.083  2242-2522  android.vending         com.android.vending                  I  AssetManager2(0xb400007c9442bff8) locale list changing from [] to [en-US]
2025-10-09 22:52:22.084  2242-2504  android.vending         com.android.vending                  I  AssetManager2(0xb400007c9442aa18) locale list changing from [] to [en-US]
2025-10-09 22:52:22.084  2242-2504  android.vending         com.android.vending                  I  AssetManager2(0xb400007c9442a3d8) locale list changing from [] to [en-US]
2025-10-09 22:52:22.089  1536-2697  ogle.android.as         com.google.android.as                I  AssetManager2(0xb400007c94430e18) locale list changing from [] to [en-US]
2025-10-09 22:52:22.095  2242-2522  android.vending         com.android.vending                  I  AssetManager2(0xb400007c9442b058) locale list changing from [] to [en-US]
2025-10-09 22:52:22.105  2242-2522  android.vending         com.android.vending                  I  AssetManager2(0xb400007c9442b9b8) locale list changing from [] to [en-US]
2025-10-09 22:52:22.113  2242-2525  android.vending         com.android.vending                  I  AssetManager2(0xb400007c94429438) locale list changing from [] to [en-US]
2025-10-09 22:52:22.117  2242-2504  android.vending         com.android.vending                  I  AssetManager2(0xb400007c9442f1f8) locale list changing from [] to [en-US]
2025-10-09 22:52:22.128  2242-2504  android.vending         com.android.vending                  I  AssetManager2(0xb400007c9442e258) locale list changing from [] to [en-US]
2025-10-09 22:52:22.135  2242-2522  android.vending         com.android.vending                  I  AssetManager2(0xb400007c9442cc78) locale list changing from [] to [en-US]
2025-10-09 22:52:22.144  2242-2525  android.vending         com.android.vending                  I  AssetManager2(0xb400007c9442e898) locale list changing from [] to [en-US]
2025-10-09 22:52:22.149  2242-2487  android.vending         com.android.vending                  I  AssetManager2(0xb400007c94429758) locale list changing from [] to [en-US]
2025-10-09 22:52:22.160  2242-2504  android.vending         com.android.vending                  I  AssetManager2(0xb400007c94429a78) locale list changing from [] to [en-US]
2025-10-09 22:52:22.167  2242-2522  android.vending         com.android.vending                  I  AssetManager2(0xb400007c9442d8f8) locale list changing from [] to [en-US]
2025-10-09 22:52:22.170  1536-2697  ogle.android.as         com.google.android.as                I  AssetManager2(0xb400007c944304b8) locale list changing from [] to [en-US]
2025-10-09 22:52:22.177  2242-2504  android.vending         com.android.vending                  I  AssetManager2(0xb400007c9442d2b8) locale list changing from [] to [en-US]
2025-10-09 22:52:22.178  2242-2487  android.vending         com.android.vending                  I  AssetManager2(0xb400007c9442a0b8) locale list changing from [] to [en-US]
2025-10-09 22:52:22.179  2242-2525  android.vending         com.android.vending                  I  AssetManager2(0xb400007c9442b698) locale list changing from [] to [en-US]
2025-10-09 22:52:22.191   634-791   IPCThreadState          system_server                        W  Sending oneway calls to frozen process.
2025-10-09 22:52:22.209  2242-2525  android.vending         com.android.vending                  I  AssetManager2(0xb400007c9442ebb8) locale list changing from [] to [en-US]
2025-10-09 22:52:22.219   634-726   ActivityManager         system_server                        D  freezing 2877 com.android.devicediagnostics
2025-10-09 22:52:22.221   634-669   libprocessgroup         system_server                        I  Removed cgroup /sys/fs/cgroup/apps/uid_10216/pid_3885
2025-10-09 22:52:22.222  2242-2504  android.vending         com.android.vending                  I  AssetManager2(0xb400007c94425bf8) locale list changing from [] to [en-US]
2025-10-09 22:52:22.230  2242-2487  android.vending         com.android.vending                  I  AssetManager2(0xb400007c94423678) locale list changing from [] to [en-US]
2025-10-09 22:52:22.240  2242-2504  android.vending         com.android.vending                  I  AssetManager2(0xb400007c94424618) locale list changing from [] to [en-US]
2025-10-09 22:52:22.243  2242-2487  android.vending         com.android.vending                  I  AssetManager2(0xb400007c94424938) locale list changing from [] to [en-US]
2025-10-09 22:52:22.263  2242-2525  android.vending         com.android.vending                  I  AssetManager2(0xb400007c94429118) locale list changing from [] to [en-US]
2025-10-09 22:52:22.266   634-791   InetDiagMessage         system_server                        D  Destroyed 0 sockets, proto=IPPROTO_TCP, family=AF_INET, states=14
2025-10-09 22:52:22.266   634-791   InetDiagMessage         system_server                        D  Destroyed 0 sockets, proto=IPPROTO_TCP, family=AF_INET6, states=14
2025-10-09 22:52:22.266   634-791   InetDiagMessage         system_server                        D  Destroyed live tcp sockets for uids={10103} in 0ms
2025-10-09 22:52:22.268  2242-2504  android.vending         com.android.vending                  I  AssetManager2(0xb400007c94421d78) locale list changing from [] to [en-US]
2025-10-09 22:52:22.275  2242-2487  android.vending         com.android.vending                  I  AssetManager2(0xb400007c94428df8) locale list changing from [] to [en-US]
2025-10-09 22:52:22.277  1536-2697  ogle.android.as         com.google.android.as                I  AssetManager2(0xb400007c94429a78) locale list changing from [] to [en-US]
2025-10-09 22:52:22.288  2242-2525  android.vending         com.android.vending                  I  AssetManager2(0xb400007c94423038) locale list changing from [] to [en-US]
2025-10-09 22:52:22.291  2242-2487  android.vending         com.android.vending                  I  AssetManager2(0xb400007c94428178) locale list changing from [] to [en-US]
2025-10-09 22:52:22.295  2242-2525  android.vending         com.android.vending                  I  AssetManager2(0xb400007c944271d8) locale list changing from [] to [en-US]
2025-10-09 22:52:22.297  2242-2504  android.vending         com.android.vending                  I  AssetManager2(0xb400007c944242f8) locale list changing from [] to [en-US]
2025-10-09 22:52:22.299  2242-2504  android.vending         com.android.vending                  I  AssetManager2(0xb400007c94426878) locale list changing from [] to [en-US]
2025-10-09 22:52:22.302  2242-2487  android.vending         com.android.vending                  I  AssetManager2(0xb400007c94427818) locale list changing from [] to [en-US]
2025-10-09 22:52:22.305  2242-2487  android.vending         com.android.vending                  I  AssetManager2(0xb400007c94421738) locale list changing from [] to [en-US]
2025-10-09 22:52:22.309  1722-2294  ModuleSetResolution     com.google.android.gms               I  Computing pending module set with APKs: [[AdsFdrDynamite.integ:253405700100000], [Antifingerprinting.optional:253434100000], [Antifingerprinting.optional:253931100000], [Appsearch.optional:253434100400], [Appsearch.optional:253931100400], [MapsCoreDynamite.integ:252725201100400], [MapsCoreDynamite.integ:253425402100400], [MlkitBarcodeUi.optional:253434100400], [MlkitBarcodeUi.optional:253931100400], [MlkitOcrCommon.optional:253434100400], [MlkitOcrCommon.optional:253931100400], [PlayCloudSearch.optional:253434100000], [PlayCloudSearch.optional:253830100000], [PlayCloudSearch.optional:253931100000], [TfliteDynamiteDynamite.integ:243930802100400], [VisionBarcode.optional:253434100400], [VisionBarcode.optional:253931100400], [VisionOcr.optional:253434100000], [VisionOcr.optional:253931100000], [AdsFdrDynamite.integ:250505301100000], [Cronetdynamite:253434260400], [Dynamiteloader:253434260000], [Dynamitemodulesa:253434260000], [Dynamitemodulesc:253434260000], [Googlecertificates:253434260000], [Mapsdynamite:253434260000], [Measurementdynamite:253434260000]]
2025-10-09 22:52:22.310  2242-2525  android.vending         com.android.vending                  I  AssetManager2(0xb400007c94423358) locale list changing from [] to [en-US]
2025-10-09 22:52:22.312  2242-2504  android.vending         com.android.vending                  I  AssetManager2(0xb400007c94426eb8) locale list changing from [] to [en-US]
2025-10-09 22:52:22.323  2242-2487  android.vending         com.android.vending                  I  AssetManager2(0xb400007c94423cb8) locale list changing from [] to [en-US]
2025-10-09 22:52:22.331  2242-2504  android.vending         com.android.vending                  I  AssetManager2(0xb400007c94430198) locale list changing from [] to [en-US]
2025-10-09 22:52:22.334  2242-2525  android.vending         com.android.vending                  I  AssetManager2(0xb400007c94424f78) locale list changing from [] to [en-US]
2025-10-09 22:52:22.338  2242-2487  android.vending         com.android.vending                  I  AssetManager2(0xb400007c94434018) locale list changing from [] to [en-US]
2025-10-09 22:52:22.341  2242-2525  android.vending         com.android.vending                  I  AssetManager2(0xb400007c9442d5d8) locale list changing from [] to [en-US]
2025-10-09 22:52:22.345  1722-3558  constellation           com.google.android.gms               I  [event_manager] Starting session. sessionId: 1e75fa36-abf3-4198-bed2-7d4e777407ae from trigger: 3
2025-10-09 22:52:22.348  2242-2504  android.vending         com.android.vending                  I  AssetManager2(0xb400007c944387f8) locale list changing from [] to [en-US]
2025-10-09 22:52:22.355  2242-2504  android.vending         com.android.vending                  I  AssetManager2(0xb400007c944355f8) locale list changing from [] to [en-US]
2025-10-09 22:52:22.358  2242-2525  android.vending         com.android.vending                  I  AssetManager2(0xb400007c94436bd8) locale list changing from [] to [en-US]
2025-10-09 22:52:22.360  1536-2592  AiAiEcho                com.google.android.as                E  Reading elements from Geller failed with cause
                                                                                                    ilw: Code: UNKNOWN, Message: Geller data fetch is not enabled
                                                                                                    	at imn.a(PG:17)
                                                                                                    	at lhh.b(PG:20)
                                                                                                    	at abge.g(PG:11)
                                                                                                    	at kotlinx.coroutines.DispatchedTask.run(PG:112)
                                                                                                    	at java.util.concurrent.Executors$RunnableAdapter.call(Executors.java:524)
                                                                                                    	at xjo.a(PG:3)
                                                                                                    	at xir.run(PG:19)
                                                                                                    	at xjp.run(PG:5)
                                                                                                    	at java.util.concurrent.Executors$RunnableAdapter.call(Executors.java:524)
                                                                                                    	at java.util.concurrent.FutureTask.run(FutureTask.java:317)
                                                                                                    	at java.util.concurrent.ScheduledThreadPoolExecutor$ScheduledFutureTask.run(ScheduledThreadPoolExecutor.java:348)
                                                                                                    	at java.util.concurrent.ThreadPoolExecutor.runWorker(ThreadPoolExecutor.java:1156)
                                                                                                    	at java.util.concurrent.ThreadPoolExecutor$Worker.run(ThreadPoolExecutor.java:651)
                                                                                                    	at hxw.run(PG:221)
                                                                                                    	at java.lang.Thread.run(Thread.java:1119)
2025-10-09 22:52:22.364  1469-1734  .apps.wellbeing         com.google.android.apps.wellbeing    I  AssetManager2(0xb400007c94412cd8) locale list changing from [] to [en-US]
2025-10-09 22:52:22.366  2242-2504  android.vending         com.android.vending                  I  AssetManager2(0xb400007c94435918) locale list changing from [] to [en-US]
