2025-11-02 13:14:14.078  1027-2041  WindowManager           system_server                        V  Collecting in transition 574: ActivityRecord{aa3e2af u0 com.android.chrome/com.google.android.apps.chrome.IntentDispatcher t442}, caller=com.android.server.wm.TransitionController.collect:7 com.android.server.wm.ActivityRecord.setVisibility:189 com.android.server.wm.ActivityTaskSupervisor.realStartActivityLocked:230 com.android.server.wm.ActivityTaskSupervisor.startSpecificActivity:27 com.android.server.wm.TaskFragment.resumeTopActivity:2187 
2025-11-02 13:14:14.079   765-765   SurfaceFlinger          surfaceflinger                       I  [ActivityRecord{aa3e2af u0 com.android.chrome/com.google.android.apps.chrome.IntentDispatcher t442}#6969] attach to parent LayerHierarchy{RequestedLayerState{Task=442#6918 parentId=11 z=10} 2 children}
2025-11-02 13:14:14.079  1027-2041  SGM:FgCheckThread       system_server                        D  notifyAppCreated(), packageName: com.android.chrome, userId: 0, sendRet: true
2025-11-02 13:14:14.079  1027-1281  SGM:FgCheckThread       system_server                        D  onLooperPrepared(), msg: MSG_APP_CREATE, pkgName: com.android.chrome, userId: 0
2025-11-02 13:14:14.080  1027-2041  InputDispatcher         system_server                        D  Focused application(0): ActivityRecord{aa3e2af u0 com.android.chrome/com.google.android.apps.chrome.IntentDispatcher t442}
2025-11-02 13:14:14.080  1027-2041  WindowManager           system_server                        D  Changing focus from Window{b6baa66 u0 com.udry.app/com.udry.app.MainActivity} to null displayId=0 Callers=com.android.server.wm.ActivityTaskManagerService.setLastResumedActivityUncheckLocked:264 com.android.server.wm.ActivityTaskSupervisor.updateTopResumedActivityIfNeeded:50 com.android.server.wm.TaskFragment.setResumedActivity:29 com.android.server.wm.ActivityRecord.setState:104 
2025-11-02 13:14:14.081  1027-2041  SystemKeyManager        system_server                        V  updateFocusedWindow() is called, 
2025-11-02 13:14:14.081  1027-2041  ActivityTaskManager     system_server                        D  scheduleTopResumedActivityChanged, onTop=true, r=ActivityRecord{aa3e2af u0 com.android.chrome/com.google.android.apps.chrome.IntentDispatcher t442}, caller=com.android.server.wm.ActivityTaskSupervisor.updateTopResumedActivityIfNeeded:62 com.android.server.wm.TaskFragment.setResumedActivity:29 com.android.server.wm.ActivityRecord.setState:104 com.android.server.wm.ActivityTaskSupervisor.realStartActivityLocked:945 com.android.server.wm.ActivityTaskSupervisor.startSpecificActivity:27 com.android.server.wm.TaskFragment.resumeTopActivity:2187 
2025-11-02 13:14:14.083  1027-2041  BLASTSyncEngine         system_server                        D  SyncGroup 574:  Unfinished container: ActivityRecord{aa3e2af u0 com.android.chrome/com.google.android.apps.chrome.IntentDispatcher t442} mSyncState=2
2025-11-02 13:14:14.083  1027-2103  GraphicsStatsService    system_server                        D  requestRenderEngineFor(com.android.chrome)
2025-11-02 13:14:14.083 25179-25179 ActivityThread          com.android.chrome                   D  com.android.chrome will use render engine as VK
2025-11-02 13:14:14.084  1027-1111  SGM:FgCheckThread       system_server                        D  notePauseComponent(), received pkgName: com.udry.app, userId: 0
2025-11-02 13:14:14.084  1027-1111  SGM:FgCheckThread       system_server                        D  notePauseComponent(), received pkgName: com.udry.app, userId: 0
2025-11-02 13:14:14.084  1027-1111  SGM:FgCheckThread       system_server                        D  notifyFocusInOut(). of pkg: com.udry.app, type: 20, isSecGameFamily: false, userId: 0
2025-11-02 13:14:14.084  1027-1377  CocktailBa...eContainer system_server                        I  handleMessage: entry what = 6
2025-11-02 13:14:14.084  1027-1377  CocktailBa...erviceImpl system_server                        I  notePauseComponent : no active host
2025-11-02 13:14:14.086  1027-1111  SGM:GameManager         system_server                        D  identifyGamePackage. com.udry.app, mCurrentUserId: 0, callerUserId: 0, callingMethodInfo: com.samsung.android.game.SemGameManager.isGamePackage(SemGameManager.java:105)
2025-11-02 13:14:14.086  1027-1111  SGM:SemGameManager      system_server                        D  isGamePackage(), pkgName=com.udry.app, ret=false
2025-11-02 13:14:14.086  1027-1111  SGM:FgCheckThread       system_server                        D    notifyFocusInOut(). unexpected type. 20
2025-11-02 13:14:14.086  2780-2780  View                    com.udry.app                         I  setRequestedFrameRate frameRate=-4.0, this=com.getcapacitor.CapacitorWebView{2b3e64e VFEDHVC.. .F...... 0,0-1080,2205 #7f0901cb app:id/webview aid=1073741824}, caller=WV.ef.b:1 WV.fg.h:118 WV.fg.onDraw:7 com.android.webview.chromium.WebViewChromium.onDraw:35 android.webkit.WebView.onDraw:2959 
2025-11-02 13:14:14.090  1027-1111  ActivityManager         system_server                        I  Changes in 90050 15 to 3, 0 to 56
2025-11-02 13:14:14.091  1027-1111  ActivityManager         system_server                        I  Changes in 90046 15 to 3, 0 to 56
2025-11-02 13:14:14.091  1027-1111  ActivityManager         system_server                        I  Changes in 10219 15 to 2, 0 to 127
2025-11-02 13:14:14.091  1027-1111  ActivityManager         system_server                        I  Changes in 10214 15 to 3, 0 to 56
2025-11-02 13:14:14.095 25179-25179 cr_SUCFiltersObserver   com.android.chrome                   I  setting=browser_content_filters_enabled discarding false
2025-11-02 13:14:14.095  1027-1109  PkgPredict...erviceImpl system_server                        D  onForegroundActivitiesChanged pid:25179 uid:10219
2025-11-02 13:14:14.095 25179-25179 cr_SUCFiltersObserver   com.android.chrome                   I  setting=search_content_filters_enabled discarding false
2025-11-02 13:14:14.096  1027-1109  NetworkPolicy           system_server                        D  already checked 10219
2025-11-02 13:14:14.096 25179-25179 ConnectivityManager     com.android.chrome                   D  StackLog: [android.net.ConnectivityManager.sendRequestForNetwork(ConnectivityManager.java:4736)] [android.net.ConnectivityManager.registerDefaultNetworkCallbackForUid(ConnectivityManager.java:5461)] [android.net.ConnectivityManager.registerDefaultNetworkCallback(ConnectivityManager.java:5428)] [e7f.c(chromium-TrichromeChromeGoogle6432.aab-stable-739012333:37)] [m2j.i(chromium-TrichromeChromeGoogle6432.aab-stable-739012333:7)] [org.chromium.base.ApplicationStatus.f(chromium-TrichromeChromeGoogle6432.aab-stable-739012333:241)] [po0.onActivityCreated(chromium-TrichromeChromeGoogle6432.aab-stable-739012333:44)] [android.app.Application.dispatchActivityCreated(Application.java:387)] [android.app.Activity.dispatchActivityCreated(Activity.java:1579)] [android.app.Activity.onCreate(Activity.java:1889)] [org.chromium.chrome.browser.document.ChromeLauncherActivity.onCreate(chromium-TrichromeChromeGoogle6432.aab-stable-739012333:7)] [android.app.Activity.performCreate(Activity.java:9363)] [android.app.Activity.performCreate(Activity.java:9332)] [android.app.Instrumentation.callActivityOnCreate(Instrumentation.java:1526)] [android.app.ActivityThread.performLaunchActivity(ActivityThread.java:4440)] [android.app.ActivityThread.handleLaunchActivity(ActivityThread.java:4689)] [android.app.servertransaction.LaunchActivityItem.execute(LaunchActivityItem.java:112)] [android.app.servertransaction.TransactionExecutor.executeNonLifecycleItem(TransactionExecutor.java:174)] [android.app.servertransaction.TransactionExecutor.executeTransactionItems(TransactionExecutor.java:109)] [android.app.servertransaction.TransactionExecutor.execute(TransactionExecutor.java:81)] [android.app.ActivityThread$H.handleMessage(ActivityThread.java:2899)]
2025-11-02 13:14:14.097  1027-2077  ConnectivityService     system_server                        D  requestNetwork for uid/pid:10219/25179 activeRequest: null callbackRequest: 3825 [NetworkRequest [ REQUEST id=3826, [ Capabilities: INTERNET&NOT_RESTRICTED&TRUSTED&NOT_VCN_MANAGED&NOT_BANDWIDTH_CONSTRAINED Uid: 10219 RequestorUid: 10219 RequestorPkg: com.android.chrome UnderlyingNetworks: Null] ]] callback flags: 0 order: 2147483647 isUidTracked: false declaredMethods: AVAIL|LOST|NC|LP
2025-11-02 13:14:14.098  7504-7555  Rubin                   com.samsung.android.rubin.app        I  [159] U9.b.A(Unknown Source) : Notify com.samsung.android.rubin.inferenceengine.contextanalytics.engine.loggers.AppUsageLogger's database is updated.
2025-11-02 13:14:14.099 25179-25179 ConnectivityManager     com.android.chrome                   D  StackLog: [android.net.ConnectivityManager.sendRequestForNetwork(ConnectivityManager.java:4736)] [android.net.ConnectivityManager.sendRequestForNetwork(ConnectivityManager.java:4904)] [android.net.ConnectivityManager.registerNetworkCallback(ConnectivityManager.java:5321)] [e7f.c(chromium-TrichromeChromeGoogle6432.aab-stable-739012333:79)] [m2j.i(chromium-TrichromeChromeGoogle6432.aab-stable-739012333:7)] [org.chromium.base.ApplicationStatus.f(chromium-TrichromeChromeGoogle6432.aab-stable-739012333:241)] [po0.onActivityCreated(chromium-TrichromeChromeGoogle6432.aab-stable-739012333:44)] [android.app.Application.dispatchActivityCreated(Application.java:387)] [android.app.Activity.dispatchActivityCreated(Activity.java:1579)] [android.app.Activity.onCreate(Activity.java:1889)] [org.chromium.chrome.browser.document.ChromeLauncherActivity.onCreate(chromium-TrichromeChromeGoogle6432.aab-stable-739012333:7)] [android.app.Activity.performCreate(Activity.java:9363)] [android.app.Activity.performCreate(Activity.java:9332)] [android.app.Instrumentation.callActivityOnCreate(Instrumentation.java:1526)] [android.app.ActivityThread.performLaunchActivity(ActivityThread.java:4440)] [android.app.ActivityThread.handleLaunchActivity(ActivityThread.java:4689)] [android.app.servertransaction.LaunchActivityItem.execute(LaunchActivityItem.java:112)] [android.app.servertransaction.TransactionExecutor.executeNonLifecycleItem(TransactionExecutor.java:174)] [android.app.servertransaction.TransactionExecutor.executeTransactionItems(TransactionExecutor.java:109)] [android.app.servertransaction.TransactionExecutor.execute(TransactionExecutor.java:81)] [android.app.ActivityThread$H.handleMessage(ActivityThread.java:2899)]
2025-11-02 13:14:14.100  1027-2105  SGM:GameManager         system_server                        D  identifyForegroundApp. com.udry.app, mCurrentUserId: 0, callerUserId: 0
2025-11-02 13:14:14.100  2598-2665  RequestManager_FLP      com.sec.location.nsflp2              I  onOpChanged, op=0 / packageName=com.android.chrome
2025-11-02 13:14:14.101 25179-25179 cr_OfflineDetector      com.android.chrome                   I  Running updateState mConnectivityDetectorInitialized: true, mTimeWhenLastForegrounded: 393891513, getElapsedTime: 393891513, mTimeWhenLastOfflineNotificationReceived: 0, mTimeWhenLastOnline: 340001018, mTimeWhenAirplaneModeToggledOff: 0 mApplicationState: 1, mIsOfflineLastReportedByConnectivityDetector: false, mInAirplaneMode: false mIsEffectivelyOffline: false
2025-11-02 13:14:14.101 25179-25179 cr_OfflineDetector      com.android.chrome                   I  updateState(): timeSinceLastForeground: 0, timeSinceOfflineNotificationReceived: 393891513, timeSinceLastOnline: 53890495, timeNeededForForeground: 2000, timeNeededForOffline: -393889513 timeSinceAirplaneModeToggledOff: 393891513 timeNeededAfterConnectionChangeFromOnlineToOffline: -53880495 timeNeededAfterConnectionChangeFromAirplaneToOffline: 0
2025-11-02 13:14:14.102   765-765   BpBinder                surfaceflinger                       I  onLastStrongRef automatically unlinking death recipients: 
2025-11-02 13:14:14.103  2780-2780  View                    com.udry.app                         I  setRequestedFrameRate frameRate=-4.0, this=com.getcapacitor.CapacitorWebView{2b3e64e VFEDHVC.. .F...... 0,0-1080,2205 #7f0901cb app:id/webview aid=1073741824}, caller=WV.ef.b:1 WV.fg.h:118 WV.fg.onDraw:7 com.android.webview.chromium.WebViewChromium.onDraw:35 android.webkit.WebView.onDraw:2959 
2025-11-02 13:14:14.103   901-5944  CameraService           cameraserver                         I  onUidStateChanged: uid=10219, procState is changed. (15 -> 2)
2025-11-02 13:14:14.105   765-845   SurfaceFlinger          surfaceflinger                       D  [input] setFocusedWindow: <null>
2025-11-02 13:14:14.107 25179-25179 cr_ActivityDispatcher   com.android.chrome                   W  CustomTabsIntent#shouldAlwaysUseBrowserUI() = false
2025-11-02 13:14:14.107 25179-25179 cr_ActivityDispatcher   com.android.chrome                   W  CustomTabsIntent#shouldAlwaysUseBrowserUI() = false
2025-11-02 13:14:14.107  1027-3640  InputDispatcher         system_server                        D  Once focus requested (0): <null>
2025-11-02 13:14:14.107  1027-3640  InputDispatcher         system_server                        D  Focus request (0): <null> but waiting because NO_WINDOW
2025-11-02 13:14:14.107  1027-3640  InputDispatcher         system_server                        D  Focus left window (0): b6baa66 com.udry.app/com.udry.app.MainActivity
2025-11-02 13:14:14.109  1027-2595  ActivityManager         system_server                        D  unpendingScheduleServiceRestart: u=10143, drop=false
2025-11-02 13:14:14.110  1027-2095  ActivityTaskManager     system_server                        D  startActivityAsUser: callingPid=25179, callingUid=10219, caller=com.android.server.wm.ActivityTaskManagerService.startActivity:120 android.app.IActivityTaskManager$Stub.onTransact:1356 com.android.server.wm.ActivityTaskManagerService.onTransact:1 android.os.Binder.execTransactInternal:1536 android.os.Binder.execTransact:1480 <bottom of call stack> <bottom of call stack> 
2025-11-02 13:14:14.110  1027-1111  SGM:GameManager         system_server                        D  identifyGamePackage. com.android.chrome, mCurrentUserId: 0, callerUserId: 0, callingMethodInfo: com.samsung.android.game.SemGameManager.isGamePackage(SemGameManager.java:105)
2025-11-02 13:14:14.110  1027-1111  SGM:SemGameManager      system_server                        D  isGamePackage(), pkgName=com.android.chrome, ret=false
2025-11-02 13:14:14.111  1027-1325  ConnectivityService     system_server                        D     accepting network in place of null for NetworkRequest [ REQUEST id=3826, [ Capabilities: INTERNET&NOT_RESTRICTED&TRUSTED&NOT_VCN_MANAGED&NOT_BANDWIDTH_CONSTRAINED Uid: 10219 RequestorUid: 10219 RequestorPkg: com.android.chrome UnderlyingNetworks: Null] ]
2025-11-02 13:14:14.112  2780-2780  View                    com.udry.app                         I  setRequestedFrameRate frameRate=-4.0, this=com.getcapacitor.CapacitorWebView{2b3e64e VFEDHVC.. .F...... 0,0-1080,2205 #7f0901cb app:id/webview aid=1073741824}, caller=WV.ef.b:1 WV.fg.h:118 WV.fg.onDraw:7 com.android.webview.chromium.WebViewChromium.onDraw:35 android.webkit.WebView.onDraw:2959 
2025-11-02 13:14:14.114  1027-1309  WifiNetworkFactory      system_server                        D  got request NetworkRequest [ REQUEST id=3826, [ Capabilities: INTERNET&NOT_RESTRICTED&TRUSTED&NOT_VCN_MANAGED&NOT_BANDWIDTH_CONSTRAINED Uid: 10219 RequestorUid: 10219 RequestorPkg: com.android.chrome UnderlyingNetworks: Null] ]
2025-11-02 13:14:14.114  1027-1195  SGM:GameManager         system_server                        D  identifyGamePackage. com.android.chrome, mCurrentUserId: 0, callerUserId: 0, callingMethodInfo: com.samsung.android.game.IGameManagerService$Stub.onTransact(IGameManagerService.java:228)
2025-11-02 13:14:14.115  1027-1309  UntrustedW...orkFactory system_server                        D  got request NetworkRequest [ REQUEST id=3826, [ Capabilities: INTERNET&NOT_RESTRICTED&TRUSTED&NOT_VCN_MANAGED&NOT_BANDWIDTH_CONSTRAINED Uid: 10219 RequestorUid: 10219 RequestorPkg: com.android.chrome UnderlyingNetworks: Null] ]
2025-11-02 13:14:14.115  7504-7555  Rubin                   com.samsung.android.rubin.app        I  [159] com.samsung.android.rubin.inferenceengine.contextanalytics.engine.monitors.moment.exercise.ExercisingWithCalendarMonitor.isSatisfiedByCalendarEvent(Unknown Source) : isSatisfiedByCalendarEvent is false
2025-11-02 13:14:14.115  1027-1309  OemPaidWif...orkFactory system_server                        D  got request NetworkRequest [ REQUEST id=3826, [ Capabilities: INTERNET&NOT_RESTRICTED&TRUSTED&NOT_VCN_MANAGED&NOT_BANDWIDTH_CONSTRAINED Uid: 10219 RequestorUid: 10219 RequestorPkg: com.android.chrome UnderlyingNetworks: Null] ]
2025-11-02 13:14:14.115  1027-1309  MultiInter...orkFactory system_server                        D  got request NetworkRequest [ REQUEST id=3826, [ Capabilities: INTERNET&NOT_RESTRICTED&TRUSTED&NOT_VCN_MANAGED&NOT_BANDWIDTH_CONSTRAINED Uid: 10219 RequestorUid: 10219 RequestorPkg: com.android.chrome UnderlyingNetworks: Null] ]
2025-11-02 13:14:14.115  1027-1194  BaseRestrictionMgr      system_server                        D  Package: com.sec.android.app.chromecustomizations, userid: 0, hostingType: provider is allowed by freecess, caller is: com.android.chrome
2025-11-02 13:14:14.116  1027-1325  ConnectivityService     system_server                        D  Rematched networks [computed 0ms] [applied 2ms] [issued 2]
2025-11-02 13:14:14.116  1027-1325  ConnectivityService     system_server                        D  NetworkReassignment :
                                                                                                      3826 : null  214
2025-11-02 13:14:14.116  1027-2095  ActivityTaskManager     system_server                        D  TaskLaunchParamsModifier:task=null activity=null display-area-from-source=DefaultTaskDisplayArea_d0@243727128 display-id=0 task-display-area-windowing-mode=1 suggested-display-area=DefaultTaskDisplayArea_d0@243727128
2025-11-02 13:14:14.116  1027-2095  OptProp                 system_server                        W  Cannot read opt property android.window.PROPERTY_COMPAT_ALLOW_ORIENTATION_OVERRIDE
2025-11-02 13:14:14.116  1027-2095  Grammatica...ctionUtils system_server                        V  AttributionSource: AttributionSource { uid = 10219, packageName = null, attributionTag = null, token = android.os.Binder@1b379, deviceId = 0, next = null } does not have READ_SYSTEM_GRAMMATICAL_GENDER permission.
2025-11-02 13:14:14.116  1027-2095  OptProp                 system_server                        W  Cannot read opt property android.window.PROPERTY_COMPAT_ALLOW_RESIZEABLE_ACTIVITY_OVERRIDES
2025-11-02 13:14:14.116  1027-2095  OptProp                 system_server                        W  Cannot read opt property android.window.PROPERTY_COMPAT_ALLOW_MIN_ASPECT_RATIO_OVERRIDE
2025-11-02 13:14:14.117  7504-7555  Rubin                   com.samsung.android.rubin.app        I  [159] com.samsung.android.rubin.inferenceengine.contextanalytics.engine.monitors.moment.exercise.ExercisingWithCmhMonitor.isSatisfiedByCmh(Unknown Source) : isSatisfiedByCmh is false
2025-11-02 13:14:14.118  1027-1195  UserManagerService      system_server                        W  Requested status bar icon for non-badged user 0
2025-11-02 13:14:14.118  1027-1194  ActivityManager         system_server                        I  Changes in 10143 19 to 3, 0 to 16
2025-11-02 13:14:14.119  1027-2095  WindowManager           system_server                        V  Collecting in transition 574: ActivityRecord{43984a1 u0 com.android.chrome/org.chromium.chrome.browser.ChromeTabbedActivity, caller=com.android.server.wm.TransitionController.collect:7 com.android.server.wm.ActivityStarter.startActivityUnchecked:626 com.android.server.wm.ActivityStarter.executeRequest:3397 com.android.server.wm.ActivityStarter.execute:1122 com.android.server.wm.ActivityTaskManagerService.startActivityAsUser:88 
2025-11-02 13:14:14.119  1027-2095  ActivityTaskManager     system_server                        D  TaskLaunchParamsModifier:task=null activity=ActivityRecord{43984a1 u0 com.android.chrome/org.chromium.chrome.browser.ChromeTabbedActivity t-1} display-area-from-source=DefaultTaskDisplayArea_d0@243727128 display-id=0 task-display-area-windowing-mode=1 suggested-display-area=DefaultTaskDisplayArea_d0@243727128
2025-11-02 13:14:14.120  1027-2095  ActivityTaskManager     system_server                        D  TaskLaunchParamsModifier:task=Task{9e9b3bc #370 type=standard A=10219:com.android.chrome} activity=ActivityRecord{43984a1 u0 com.android.chrome/org.chromium.chrome.browser.ChromeTabbedActivity t-1} display-area-from-source=DefaultTaskDisplayArea_d0@243727128 display-id=0 task-display-area-windowing-mode=1 suggested-display-area=DefaultTaskDisplayArea_d0@243727128 inherit-from-source=fullscreen non-freeform-task-display-area display-area=DefaultTaskDisplayArea_d0@243727128 default-portrait freeform-size-mismatch=Rect(81, 565 - 999, 1735)
2025-11-02 13:14:14.120  1027-1325  ConnectivityService     system_server                        D  Rematched networks [computed 1ms] [applied 1ms] [issued 2]
2025-11-02 13:14:14.120  1027-1325  ConnectivityService     system_server                        D  NetworkReassignment : no changes
2025-11-02 13:14:14.120  1027-2095  WindowManager           system_server                        V  Collecting in transition 574: ActivityRecord{88523af u0 com.android.chrome/com.google.android.apps.chrome.Main t370}, caller=com.android.server.wm.TransitionController.collect:7 com.android.server.wm.ActivityStarter.startActivityInner:1824 com.android.server.wm.ActivityStarter.startActivityUnchecked:639 com.android.server.wm.ActivityStarter.executeRequest:3397 com.android.server.wm.ActivityStarter.execute:1122 
2025-11-02 13:14:14.120  1027-2095  WindowManager           system_server                        D  prepareSync <SYNC_STATE_WAITING_FOR_DRAW>, mPrepareSyncSeqId=0, win=Window{bd9988f u0 com.android.chrome/com.google.android.apps.chrome.Main}
2025-11-02 13:14:14.120  1027-2095  Pageboost               system_server                        I  moveTaskToFront : 10219:com.android.chrome
2025-11-02 13:14:14.121  1027-2095  ActivityTaskManager     system_server                        D  scheduleTopResumedActivityChanged, onTop=false, r=ActivityRecord{aa3e2af u0 com.android.chrome/com.google.android.apps.chrome.IntentDispatcher t442}, caller=com.android.server.wm.ActivityTaskSupervisor.scheduleTopResumedActivityStateLossIfNeeded:11 com.android.server.wm.ActivityTaskSupervisor.updateTopResumedActivityIfNeeded:19 com.android.server.wm.TaskDisplayArea.positionChildAt:259 com.android.server.wm.Task.moveToFront:365 com.android.server.wm.ActivityRecord.moveFocusableActivityToTop:259 com.android.server.wm.Task.moveTaskToFront:196 
2025-11-02 13:14:14.122  1027-2095  WindowManager           system_server                        V  Checking theme of starting window: 0x7f1506bf
2025-11-02 13:14:14.122  2660-2660  pageboostd              pageboostd                           E  Received HALT command code 2
2025-11-02 13:14:14.122  1027-2095  WindowManager           system_server                        V  Translucent=false Floating=false ShowWallpaper=false Disable=false
2025-11-02 13:14:14.122  1027-2095  ActivityTaskManager     system_server                        D  addStartingWindow: type=0 typeParameter=56
2025-11-02 13:14:14.123  1027-2095  WindowManager           system_server                        V  Collecting in transition 574: ActivityRecord{43984a1 u0 com.android.chrome/org.chromium.chrome.browser.ChromeTabbedActivity t-1}, caller=com.android.server.wm.Transition.collectExistenceChange:42 com.android.server.wm.ActivityStarter.handleStartResult:523 com.android.server.wm.ActivityStarter.startActivityUnchecked:653 com.android.server.wm.ActivityStarter.executeRequest:3397 com.android.server.wm.ActivityStarter.execute:1122 
2025-11-02 13:14:14.125  1027-2095  Pageboost               system_server                        I  stop alp
2025-11-02 13:14:14.125  1027-2095  ActivityTaskManager     system_server                        I  START u0 {act=android.intent.action.VIEW dat=https://checkout.stripe.com/... flg=0x14002000 cmp=com.android.chrome/org.chromium.chrome.browser.ChromeTabbedActivity (has extras)} with LAUNCH_SINGLE_INSTANCE_PER_TASK from uid 10219 (BAL_ALLOW_VISIBLE_WINDOW) result code=2
2025-11-02 13:14:14.125  2660-2660  pageboostd              pageboostd                           E  Received HALT command code 2
2025-11-02 13:14:14.126  1027-1377  CocktailBa...eContainer system_server                        I  handleMessage: entry what = 5
2025-11-02 13:14:14.127  1027-1377  CocktailBa...erviceImpl system_server                        I  noteResumeComponent : no active host
2025-11-02 13:14:14.127  1027-1194  WindowManager           system_server                        V  Collecting in transition 574: ActivityRecord{aa3e2af u0 com.android.chrome/com.google.android.apps.chrome.IntentDispatcher t442 f}}, caller=com.android.server.wm.Transition.collectExistenceChange:42 com.android.server.wm.Transition.collectClose:7 com.android.server.wm.ActivityRecord.finishIfPossible:43 com.android.server.wm.ActivityClientController.finishActivity:225 android.app.IActivityClientController$Stub.onTransact:822 
2025-11-02 13:14:14.127  2780-2780  View                    com.udry.app                         I  setRequestedFrameRate frameRate=-4.0, this=com.getcapacitor.CapacitorWebView{2b3e64e VFEDHVC.. .F...... 0,0-1080,2205 #7f0901cb app:id/webview aid=1073741824}, caller=WV.ef.b:1 WV.fg.h:118 WV.fg.onDraw:7 com.android.webview.chromium.WebViewChromium.onDraw:35 android.webkit.WebView.onDraw:2959 
2025-11-02 13:14:14.130 25179-25179 DecorView               com.android.chrome                   I  setWindowBackground: isPopOver=false color=fff1f1f3 d=null
2025-11-02 13:14:14.130  1027-1111  SGM:FgCheckThread       system_server                        D  noteResumeComponent(), received pkgName: com.android.chrome, userId: 0
2025-11-02 13:14:14.130  3493-18414 SDHMS:l                 com.sec.android.sdhms                I  handleResumeComponent : put = com.android.chrome, userid = 0 instanceid =114225562
2025-11-02 13:14:14.132  2780-2780  ImeFocusController      com.udry.app                         I  onPreWindowFocus: skipped hasWindowFocus=false mHasImeFocus=true
2025-11-02 13:14:14.132  2780-2780  ImeFocusController      com.udry.app                         I  onPostWindowFocus: skipped hasWindowFocus=false mHasImeFocus=true
2025-11-02 13:14:14.133  1027-3640  WindowManager           system_server                        V  Collecting in transition 574: ActivityRecord{aa3e2af u0 com.android.chrome/com.google.android.apps.chrome.IntentDispatcher t442 f}}, caller=com.android.server.wm.TransitionController.collect:7 com.android.server.wm.ActivityRecord.setVisibility:189 com.android.server.wm.TaskFragment.resumeTopActivity:1600 com.android.server.wm.Task.resumeTopActivityInnerLocked:98 com.android.server.wm.Task.resumeTopActivityUncheckedLocked:23 
2025-11-02 13:14:14.134  1027-3640  WindowManager           system_server                        V  Collecting in transition 574: ActivityRecord{88523af u0 com.android.chrome/com.google.android.apps.chrome.Main t370}, caller=com.android.server.wm.TransitionController.collect:7 com.android.server.wm.ActivityRecord.setVisibility:189 com.android.server.wm.TaskFragment.resumeTopActivity:1718 com.android.server.wm.Task.resumeTopActivityInnerLocked:98 com.android.server.wm.Task.resumeTopActivityUncheckedLocked:23 
2025-11-02 13:14:14.134  1027-3640  WindowManager           system_server                        V  Setting visibility of Window{bd9988f u0 com.android.chrome/com.google.android.apps.chrome.Main}: true, caller=com.android.server.wm.WindowContainer.sendAppVisibilityToClients:19 com.android.server.wm.WindowToken.setClientVisible:49 com.android.server.wm.ActivityRecord.setVisibility:392 com.android.server.wm.TaskFragment.resumeTopActivity:1718 com.android.server.wm.Task.resumeTopActivityInnerLocked:98 
2025-11-02 13:14:14.134  1027-3640  SGM:FgCheckThread       system_server                        D  TaskStackListener.onTaskFocusChanged(), taskId=442, focused=false
2025-11-02 13:14:14.134  1027-3640  SGM:FgCheckThread       system_server                        D  TaskStackListener.onTaskFocusChanged(), taskId=370, focused=true
2025-11-02 13:14:14.135  1027-3640  SGM:FgCheckThread       system_server                        D    sendRunningComponentFocus(), pkgName: com.android.chrome, userId: 0
2025-11-02 13:14:14.135  1027-3640  InputDispatcher         system_server                        D  Focused application(0): ActivityRecord{88523af u0 com.android.chrome/com.google.android.apps.chrome.Main t370}
2025-11-02 13:14:14.135  1027-3640  ActivityTaskManager     system_server                        D  scheduleTopResumedActivityChanged, onTop=true, r=ActivityRecord{88523af u0 com.android.chrome/com.google.android.apps.chrome.Main t370}, caller=com.android.server.wm.ActivityTaskSupervisor.updateTopResumedActivityIfNeeded:62 com.android.server.wm.TaskFragment.setResumedActivity:29 com.android.server.wm.ActivityRecord.setState:104 com.android.server.wm.TaskFragment.resumeTopActivity:1800 com.android.server.wm.Task.resumeTopActivityInnerLocked:98 com.android.server.wm.Task.resumeTopActivityUncheckedLocked:23 
2025-11-02 13:14:14.136  1027-3640  WindowManager           system_server                        V  Collecting in transition 574: ActivityRecord{8b62958 u0 com.udry.app/.MainActivity t442}, caller=com.android.server.wm.TransitionController.collect:7 com.android.server.wm.ActivityRecord.setVisibility:189 com.android.server.wm.ActivityRecord.makeInvisible:39 com.android.server.wm.EnsureActivitiesVisibleHelper.process:637 com.android.server.wm.TaskFragment.updateActivityVisibilities:12 
2025-11-02 13:14:14.136  1027-3640  WindowManager           system_server                        V  rotationForOrientation(orient=SCREEN_ORIENTATION_UNSPECIFIED (-1), last=ROTATION_0 (0)); user=ROTATION_0 (0) USER_ROTATION_LOCKED
2025-11-02 13:14:14.136  1027-3640  WindowManager           system_server                        D  rotationForOrientation, orientationSource=ActivityRecord{88523af u0 com.android.chrome/com.google.android.apps.chrome.Main t370}
2025-11-02 13:14:14.137  1027-3640  WindowManager           system_server                        V  Computed rotation=ROTATION_0 (0) for display id=0 based on lastOrientation=SCREEN_ORIENTATION_UNSPECIFIED (-1) and oldRotation=ROTATION_0 (0), caller=com.android.server.wm.DisplayRotation.updateOrientation:25 com.android.server.wm.DisplayContent.updateOrientation:65 com.android.server.wm.DisplayContent.updateOrientation:11 com.android.server.wm.RootWindowContainer.ensureVisibilityAndConfig:7 com.android.server.wm.TaskFragment.resumeTopActivity:1819 com.android.server.wm.Task.resumeTopActivityInnerLocked:98 
2025-11-02 13:14:14.137  1027-1281  SGM:FgCheckThread       system_server                        D  onLooperPrepared(), msg: MSG_TASK_FOCUSED, pkgName: com.android.chrome, userId: 0
2025-11-02 13:14:14.138  1027-1281  SGM:FgCheckThread       system_server                        D  handleTaskFocused().
2025-11-02 13:14:14.138  1027-3640  WindowManagerServiceExt system_server                        D  updateTaskbarTargetIfNeeded: cn=ComponentInfo{com.android.chrome/com.google.android.apps.chrome.Main} occludesParent=true isInSplitScreenMode=false styleFloating=false
2025-11-02 13:14:14.138  2780-2780  View                    com.udry.app                         I  setRequestedFrameRate frameRate=-4.0, this=com.getcapacitor.CapacitorWebView{2b3e64e VFEDHVC.. .F...... 0,0-1080,2205 #7f0901cb app:id/webview aid=1073741824}, caller=WV.ef.b:1 WV.fg.h:118 WV.fg.onDraw:7 com.android.webview.chromium.WebViewChromium.onDraw:35 android.webkit.WebView.onDraw:2959 
2025-11-02 13:14:14.138  1027-1351  AS.MultiSoundManager    system_server                        D  mForegroundUid = 10219
2025-11-02 13:14:14.138  1027-1281  SGM:FgCheckThread       system_server                        D    handleTaskFocused(), pkgName: com.android.chrome, userID:0
2025-11-02 13:14:14.138  1027-1281  SGM:FgCheckThread       system_server                        D  handleResume().
2025-11-02 13:14:14.139  1027-1281  SGM:FgCheckThread       system_server                        D  sendFocusOutConditionally() - mPrevNotiPkg: (unknown), userId: 0
2025-11-02 13:14:14.139  1027-1281  SGM:FgCheckThread       system_server                        D    handleResume(). pkgName: com.android.chrome, userId: 0, category: non-game
2025-11-02 13:14:14.139  1027-1281  SGM:FgCheckThread       system_server                        D  notifyFocusInOut(). of pkg: com.android.chrome, type: 4, isSecGameFamily: false, userId: 0
2025-11-02 13:14:14.139  1027-1281  SGM:FgCheckThread       system_server                        D    notifyFocusInOut(). unexpected mPrevNotiType: -1
2025-11-02 13:14:14.139  1027-1281  SGM:SystemHelper        system_server                        D  callReleaseBlock needReleaseBlock:false
2025-11-02 13:14:14.139  1027-3640  BLASTSyncEngine         system_server                        D  SyncGroup 574:  Unfinished container: ActivityRecord{88523af u0 com.android.chrome/com.google.android.apps.chrome.Main t370} mSyncState=2
2025-11-02 13:14:14.140 25179-25179 VRI[Main]@95c91f7       com.android.chrome                   I  handleAppVisibility mAppVisible = false visible = true
2025-11-02 13:14:14.140 25179-25179 VRI[Main]@95c91f7       com.android.chrome                   I  stopped(false) old = true
2025-11-02 13:14:14.140 25179-25179 VRI[Main]@95c91f7       com.android.chrome                   D  WindowStopped on com.android.chrome/com.google.android.apps.chrome.Main set to false
2025-11-02 13:14:14.141  1027-1111  ChimeraSys...ntListener system_server                        I  appLaunchIntent package name is: com.android.chrome
2025-11-02 13:14:14.144  2153-2328  HoneySpace...TaskSource com.sec.android.app.launcher         I  onTaskMovedToFront : taskId = 370, displayId = 0
2025-11-02 13:14:14.144 25179-25179 JobInfo                 com.android.chrome                   W  Job 'com.android.chrome/org.chromium.components.background_task_scheduler.internal.BackgroundTaskJobService#112' has a deadline with no functional constraints. The deadline won't improve job execution latency. Consider removing the deadline.
2025-11-02 13:14:14.145 25179-25179 cr_ActivityDispatcher   com.android.chrome                   W  CustomTabsIntent#shouldAlwaysUseBrowserUI() = false
2025-11-02 13:14:14.149  1027-1111  SGM:FgCheckThread       system_server                        D  notePauseComponent(), received pkgName: com.android.chrome, userId: 0
2025-11-02 13:14:14.149  1027-1111  SGM:FgCheckThread       system_server                        D  notePauseComponent(), received pkgName: com.android.chrome, userId: 0
2025-11-02 13:14:14.149  1027-1111  SGM:FgCheckThread       system_server                        D  notifyFocusInOut(). of pkg: com.android.chrome, type: 20, isSecGameFamily: false, userId: 0
2025-11-02 13:14:14.151  1027-1377  CocktailBa...eContainer system_server                        I  handleMessage: entry what = 6
2025-11-02 13:14:14.151  1027-1377  CocktailBa...erviceImpl system_server                        I  notePauseComponent : no active host
2025-11-02 13:14:14.151  2153-2330  HoneySpace...askUseCase com.sec.android.app.launcher         I  topTaskId 370, DisplayId : 0
2025-11-02 13:14:14.152  1502-1715  WindowManagerShell      com.android.systemui                 D  onActivityRestartAttempt: ComponentInfo{com.android.chrome/org.chromium.chrome.browser.ChromeTabbedActivity}
2025-11-02 13:14:14.153 25179-25179 cr_PartnerCustomize     com.android.chrome                   W  Another initializeAsync is already in progress.
2025-11-02 13:14:14.154  2153-2744  HoneySpace.RecentTasks  com.sec.android.app.launcher         I  onRecentTasksChanged
2025-11-02 13:14:14.154  1027-1111  SGM:GameManager         system_server                        D  identifyGamePackage. com.android.chrome, mCurrentUserId: 0, callerUserId: 0, callingMethodInfo: com.samsung.android.game.SemGameManager.isGamePackage(SemGameManager.java:105)
2025-11-02 13:14:14.154  1027-1195  CoreBackPreview         system_server                        D  Window{bd9988f u0 com.android.chrome/com.google.android.apps.chrome.Main}: Setting back callback OnBackInvokedCallbackInfo{mCallback=android.window.IOnBackInvokedCallback$Stub$Proxy@c8c9dd, mPriority=0, mIsAnimationCallback=true}
2025-11-02 13:14:14.154  1027-1111  SGM:SemGameManager      system_server                        D  isGamePackage(), pkgName=com.android.chrome, ret=false
2025-11-02 13:14:14.154  1027-1111  SGM:FgCheckThread       system_server                        D    notifyFocusInOut(). unexpected type. 20
2025-11-02 13:14:14.154 25179-25179 cr_ChromeActivity       com.android.chrome                   I  onNewIntentWithNative: exiting picture in picture if needed
2025-11-02 13:14:14.154 25179-25179 cr_VideoPersist         com.android.chrome                   I  Framework exited picture in picture
2025-11-02 13:14:14.154 25179-25179 cr_VideoPersist         com.android.chrome                   I  Exited picture in picture with reason: 0
2025-11-02 13:14:14.155 25179-25179 cr_Tab                  com.android.chrome                   E  Tab couldn't be loaded because Context was null.
2025-11-02 13:14:14.160  2153-2328  HoneySpace...TaskSource com.sec.android.app.launcher         I  onTaskFocusChanged(): taskId = 370
2025-11-02 13:14:14.160  2153-2328  HoneySpace...TaskSource com.sec.android.app.launcher         I  onTaskMovedToFront : taskId = 370, displayId = 0
2025-11-02 13:14:14.163  2780-2780  View                    com.udry.app                         I  setRequestedFrameRate frameRate=-4.0, this=com.getcapacitor.CapacitorWebView{2b3e64e VFEDHVC.. .F...... 0,0-1080,2205 #7f0901cb app:id/webview aid=1073741824}, caller=WV.ef.b:1 WV.fg.h:118 WV.fg.onDraw:7 com.android.webview.chromium.WebViewChromium.onDraw:35 android.webkit.WebView.onDraw:2959 
2025-11-02 13:14:14.165  1027-1377  CocktailBa...eContainer system_server                        I  handleMessage: entry what = 5
2025-11-02 13:14:14.165  1027-1377  CocktailBa...erviceImpl system_server                        I  noteResumeComponent : no active host
2025-11-02 13:14:14.166  1502-1502  {OngoingAc...ontroller} com.android.systemui                 I  onTaskFocusChanged focused:false, baseActivity:ComponentInfo{com.udry.app/com.udry.app.MainActivity}
2025-11-02 13:14:14.168  1027-1111  SGM:FgCheckThread       system_server                        D  noteResumeComponent(), received pkgName: com.android.chrome, userId: 0
2025-11-02 13:14:14.169  1502-1502  {OngoingAc...ontroller} com.android.systemui                 I  onTaskFocusChanged focused:true, baseActivity:ComponentInfo{com.android.chrome/org.chromium.chrome.browser.ChromeTabbedActivity}
2025-11-02 13:14:14.169  2153-2744  HoneySpace...5375@OneUI com.sec.android.app.launcher         I  Illegal access. Unknown type. skip load history items
2025-11-02 13:14:14.169  3493-8532  SDHMS:l                 com.sec.android.sdhms                I  handleResumeComponent : put = com.android.chrome, userid = 0 instanceid =212664133
2025-11-02 13:14:14.169  1027-1281  SGM:FgCheckThread       system_server                        D  onLooperPrepared(), msg: MSG_APP_RESUME, pkgName: com.android.chrome, userid: 0
2025-11-02 13:14:14.169  1027-1281  SGM:FgCheckThread       system_server                        D  handleResume().
2025-11-02 13:14:14.170  1027-1281  SGM:FgCheckThread       system_server                        D  sendFocusOutConditionally() - mPrevNotiPkg: (unknown), userId: 0
2025-11-02 13:14:14.170  1027-1281  SGM:FgCheckThread       system_server                        D    handleResume(). pkgName: com.android.chrome, userId: 0, category: non-game
2025-11-02 13:14:14.171  1027-1281  SGM:FgCheckThread       system_server                        D  notifyFocusInOut(). of pkg: com.android.chrome, type: 4, isSecGameFamily: false, userId: 0
2025-11-02 13:14:14.171  1027-1281  SGM:FgCheckThread       system_server                        D    notifyFocusInOut(). unexpected mPrevNotiType: -1
2025-11-02 13:14:14.171  1027-2095  ActivityManager         system_server                        I  Changes in 90046 3 to 17, 56 to 0
2025-11-02 13:14:14.171  1027-1281  SGM:SystemHelper        system_server                        D  callReleaseBlock needReleaseBlock:false
2025-11-02 13:14:14.172 31898-31898 BoundBrokerSvc          com.google.android.gms               D  onBind: Intent { act=com.google.android.gms.chromesync.service.firstparty.START dat=chimera-action:/... cmp=com.google.android.gms/.chimera.GmsApiService }
2025-11-02 13:14:14.173 31898-31898 BoundBrokerSvc          com.google.android.gms               D  Loading bound service for intent: Intent { act=com.google.android.gms.chromesync.service.firstparty.START dat=chimera-action:/... cmp=com.google.android.gms/.chimera.GmsApiService }
2025-11-02 13:14:14.176  1502-1502  {OngoingAc...ataHelper} com.android.systemui                 I  setBaseActivityComponentName:ComponentInfo{com.android.chrome/org.chromium.chrome.browser.ChromeTabbedActivity}
2025-11-02 13:14:14.180 25179-25179 InputMethodManager      com.android.chrome                   I  invalidateInput
2025-11-02 13:14:14.187  1027-2262  ActivityManager         system_server                        I  Changes in 90052 8 to 3, 0 to 56
2025-11-02 13:14:14.188 25179-25179 InputMethodManager      com.android.chrome                   I  invalidateInput
2025-11-02 13:14:14.189 31898-31898 BoundBrokerSvc          com.google.android.gms               D  onBind: Intent { act=com.google.android.gms.safebrowsing.SafeBrowsingService.START dat=chimera-action:/... cmp=com.google.android.gms/.chimera.GmsBoundBrokerService }
2025-11-02 13:14:14.189 31898-31898 BoundBrokerSvc          com.google.android.gms               D  Loading bound service for intent: Intent { act=com.google.android.gms.safebrowsing.SafeBrowsingService.START dat=chimera-action:/... cmp=com.google.android.gms/.chimera.GmsBoundBrokerService }
2025-11-02 13:14:14.193 25179-25179 cr_VideoPersist         com.android.chrome                   I  Dismiss activity with reason 4
2025-11-02 13:14:14.195 25179-25179 cr_A11yState            com.android.chrome                   I  Enabled accessibility services list updated. []
2025-11-02 13:14:14.196 25179-25179 cr_A11yState            com.android.chrome                   I  Informing listeners of changes.
2025-11-02 13:14:14.196 25179-25179 cr_A11yState            com.android.chrome                   I  New AccessibilityState: State{isComplexUserInteractionServiceEnabled=false, isTouchExplorationEnabled=false, isPerformGesturesEnabled=false, isAnyAccessibilityServiceEnabled=false, isAccessibilityToolPresent=false, isTextShowPasswordEnabled=false, isOnlyAutofillRunning=false, isOnlyPasswordManagersEnabled=false, isKnownScreenReaderEnabled=false}
2025-11-02 13:14:14.196  2780-2780  View                    com.udry.app                         I  setRequestedFrameRate frameRate=-4.0, this=com.getcapacitor.CapacitorWebView{2b3e64e VFEDHVC.. .F...... 0,0-1080,2205 #7f0901cb app:id/webview aid=1073741824}, caller=WV.ef.b:1 WV.fg.h:118 WV.fg.onDraw:7 com.android.webview.chromium.WebViewChromium.onDraw:35 android.webkit.WebView.onDraw:2959 
2025-11-02 13:14:14.210  2780-2780  View                    com.udry.app                         I  setRequestedFrameRate frameRate=-4.0, this=com.getcapacitor.CapacitorWebView{2b3e64e VFEDHVC.. .F...... 0,0-1080,2205 #7f0901cb app:id/webview aid=1073741824}, caller=WV.ef.b:1 WV.fg.h:118 WV.fg.onDraw:7 com.android.webview.chromium.WebViewChromium.onDraw:35 android.webkit.WebView.onDraw:2959 
2025-11-02 13:14:14.224  2780-2780  View                    com.udry.app                         I  setRequestedFrameRate frameRate=-4.0, this=com.getcapacitor.CapacitorWebView{2b3e64e VFEDHVC.. .F...... 0,0-1080,2205 #7f0901cb app:id/webview aid=1073741824}, caller=WV.ef.b:1 WV.fg.h:118 WV.fg.onDraw:7 com.android.webview.chromium.WebViewChromium.onDraw:35 android.webkit.WebView.onDraw:2959 
2025-11-02 13:14:14.227  1027-1338  MdnieScena...rolService system_server                        D   packageName : com.android.chrome    className : org.chromium.chrome.browser.ChromeTabbedActivity
2025-11-02 13:14:14.228 25179-25179 cr_InactivityTracker    com.android.chrome                   I  Last background time read from the SharedPreference is:1762060427307.
2025-11-02 13:14:14.229  1027-1338  MdnieScena...rolService system_server                        V  mAclOffEnabled : false
2025-11-02 13:14:14.233 25179-25179 cr_ChromeActivity       com.android.chrome                   I  onResumeWithNative: exiting picture in picture if needed
2025-11-02 13:14:14.233 25179-25179 cr_VideoPersist         com.android.chrome                   I  Dismiss activity with reason 0
2025-11-02 13:14:14.234  1027-1338  SemMdnieManagerService  system_server                        I  DDI setContentMode : 8
2025-11-02 13:14:14.234  1027-1338  MdnieScena...rolService system_server                        V  Calling MdnieManager API(setContentMode(8))
2025-11-02 13:14:14.234  1027-1338  MdnieScena...rolService system_server                        D  Start Browser Brightness Decrease Timer
2025-11-02 13:14:14.235  1027-1338  SemDisplay...gerService system_server                        D  uid : 1000 , pid : 1027 , name : brightness_scale_off
2025-11-02 13:14:14.235  1027-1338  SemDisplay...gerService system_server                        D  where : application what : DEFAULT setScreenBrightnessScaleFactor(1.0) , mBrightnessCompensation : 1.0 , PMS value : 1.0
2025-11-02 13:14:14.235  1027-1338  PowerManagerService     system_server                        D  [api] setScreenBrightnessScaleFactor: scaleFactor: 1.0 (uid: 1000 pid: 1027)
2025-11-02 13:14:14.236  1027-1338  SemDisplay...gerService system_server                        D  Normal Mode setMultipleScreenBrightness , application, DEFAULT, 1.0
2025-11-02 13:14:14.236  1027-1338  MdnieScena...rolService system_server                        V  Calling SemDisplaySolutionManager API(setMultipleScreenBrightness(0)
2025-11-02 13:14:14.236   755-17374 AudioFlinger            audioserver                          D  setParameters: filtered dev setParameters keyvalue audioHDR=0
2025-11-02 13:14:14.237 25179-25179 cr_InactivityTracker    com.android.chrome                   I  Last visible time read from the SharedPreference is:1762060397404.
2025-11-02 13:14:14.237   674-726   audio_hw_primary        android.hardware.audio.service       D  device-adev_set_parameters: enter
2025-11-02 13:14:14.238   674-726   audio_hw_primary        android.hardware.audio.service       D  device-adev_set_parameters: param (audioHDR=0)
2025-11-02 13:14:14.239  3493-7064  SDHMS:l                 com.sec.android.sdhms                I  onTaskStackChanged
2025-11-02 13:14:14.240 25179-25254 chromium                com.android.chrome                   W  [WARNING:net/cert/ev_root_ca_metadata.cc:117] Not implemented
2025-11-02 13:14:14.240 25179-25254 chromium                com.android.chrome                   W  [WARNING:net/cert/ev_root_ca_metadata.cc:117] Not implemented
2025-11-02 13:14:14.241 25179-25263 chromium                com.android.chrome                   W  [WARNING:net/cert/ev_root_ca_metadata.cc:117] Not implemented
2025-11-02 13:14:14.242 25179-25263 chromium                com.android.chrome                   W  [WARNING:net/cert/ev_root_ca_metadata.cc:117] Not implemented
2025-11-02 13:14:14.242  3493-4143  SDHMS:N0                com.sec.android.sdhms                I  p2p-if:: false, , 
2025-11-02 13:14:14.243  2153-31507 HoneySpace.RecentTasks  com.sec.android.app.launcher         I  onRecentTasksChanged
2025-11-02 13:14:14.245  1027-1338  MdnieScena...rolService system_server                        V  setBrowserMode from Browser function
2025-11-02 13:14:14.245  3493-4143  SemDvfsHyPerManager     com.sec.android.sdhms                I  acquire hyper - TABaseBoost/3493@20, type = -999
2025-11-02 13:14:14.245   695-780   HYPER-HAL               ven...amsung.hardware.hyper-service  I  [RequestManager.cpp]acquire(): Acquired ID : 6172361  [3493 / 20]    HINT :      list : [TABoost / 1] 
2025-11-02 13:14:14.247  2780-2780  View                    com.udry.app                         I  setRequestedFrameRate frameRate=-4.0, this=com.getcapacitor.CapacitorWebView{2b3e64e VFEDHVC.. .F...... 0,0-1080,2205 #7f0901cb app:id/webview aid=1073741824}, caller=WV.ef.b:1 WV.fg.h:118 WV.fg.onDraw:7 com.android.webview.chromium.WebViewChromium.onDraw:35 android.webkit.WebView.onDraw:2959 
2025-11-02 13:14:14.248  3505-3531  libc                    com.android.chrome                   W  Access denied finding property "ro.mediatek.platform"
2025-11-02 13:14:14.249  3505-3531  libc                    com.android.chrome                   W  Access denied finding property "ro.chipname"
2025-11-02 13:14:14.255 25179-25179 SurfaceView@8d574c0     com.android.chrome                   I  onWindowVisibilityChanged(0) false android.view.SurfaceView{8d574c0 V.E...... ........ 0,0-1080,2109} of VRI[Main]@95c91f7
2025-11-02 13:14:14.255 25179-25179 SurfaceView@8d574c0     com.android.chrome                   D  updateSurface: surface is not valid
2025-11-02 13:14:14.255 25179-25179 SurfaceView@8d574c0     com.android.chrome                   I  releaseSurfaces: viewRoot = VRI[Main]@95c91f7
