2025-11-02 12:41:55.153  1027-2102  KNOX_MDM_S...gsProvider system_server                        D  selectionArgs: 10175
2025-11-02 12:41:55.153  1027-1195  KNOX_MDM_S...gsProvider system_server                        D  isChangeAllowed() : name = default_input_method
2025-11-02 12:41:55.153  1027-2102  SecContentProvider      system_server                        D  query(), uri = 17 selection = isSettingsChangesAllowed
2025-11-02 12:41:55.153  1027-2102  SecContentProvider      system_server                        D  called from android.uid.honeyboard:10175
2025-11-02 12:41:55.154  1027-2102  RestrictionPolicy       system_server                        D  isSettingsChangesAllowedAsUser, userId 0 : true
2025-11-02 12:41:55.154  1027-2102  KNOX_MDM_S...gsProvider system_server                        D  ret = 1
2025-11-02 12:41:55.155  1027-2102  KNOX_MDM_S...gsProvider system_server                        D  isChangeAllowed() : name = default_input_method
2025-11-02 12:41:55.155  1027-2102  KNOX_MDM_S...gsProvider system_server                        D  edmUri: content://com.sec.knox.provider/RestrictionPolicy3
2025-11-02 12:41:55.155  1027-2102  KNOX_MDM_S...gsProvider system_server                        D  projectionArgs: isSettingsChangesAllowed
2025-11-02 12:41:55.155  1027-2102  KNOX_MDM_S...gsProvider system_server                        D  selectionArgs: false
2025-11-02 12:41:55.155  1027-2102  KNOX_MDM_S...gsProvider system_server                        D  selectionArgs: 10175
2025-11-02 12:41:55.155  1027-2102  SecContentProvider      system_server                        D  query(), uri = 17 selection = isSettingsChangesAllowed
2025-11-02 12:41:55.155  1027-2102  SecContentProvider      system_server                        D  called from android.uid.honeyboard:10175
2025-11-02 12:41:55.155  1027-2102  RestrictionPolicy       system_server                        D  isSettingsChangesAllowedAsUser, userId 0 : true
2025-11-02 12:41:55.155  1027-2102  KNOX_MDM_S...gsProvider system_server                        D  ret = 1
2025-11-02 12:41:55.155  1027-1195  KNOX_MDM_S...gsProvider system_server                        D  edmUri: content://com.sec.knox.provider/RestrictionPolicy3
2025-11-02 12:41:55.155  1027-1195  KNOX_MDM_S...gsProvider system_server                        D  projectionArgs: isSettingsChangesAllowed
2025-11-02 12:41:55.155  1027-1195  KNOX_MDM_S...gsProvider system_server                        D  selectionArgs: false
2025-11-02 12:41:55.155  1027-1195  KNOX_MDM_S...gsProvider system_server                        D  selectionArgs: 10175
2025-11-02 12:41:55.156  1027-1195  SecContentProvider      system_server                        D  query(), uri = 17 selection = isSettingsChangesAllowed
2025-11-02 12:41:55.156 29447-29447 View                    com.udry.app                         I  setRequestedFrameRate frameRate=-4.0, this=com.getcapacitor.CapacitorWebView{16d4505 VFEDHVC.. .F...... 0,0-1080,2205 #7f0901cb app:id/webview aid=1073741824}, caller=WV.ef.b:1 WV.fg.h:118 WV.fg.onDraw:7 com.android.webview.chromium.WebViewChromium.onDraw:35 android.webkit.WebView.onDraw:2959 
2025-11-02 12:41:55.156  1027-1195  SecContentProvider      system_server                        D  called from android.uid.honeyboard:10175
2025-11-02 12:41:55.156  1027-1195  RestrictionPolicy       system_server                        D  isSettingsChangesAllowedAsUser, userId 0 : true
2025-11-02 12:41:55.156  1027-1195  KNOX_MDM_S...gsProvider system_server                        D  ret = 1
2025-11-02 12:41:55.156  5216-32076 HBD                     com.samsung.android.honeyboard       I  r updated Sub Types. English 
2025-11-02 12:41:55.156  5216-30150 HBD                     com.samsung.android.honeyboard       I  l writeToFile complete 
2025-11-02 12:41:55.157  1502-1502  NavigationBar           com.android.systemui                 D  setImeWindowStatus displayId=0 vis=0 backDisposition=0 showImeSwitcher=false imeShown=false
2025-11-02 12:41:55.157  1502-1502  VRI[StatusBar]@76bb587  com.android.systemui                 I  handleResized, frames=ClientWindowFrames{frame=[0,0][1080,96] display=[0,0][1080,2340] parentFrame=[0,0][0,0]} displayId=0 dragResizing=false compatScale=1.0 frameChanged=false attachedFrameChanged=false configChanged=false displayChanged=false compatScaleChanged=false dragResizingChanged=false
2025-11-02 12:41:55.157  1502-1502  VRI[Naviga...0]@5134fcf com.android.systemui                 I  handleResized, frames=ClientWindowFrames{frame=[0,2205][1080,2340] display=[0,0][1080,2340] parentFrame=[0,0][0,0]} displayId=0 dragResizing=false compatScale=1.0 frameChanged=false attachedFrameChanged=false configChanged=false displayChanged=false compatScaleChanged=false dragResizingChanged=false
2025-11-02 12:41:55.159  5216-23011 HBD                     com.samsung.android.honeyboard       I  r updated Sub Types. English 
2025-11-02 12:41:55.159  5216-30152 HBD                     com.samsung.android.honeyboard       I  b InputMethodSubtype is set as local:en_US 
2025-11-02 12:41:55.162  1027-1027  InputMetho...gerService system_server                        I  subtype state: oldSubtype = android.view.inputmethod.InputMethodSubtype@10001 newSubtype = android.view.inputmethod.InputMethodSubtype@10001 force = false, intent received : false
2025-11-02 12:41:55.163  5216-30153 HBD                     com.samsung.android.honeyboard       I  b InputMethodSubtype is set as local:en_US 
2025-11-02 12:41:55.164  1027-1027  InputMetho...gerService system_server                        I  subtype state: oldSubtype = android.view.inputmethod.InputMethodSubtype@10001 newSubtype = android.view.inputmethod.InputMethodSubtype@10001 force = false, intent received : false
2025-11-02 12:41:55.174  5216-9487  HBD                     com.samsung.android.honeyboard       I  a [SKE_SPECIFIC] specific model[com.android.chrome] loaded, 25916231 ns
2025-11-02 12:41:55.175   765-860   SurfaceFlinger          surfaceflinger                       I  id=6794 Removed Surface(name=744f115 InputMethod)/@0x2108991 - animation-leash of insets_animation#6794 (160)
2025-11-02 12:41:55.180 29447-29447 View                    com.udry.app                         I  setRequestedFrameRate frameRate=-4.0, this=com.getcapacitor.CapacitorWebView{16d4505 VFEDHVC.. .F...... 0,0-1080,2205 #7f0901cb app:id/webview aid=1073741824}, caller=WV.ef.b:1 WV.fg.h:118 WV.fg.onDraw:7 com.android.webview.chromium.WebViewChromium.onDraw:35 android.webkit.WebView.onDraw:2959 
2025-11-02 12:41:55.181   765-765   SurfaceFlinger          surfaceflinger                       I  destroyed Surface(name=744f115 InputMethod)/@0x2108991 - animation-leash of insets_animation#6794
2025-11-02 12:41:55.184   765-765   Layer                   surfaceflinger                       I  id=6794 Destroyed Surface(name=744f115 InputMethod)/@0x2108991 - animation-leash of insets_animation#6794
2025-11-02 12:41:55.187 25179-25179 InputMethodManager      com.android.chrome                   I  invalidateInput
2025-11-02 12:41:55.190 25179-25179 InputMethodManager      com.android.chrome                   I  invalidateInput
2025-11-02 12:41:55.207 25179-25179 BLASTBufferQueue_Java   com.android.chrome                   I  update, w= 1080 h= 2340 mName = VRI[Main]@95c91f7 mNativeObject= 0xb400007bd3889e00 sc.mNativeObject= 0xb400007a9e9bbac0 format= -3 caller= android.view.ViewRootImpl.updateBlastSurfaceIfNeeded:3386 android.view.ViewRootImpl.relayoutWindow:11361 android.view.ViewRootImpl.performTraversals:4544 android.view.ViewRootImpl.doTraversal:3708 android.view.ViewRootImpl$TraversalRunnable.run:12542 android.view.Choreographer$CallbackRecord.run:1751 
2025-11-02 12:41:55.207 25179-25179 VRI[Main]@95c91f7       com.android.chrome                   I  Relayout returned: old=(0,0,1080,2340) new=(0,0,1080,2340) relayoutAsync=true req=(1080,2340)0 dur=0 res=0x0 s={true 0xb400007a83009800} ch=false seqId=0
2025-11-02 12:41:55.208 25179-25179 VRI[Main]@95c91f7       com.android.chrome                   I  updateBoundsLayer: t=android.view.SurfaceControl$Transaction@a210b67 sc=Surface(name=Bounds for - com.android.chrome/com.google.android.apps.chrome.Main@8)/@0xdaa5585 frame=15
2025-11-02 12:41:55.207  1027-2102  WindowManager           system_server                        V  Relayout Window{bd9988f u0 com.android.chrome/com.google.android.apps.chrome.Main}: viewVisibility=0 req=1080x2340 ty=1 d0
2025-11-02 12:41:55.208 25179-25179 VRI[Main]@95c91f7       com.android.chrome                   I  registerCallbackForPendingTransactions
2025-11-02 12:41:55.210 25179-25236 VRI[Main]@95c91f7       com.android.chrome                   I  mWNT: t=0xb400007a9ed3ff00 mBlastBufferQueue=0xb400007bd3889e00 fn= 15 HdrRenderState mRenderHdrSdrRatio=1.0 caller= android.view.ViewRootImpl$9.onFrameDraw:6276 android.view.ViewRootImpl$3.onFrameDraw:2440 android.view.ThreadedRenderer$1.onFrameDraw:761 
2025-11-02 12:41:55.212  1027-2102  WindowManager           system_server                        V  Relayout hash=bd9988f, pid=0, syncId=-1: mAttrs={(0,0)(fillxfill) sim={state=always_hidden adjust=resize} layoutInDisplayCutoutMode=always ty=BASE_APPLICATION fmt=TRANSLUCENT wanim=0x1030312
                                                                                                      fl=81810100
                                                                                                      pfl=10008840
                                                                                                      vsysui=2010
                                                                                                      apr=8
                                                                                                      bhv=1
                                                                                                      fitSides=0
                                                                                                      frameRateBoostOnTouch=true
                                                                                                      dvrrWindowFrameRateHint=true naviIconColor=0}
2025-11-02 12:41:55.215   695-30133 HYPER-HAL               ven...amsung.hardware.hyper-service  I  [RequestManager.cpp]releaseLocked(): Released ID : 6175876
2025-11-02 12:41:55.233 29447-29447 View                    com.udry.app                         I  setRequestedFrameRate frameRate=-4.0, this=com.getcapacitor.CapacitorWebView{16d4505 VFEDHVC.. .F...... 0,0-1080,2205 #7f0901cb app:id/webview aid=1073741824}, caller=WV.ef.b:1 WV.fg.h:118 WV.fg.onDraw:7 com.android.webview.chromium.WebViewChromium.onDraw:35 android.webkit.WebView.onDraw:2959 
2025-11-02 12:41:55.250 29447-29447 View                    com.udry.app                         I  setRequestedFrameRate frameRate=-4.0, this=com.getcapacitor.CapacitorWebView{16d4505 VFEDHVC.. .F...... 0,0-1080,2205 #7f0901cb app:id/webview aid=1073741824}, caller=WV.ef.b:1 WV.fg.h:118 WV.fg.onDraw:7 com.android.webview.chromium.WebViewChromium.onDraw:35 android.webkit.WebView.onDraw:2959 
2025-11-02 12:41:55.276 29447-29447 View                    com.udry.app                         I  setRequestedFrameRate frameRate=-4.0, this=com.getcapacitor.CapacitorWebView{16d4505 VFEDHVC.. .F...... 0,0-1080,2205 #7f0901cb app:id/webview aid=1073741824}, caller=WV.ef.b:1 WV.fg.h:118 WV.fg.onDraw:7 com.android.webview.chromium.WebViewChromium.onDraw:35 android.webkit.WebView.onDraw:2959 
2025-11-02 12:41:55.280   695-30143 HYPER-HAL               ven...amsung.hardware.hyper-service  I  [RequestManager.cpp]releaseLocked(): Released ID : 545507
2025-11-02 12:41:55.287 29447-29447 View                    com.udry.app                         I  setRequestedFrameRate frameRate=-4.0, this=com.getcapacitor.CapacitorWebView{16d4505 VFEDHVC.. .F...... 0,0-1080,2205 #7f0901cb app:id/webview aid=1073741824}, caller=WV.ef.b:1 WV.fg.h:118 WV.fg.onDraw:7 com.android.webview.chromium.WebViewChromium.onDraw:35 android.webkit.WebView.onDraw:2959 
2025-11-02 12:41:55.310 29447-29447 View                    com.udry.app                         I  setRequestedFrameRate frameRate=-4.0, this=com.getcapacitor.CapacitorWebView{16d4505 VFEDHVC.. .F...... 0,0-1080,2205 #7f0901cb app:id/webview aid=1073741824}, caller=WV.ef.b:1 WV.fg.h:118 WV.fg.onDraw:7 com.android.webview.chromium.WebViewChromium.onDraw:35 android.webkit.WebView.onDraw:2959 
2025-11-02 12:41:55.334 29447-29447 View                    com.udry.app                         I  setRequestedFrameRate frameRate=-4.0, this=com.getcapacitor.CapacitorWebView{16d4505 VFEDHVC.. .F...... 0,0-1080,2205 #7f0901cb app:id/webview aid=1073741824}, caller=WV.ef.b:1 WV.fg.h:118 WV.fg.onDraw:7 com.android.webview.chromium.WebViewChromium.onDraw:35 android.webkit.WebView.onDraw:2959 
2025-11-02 12:41:55.351  1027-2102  Grammatica...ctionUtils system_server                        V  AttributionSource: AttributionSource { uid = 90042, packageName = null, attributionTag = null, token = android.os.Binder@1b379, deviceId = 0, next = null } does not have READ_SYSTEM_GRAMMATICAL_GENDER permission.
2025-11-02 12:41:55.360 29447-29447 View                    com.udry.app                         I  setRequestedFrameRate frameRate=-4.0, this=com.getcapacitor.CapacitorWebView{16d4505 VFEDHVC.. .F...... 0,0-1080,2205 #7f0901cb app:id/webview aid=1073741824}, caller=WV.ef.b:1 WV.fg.h:118 WV.fg.onDraw:7 com.android.webview.chromium.WebViewChromium.onDraw:35 android.webkit.WebView.onDraw:2959 
2025-11-02 12:41:55.363 25179-25179 cr_E2E_DCController     com.android.chrome                   I  setSafeAreaConstraint: false
2025-11-02 12:41:55.380 25238-25238 Zygote                  com.android.chrome_zygote            D  Forked child process 30159
2025-11-02 12:41:55.383 29447-29447 View                    com.udry.app                         I  setRequestedFrameRate frameRate=-4.0, this=com.getcapacitor.CapacitorWebView{16d4505 VFEDHVC.. .F...... 0,0-1080,2205 #7f0901cb app:id/webview aid=1073741824}, caller=WV.ef.b:1 WV.fg.h:118 WV.fg.onDraw:7 com.android.webview.chromium.WebViewChromium.onDraw:35 android.webkit.WebView.onDraw:2959 
2025-11-02 12:41:55.392  1027-1124  ActivityManager         system_server                        I  Start proc 30159:com.android.chrome:sandboxed_process0:org.chromium.content.app.SandboxedProcessService0:42/u0ai42 for  {com.android.chrome/org.chromium.content.app.SandboxedProcessService0:42}
2025-11-02 12:41:55.397 30159-30159 libc                    pid-30159                            E  SetHeapTaggingLevel: re-enabling tagging after it was disabled is not supported
2025-11-02 12:41:55.397  1027-2102  ActivityManager         system_server                        I  Changes in 90024 17 to 3, 0 to 56
2025-11-02 12:41:55.418 30159-30159 cessService0:42         pid-30159                            I  Using CollectorTypeCMC GC.
2025-11-02 12:41:55.427 30159-30159 cessService0:42         pid-30159                            E  Not starting debugger since process cannot load the jdwp agent.
2025-11-02 12:41:55.439 30159-30159 nativeloader            pid-30159                            D  Load libframework-connectivity-tiramisu-jni.so using APEX ns com_android_tethering for caller /apex/com.android.tethering/javalib/framework-connectivity-t.jar: ok
2025-11-02 12:41:55.440 29447-29447 View                    com.udry.app                         I  setRequestedFrameRate frameRate=-4.0, this=com.getcapacitor.CapacitorWebView{16d4505 VFEDHVC.. .F...... 0,0-1080,2205 #7f0901cb app:id/webview aid=1073741824}, caller=WV.ef.b:1 WV.fg.h:118 WV.fg.onDraw:7 com.android.webview.chromium.WebViewChromium.onDraw:35 android.webkit.WebView.onDraw:2959 
2025-11-02 12:41:55.447 30159-30159 ActivityThread          pid-30159                            D  setConscryptValidator
2025-11-02 12:41:55.448 30159-30159 ActivityThread          pid-30159                            D  setConscryptValidator - put
2025-11-02 12:41:55.459 25179-25179 BLASTBufferQueue_Java   com.android.chrome                   I  update, w= 1080 h= 2340 mName = VRI[Main]@95c91f7 mNativeObject= 0xb400007bd3889e00 sc.mNativeObject= 0xb400007a9e9bbac0 format= -3 caller= android.view.ViewRootImpl.updateBlastSurfaceIfNeeded:3386 android.view.ViewRootImpl.relayoutWindow:11361 android.view.ViewRootImpl.performTraversals:4544 android.view.ViewRootImpl.doTraversal:3708 android.view.ViewRootImpl$TraversalRunnable.run:12542 android.view.Choreographer$CallbackRecord.run:1751 
2025-11-02 12:41:55.459 25179-25179 VRI[Main]@95c91f7       com.android.chrome                   I  Relayout returned: old=(0,0,1080,2340) new=(0,0,1080,2340) relayoutAsync=true req=(1080,2340)0 dur=1 res=0x0 s={true 0xb400007a83009800} ch=false seqId=0
2025-11-02 12:41:55.459 25179-25179 VRI[Main]@95c91f7       com.android.chrome                   I  updateBoundsLayer: t=android.view.SurfaceControl$Transaction@a210b67 sc=Surface(name=Bounds for - com.android.chrome/com.google.android.apps.chrome.Main@8)/@0xdaa5585 frame=22
2025-11-02 12:41:55.459 25179-25179 VRI[Main]@95c91f7       com.android.chrome                   I  registerCallbackForPendingTransactions
2025-11-02 12:41:55.460  1027-2262  WindowManager           system_server                        V  Relayout Window{bd9988f u0 com.android.chrome/com.google.android.apps.chrome.Main}: viewVisibility=0 req=1080x2340 ty=1 d0
2025-11-02 12:41:55.461 25179-25237 VRI[Main]@95c91f7       com.android.chrome                   I  mWNT: t=0xb400007a9ed40080 mBlastBufferQueue=0xb400007bd3889e00 fn= 23 HdrRenderState mRenderHdrSdrRatio=1.0 caller= android.view.ViewRootImpl$9.onFrameDraw:6276 android.view.ViewRootImpl$3.onFrameDraw:2440 android.view.ThreadedRenderer$1.onFrameDraw:761 
2025-11-02 12:41:55.464  1027-2262  WindowManager           system_server                        D  updateSystemBarAttributes: displayId=0, focusedCanBeNavColorWin=false, win=Window{bd9988f u0 com.android.chrome/com.google.android.apps.chrome.Main}, navColorWin=Window{bd9988f u0 com.android.chrome/com.google.android.apps.chrome.Main}, caller=com.android.server.wm.DisplayPolicy.finishPostLayoutPolicyLw:17 com.android.server.wm.RootWindowContainer.applySurfaceChangesTransaction$1:194 com.android.server.wm.RootWindowContainer.performSurfacePlacementNoTrace:59 
2025-11-02 12:41:55.466  1027-2262  WindowManager           system_server                        D  updateSystemBarAttributes, bhv=1, apr=24, statusBarAprRegions=[AppearanceRegion{LIGHT_STATUS_BARS bounds=[0,0][1080,2340]}], requestedVisibilities=-9
2025-11-02 12:41:55.469  1027-2262  WindowManager           system_server                        V  Relayout hash=bd9988f, pid=0, syncId=-1: mAttrs={(0,0)(fillxfill) sim={state=always_hidden adjust=resize} layoutInDisplayCutoutMode=always ty=BASE_APPLICATION fmt=TRANSLUCENT wanim=0x1030312
                                                                                                      fl=81810100
                                                                                                      pfl=10008840
                                                                                                      vsysui=2010
                                                                                                      apr=18
                                                                                                      bhv=1
                                                                                                      fitSides=0
                                                                                                      frameRateBoostOnTouch=true
                                                                                                      dvrrWindowFrameRateHint=true naviIconColor=0}
2025-11-02 12:41:55.471  1502-1502  NavigationBar           com.android.systemui                 D  onSystemBarAttributesChanged() -  displayId:0, appearance:24, packageName: com.android.chrome (APPEARANCE_LIGHT_STATUS_BARS APPEARANCE_LIGHT_NAVIGATION_BARS ), navbarColorManagedByIme:false
2025-11-02 12:41:55.472  1502-1502  SamsungLig...trolHelper com.android.systemui                 D  updateNavigationBar (BLACK button) isLightOpaque:false, hasLightNavigationBarFlag:true, packageName:com.android.chrome, DirectReplying:false, NavBarColorMangedByIme:false, ForceDarkForScrim:false, ForceLightForScrim:false, QsCustomizing:false, QsExpanded:false
2025-11-02 12:41:55.478 29447-29447 View                    com.udry.app                         I  setRequestedFrameRate frameRate=-4.0, this=com.getcapacitor.CapacitorWebView{16d4505 VFEDHVC.. .F...... 0,0-1080,2205 #7f0901cb app:id/webview aid=1073741824}, caller=WV.ef.b:1 WV.fg.h:118 WV.fg.onDraw:7 com.android.webview.chromium.WebViewChromium.onDraw:35 android.webkit.WebView.onDraw:2959 
2025-11-02 12:41:55.493  1027-2102  ActivityManager         system_server                        I  Changes in 90024 3 to 8, 56 to 0
2025-11-02 12:41:55.511 30159-30159 ApplicationLoaders      pid-30159                            D  Returning zygote-cached class loader: /system_ext/framework/androidx.window.extensions.jar
2025-11-02 12:41:55.511 30159-30159 ApplicationLoaders      pid-30159                            D  Returning zygote-cached class loader: /system_ext/framework/androidx.window.sidecar.jar
2025-11-02 12:41:55.519 29447-29447 View                    com.udry.app                         I  setRequestedFrameRate frameRate=-4.0, this=com.getcapacitor.CapacitorWebView{16d4505 VFEDHVC.. .F...... 0,0-1080,2205 #7f0901cb app:id/webview aid=1073741824}, caller=WV.ef.b:1 WV.fg.h:118 WV.fg.onDraw:7 com.android.webview.chromium.WebViewChromium.onDraw:35 android.webkit.WebView.onDraw:2959 
2025-11-02 12:41:55.528 30159-30159 LoadedApk               pid-30159                            I  No resource references to update in package com.google.android.trichromelibrary
2025-11-02 12:41:55.535 30159-30159 cr_SplitCompatApp       pid-30159                            I  version=141.0.7390.123 (739012333) minSdkVersion=29 processName=com.android.chrome:sandboxed_process0:org.chromium.content.app.SandboxedProcessService0:42 isIsolatedProcess=true splits=chrome,config.en,config.zh,dev_ui,on_demand,stack_unwinder,test_dummy
2025-11-02 12:41:55.539  1027-2102  ActivityManager         system_server                        I  Changes in 90042 19 to 3, 0 to 56
2025-11-02 12:41:55.551 30159-30159 cr_ChildProcessService  pid-30159                            I  Creating new ChildProcessService pid=30159
2025-11-02 12:41:55.551 29447-29447 View                    com.udry.app                         I  setRequestedFrameRate frameRate=-4.0, this=com.getcapacitor.CapacitorWebView{16d4505 VFEDHVC.. .F...... 0,0-1080,2205 #7f0901cb app:id/webview aid=1073741824}, caller=WV.ef.b:1 WV.fg.h:118 WV.fg.onDraw:7 com.android.webview.chromium.WebViewChromium.onDraw:35 android.webkit.WebView.onDraw:2959 
2025-11-02 12:41:55.564  1502-1715  WindowManagerShell      com.android.systemui                 V  Transition animation finished (aborted=false), notifying core (#562) android.os.BinderProxy@f3b2c7@0
2025-11-02 12:41:55.566 30159-30169 cr_LibraryLoader        pid-30159                            I  Successfully loaded native library
2025-11-02 12:41:55.567  1502-1715  SurfaceControlRegistry  com.android.systemui                 I  apply, t=FinishTransaction_SyncId<562>, caller=android.view.SurfaceControl$Transaction.apply:3135 android.view.SurfaceControl$Transaction.apply:3122 android.view.SurfaceControl$Transaction.apply:3078 com.android.wm.shell.transition.Transitions.onFinish:308 com.android.wm.shell.transition.Transitions$$ExternalSyntheticLambda8.onTransitionFinished:10 com.android.wm.shell.transition.DefaultTransitionHandler$$ExternalSyntheticLambda6.run:36 
2025-11-02 12:41:55.568   765-765   SurfaceFlinger          surfaceflinger                       I  Layer [Task=441#6745] hidden!! flag(1)
2025-11-02 12:41:55.568   765-765   SurfaceFlinger          surfaceflinger                       I  [LayerHierarchy{RequestedLayerState{Task=370#3060 parentId=11 z=10} 3 children}] reparent to LayerHierarchy{RequestedLayerState{DefaultTaskDisplayArea_d0#11 parentId=10} 13 children}
2025-11-02 12:41:55.568   765-765   SurfaceFlinger          surfaceflinger                       I  [LayerHierarchy{RequestedLayerState{Task=441#6745 parentId=11 z=9} 3 children}] reparent to LayerHierarchy{RequestedLayerState{DefaultTaskDisplayArea_d0#11 parentId=10} 14 children}
2025-11-02 12:41:55.568   765-765   SurfaceFlinger          surfaceflinger                       I  [LayerHierarchy{RequestedLayerState{Transition Root: Task=370#6805 z=10} 1 children}] reparent to OffscreenRoot
2025-11-02 12:41:55.568   765-765   SurfaceFlinger          surfaceflinger                       I  [LayerHierarchy{RequestedLayerState{Transition Root: Task=370#6805 z=10} 1 children}] RelativeParent to null
2025-11-02 12:41:55.568   765-765   SurfaceFlinger          surfaceflinger                       I  [LayerHierarchy{RequestedLayerState{Right Edge Extension#6806 z=-2147483648} 1 children}] reparent to OffscreenRoot
2025-11-02 12:41:55.568   765-765   SurfaceFlinger          surfaceflinger                       I  [LayerHierarchy{RequestedLayerState{Right Edge Extension#6806 z=-2147483648} 1 children}] RelativeParent to null
2025-11-02 12:41:55.568   765-765   SurfaceFlinger          surfaceflinger                       I  [LayerHierarchy{RequestedLayerState{DimTransitionLayer for Surface(name=Task=370)/@0x5c6b292#6808 z=-1} no children}] reparent to OffscreenRoot
2025-11-02 12:41:55.568   765-765   SurfaceFlinger          surfaceflinger                       I  [LayerHierarchy{RequestedLayerState{DimTransitionLayer for Surface(name=Task=370)/@0x5c6b292#6808 z=-1} no children}] RelativeParent to null
2025-11-02 12:41:55.569   765-765   SurfaceFlinger          surfaceflinger                       I  id=6807 Removed [BBQ] Right Edge Extension#6806#6807 (159)
2025-11-02 12:41:55.569   765-765   SurfaceFlinger          surfaceflinger                       I  id=6806 Removed Right Edge Extension#6806 (159)
2025-11-02 12:41:55.569 30159-30169 cr_CachingUmaRecorder   pid-30159                            I  Flushed 3 samples from 3 histograms, 0 samples were dropped.
2025-11-02 12:41:55.571   765-765   SurfaceFlinger          surfaceflinger                       D  Display 4633128672291735931 HWC layers:
                                                                                                           DEVICE |   0xb4000076b178c900 | 0000 | RGBA_8888    |    0.0    0.0 1080.0 2109.0 |    0   96 1080 2205 | com.android.chrome/ChromeChildSurface#6804 (105)
                                                                                                           DEVICE |   0xb4000076b1d47200 | 0001 | RGBA_8888    |    0.0    0.0 1080.0 2340.0 |    0    0 1080 2340 | com.android.chrome/com.google.android.apps.chrome.Main$_25179#6796 (30)
                                                                                                           DEVICE |   0xb4000076b1725b80 | 0001 | RGBA_8888    |    0.0    0.0 1080.0   96.0 |    0    0 1080   96 | StatusBar$_1502#91 (14939)
                                                                                                           DEVICE |   0xb4000076dcaecb80 | 0001 | RGBA_8888    |    0.0    0.0 1080.0  135.0 |    0 2205 1080 2340 | NavigationBar0$_1502#87 (7265)
2025-11-02 12:41:55.573 30159-30169 chromium                pid-30159                            W  [WARNING:content/app/android/content_main_android.cc:82] android_setCpu already initialized
2025-11-02 12:41:55.574  1027-2102  WindowManager           system_server                        V  Finish Transition: TransitionRecord{3ed0bd6 id=562 type=OPEN flags=0x0}, caller=com.android.server.wm.WindowOrganizerController.finishTransitionInner:26 com.android.server.wm.WindowOrganizerController.finishAllTransitions:59 android.window.IWindowOrganizerController$Stub.onTransact:311 
2025-11-02 12:41:55.575  1027-2102  WindowManager           system_server                        V  Setting visibility of Window{500d174 u0 com.udry.app/com.udry.app.MainActivity}: false, caller=com.android.server.wm.WindowContainer.sendAppVisibilityToClients:19 com.android.server.wm.WindowToken.setClientVisible:49 com.android.server.wm.ActivityRecord.setClientVisible:8 com.android.server.wm.ActivityRecord.commitVisibility:273 com.android.server.wm.TransitionController.finishTransition:766 
2025-11-02 12:41:55.575  1027-1108  WindowManager           system_server                        V  Finish Transition (#562): created at 11-02 12:41:54.770 collect-started=1.342ms request-sent=10.541ms started=14.931ms ready=79.037ms sent=256.326ms finished=804.219ms
2025-11-02 12:41:55.575  1027-2102  ChangeTran...Controller system_server                        D  onTransitionFinished: TransitionRecord{3ed0bd6 id=562 type=OPEN flags=0x0}
2025-11-02 12:41:55.576  1502-1715  WindowManagerShell      com.android.systemui                 V  Track 0 became idle
2025-11-02 12:41:55.576  1502-1715  WindowManagerShell      com.android.systemui                 V  All active transition animations finished
2025-11-02 12:41:55.579 30159-30159 cr_ChildProcessService  pid-30159                            I  Destroying ChildProcessService pid=30159
2025-11-02 12:41:55.579   765-765   SurfaceFlinger          surfaceflinger                       I  destroyed Right Edge Extension#6806
2025-11-02 12:41:55.579   765-765   SurfaceFlinger          surfaceflinger                       I  destroyed [BBQ] Right Edge Extension#6806#6807
2025-11-02 12:41:55.579   765-765   SurfaceFlinger          surfaceflinger                       I  [LayerHierarchy{RequestedLayerState{Transition Root: Task=370#6805 z=10} no children}] reparent to OffscreenRoot
2025-11-02 12:41:55.579   765-765   SurfaceFlinger          surfaceflinger                       I  [LayerHierarchy{RequestedLayerState{Transition Root: Task=370#6805 z=10} no children}] RelativeParent to null
2025-11-02 12:41:55.579   765-765   Layer                   surfaceflinger                       I  id=6806 Destroyed Right Edge Extension#6806
2025-11-02 12:41:55.580   765-765   Layer                   surfaceflinger                       I  id=6807 Destroyed [BBQ] Right Edge Extension#6806#6807
2025-11-02 12:41:55.580  1027-1195  ActivityManager         system_server                        I  Killing 30159:com.android.chrome:sandboxed_process0:org.chromium.content.app.SandboxedProcessService0:42/u0a219i-8958 (adj 0): isolated not needed
2025-11-02 12:41:55.580   765-765   SurfaceFlinger          surfaceflinger                       I  id=6805 Removed Transition Root: Task=370#6805 (157)
2025-11-02 12:41:55.581  1027-1195  ActivityManager         system_server                        I  Changes in 90042 3 to 19, 56 to 0
2025-11-02 12:41:55.581  1027-3640  UserManagerService      system_server                        W  Requested status bar icon for non-badged user 0
2025-11-02 12:41:55.587  5417-5417  BoundBrokerSvc          com.google.android.gms               D  onBind: Intent { act=com.google.android.gms.fido.fido2.privileged.START pkg=com.google.android.gms }
2025-11-02 12:41:55.587  5417-5417  BoundBrokerSvc          com.google.android.gms               D  Loading bound service for intent: Intent { act=com.google.android.gms.fido.fido2.privileged.START pkg=com.google.android.gms }
2025-11-02 12:41:55.588  1502-1502  SystemUIService         com.android.systemui                 D  SYSUI_RAM_OPTIMIZATION onTrimMemory=20
2025-11-02 12:41:55.590   765-765   SurfaceFlinger          surfaceflinger                       I  destroyed Transition Root: Task=370#6805
2025-11-02 12:41:55.590  1502-1502  CentralSurfaces         com.android.systemui                 D  SYSUI_RAM_OPTIMIZATION onTrimMemory=20
2025-11-02 12:41:55.590  1502-1769  HWUI                    com.android.systemui                 D  CacheManager::trimMemory(20)
2025-11-02 12:41:55.590   765-765   Layer                   surfaceflinger                       I  id=6805 Destroyed Transition Root: Task=370#6805
2025-11-02 12:41:55.601   765-765   SurfaceFlinger          surfaceflinger                       I  Layer [com.udry.app/com.udry.app.MainActivity$_29447#6788] hidden!! flag(1)
2025-11-02 12:41:55.601   765-765   SurfaceFlinger          surfaceflinger                       I  Layer [ActivityRecord{ec0f1d6 u0 com.udry.app/.MainActivity t441}#6746] hidden!! flag(1)
2025-11-02 12:41:55.606  2153-29464 HoneySpace.RecentTasks  com.sec.android.app.launcher         I  onRecentTasksChanged
2025-11-02 12:41:55.608  1027-1195  UserManagerService      system_server                        W  Requested status bar icon for non-badged user 0
2025-11-02 12:41:55.608  1027-1111  ActivityManager         system_server                        I  Changes in 99068 3 to 15, 56 to 0
2025-11-02 12:41:55.609  1027-1111  ActivityManager         system_server                        I  Changes in 10338 2 to 15, 127 to 0
2025-11-02 12:41:55.611  1027-1111  SGM:FgCheckThread       system_server                        D  getForegroundApp(), foregroundPkgName=com.android.chrome
2025-11-02 12:41:55.612   765-765   SurfaceFlinger          surfaceflinger                       I  [LayerHierarchy{RequestedLayerState{ActivityRecord{e4c2f98 u0 com.android.chrome/com.google.android.apps.chrome.IntentDispatcher t441}#6795 z=1} no children}] reparent to OffscreenRoot
2025-11-02 12:41:55.612  1027-1111  SGM:FgCheckThread       system_server                        D  pkgName: com.android.chrome is in foreground
2025-11-02 12:41:55.612   765-765   SurfaceFlinger          surfaceflinger                       I  [LayerHierarchy{RequestedLayerState{ActivityRecord{e4c2f98 u0 com.android.chrome/com.google.android.apps.chrome.IntentDispatcher t441}#6795 z=1} no children}] RelativeParent to null
2025-11-02 12:41:55.613   765-765   SurfaceFlinger          surfaceflinger                       I  id=6795 Removed ActivityRecord{e4c2f98 u0 com.android.chrome/com.google.android.apps.chrome.IntentDispatcher t441}#6795 (156)
2025-11-02 12:41:55.617   901-7348  CameraService           cameraserver                         I  onUidStateChanged: uid=10338, procState is changed. (2 -> 15)
2025-11-02 12:41:55.623   765-765   SurfaceFlinger          surfaceflinger                       I  destroyed ActivityRecord{e4c2f98 u0 com.android.chrome/com.google.android.apps.chrome.IntentDispatcher t441}#6795
2025-11-02 12:41:55.623  1027-2102  UserManagerService      system_server                        W  Requested status bar icon for non-badged user 0
2025-11-02 12:41:55.624   765-765   Layer                   surfaceflinger                       I  id=6795 Destroyed ActivityRecord{e4c2f98 u0 com.android.chrome/com.google.android.apps.chrome.IntentDispatcher t441}#6795
2025-11-02 12:41:55.628  1027-1111  SGM:GameManager         system_server                        D  identifyForegroundApp. com.android.chrome, mCurrentUserId: 0, callerUserId: 0
2025-11-02 12:41:55.628  1027-1111  SGM:SemGameManager      system_server                        D  isForegroundGame(), ret=false
2025-11-02 12:41:55.628 29447-29447 View                    com.udry.app                         I  setRequestedFrameRate frameRate=-4.0, this=com.getcapacitor.CapacitorWebView{16d4505 VFEDHVC.. .F...... 0,0-1080,2205 #7f0901cb app:id/webview aid=1073741824}, caller=WV.ef.b:1 WV.fg.h:118 WV.fg.onDraw:7 com.android.webview.chromium.WebViewChromium.onDraw:35 android.webkit.WebView.onDraw:2959 
2025-11-02 12:41:55.637  1027-1126  libprocessgroup         system_server                        I  Removed cgroup /sys/fs/cgroup/uid_90042/pid_30159
2025-11-02 12:41:55.637 25238-25238 Zygote                  com.android.chrome_zygote            I  Process 30159 exited due to signal 9 (Killed)
2025-11-02 12:41:55.640  1027-1135  BatteryExt...tatsWorker system_server                        D  update stats : remove-uid (1)
2025-11-02 12:41:55.649  1027-1109  DisplayManagerService   system_server                        D  Drop pending events for gone uid 90042
2025-11-02 12:41:55.649  2153-29464 HoneySpace...5375@OneUI com.sec.android.app.launcher         I  Illegal access. Unknown type. skip load history items
2025-11-02 12:41:55.651  5216-5216  InputMethodService      com.samsung.android.honeyboard       I  removeImeSurface
2025-11-02 12:41:55.651  5216-5216  InputMethodService      com.samsung.android.honeyboard       I  cancelImeSurfaceRemoval: removeCallbacks
2025-11-02 12:41:55.657 29447-29483 HWUI                    com.udry.app                         D  CacheManager::trimMemory(20)
2025-11-02 12:41:55.673 29447-29447 VRI[MainAc...y]@c9f7e76 com.udry.app                         I  handleAppVisibility mAppVisible = true visible = false
2025-11-02 12:41:55.674 29447-29447 VRI[MainAc...y]@c9f7e76 com.udry.app                         D  visibilityChanged oldVisibility=true newVisibility=false
2025-11-02 12:41:55.675 29447-29447 WindowOnBackDispatcher  com.udry.app                         W  sendCancelIfRunning: isInProgress=false callback=androidx.activity.OnBackPressedDispatcher$Api34Impl$createOnBackAnimationCallback$1@4391d49
2025-11-02 12:41:55.676  1027-1195  CoreBackPreview         system_server                        D  Window{500d174 u0 com.udry.app/com.udry.app.MainActivity}: Setting back callback OnBackInvokedCallbackInfo{mCallback=android.window.IOnBackInvokedCallback$Stub$Proxy@4b4f918, mPriority=-1, mIsAnimationCallback=false}
2025-11-02 12:41:55.678 29447-29447 VRI[MainAc...y]@c9f7e76 com.udry.app                         I  stopped(true) old = false
2025-11-02 12:41:55.678 29447-29447 VRI[MainAc...y]@c9f7e76 com.udry.app                         D  WindowStopped on com.udry.app/com.udry.app.MainActivity set to true
2025-11-02 12:41:55.695 29447-29483 HWUI                    com.udry.app                         D  CacheManager::trimMemory(20)
2025-11-02 12:41:55.699 25179-25254 AtomicFile              com.android.chrome                   E  Failed to sync file output stream
2025-11-02 12:41:55.708  1027-1195  WindowManager           system_server                        V  Relayout Window{bd9988f u0 com.android.chrome/com.google.android.apps.chrome.Main}: viewVisibility=0 req=1080x2340 ty=1 d0
2025-11-02 12:41:55.708 25179-25179 BLASTBufferQueue_Java   com.android.chrome                   I  update, w= 1080 h= 2340 mName = VRI[Main]@95c91f7 mNativeObject= 0xb400007bd3889e00 sc.mNativeObject= 0xb400007a9e9bbac0 format= -3 caller= android.view.ViewRootImpl.updateBlastSurfaceIfNeeded:3386 android.view.ViewRootImpl.relayoutWindow:11361 android.view.ViewRootImpl.performTraversals:4544 android.view.ViewRootImpl.doTraversal:3708 android.view.ViewRootImpl$TraversalRunnable.run:12542 android.view.Choreographer$CallbackRecord.run:1751 
2025-11-02 12:41:55.708 25179-25179 VRI[Main]@95c91f7       com.android.chrome                   I  Relayout returned: old=(0,0,1080,2340) new=(0,0,1080,2340) relayoutAsync=true req=(1080,2340)0 dur=1 res=0x0 s={true 0xb400007a83009800} ch=false seqId=0
2025-11-02 12:41:55.708 25179-25179 VRI[Main]@95c91f7       com.android.chrome                   I  registerCallbackForPendingTransactions
2025-11-02 12:41:55.711  1027-1195  WindowManager           system_server                        V  Relayout hash=bd9988f, pid=0, syncId=-1: mAttrs={(0,0)(fillxfill) sim={state=always_hidden adjust=resize} layoutInDisplayCutoutMode=always ty=BASE_APPLICATION fmt=TRANSLUCENT wanim=0x1030312 sysuil=true
                                                                                                      fl=81810100
                                                                                                      pfl=10008840
                                                                                                      vsysui=2010
                                                                                                      apr=18
                                                                                                      bhv=1
                                                                                                      fitSides=0
                                                                                                      frameRateBoostOnTouch=true
                                                                                                      dvrrWindowFrameRateHint=true naviIconColor=0}
2025-11-02 12:41:55.712 25179-25236 VRI[Main]@95c91f7       com.android.chrome                   I  mWNT: t=0xb400007a9ed40200 mBlastBufferQueue=0xb400007bd3889e00 fn= 31 HdrRenderState mRenderHdrSdrRatio=1.0 caller= android.view.ViewRootImpl$9.onFrameDraw:6276 android.view.ViewRootImpl$3.onFrameDraw:2440 android.view.ThreadedRenderer$1.onFrameDraw:761 
2025-11-02 12:41:55.719 29447-29447 Capacitor/AppPlugin     com.udry.app                         D  Firing change: false
2025-11-02 12:41:55.720 29447-29447 Capacitor/AppPlugin     com.udry.app                         V  Notifying listeners for event appStateChange
2025-11-02 12:41:55.720 29447-29447 Capacitor/AppPlugin     com.udry.app                         D  No listeners found for event appStateChange
2025-11-02 12:41:55.720 29447-29447 Capacitor               com.udry.app                         D  App stopped
2025-11-02 12:41:55.721 29447-29447 Capacitor               com.udry.app                         D  Saving instance state!
2025-11-02 12:41:55.745 29447-29483 HWUI                    com.udry.app                         D  CacheManager::trimMemory(20)
2025-11-02 12:41:55.747  1027-1195  WindowManager           system_server                        V  Relayout Window{500d174 u0 com.udry.app/com.udry.app.MainActivity}: viewVisibility=8 req=1080x2340 ty=1 d0
2025-11-02 12:41:55.748  1027-1195  WindowManager           system_server                        V  Relayout hash=500d174, pid=29447, syncId=-1: mAttrs={(0,0)(fillxfill) sim={adjust=pan} ty=BASE_APPLICATION wanim=0x1030312
                                                                                                      fl=81810100
                                                                                                      pfl=100080c0
                                                                                                      vsysui=2500
                                                                                                      apr=18
                                                                                                      bhv=1
                                                                                                      fitSides=0
                                                                                                      frameRateBoostOnTouch=true
                                                                                                      dvrrWindowFrameRateHint=true naviIconColor=0
                                                                                                      sfl=100000}
2025-11-02 12:41:55.752 29447-29447 VRI[MainAc...y]@c9f7e76 com.udry.app                         I  Relayout returned: old=(0,0,1080,2340) new=(0,0,1080,2340) relayoutAsync=false req=(1080,2340)8 dur=6 res=0x2 s={false 0x0} ch=false seqId=0
2025-11-02 12:41:55.753 29447-29447 VRI[MainAc...y]@c9f7e76 com.udry.app                         D  Not drawing due to not visible. Reason=!mAppVisible && !mForceDecorViewVisibility
2025-11-02 12:41:55.755  1027-1195  WindowManager           system_server                        E  win=Window{500d174 u0 com.udry.app/com.udry.app.MainActivity} destroySurfaces: appStopped=true cleanupOnResume=false win.mWindowRemovalAllowed=false win.mRemoveOnExit=false win.mViewVisibility=8 caller=com.android.server.wm.ActivityRecord.destroySurfaces:25 com.android.server.wm.ActivityRecord.activityStopped:204 com.android.server.wm.ActivityClientController.activityStopped:95 android.app.IActivityClientController$Stub.onTransact:722 com.android.server.wm.ActivityClientController.onTransact:1 android.os.Binder.execTransactInternal:1541 android.os.Binder.execTransact:1480 
2025-11-02 12:41:55.755  1027-1195  WindowManager           system_server                        I  Destroying surface Surface(name=com.udry.app/com.udry.app.MainActivity$_29447)/@0x2f0b1ad called by com.android.server.wm.WindowStateAnimator.destroySurface:11 com.android.server.wm.WindowStateAnimator.destroySurfaceLocked:54 com.android.server.wm.WindowState.destroySurfaceUnchecked:5 com.android.server.wm.WindowState.destroySurface:126 com.android.server.wm.ActivityRecord.destroySurfaces:25 com.android.server.wm.ActivityRecord.activityStopped:204 com.android.server.wm.ActivityClientController.activityStopped:95 android.app.IActivityClientController$Stub.onTransact:722 
2025-11-02 12:41:55.756  1027-1111  SGM:FgCheckThread       system_server                        D  getForegroundApp(), foregroundPkgName=com.android.chrome
2025-11-02 12:41:55.757   765-765   SurfaceFlinger          surfaceflinger                       I  [LayerHierarchy{RequestedLayerState{com.udry.app/com.udry.app.MainActivity$_29447#6788} no children}] reparent to OffscreenRoot
2025-11-02 12:41:55.757   765-765   SurfaceFlinger          surfaceflinger                       I  [LayerHierarchy{RequestedLayerState{com.udry.app/com.udry.app.MainActivity$_29447#6788} no children}] RelativeParent to null
2025-11-02 12:41:55.759   765-765   SurfaceFlinger          surfaceflinger                       I  id=6788 Removed com.udry.app/com.udry.app.MainActivity$_29447#6788 (155)
2025-11-02 12:41:55.759  1027-1111  SGM:FgCheckThread       system_server                        D  pkgName: com.udry.app is not in foreground
2025-11-02 12:41:55.759  1027-1111  SGM:FgCheckThread       system_server                        D  noteStopComponent(), received pkgName: com.udry.app, focusedPkgName: com.android.chrome, userId: 0
2025-11-02 12:41:55.768   765-765   SurfaceFlinger          surfaceflinger                       I  destroyed com.udry.app/com.udry.app.MainActivity$_29447#6788
2025-11-02 12:41:55.769  1027-1109  PkgPredict...erviceImpl system_server                        D  bg information pid:29447 uid:10338 pkgName:com.udry.app
2025-11-02 12:41:55.770   765-765   Layer                   surfaceflinger                       I  id=6788 Destroyed com.udry.app/com.udry.app.MainActivity$_29447#6788
2025-11-02 12:41:55.771  1027-2102  UserManagerService      system_server                        W  Requested status bar icon for non-badged user 0
2025-11-02 12:41:55.793 25179-25179 cr_SegmentationPlatform com.android.chrome                   W  Signal type not found: 16
2025-11-02 12:41:55.811  1027-1135  BatteryExt...tatsWorker system_server                        D  Update CPU state
2025-11-02 12:41:55.812  1027-1135  BatteryExt...tatsWorker system_server                        D  mStats lock released
2025-11-02 12:41:55.812  1027-1135  BatteryExt...tatsWorker system_server                        D  done updateExternalStatsLocked
2025-11-02 12:41:55.812  1027-1134  system_server           system_server                        W  Long monitor contention with owner batterystats-worker (1135) at void com.android.server.power.stats.BatteryExternalStatsWorker.-$$Nest$mupdateExternalStatsLocked(com.android.server.power.stats.BatteryExternalStatsWorker, java.lang.String, int, boolean, boolean, int[], boolean)(qb/98749873 c88dacb0d33ae49e52029b2f991e0dc267eaf406670e38d89531f34248dc5254:646) waiters=0 in void com.android.server.am.BatteryStatsService$$ExternalSyntheticLambda6.run$com$android$server$am$BatteryStatsService$$ExternalSyntheticLambda19() for 154ms
2025-11-02 12:41:55.891  1027-1338  MdnieScena...rolService system_server                        D   packageName : com.android.chrome    className : org.chromium.chrome.browser.ChromeTabbedActivity
2025-11-02 12:41:55.964  1027-2262  ActivityManager         system_server                        I  Changes in 90024 8 to 3, 0 to 56
2025-11-02 12:41:55.987  1027-2262  ActivityManager         system_server                        I  Changes in 90024 3 to 8, 56 to 0
2025-11-02 12:41:56.013  1027-2262  WindowManager           system_server                        V  Relayout Window{bd9988f u0 com.android.chrome/com.google.android.apps.chrome.Main}: viewVisibility=0 req=1080x2340 ty=1 d0
2025-11-02 12:41:56.013 25179-25179 BLASTBufferQueue_Java   com.android.chrome                   I  update, w= 1080 h= 2340 mName = VRI[Main]@95c91f7 mNativeObject= 0xb400007bd3889e00 sc.mNativeObject= 0xb400007a9e9bbac0 format= -3 caller= android.view.ViewRootImpl.updateBlastSurfaceIfNeeded:3386 android.view.ViewRootImpl.relayoutWindow:11361 android.view.ViewRootImpl.performTraversals:4544 android.view.ViewRootImpl.doTraversal:3708 android.view.ViewRootImpl$TraversalRunnable.run:12542 android.view.Choreographer$CallbackRecord.run:1751 
2025-11-02 12:41:56.013 25179-25179 VRI[Main]@95c91f7       com.android.chrome                   I  Relayout returned: old=(0,0,1080,2340) new=(0,0,1080,2340) relayoutAsync=true req=(1080,2340)0 dur=0 res=0x0 s={true 0xb400007a83009800} ch=false seqId=0
2025-11-02 12:41:56.013 25179-25179 VRI[Main]@95c91f7       com.android.chrome                   I  updateBoundsLayer: t=android.view.SurfaceControl$Transaction@a210b67 sc=Surface(name=Bounds for - com.android.chrome/com.google.android.apps.chrome.Main@8)/@0xdaa5585 frame=32
2025-11-02 12:41:56.014 25179-25179 VRI[Main]@95c91f7       com.android.chrome                   I  registerCallbackForPendingTransactions
