2025-11-02 13:14:15.815  1502-1502  NavigationBar           com.android.systemui                 D  onRotationProposal proposedRotation=ROTATION_0, isValid=true, mNavBarWindowState=WINDOW_STATE_SHOWING, rotateSuggestionsDisabled=false, isRotateButtonVisible=false
2025-11-02 13:14:15.816  1502-1502  RotationBu...Controller com.android.systemui                 D  onRotationProposal rotation not changed
2025-11-02 13:14:15.845  1027-2103  ActivityManager         system_server                        I  Changes in 90024 3 to 8, 56 to 0
2025-11-02 13:14:15.880   681-734   SensorsHub              and....sensors@2.0-service.multihal  I  DeviceOrientation(0): event = 255, time = 393893285342726
2025-11-02 13:14:15.880  1027-1109  WindowOrie...onListener system_server                        D  onSensorChanged device orientation: -1
2025-11-02 13:14:15.881  1502-1502  AppController           com.android.systemui                 D  AppControlSensorListener.onSensorChanged, Rotation: -1
2025-11-02 13:14:15.881  1502-1502  NavigationBar           com.android.systemui                 D  onRotationProposal proposedRotation=-1, isValid=false, mNavBarWindowState=WINDOW_STATE_SHOWING, rotateSuggestionsDisabled=false, isRotateButtonVisible=false
2025-11-02 13:14:15.881  1502-1502  RotationBu...Controller com.android.systemui                 D  onRotationProposal unknown rotation
2025-11-02 13:14:15.883  1027-2103  Grammatica...ctionUtils system_server                        V  AttributionSource: AttributionSource { uid = 90054, packageName = null, attributionTag = null, token = android.os.Binder@1b379, deviceId = 0, next = null } does not have READ_SYSTEM_GRAMMATICAL_GENDER permission.
2025-11-02 13:14:15.905 25179-25254 chromium                com.android.chrome                   W  [WARNING:net/cert/ev_root_ca_metadata.cc:117] Not implemented
2025-11-02 13:14:15.905 25179-25254 chromium                com.android.chrome                   W  [WARNING:net/cert/ev_root_ca_metadata.cc:117] Not implemented
2025-11-02 13:14:15.907 25238-25238 Zygote                  com.android.chrome_zygote            D  Forked child process 3686
2025-11-02 13:14:15.914  1027-1124  ActivityManager         system_server                        I  Start proc 3686:com.android.chrome:sandboxed_process0:org.chromium.content.app.SandboxedProcessService0:54/u0ai54 for  {com.android.chrome/org.chromium.content.app.SandboxedProcessService0:54}
2025-11-02 13:14:15.916  3686-3686  libc                    com.android.chrome                   E  SetHeapTaggingLevel: re-enabling tagging after it was disabled is not supported
2025-11-02 13:14:15.933  3686-3686  cessService0:54         com.android.chrome                   I  Using CollectorTypeCMC GC.
2025-11-02 13:14:15.939  3686-3686  cessService0:54         com.android.chrome                   E  Not starting debugger since process cannot load the jdwp agent.
2025-11-02 13:14:15.945  1027-1435  SemWifiSwi...ppsService system_server                        D  isSkipTcpMonitorInfo - result:1
2025-11-02 13:14:15.948  3686-3686  nativeloader            com.android.chrome                   D  Load libframework-connectivity-tiramisu-jni.so using APEX ns com_android_tethering for caller /apex/com.android.tethering/javalib/framework-connectivity-t.jar: ok
2025-11-02 13:14:15.953  3686-3686  ActivityThread          com.android.chrome                   D  setConscryptValidator
2025-11-02 13:14:15.953  3686-3686  ActivityThread          com.android.chrome                   D  setConscryptValidator - put
2025-11-02 13:14:15.974  3686-3686  ApplicationLoaders      com.android.chrome                   D  Returning zygote-cached class loader: /system_ext/framework/androidx.window.extensions.jar
2025-11-02 13:14:15.974  3686-3686  ApplicationLoaders      com.android.chrome                   D  Returning zygote-cached class loader: /system_ext/framework/androidx.window.sidecar.jar
2025-11-02 13:14:15.980  3686-3686  LoadedApk               com.android.chrome                   I  No resource references to update in package com.google.android.trichromelibrary
2025-11-02 13:14:15.983  3686-3686  cr_SplitCompatApp       com.android.chrome                   I  version=141.0.7390.123 (739012333) minSdkVersion=29 processName=com.android.chrome:sandboxed_process0:org.chromium.content.app.SandboxedProcessService0:54 isIsolatedProcess=true splits=chrome,config.en,config.zh,dev_ui,on_demand,stack_unwinder,test_dummy
2025-11-02 13:14:15.985  1027-2103  ActivityManager         system_server                        I  Changes in 90054 19 to 3, 0 to 56
2025-11-02 13:14:15.992  3686-3686  cr_ChildProcessService  com.android.chrome                   I  Creating new ChildProcessService pid=3686
2025-11-02 13:14:16.002  3686-3697  cr_LibraryLoader        com.android.chrome                   I  Successfully loaded native library
2025-11-02 13:14:16.004  3686-3697  cr_CachingUmaRecorder   com.android.chrome                   I  Flushed 3 samples from 3 histograms, 0 samples were dropped.
2025-11-02 13:14:16.006  3686-3697  chromium                com.android.chrome                   W  [WARNING:content/app/android/content_main_android.cc:82] android_setCpu already initialized
2025-11-02 13:14:16.017  1027-2884  SemWifiUsa...atsMonitor system_server                        D  onWifiUsabilityStats - seqNum 7732, isSameBssidAndFreq true
2025-11-02 13:14:16.018  1027-1325  ConnectivityService     system_server                        D  notifyType CALLBACK_CAP_CHANGED for [214 WIFI]
2025-11-02 13:14:16.019  1027-1409  SemWifiLin...ityMonitor system_server                        I  Link stat: 2806 / 0 / 1.01 (319) / 433 / -44.0 || 100.0 : 433.00 / 0.5 : 0.99 / 0.55 : 0.00 / G (G) || b9f683e25765: 0.090 / 88.421 /  / N || N N / 0 / N 2.0 / N 0 / 91767992 0
2025-11-02 13:14:16.020  1027-1362  SemWifiApNsd:Client     system_server                        D  lpInterface:wlan0
2025-11-02 13:14:16.021  1027-1362  WifiConnec...onitor.NCC system_server                        I  sNetworkCallback(oCC) FULL : 214(valid: true/captive: false)
2025-11-02 13:14:16.022  1027-1362  WifiConnec...onitor.NCC system_server                        I  [ Transports: WIFI Capabilities: NOT_METERED&INTERNET&NOT_RESTRICTED&TRUSTED&NOT_VPN&VALIDATED&NOT_ROAMING&FOREGROUND&NOT_CONGESTED&NOT_SUSPENDED&NOT_VCN_MANAGED&NOT_BANDWIDTH_CONSTRAINED LinkUpBandwidth>=4961Kbps LinkDnBandwidth>=59829Kbps TransportInfo: <SSID: <unknown ssid>, BSSID: 02:00:00:**:**:00, MAC: 02:00:00:**:**:00, IP: /192.***.*.19, Security type: 2, Supplicant state: COMPLETED, Wi-Fi standard: 11ac, RSSI: -44, Link speed: 433Mbps, Tx Link speed: 433Mbps, Max Supported Tx Link speed: 433Mbps, Rx Link speed: 260Mbps, Max Supported Rx Link speed: 433Mbps, Frequency: 5765MHz, Net ID: -1, Metered hint: false, score: 60, isUsable: true, CarrierMerged: false, SubscriptionId: -1, IsPrimary: 1, Trusted: true, Restricted: false, Ephemeral: false, OEM paid: false, OEM private: false, OSU AP: false, FQDN: <none>, Provider friendly name: <none>, Requesting package name: <none><none>MLO Information: , Is TID-To-Link negotiation supported by the AP: false, AP MLD Address: <none>, AP MLO Link Id: <none>, AP MLO Affiliated links: <none>, Vendor Data: <none>> SignalStrength: -44 AdminUids: [1000] SSID: "TP-Link_83E3" UnderlyingNetworks: Null]
2025-11-02 13:14:16.023  1027-1437  WifiConnectivityMonitor system_server                        D  HANDLE_ON_CAPABILITIES_CHANGED
2025-11-02 13:14:16.023  1027-1437  WifiConnectivityMonitor system_server                        I  determineMode : MODE_AGG_BY_SWITCH_TO_MOBILE_DATA_OPTION
2025-11-02 13:14:16.023  1027-1437  OpenNetworkQos[4.00]    system_server                        D  updateBssidNoInternet: mBssidNoInternet = false
2025-11-02 13:14:16.023  1027-1437  OpenNetworkQos[4.00]    system_server                        D  getOpenNetworkQosNoInternetStatus: false
2025-11-02 13:14:16.023  1027-1437  OpenNetworkQos[4.00]    system_server                        D  getOpenNetworkQosScores: 30 30 0 
2025-11-02 13:14:16.024  1027-1437  KNOX_MDM_S...gsProvider system_server                        D  isChangeAllowed() : name = wifi_wcm_qos_sharing_score_summary
2025-11-02 13:14:16.024  1027-1437  WifiProfileShare        system_server                        I  network QoS data was changed (internet), updateQoSData networkType: true, qosData: false
2025-11-02 13:14:16.024  1027-1437  WifiConnectivityMonitor system_server                        D  VALIDATED_DETECTED
2025-11-02 13:14:16.024  1027-1430  SemApeService           system_server                        D  Deducted link capacity (M: R=303 T=303) RSSI=-43
2025-11-02 13:14:16.025  1027-1430  SemApeService           system_server                        D  Deducted link capacity (M: R=303 T=303) on (wlan0) GoogleAPI(M: R=59 T=4) RSSI=-43 isDefault=false isMlo=false
2025-11-02 13:14:16.026  1502-1997  WifiPickerTracker       com.android.systemui                 D  updateWifiEntries capabilities
2025-11-02 13:14:16.029  5216-5769  HBD                     com.samsung.android.honeyboard       I  g onCapabilitiesChanged network : 214 current network state : wifi 
2025-11-02 13:14:16.032  1027-2643  WifiProfileShare.Caster system_server                        V  update wips network, size: 0
2025-11-02 13:14:16.032  1027-2643  WifiProfileShare        system_server                        D  nearby scanning settings run
2025-11-02 13:14:16.032  1027-2643  WifiProfileShare        system_server                        D  network score provider settings enabled
2025-11-02 13:14:16.032  1027-2643  OpenNetworkQos[4.00]    system_server                        D  getOpenNetworkQosScores: 30 30 0 
2025-11-02 13:14:16.032  1027-2643  OpenNetworkQos[4.00]    system_server                        D  getOpenNetworkQosNoInternetStatus: false
2025-11-02 13:14:16.032  1027-2643  WifiProfileShare.Caster system_server                        I  current network type: 0, score: [30, 30, 0]
2025-11-02 13:14:16.033  1027-2643  WifiProfileShare.Cache  system_server                        V  update network score b0:a7:b9:**:**:e2
2025-11-02 13:14:16.033  1027-2643  WifiProfil...canMatcher system_server                        D  getMcfDataList size:2
2025-11-02 13:14:16.033  1027-2643  WifiProfileShare.Caster system_server                        I  qos data was updated , before:type:QOS, pBssid:51:3a:52, qosData:78 after:type:QOS, pBssid:51:3a:52, qosData:78
2025-11-02 13:14:16.042 30824-30897 BugleRcsEngine          com.google.android.apps.messaging    I  handleMessage processing message:[NOTIFY_UPTIME_IGNORE_STATE_CHANGED] with [non-null]:RcsEngineImpl reference [CONTEXT log_prefix="RcsEngineImpl[DUAL_REG]:[58d04796-6629]>Handler" thread_id=111 ]
2025-11-02 13:14:16.044  1502-1997  WifiPickerTracker       com.android.systemui                 D  update AutoHotspot Entries() : bleAccessPoints -> 0
2025-11-02 13:14:16.045  1502-1997  WifiPickerTracker       com.android.systemui                 D  handleNetworkCapabilitiesChanged
2025-11-02 13:14:16.045  1027-2643  [MCFSDK_an...CasterImpl system_server                        I  isNetworkEnabled - type : 1 ret : true
2025-11-02 13:14:16.047 30824-30869 BugleRcsEngine          com.google.android.apps.messaging    I  Connected state: [1], networkType: [WIFI] [CONTEXT thread_id=102 ]
2025-11-02 13:14:16.047  1502-1761  Tile.WifiTile           com.android.systemui                 D  handleUpdateState isTransient=false transientEnabling =false cb.isTransient=false state.state = 2 mStateBeforeClick.value =false enabled =true
2025-11-02 13:14:16.048  1027-2643  WifiProfil...re.McfCast system_server                        D  -ME--- mIsNetworkEnabled :true
2025-11-02 13:14:16.048  1027-2643  WifiProfil...re.McfCast system_server                        D  updateQoSData ignored, same contents
2025-11-02 13:14:16.048  1027-2643  WifiProfileShare.MCF    system_server                        D  success update QosData !
2025-11-02 13:14:16.049  1027-2643  [MCFSDK_an...CasterImpl system_server                        I  isNetworkEnabled - type : 1 ret : true
2025-11-02 13:14:16.049  1027-2643  WifiProfil...re.McfCast system_server                        D  -ME--- mIsNetworkEnabled :true
2025-11-02 13:14:16.049  1027-2643  WifiProfil...re.McfCast system_server                        D  -ME--- updatePasswordDate pwdData size:2
2025-11-02 13:14:16.121  1027-2103  ActivityManager         system_server                        I  Changes in 90024 8 to 3, 0 to 56
2025-11-02 13:14:16.121  1027-1149  PowerManagerService     system_server                        D  UserActivityStateListenerState: 0
2025-11-02 13:14:16.130  5216-5216  HBD                     com.samsung.android.honeyboard       I  g onCapabilityChanged  setNetworkState currentNetworkState : wifi 
2025-11-02 13:14:16.138  1027-2103  ActivityManager         system_server                        I  Changes in 90024 3 to 8, 56 to 0
2025-11-02 13:14:16.158   765-765   RefreshRateSelector     surfaceflinger                       E  Can't find HRR max refresh rate by policy with the same group 0
2025-11-02 13:14:16.333 25179-25255 chromium                com.android.chrome                   W  [WARNING:net/cert/ev_root_ca_metadata.cc:117] Not implemented
2025-11-02 13:14:16.333 25179-25255 chromium                com.android.chrome                   W  [WARNING:net/cert/ev_root_ca_metadata.cc:117] Not implemented
2025-11-02 13:14:16.521   695-3656  HYPER-HAL               ven...amsung.hardware.hyper-service  I  [RequestManager.cpp]releaseLocked(): Released ID : 1559495
2025-11-02 13:14:16.542 32024-3617  NearbySharing           com.google.android.gms.persistent    I  Network state changed: NetworkState(isRestricted=false, isOnline=true, isCongested=false, isMetered=false, isWifiConnected=true)
2025-11-02 13:14:16.725 25179-25254 chromium                com.android.chrome                   W  [WARNING:net/cert/ev_root_ca_metadata.cc:117] Not implemented
2025-11-02 13:14:16.825 25179-25254 chromium                com.android.chrome                   W  [WARNING:net/cert/ev_root_ca_metadata.cc:117] Not implemented
2025-11-02 13:14:16.854  1027-1335  DeviceStor...torService system_server                        W  updateBroadcasts(/data) oldLevel:0, newLevel:0, seq:1
2025-11-02 13:14:16.855  1027-1335  DeviceStor...torService system_server                        D  Available File Node Number is [13466936]
2025-11-02 13:14:16.855  1027-1335  DeviceStor...torService system_server                        W  updateBroadcasts_filenode(/data) fn_oldLevel:0, fn_newLevel:0, seq:1
2025-11-02 13:14:16.955  1027-1435  SemWifiSwi...ppsService system_server                        D  isSkipTcpMonitorInfo - result:1
2025-11-02 13:14:17.079  1027-3712  WifiConnec....DnsThread system_server                        D   [|205]
2025-11-02 13:14:17.080  1027-1439  WifiConnec...tsAnalyzer system_server                        D  DNS resultType : 0, responseTime : 205
2025-11-02 13:14:17.081  1027-1437  OpenNetworkQos[4.00]    system_server                        D  updateBssidLatestDnsResultType - result: 0
2025-11-02 13:14:17.081  1027-1437  OpenNetworkQos[4.00]    system_server                        D  updateBssidNoInternet: mBssidNoInternet = false
2025-11-02 13:14:17.081  1027-1437  OpenNetworkQos[4.00]    system_server                        D  getOpenNetworkQosNoInternetStatus: false
2025-11-02 13:14:17.081  1027-1437  OpenNetworkQos[4.00]    system_server                        D  getOpenNetworkQosScores: 30 30 0 
2025-11-02 13:14:17.081  1027-1437  KNOX_MDM_S...gsProvider system_server                        D  isChangeAllowed() : name = wifi_wcm_qos_sharing_score_summary
2025-11-02 13:14:17.081  1027-1437  WifiProfileShare        system_server                        I  network QoS data was changed (internet), updateQoSData networkType: true, qosData: false
2025-11-02 13:14:17.082  1027-2643  WifiProfileShare.Caster system_server                        V  update wips network, size: 0
2025-11-02 13:14:17.082  1027-2643  WifiProfileShare        system_server                        D  nearby scanning settings run
2025-11-02 13:14:17.082  1027-2643  WifiProfileShare        system_server                        D  network score provider settings enabled
2025-11-02 13:14:17.082  1027-2643  OpenNetworkQos[4.00]    system_server                        D  getOpenNetworkQosScores: 30 30 0 
2025-11-02 13:14:17.082  1027-2643  OpenNetworkQos[4.00]    system_server                        D  getOpenNetworkQosNoInternetStatus: false
2025-11-02 13:14:17.082  1027-2643  WifiProfileShare.Caster system_server                        I  current network type: 0, score: [30, 30, 0]
2025-11-02 13:14:17.083  1027-2643  WifiProfileShare.Cache  system_server                        V  update network score b0:a7:b9:**:**:e2
2025-11-02 13:14:17.083  1027-2643  WifiProfil...canMatcher system_server                        D  getMcfDataList size:2
2025-11-02 13:14:17.083  1027-2643  WifiProfileShare.Caster system_server                        I  qos data was updated , before:type:QOS, pBssid:51:3a:52, qosData:78 after:type:QOS, pBssid:51:3a:52, qosData:78
2025-11-02 13:14:17.084  1027-2643  [MCFSDK_an...CasterImpl system_server                        I  isNetworkEnabled - type : 1 ret : true
2025-11-02 13:14:17.084  1027-2643  WifiProfil...re.McfCast system_server                        D  -ME--- mIsNetworkEnabled :true
2025-11-02 13:14:17.084  1027-2643  WifiProfil...re.McfCast system_server                        D  updateQoSData ignored, same contents
2025-11-02 13:14:17.084  1027-2643  WifiProfileShare.MCF    system_server                        D  success update QosData !
2025-11-02 13:14:17.084  1027-2643  [MCFSDK_an...CasterImpl system_server                        I  isNetworkEnabled - type : 1 ret : true
2025-11-02 13:14:17.084  1027-2643  WifiProfil...re.McfCast system_server                        D  -ME--- mIsNetworkEnabled :true
2025-11-02 13:14:17.084  1027-2643  WifiProfil...re.McfCast system_server                        D  -ME--- updatePasswordDate pwdData size:2
2025-11-02 13:14:17.097   465-465   io_stats                iod                                  D  !@   8,0 r 3844099 81493019 w 1853764 30937536 d 292147 120534348 f 80140 244898 iot 3112916 0 th 0 0 0 pt 0 inp 0 0 91769.071
2025-11-02 13:14:17.123  1027-1485  Pageboost               system_server                        I  Launcher App Execution
2025-11-02 13:14:17.308  1027-2103  ActivityManager         system_server                        I  Changes in 90054 3 to 17, 56 to 0
2025-11-02 13:14:17.890   765-2504  NativeSemDvfsManager    surfaceflinger                       D  acquire:: timeout = 2000 mIsAcquired = 1  mTagName : SurfaceFlinger 
2025-11-02 13:14:17.891   765-2504  NativeCust...ncyManager surfaceflinger                       E  [NativeCFMS] BpCustomFrequencyManager::acquire()
2025-11-02 13:14:17.891   695-780   HYPER-HAL               ven...amsung.hardware.hyper-service  I  [RequestManager.cpp]acquire(): Acquired ID : 1559495  [765 / 1000]    HINT : SF_GPU_MINLOCK    list : [TIMEOUT / 2000] 
2025-11-02 13:14:17.960  1027-1435  SemWifiSwi...ppsService system_server                        D  isSkipTcpMonitorInfo - result:1
2025-11-02 13:14:18.030  2780-2780  Capacitor/Console       com.udry.app                         E  File: https://localhost/_next/static/chunks/7023-61fef9f531840400.js - Line 1 - Msg: Stripe redirectToCheckout error: [object Object]
2025-11-02 13:14:18.312  1027-2608  FreecessController      system_server                        D  com.udry.app(10338) is important[2]
2025-11-02 13:14:18.971  1027-1435  SemWifiSwi...ppsService system_server                        D  isSkipTcpMonitorInfo - result:1
2025-11-02 13:14:19.025  1027-2884  SemWifiUsa...atsMonitor system_server                        D  onWifiUsabilityStats - seqNum 7733, isSameBssidAndFreq true
2025-11-02 13:14:19.027  1027-1409  SemWifiLin...ityMonitor system_server                        I  Link stat: 2716 / 0 / 1.03 (158) / 433 / -43.0 || 100.0 : 433.00 / 0.5 : 0.97 / 0.55 : 0.00 / G (G) || b9f683e25765: 0.090 / 88.421 /  / N || N N / 0 / N 2.0 / N 0 / 91771000 0
2025-11-02 13:14:19.028  1027-1325  ConnectivityService     system_server                        D  notifyType CALLBACK_CAP_CHANGED for [214 WIFI]
2025-11-02 13:14:19.030  1027-1362  SemWifiApNsd:Client     system_server                        D  lpInterface:wlan0
2025-11-02 13:14:19.031  1027-1362  WifiConnec...onitor.NCC system_server                        I  sNetworkCallback(oCC) FULL : 214(valid: true/captive: false)
2025-11-02 13:14:19.032  1027-1362  WifiConnec...onitor.NCC system_server                        I  [ Transports: WIFI Capabilities: NOT_METERED&INTERNET&NOT_RESTRICTED&TRUSTED&NOT_VPN&VALIDATED&NOT_ROAMING&FOREGROUND&NOT_CONGESTED&NOT_SUSPENDED&NOT_VCN_MANAGED&NOT_BANDWIDTH_CONSTRAINED LinkUpBandwidth>=4961Kbps LinkDnBandwidth>=59829Kbps TransportInfo: <SSID: <unknown ssid>, BSSID: 02:00:00:**:**:00, MAC: 02:00:00:**:**:00, IP: /192.***.*.19, Security type: 2, Supplicant state: COMPLETED, Wi-Fi standard: 11ac, RSSI: -43, Link speed: 433Mbps, Tx Link speed: 433Mbps, Max Supported Tx Link speed: 433Mbps, Rx Link speed: 433Mbps, Max Supported Rx Link speed: 433Mbps, Frequency: 5765MHz, Net ID: -1, Metered hint: false, score: 60, isUsable: true, CarrierMerged: false, SubscriptionId: -1, IsPrimary: 1, Trusted: true, Restricted: false, Ephemeral: false, OEM paid: false, OEM private: false, OSU AP: false, FQDN: <none>, Provider friendly name: <none>, Requesting package name: <none><none>MLO Information: , Is TID-To-Link negotiation supported by the AP: false, AP MLD Address: <none>, AP MLO Link Id: <none>, AP MLO Affiliated links: <none>, Vendor Data: <none>> SignalStrength: -43 AdminUids: [1000] SSID: "TP-Link_83E3" UnderlyingNetworks: Null]
2025-11-02 13:14:19.034  1502-1997  WifiPickerTracker       com.android.systemui                 D  updateWifiEntries capabilities
2025-11-02 13:14:19.036  1027-1437  WifiConnectivityMonitor system_server                        D  HANDLE_ON_CAPABILITIES_CHANGED
2025-11-02 13:14:19.036  1027-1437  WifiConnectivityMonitor system_server                        I  determineMode : MODE_AGG_BY_SWITCH_TO_MOBILE_DATA_OPTION
2025-11-02 13:14:19.037  1027-1437  OpenNetworkQos[4.00]    system_server                        D  updateBssidNoInternet: mBssidNoInternet = false
2025-11-02 13:14:19.037  1027-1437  OpenNetworkQos[4.00]    system_server                        D  getOpenNetworkQosNoInternetStatus: false
2025-11-02 13:14:19.037  1027-1437  OpenNetworkQos[4.00]    system_server                        D  getOpenNetworkQosScores: 30 30 0 
2025-11-02 13:14:19.037  1027-1437  KNOX_MDM_S...gsProvider system_server                        D  isChangeAllowed() : name = wifi_wcm_qos_sharing_score_summary
2025-11-02 13:14:19.037  1502-1997  WifiPickerTracker       com.android.systemui                 D  update AutoHotspot Entries() : bleAccessPoints -> 0
2025-11-02 13:14:19.038  1502-1997  WifiPickerTracker       com.android.systemui                 D  handleNetworkCapabilitiesChanged
2025-11-02 13:14:19.038  1027-1430  SemApeService           system_server                        D  Deducted link capacity (M: R=182 T=303) RSSI=-44
2025-11-02 13:14:19.038  1027-1430  SemApeService           system_server                        D  Deducted link capacity (M: R=182 T=303) on (wlan0) GoogleAPI(M: R=59 T=4) RSSI=-44 isDefault=false isMlo=false
2025-11-02 13:14:19.039  1027-1437  WifiProfileShare        system_server                        I  network QoS data was changed (internet), updateQoSData networkType: true, qosData: false
2025-11-02 13:14:19.039  1027-1437  WifiConnectivityMonitor system_server                        D  VALIDATED_DETECTED
2025-11-02 13:14:19.039  1027-2643  WifiProfileShare.Caster system_server                        V  update wips network, size: 0
2025-11-02 13:14:19.039  1027-2643  WifiProfileShare        system_server                        D  nearby scanning settings run
2025-11-02 13:14:19.039  1027-2643  WifiProfileShare        system_server                        D  network score provider settings enabled
2025-11-02 13:14:19.040  1027-2643  OpenNetworkQos[4.00]    system_server                        D  getOpenNetworkQosScores: 30 30 0 
2025-11-02 13:14:19.040  1027-2643  OpenNetworkQos[4.00]    system_server                        D  getOpenNetworkQosNoInternetStatus: false
2025-11-02 13:14:19.040  1027-2643  WifiProfileShare.Caster system_server                        I  current network type: 0, score: [30, 30, 0]
2025-11-02 13:14:19.040  1027-2643  WifiProfileShare.Cache  system_server                        V  update network score b0:a7:b9:**:**:e2
2025-11-02 13:14:19.040  1027-2643  WifiProfil...canMatcher system_server                        D  getMcfDataList size:2
2025-11-02 13:14:19.040  1027-2643  WifiProfileShare.Caster system_server                        I  qos data was updated , before:type:QOS, pBssid:51:3a:52, qosData:78 after:type:QOS, pBssid:51:3a:52, qosData:78
2025-11-02 13:14:19.041  5216-5769  HBD                     com.samsung.android.honeyboard       I  g onCapabilitiesChanged network : 214 current network state : wifi 
2025-11-02 13:14:19.041  1027-2643  [MCFSDK_an...CasterImpl system_server                        I  isNetworkEnabled - type : 1 ret : true
2025-11-02 13:14:19.041  1027-2643  WifiProfil...re.McfCast system_server                        D  -ME--- mIsNetworkEnabled :true
2025-11-02 13:14:19.041  1027-2643  WifiProfil...re.McfCast system_server                        D  updateQoSData ignored, same contents
2025-11-02 13:14:19.041  1027-2643  WifiProfileShare.MCF    system_server                        D  success update QosData !
2025-11-02 13:14:19.042  1027-2643  [MCFSDK_an...CasterImpl system_server                        I  isNetworkEnabled - type : 1 ret : true
2025-11-02 13:14:19.042  1027-2643  WifiProfil...re.McfCast system_server                        D  -ME--- mIsNetworkEnabled :true
2025-11-02 13:14:19.042  1027-2643  WifiProfil...re.McfCast system_server                        D  -ME--- updatePasswordDate pwdData size:2
2025-11-02 13:14:19.046 30824-30869 BugleRcsEngine          com.google.android.apps.messaging    I  Connected state: [1], networkType: [WIFI] [CONTEXT thread_id=102 ]
2025-11-02 13:14:19.046 30824-30897 BugleRcsEngine          com.google.android.apps.messaging    I  handleMessage processing message:[NOTIFY_UPTIME_IGNORE_STATE_CHANGED] with [non-null]:RcsEngineImpl reference [CONTEXT log_prefix="RcsEngineImpl[DUAL_REG]:[58d04796-6629]>Handler" thread_id=111 ]
2025-11-02 13:14:19.053  1502-1761  Tile.WifiTile           com.android.systemui                 D  handleUpdateState isTransient=false transientEnabling =false cb.isTransient=false state.state = 2 mStateBeforeClick.value =false enabled =true
2025-11-02 13:14:19.084  1027-1439  WifiConnec...tsAnalyzer system_server                        D  Backhaul result - RSSI:-44, CE:28, PE:13, TI:37, PTI:24, TW:15, PTW:16, Tx:477, Rx:478, TxS:325, RxS:274, RESULT:true, IC:0, ICT:5, WC:0, WCT:5, R:2, RC:0, IE:0, EC:0
2025-11-02 13:14:19.098   465-465   io_stats                iod                                  D  !@   8,0 r 3844100 81493039 w 1853851 30939268 d 292147 120534348 f 80140 244899 iot 3112940 0 th 0 0 0 pt 0 inp 0 0 91771.072
2025-11-02 13:14:19.098   465-465   io_stats                iod                                  D  !@ Read_top(KB): cessService0:24(24405) 432 cessService0:46(31968) 20 .android.chrome(25179) 16
2025-11-02 13:14:19.098   465-465   io_stats                iod                                  D  !@ Write_top(KB): kworker/u16:2(29924) 1724 .android.chrome(25179) 92
2025-11-02 13:14:19.143  5216-5216  HBD                     com.samsung.android.honeyboard       I  g onCapabilityChanged  setNetworkState currentNetworkState : wifi 
2025-11-02 13:14:19.174  1027-1408  SemWifiServiceDetector  system_server                        I  NSD results: [0, 1, 2, 0, 0, 1, 2, 0, 0] Traff. type 1 Thr 2
2025-11-02 13:14:19.470  2153-4454  id.app.launcher         com.sec.android.app.launcher         I  Explicit concurrent mark compact GC freed 4332KB AllocSpace bytes, 4(848KB) LOS objects, 50% free, 16MB/33MB, paused 434us,1.785ms total 107.960ms
2025-11-02 13:14:19.475  2153-2169  id.app.launcher         com.sec.android.app.launcher         W  ApkAssets: Deleting an ApkAssets object '<empty> and /data/app/~~-OpTfb78VRxiXNNt4DXYjw==/com.udry.app-XcqYcvZuFMtpGnYICEC_4w==/base.apk' with 1 weak references
2025-11-02 13:14:19.476  2153-2169  id.app.launcher         com.sec.android.app.launcher         W  ApkAssets: Deleting an ApkAssets object '<empty> and /data/app/~~LKnT4f0u4WdRr9xyWkvK2w==/com.samsung.android.app.spage-t6dvXImI05Tw6kivLQymAw==/base.apk' with 1 weak references
2025-11-02 13:14:19.477  2153-2169  id.app.launcher         com.sec.android.app.launcher         W  ApkAssets: Deleting an ApkAssets object '<empty> and /data/app/~~hmIhMMgA8iLxWs3LONxg2w==/com.sec.android.app.clockpackage-nXuB6_jjGtGdaFBLQ-DYRA==/base.apk' with 1 weak references
2025-11-02 13:14:19.479  2153-2746  HoneySpace...ry-Monitor com.sec.android.app.launcher         I  trimMemory 20
2025-11-02 13:14:19.547 32024-3617  NearbySharing           com.google.android.gms.persistent    I  Network state changed: NetworkState(isRestricted=false, isOnline=true, isCongested=false, isMetered=false, isWifiConnected=true)
2025-11-02 13:14:19.549  1027-1461  NetdEventL...nerService system_server                        D  DNS Requested by 214, 10338(com.udry.app), SUCCESS, 4ms
2025-11-02 13:14:19.892   695-3725  HYPER-HAL               ven...amsung.hardware.hyper-service  I  [RequestManager.cpp]releaseLocked(): Released ID : 1559495
2025-11-02 13:14:19.979  1027-1435  SemWifiSwi...ppsService system_server                        D  isSkipTcpMonitorInfo - result:1
2025-11-02 13:14:19.990  1027-1325  InetDiagMessage         system_server                        D  Destroyed 7 sockets, proto=IPPROTO_TCP, family=AF_INET, states=14
2025-11-02 13:14:19.990  1027-1325  InetDiagMessage         system_server                        D  Destroyed 0 sockets, proto=IPPROTO_TCP, family=AF_INET6, states=14
2025-11-02 13:14:19.990  1027-1325  InetDiagMessage         system_server                        D  Destroyed live tcp sockets for uids={10338} in 2ms
2025-11-02 13:14:19.992  1027-1325  InetDiagMessage         system_server                        D  Destroyed 0 sockets, proto=IPPROTO_TCP, family=AF_INET, states=14
2025-11-02 13:14:19.994  1027-1325  InetDiagMessage         system_server                        D  Destroyed 0 sockets, proto=IPPROTO_TCP, family=AF_INET6, states=14
2025-11-02 13:14:19.994  1027-1325  InetDiagMessage         system_server                        D  Destroyed live tcp sockets for uids={20338} in 3ms
2025-11-02 13:14:20.163  1027-1122  ActivityManager         system_server                        I  Changes in 10143 3 to 15, 16 to 0
2025-11-02 13:14:20.559  3493-3493  SDHMS:LOAD              com.sec.android.sdhms                I  type: LoadsFreqs, value: 0:72:25:1526219:2400000:533000:1605659:2002000:533000:323:949:0
2025-11-02 13:14:20.990  1027-1435  SemWifiSwi...ppsService system_server                        D  isSkipTcpMonitorInfo - result:1
2025-11-02 13:14:21.084  1027-2608  NSLocationMonitor       system_server                        I  getGPSUsingApps() called
2025-11-02 13:14:21.085  2598-2652  NSLocationManager_FLP   com.sec.location.nsflp2              I  getGPSUsingApps, No change
2025-11-02 13:14:21.092  1027-2608  FreecessController      system_server                        D  com.udry.app(10338) is important[2]
2025-11-02 13:14:21.098   465-465   io_stats                iod                                  D  !@   8,0 r 3844101 81493071 w 1853851 30939268 d 292147 120534348 f 80140 244899 iot 3112944 0 th 0 0 0 pt 0 inp 0 0 91773.072
2025-11-02 13:14:21.105  1027-1251  InputReader             system_server                        D  Btn_touch(3): value=1 when=91773.078560
2025-11-02 13:14:21.105  1027-1251  InputReader             system_server                        I  Touch event's action is 0x0 (id=4, t=0) [pCnt=1, s=0.1980 ] when=91773.078560
2025-11-02 13:14:21.105  1027-1250  InputDispatcher         system_server                        I  Delivering touch to (1502): action: 0x4, f=0x0, d=0, 'ccbc14c', t=1 
2025-11-02 13:14:21.105  1027-1250  InputDispatcher         system_server                        I  Delivering touch to (25179): action: 0x0, f=0x0, d=0, 'bd9988f', t=1 
2025-11-02 13:14:21.106  1027-1250  PowerManagerService     system_server                        D  [api] userActivityFromNative : touch displayId=0 eventTime=91773078
2025-11-02 13:14:21.106 25179-25179 VRI[Main]@95c91f7       com.android.chrome                   I  ViewPostIme pointer 0
2025-11-02 13:14:21.106  1027-1250  PowerManagerService     system_server                        D  UserActivityStateListenerState: 1
2025-11-02 13:14:21.107 25179-25179 VRI[Main]@95c91f7       com.android.chrome                   I  call setFrameRateCategory for touch hint category=high hint, reason=touch, vri=VRI[Main]@95c91f7
2025-11-02 13:14:21.108  3493-3493  SemDvfsHyPerManager     com.sec.android.sdhms                I  acquire hyper - TATouchBoost/3493@21, type = -999
2025-11-02 13:14:21.108  1027-1109  GestureDetector         system_server                        I  obtain mCurrentDownEvent. id: 243119851 caller: com.android.server.wm.SystemGesturesPointerEventListener.onPointerEvent:17 com.android.server.wm.PointerEventDispatcher.onInputEvent:51 android.view.InputEventReceiver.dispatchInputEvent:385 
2025-11-02 13:14:21.109   695-780   HYPER-HAL               ven...amsung.hardware.hyper-service  I  [RequestManager.cpp]acquire(): Acquired ID : 6175876  [3493 / 21]    HINT :      list : [TABoost / 1] [TIMEOUT / 1500] 
2025-11-02 13:14:21.109  1027-1109  GestureDetector         system_server                        I  obtain mCurrentDownEvent. id: 243119851 caller: com.android.server.wm.SystemPerformancePointerEventListener.onPointerEvent:13 com.android.server.wm.PointerEventDispatcher.onInputEvent:51 android.view.InputEventReceiver.dispatchInputEvent:385 
2025-11-02 13:14:21.110  1027-1109  GestureDetector         system_server                        I  obtain mCurrentMotionEventRaw. action: 2 id: 29340272
2025-11-02 13:14:21.110  1027-1109  GestureDetector         system_server                        I  obtain mCurrentMotionEventRaw. action: 2 id: 29340272
2025-11-02 13:14:21.112   765-765   SurfaceFlinger          surfaceflinger                       I  SFWD update time=91773086659584
2025-11-02 13:14:21.113   765-765   SurfaceFlinger          surfaceflinger                       I  [com.android.chrome/com.google.android.apps.chrome.Main$_25179#6970] setFrameRateCategory: HighHint
2025-11-02 13:14:21.164  1027-1251  InputReader             system_server                        D  Btn_touch(3): value=0 when=91773.138476
2025-11-02 13:14:21.164  1027-1251  InputReader             system_server                        I  Touch event's action is 0x1 (id=4, t=0) [pCnt=1, s=] when=91773.138476
2025-11-02 13:14:21.165 25179-25179 VRI[Main]@95c91f7       com.android.chrome                   I  ViewPostIme pointer 1
2025-11-02 13:14:21.165  1027-1250  InputDispatcher         system_server                        I  Delivering touch to (25179): action: 0x1, f=0x0, d=0, 'bd9988f', t=1 
2025-11-02 13:14:21.258   765-765   RefreshRateSelector     surfaceflinger                       E  Can't find HRR max refresh rate by policy with the same group 0
2025-11-02 13:14:21.409  1027-1027  GestureDetector         system_server                        I  handleMessage TAP
2025-11-02 13:14:21.409  1027-1109  GestureDetector         system_server                        I  handleMessage TAP
2025-11-02 13:14:21.996  1027-1435  SemWifiSwi...ppsService system_server                        D  isSkipTcpMonitorInfo - result:1
2025-11-02 13:14:22.032  1027-2884  SemWifiUsa...atsMonitor system_server                        D  onWifiUsabilityStats - seqNum 7734, isSameBssidAndFreq true
2025-11-02 13:14:22.032  1027-1409  SemWifiLin...ityMonitor system_server                        I  Link stat: 1269 / 0 / 1.00 (30) / 433 / -45.0 || 100.0 : 433.00 / 0.5 : 1.00 / 0.55 : 0.00 / G (G) || b9f683e25765: 0.090 / 88.421 /  / N || N N / 0 / N 2.0 / N 0 / 91774006 0
2025-11-02 13:14:22.184  1027-1408  SemWifiServiceDetector  system_server                        I  NSD results: [0, 1, 2, 0, 0, 1, 2, 1, 0] Traff. type 1 Thr 61
2025-11-02 13:14:22.312  1669-1669  wpa_supplicant          wpa_supplicant                       I  Heartbeat 9114
2025-11-02 13:14:22.325 25292-25317 Dawn                    com.android.chrome                   W  Warning: maxDynamicUniformBuffersPerPipelineLayout artificially reduced from 32 to 16 to fit dynamic offset allocation limit.
2025-11-02 13:14:22.325 25292-25317 Dawn                    com.android.chrome                   W  Warning: maxDynamicStorageBuffersPerPipelineLayout artificially reduced from 32 to 16 to fit dynamic offset allocation limit.
2025-11-02 13:14:22.329 25292-25317 Dawn                    com.android.chrome                   W  Warning: maxDynamicUniformBuffersPerPipelineLayout artificially reduced from 32 to 16 to fit dynamic offset allocation limit.
2025-11-02 13:14:22.329 25292-25317 Dawn                    com.android.chrome                   W  Warning: maxDynamicStorageBuffersPerPipelineLayout artificially reduced from 32 to 16 to fit dynamic offset allocation limit.
2025-11-02 13:14:22.497  3493-4624  SDHMS:x                 com.sec.android.sdhms                I  SIOP:: AP:413 BAT:328 USB:330 CHG:374 PA:359 CP:359 WIFI:375 CF:352 BLK:0 SUBBAT:0 SKIN:353 SKINF:348 SKINB:353 LRP:353 LRP2:353 LRF2:348 LRB2:353 SPK:333 AP2:353 CHG2:345 MEM2:349 WIFI2:353 SPK2:320 DNSPK:328 VAP:380 AVGCUR:0 AVGSYS:0 POWER:0
2025-11-02 13:14:22.500  3493-3740  SDHMS:N0                com.sec.android.sdhms                I  p2p-if:: false, , 
2025-11-02 13:14:22.518 32024-3617  NearbyMediums           com.google.android.gms.persistent    I  No BLE Fast/GATT advertisements found in the latest cycle.
2025-11-02 13:14:22.518 32024-3617  NearbyMediums           com.google.android.gms.persistent    I  Current Tracked Scanning Clients are : {NearbyConnections.EnvironmentMonitor, NearbySharing, NearbyConnections.TxAdvertisement}
2025-11-02 13:14:22.519 32024-3442  NearbyConnections       com.google.android.gms.persistent    I  Processing lost BlePeripheral BlePeripheral{advertisement=BleAdvertisement { version=2, socketVersion=2, isFast=true, serviceIdHash=null, data=[ 0x23 0x47 0x4a 0x54 0x4a 0x11 0x32 0xfa 0x7c 0x0f 0xd2 0xe6 0x07 0xf9 0x98 0xea 0x59 0x30 0x61 0x62 0x91 0x26 0x33 ], deviceToken=[ 0xde 0xfd ], rxAdvertisement=null }, dctAdvertisement=null, address=null, psm=0, deviceToken=<ByteString@1c21da6 size=2 contents="\336\375">, isSecondProfile=false, rxInstantConnectionAdv=null}.
2025-11-02 13:14:22.520 32024-3442  NearbyConnections       com.google.android.gms.persistent    I  Lost BleEndpoint for BlePeripheral BlePeripheral{advertisement=BleAdvertisement { version=2, socketVersion=2, isFast=true, serviceIdHash=null, data=[ 0x23 0x47 0x4a 0x54 0x4a 0x11 0x32 0xfa 0x7c 0x0f 0xd2 0xe6 0x07 0xf9 0x98 0xea 0x59 0x30 0x61 0x62 0x91 0x26 0x33 ], deviceToken=[ 0xde 0xfd ], rxAdvertisement=null }, dctAdvertisement=null, address=null, psm=0, deviceToken=<ByteString@1c21da6 size=2 contents="\336\375">, isSecondProfile=false, rxInstantConnectionAdv=null} (with EndpointId GJTJ and EndpointInfo [ 0x32 0xfa 0x7c 0x0f 0xd2 0xe6 0x07 0xf9 0x98 0xea 0x59 0x30 0x61 0x62 0x91 0x26 0x33 ]).
2025-11-02 13:14:22.521 32024-3442  NearbyConnections       com.google.android.gms.persistent    I  ClientProxy(202891479) reporting onEndpointLost(GJTJ)
2025-11-02 13:14:22.522 32024-3736  NearbySharing           com.google.android.gms.persistent    I  NearbySharing Internal event EndpointLost(endpointId=GJTJ)
2025-11-02 13:14:22.609   695-3729  HYPER-HAL               ven...amsung.hardware.hyper-service  I  [RequestManager.cpp]releaseLocked(): Released ID : 6175876
2025-11-02 13:14:22.690  1027-1408  SemWifiServiceDetector  system_server                        I  NSD results: [0, 1, 2, 0, 0, 0, 2, 1, 0] Traff. type 1 Thr 93
2025-11-02 13:14:23.014  1027-1435  SemWifiSwi...ppsService system_server                        D  isSkipTcpMonitorInfo - result:1
2025-11-02 13:14:23.099   465-465   io_stats                iod                                  D  !@   8,0 r 3844103 81493079 w 1853944 30940400 d 292147 120534348 f 80141 244901 iot 3112984 0 th 0 0 0 pt 0 inp 0 0 91775.073
2025-11-02 13:14:23.100   465-465   io_stats                iod                                  D  !@ Read_top(KB): cessService0:54(3686) 40
2025-11-02 13:14:23.100   465-465   io_stats                iod                                  D  !@ Write_top(KB): kworker/u16:0(30439) 1100 .android.chrome(25179) 24
2025-11-02 13:14:23.320  1027-2608  FreecessController      system_server                        D  com.udry.app(10338) is important[2]
2025-11-02 13:14:24.030  1027-1435  SemWifiSwi...ppsService system_server                        D  isSkipTcpMonitorInfo - result:1
2025-11-02 13:14:24.063 32024-32024 BoundBrokerSvc          com.google.android.gms.persistent    D  onRebind: Intent { act=com.google.android.gms.libs.gmscorelogger.service.START dat=chimera-action:/... cmp=com.google.android.gms/.chimera.PersistentDirectBootAwareApiService }
2025-11-02 13:14:24.107  1027-1149  PowerManagerService     system_server                        D  UserActivityStateListenerState: 0
2025-11-02 13:14:24.165 25179-25179 VRI[Main]@95c91f7       com.android.chrome                   I  call setFrameRateCategory for touch hint category=no preference, reason=boost timeout, vri=VRI[Main]@95c91f7
2025-11-02 13:14:24.169   765-765   SurfaceFlinger          surfaceflinger                       I  [com.android.chrome/com.google.android.apps.chrome.Main$_25179#6970] setFrameRateCategory: NoPreference
2025-11-02 13:14:24.914  3505-3522  System                  com.android.chrome                   W  A resource failed to call close. 
2025-11-02 13:14:25.043  1027-2884  SemWifiUsa...atsMonitor system_server                        D  onWifiUsabilityStats - seqNum 7735, isSameBssidAndFreq true
2025-11-02 13:14:25.044  1027-1409  SemWifiLin...ityMonitor system_server                        I  Link stat: 1811 / 0 / 1.01 (85) / 433 / -43.0 || 100.0 : 433.00 / 0.5 : 0.99 / 0.55 : 0.00 / G (G) || b9f683e25765: 0.090 / 88.421 /  / N || N N / 0 / N 2.0 / N 0 / 91777017 0
2025-11-02 13:14:25.046  1027-1435  SemWifiSwi...ppsService system_server                        D  isSkipTcpMonitorInfo - result:1
2025-11-02 13:14:25.101   465-465   io_stats                iod                                  D  !@   8,0 r 3844103 81493079 w 1853975 30940812 d 292147 120534348 f 80143 244902 iot 3113040 0 th 0 0 0 pt 0 inp 0 0 91777.075
2025-11-02 13:14:26.065  1027-1435  SemWifiSwi...ppsService system_server                        D  isSkipTcpMonitorInfo - result:1
2025-11-02 13:14:26.295  1027-2103  Grammatica...ctionUtils system_server                        V  AttributionSource: AttributionSource { uid = 90055, packageName = null, attributionTag = null, token = android.os.Binder@1b379, deviceId = 0, next = null } does not have READ_SYSTEM_GRAMMATICAL_GENDER permission.
2025-11-02 13:14:26.336 25179-25179 BLASTBufferQueue_Java   com.android.chrome                   I  update, w= 1080 h= 2340 mName = VRI[Main]@95c91f7 mNativeObject= 0xb400007aa63aeb00 sc.mNativeObject= 0xb400007bd372c040 format= -3 caller= android.view.ViewRootImpl.updateBlastSurfaceIfNeeded:3386 android.view.ViewRootImpl.relayoutWindow:11361 android.view.ViewRootImpl.performTraversals:4544 android.view.ViewRootImpl.doTraversal:3708 android.view.ViewRootImpl$TraversalRunnable.run:12542 android.view.Choreographer$CallbackRecord.run:1751 
2025-11-02 13:14:26.336 25179-25179 VRI[Main]@95c91f7       com.android.chrome                   I  Relayout returned: old=(0,0,1080,2340) new=(0,0,1080,2340) relayoutAsync=true req=(1080,2340)0 dur=0 res=0x0 s={true 0xb400007aa664b800} ch=false seqId=0
2025-11-02 13:14:26.336  1027-2103  WindowManager           system_server                        V  Relayout Window{bd9988f u0 com.android.chrome/com.google.android.apps.chrome.Main}: viewVisibility=0 req=1080x2340 ty=1 d0
2025-11-02 13:14:26.336 25179-25179 VRI[Main]@95c91f7       com.android.chrome                   I  registerCallbackForPendingTransactions
2025-11-02 13:14:26.337 25238-25238 Zygote                  com.android.chrome_zygote            D  Forked child process 3738
2025-11-02 13:14:26.337 25179-25237 VRI[Main]@95c91f7       com.android.chrome                   I  mWNT: t=0xb400007a9ec9ff80 mBlastBufferQueue=0xb400007aa63aeb00 fn= 30 HdrRenderState mRenderHdrSdrRatio=1.0 caller= android.view.ViewRootImpl$9.onFrameDraw:6276 android.view.ViewRootImpl$3.onFrameDraw:2440 android.view.ThreadedRenderer$1.onFrameDraw:761 
2025-11-02 13:14:26.345  1027-2103  WindowManager           system_server                        V  Relayout hash=bd9988f, pid=0, syncId=-1: mAttrs={(0,0)(fillxfill) sim={state=always_hidden adjust=resize} layoutInDisplayCutoutMode=always ty=BASE_APPLICATION fmt=TRANSLUCENT wanim=0x1030312 sysuil=true
                                                                                                      fl=81810100
                                                                                                      pfl=10008840
                                                                                                      vsysui=2010
                                                                                                      apr=18
                                                                                                      bhv=1
                                                                                                      fitSides=0
                                                                                                      frameRateBoostOnTouch=true
                                                                                                      dvrrWindowFrameRateHint=true naviIconColor=0}
2025-11-02 13:14:26.345  1027-1124  ActivityManager         system_server                        I  Start proc 3738:com.android.chrome:sandboxed_process0:org.chromium.content.app.SandboxedProcessService0:55/u0ai55 for  {com.android.chrome/org.chromium.content.app.SandboxedProcessService0:55}
2025-11-02 13:14:26.347  3738-3738  libc                    pid-3738                             E  SetHeapTaggingLevel: re-enabling tagging after it was disabled is not supported
2025-11-02 13:14:26.354  3738-3738  cessService0:55         pid-3738                             I  Using CollectorTypeCMC GC.
2025-11-02 13:14:26.359  3738-3738  cessService0:55         pid-3738                             E  Not starting debugger since process cannot load the jdwp agent.
2025-11-02 13:14:26.363  3738-3738  nativeloader            pid-3738                             D  Load libframework-connectivity-tiramisu-jni.so using APEX ns com_android_tethering for caller /apex/com.android.tethering/javalib/framework-connectivity-t.jar: ok
2025-11-02 13:14:26.366  3738-3738  ActivityThread          pid-3738                             D  setConscryptValidator
2025-11-02 13:14:26.366  3738-3738  ActivityThread          pid-3738                             D  setConscryptValidator - put
2025-11-02 13:14:26.379  3738-3738  ApplicationLoaders      pid-3738                             D  Returning zygote-cached class loader: /system_ext/framework/androidx.window.extensions.jar
2025-11-02 13:14:26.379  3738-3738  ApplicationLoaders      pid-3738                             D  Returning zygote-cached class loader: /system_ext/framework/androidx.window.sidecar.jar
2025-11-02 13:14:26.384  3738-3738  LoadedApk               pid-3738                             I  No resource references to update in package com.google.android.trichromelibrary
2025-11-02 13:14:26.386  3738-3738  cr_SplitCompatApp       pid-3738                             I  version=141.0.7390.123 (739012333) minSdkVersion=29 processName=com.android.chrome:sandboxed_process0:org.chromium.content.app.SandboxedProcessService0:55 isIsolatedProcess=true splits=chrome,config.en,config.zh,dev_ui,on_demand,stack_unwinder,test_dummy
2025-11-02 13:14:26.388  1027-1764  ActivityManager         system_server                        I  Changes in 90055 19 to 3, 0 to 56
2025-11-02 13:14:26.390  3738-3738  cr_ChildProcessService  pid-3738                             I  Creating new ChildProcessService pid=3738
2025-11-02 13:14:26.396  3738-3760  cr_LibraryLoader        pid-3738                             I  Successfully loaded native library
2025-11-02 13:14:26.398  3738-3760  cr_CachingUmaRecorder   pid-3738                             I  Flushed 3 samples from 3 histograms, 0 samples were dropped.
2025-11-02 13:14:26.400  3738-3760  chromium                pid-3738                             W  [WARNING:content/app/android/content_main_android.cc:82] android_setCpu already initialized
2025-11-02 13:14:26.664 25179-25179 InputMethodManager      com.android.chrome                   I  invalidateInput
2025-11-02 13:14:26.679  1027-2103  ActivityManager         system_server                        I  Changes in 90052 3 to 8, 56 to 0
2025-11-02 13:14:26.681 25179-25179 cr_E2E_DCController     com.android.chrome                   I  setSafeAreaConstraint: false
