2025-10-09 23:01:43.298  2232-2308  MddListena...kerFactory com.google.android.apps.messaging    D  createWorker for class: com.google.apps.tiktok.contrib.work.TikTokListenableWorker
2025-10-09 23:01:43.314  3505-3505  oid.apps.photos         com.google.android.apps.photos       W  Failed to find entry 'classes.dex': Entry not found
2025-10-09 23:01:43.314  2232-2232  WM-WorkerWrapper        com.google.android.apps.messaging    D  Starting work for com.google.apps.tiktok.contrib.work.TikTokListenableWorker
2025-10-09 23:01:43.315  2232-2314  BugleDataModel          com.google.android.apps.messaging    I  SubscriptionsTracker#refreshSelfParticipantList([1])
2025-10-09 23:01:43.318  1131-1146  PrefCtrlListHelper      com.android.settings                 D  Could not find Context-only controller for pref: com.android.settings.display.darkmode.DarkModeTopIntroPreferenceController
2025-10-09 23:01:43.318  1131-1146  PrefCtrlListHelper      com.android.settings                 D  Could not find Context-only controller for pref: com.android.settings.display.darkmode.DarkModeActivationPreferenceController
2025-10-09 23:01:43.318  1131-1146  PrefCtrlListHelper      com.android.settings                 D  Could not find Context-only controller for pref: com.android.settings.display.TwilightLocationPreferenceController
2025-10-09 23:01:43.318  1131-1146  PrefCtrlListHelper      com.android.settings                 D  Could not find Context-only controller for pref: com.android.settings.accessibility.ToggleForceInvertPreferenceController
2025-10-09 23:01:43.318  1131-1146  PrefCtrlListHelper      com.android.settings                 D  Could not find Context-only controller for pref: com.android.settings.display.darkmode.DarkModeScheduleSelectorController
2025-10-09 23:01:43.318  1131-1146  PrefCtrlListHelper      com.android.settings                 D  Could not find Context-only controller for pref: com.android.settings.display.darkmode.DarkModePendingLocationPreferenceController
2025-10-09 23:01:43.318  1131-1146  PrefCtrlListHelper      com.android.settings                 D  Could not find Context-only controller for pref: com.android.settings.display.darkmode.DarkModeCustomModesPreferenceController
2025-10-09 23:01:43.329  3505-3505  oid.apps.photos         com.google.android.apps.photos       W  Failed to find entry 'classes.dex': Entry not found
2025-10-09 23:01:43.332  1229-2107  GmsCoreXrpcWrapper      com.google.android.gms.persistent    I  (REDACTED) Returning a channel provider with trafficStatsTag=%d trafficStatsUid=%d
2025-10-09 23:01:43.332  1229-2107  GmsCoreXrpcWrapper      com.google.android.gms.persistent    I  (REDACTED) Returning a channel provider with trafficStatsTag=%d trafficStatsUid=%d
2025-10-09 23:01:43.332  1229-2107  GmsCoreXrpcWrapper      com.google.android.gms.persistent    I  (REDACTED) Returning a channel provider with trafficStatsTag=%d trafficStatsUid=%d
2025-10-09 23:01:43.349  3505-3505  oid.apps.photos         com.google.android.apps.photos       W  Failed to find entry 'classes.dex': Entry not found
2025-10-09 23:01:43.350  1522-1825  .apps.wellbeing         com.google.android.apps.wellbeing    I  AssetManager2(0xb400007065715378) locale list changing from [] to [en-US]
2025-10-09 23:01:43.353  1510-1827  Icing                   com.google.android.gms               I  Post-init done
2025-10-09 23:01:43.357  3505-3505  nativeloader            com.google.android.apps.photos       D  Configuring clns-9 for other apk /data/app/~~2oGsbj1UIs0jLRkQdWrufQ==/com.google.android.apps.photos-0wyQjcMJdCv9RbI2_oT-1w==/base.apk:/data/app/~~2oGsbj1UIs0jLRkQdWrufQ==/com.google.android.apps.photos-0wyQjcMJdCv9RbI2_oT-1w==/split_config.arm64_v8a.apk:/data/app/~~2oGsbj1UIs0jLRkQdWrufQ==/com.google.android.apps.photos-0wyQjcMJdCv9RbI2_oT-1w==/split_config.en.apk:/data/app/~~2oGsbj1UIs0jLRkQdWrufQ==/com.google.android.apps.photos-0wyQjcMJdCv9RbI2_oT-1w==/split_config.xxhdpi.apk. target_sdk_version=36, uses_libraries=, library_path=/data/app/~~2oGsbj1UIs0jLRkQdWrufQ==/com.google.android.apps.photos-0wyQjcMJdCv9RbI2_oT-1w==/lib/arm64:/data/app/~~2oGsbj1UIs0jLRkQdWrufQ==/com.google.android.apps.photos-0wyQjcMJdCv9RbI2_oT-1w==/base.apk!/lib/arm64-v8a:/data/app/~~2oGsbj1UIs0jLRkQdWrufQ==/com.google.android.apps.photos-0wyQjcMJdCv9RbI2_oT-1w==/split_config.arm64_v8a.apk!/lib/arm64-v8a:/data/app/~~2oGsbj1UIs0jLRkQdWrufQ==/com.google.android.apps.photos-0wyQjcMJdCv9RbI2_oT-1w==/split_config.en.apk!/lib/arm64-v8a:/
2025-10-09 23:01:43.371  1131-1146  PrefCtrlListHelper      com.android.settings                 D  Could not find Context-only controller for pref: com.android.settings.users.MultiUserTopIntroPreferenceController
2025-10-09 23:01:43.373   638-1961  FileUtils               system_server                        D  Rounded bytes from 2070859776 to 4000000000
2025-10-09 23:01:43.374  1510-2847  constellation           com.google.android.gms               W  [gaia_util] No accounts found on device
2025-10-09 23:01:43.376  2232-2300  BugleRcsEngine          com.google.android.apps.messaging    I  [SR]: Single Registration is disabled. Skipping Single Registration capability check for subId: 1, OS.isAtLeastS:[true], enableSingleRegistrationProvisioning:[false] [CONTEXT thread_id=49 ]
2025-10-09 23:01:43.381  2232-2300  BugleRcsEngine          com.google.android.apps.messaging    I  No RCS Configuration was found in Bugle for simID: redacted-pii:sim_id[chars:20,last3:897] [CONTEXT log_prefix="ProvisioningEngineDataRetriever" thread_id=49 ]
2025-10-09 23:01:43.381  2232-2300  BugleRcsProvisioning    com.google.android.apps.messaging    I  RcsAvailability configuration availability and enabled status: simId: redacted-pii:sim_id[chars:20,last3:897], SipConnectionType: DUAL_REG, isConfigurationAvailableAndEnabled: false
2025-10-09 23:01:43.381  2232-2300  BugleRcsProvisioning    com.google.android.apps.messaging    I  Checking isConfigServerUrlAvailable with simId: redacted-pii:sim_id[chars:20,last3:897], 
2025-10-09 23:01:43.382  2232-2300  BugleRcsEngine          com.google.android.apps.messaging    I  getConfigServerUrl with simId: redacted-pii:sim_id[chars:20,last3:897] [CONTEXT log_prefix="ProvisioningServerUtil" thread_id=49 ]
2025-10-09 23:01:43.382  1131-1146  PrefCtrlListHelper      com.android.settings                 D  Could not find Context-only controller for pref: com.android.settings.users.TimeoutToDockUserPreferenceController
2025-10-09 23:01:43.384  1131-1146  PrefCtrlListHelper      com.android.settings                 D  Could not find Context-only controller for pref: com.android.settings.gestures.ButtonNavigationSettingsAssistController
2025-10-09 23:01:43.384  1131-1146  PrefCtrlListHelper      com.android.settings                 D  Could not find Context-only controller for pref: com.android.settings.gestures.ButtonNavigationSettingsAssistController
2025-10-09 23:01:43.385  1131-1146  PrefCtrlListHelper      com.android.settings                 D  Could not find Context-only controller for pref: com.android.settings.wifi.WepNetworksPreferenceController
2025-10-09 23:01:43.385  1131-1146  PrefCtrlListHelper      com.android.settings                 D  Could not find Context-only controller for pref: com.android.settings.wifi.CellularFallbackPreferenceController
2025-10-09 23:01:43.389  1131-1146  PrefCtrlListHelper      com.android.settings                 D  Could not find Context-only controller for pref: com.android.settings.accessibility.FontWeightAdjustmentPreferenceController
2025-10-09 23:01:43.390  2232-2514  BugleNotifications      com.google.android.apps.messaging    I  Silently refreshing notifications after Boot/Package replacement
2025-10-09 23:01:43.391  2232-2300  BugleRcsEngine          com.google.android.apps.messaging    I  Using config server URL from chrm [CONTEXT log_prefix="ProvisioningServerUtil" thread_id=49 ]
2025-10-09 23:01:43.392  1131-1146  ndroid.settings         com.android.settings                 I  AssetManager2(0xb4000070657159b8) locale list changing from [] to [en-US]
2025-10-09 23:01:43.392  1131-1146  PrefCtrlListHelper      com.android.settings                 D  Could not find Context-only controller for pref: com.android.settings.accessibility.FlashNotificationsIntroPreferenceController
2025-10-09 23:01:43.392  1131-1146  PrefCtrlListHelper      com.android.settings                 D  Could not find Context-only controller for pref: com.android.settings.accessibility.FlashNotificationIllustrationPreferenceController
2025-10-09 23:01:43.392  1131-1146  PrefCtrlListHelper      com.android.settings                 D  Could not find Context-only controller for pref: com.android.settings.accessibility.CameraFlashNotificationPreferenceController
2025-10-09 23:01:43.392  1131-1146  PrefCtrlListHelper      com.android.settings                 D  Could not find Context-only controller for pref: com.android.settings.accessibility.ScreenFlashNotificationPreferenceController
2025-10-09 23:01:43.392  1131-1146  PrefCtrlListHelper      com.android.settings                 D  Could not find Context-only controller for pref: com.android.settings.accessibility.FlashNotificationsPreviewPreferenceController
2025-10-09 23:01:43.392  1131-1146  PrefCtrlListHelper      com.android.settings                 D  Could not find Context-only controller for pref: com.android.settings.accessibility.FlashNotificationsFooterPreferenceController
2025-10-09 23:01:43.393  1131-1146  ScreenReso...Controller com.android.settings                 E  No support
2025-10-09 23:01:43.394  1131-1146  PrefCtrlListHelper      com.android.settings                 D  Could not find Context-only controller for pref: com.android.settings.fuelgauge.batteryusage.BatteryChartPreferenceController
2025-10-09 23:01:43.394  1131-1146  PrefCtrlListHelper      com.android.settings                 W  Cannot instantiate controller from reflection: com.android.settings.fuelgauge.batteryusage.BatteryChartPreferenceController
2025-10-09 23:01:43.394  1131-1146  PrefCtrlListHelper      com.android.settings                 D  Could not find Context-only controller for pref: com.android.settings.fuelgauge.batteryusage.BatteryUsageBreakdownController
2025-10-09 23:01:43.394  1131-1146  PrefCtrlListHelper      com.android.settings                 W  Cannot instantiate controller from reflection: com.android.settings.fuelgauge.batteryusage.BatteryUsageBreakdownController
2025-10-09 23:01:43.394  1131-1146  PrefCtrlListHelper      com.android.settings                 W  battery_tips_card already has a controller
2025-10-09 23:01:43.394  1131-1146  PrefCtrlListHelper      com.android.settings                 W  screen_on_time_category already has a controller
2025-10-09 23:01:43.397  1131-1146  PrefCtrlListHelper      com.android.settings                 D  Could not find Context-only controller for pref: com.android.settings.gestures.SystemNavigationPreferenceController
2025-10-09 23:01:43.397  1131-1146  PrefCtrlListHelper      com.android.settings                 D  Could not find Context-only controller for pref: com.android.settings.language.LanguagePreferenceController
2025-10-09 23:01:43.397  1131-1146  PrefCtrlListHelper      com.android.settings                 D  Could not find Context-only controller for pref: com.android.settings.language.LanguageAndRegionPreferenceController
2025-10-09 23:01:43.397  1131-1146  PrefCtrlListHelper      com.android.settings                 D  Could not find Context-only controller for pref: com.android.settings.inputmethod.KeyboardPreferenceController
2025-10-09 23:01:43.397  1131-1146  PrefCtrlListHelper      com.android.settings                 D  Could not find Context-only controller for pref: com.android.settings.inputmethod.TouchpadAndMouseSettingsController
2025-10-09 23:01:43.397  1131-1146  PrefCtrlListHelper      com.android.settings                 D  Could not find Context-only controller for pref: com.android.settings.inputmethod.TouchpadSettingsController
2025-10-09 23:01:43.397  1131-1146  PrefCtrlListHelper      com.android.settings                 D  Could not find Context-only controller for pref: com.android.settings.inputmethod.MouseSettingsController
2025-10-09 23:01:43.397  1131-1146  PrefCtrlListHelper      com.android.settings                 D  Could not find Context-only controller for pref: com.android.settings.gestures.GesturesSettingPreferenceController
2025-10-09 23:01:43.397  1131-1146  PrefCtrlListHelper      com.android.settings                 D  Could not find Context-only controller for pref: com.android.settings.datetime.DateTimePreferenceController
2025-10-09 23:01:43.397  1131-1146  PrefCtrlListHelper      com.android.settings                 D  Could not find Context-only controller for pref: com.google.android.settings.update.GoogleSystemUpdatePreferenceController
2025-10-09 23:01:43.397  1131-1146  PrefCtrlListHelper      com.android.settings                 D  Could not find Context-only controller for pref: com.google.android.settings.update.SoftwareUpdateController
2025-10-09 23:01:43.397  1131-1146  PrefCtrlListHelper      com.android.settings                 D  Could not find Context-only controller for pref: com.android.settings.users.MultiUserPreferenceController
2025-10-09 23:01:43.397  1131-1146  PrefCtrlListHelper      com.android.settings                 D  Could not find Context-only controller for pref: com.android.settings.system.DeveloperOptionsController
2025-10-09 23:01:43.397  1131-1146  PrefCtrlListHelper      com.android.settings                 D  Could not find Context-only controller for pref: com.google.android.settings.repairmode.RepairModePreferenceController
2025-10-09 23:01:43.397  1131-1146  PrefCtrlListHelper      com.android.settings                 D  Could not find Context-only controller for pref: com.google.android.settings.system.GoogleDeviceDiagnosticsPreferenceController
2025-10-09 23:01:43.397  1131-1146  PrefCtrlListHelper      com.android.settings                 D  Could not find Context-only controller for pref: com.android.settings.system.ResetPreferenceController
2025-10-09 23:01:43.397  1131-1146  PrefCtrlListHelper      com.android.settings                 D  Could not find Context-only controller for pref: com.android.settings.applications.specialaccess.interactacrossprofiles.InteractAcrossProfilesController
2025-10-09 23:01:43.397  1131-1146  PrefCtrlListHelper      com.android.settings                 W  Controller requires key but it's not defined in xml: com.android.settings.applications.specialaccess.interactacrossprofiles.InteractAcrossProfilesController
2025-10-09 23:01:43.397  1131-1146  PrefCtrlListHelper      com.android.settings                 D  Could not find Context-only controller for pref: com.android.settings.emergency.MoreSettingsPreferenceController
2025-10-09 23:01:43.400  1131-1146  PrefCtrlListHelper      com.android.settings                 D  Could not find Context-only controller for pref: com.android.settings.emergency.EmergencyGestureEntrypointPreferenceController
2025-10-09 23:01:43.400  1131-1146  PrefCtrlListHelper      com.android.settings                 D  Could not find Context-only controller for pref: com.android.settings.deviceinfo.legal.CopyrightPreferenceController
2025-10-09 23:01:43.400  1131-1146  PrefCtrlListHelper      com.android.settings                 D  Could not find Context-only controller for pref: com.android.settings.deviceinfo.legal.LicensePreferenceController
2025-10-09 23:01:43.400  1131-1146  PrefCtrlListHelper      com.android.settings                 D  Could not find Context-only controller for pref: com.android.settings.deviceinfo.legal.TermsPreferenceController
2025-10-09 23:01:43.400  1131-1146  PrefCtrlListHelper      com.android.settings                 D  Could not find Context-only controller for pref: com.android.settings.deviceinfo.legal.ModuleLicensesListPreferenceController
2025-10-09 23:01:43.400  1131-1146  PrefCtrlListHelper      com.android.settings                 D  Could not find Context-only controller for pref: com.android.settings.deviceinfo.legal.WebViewLicensePreferenceController
2025-10-09 23:01:43.400  1131-1146  PrefCtrlListHelper      com.android.settings                 D  Could not find Context-only controller for pref: com.google.android.settings.deviceinfo.legal.SourceCodeController
2025-10-09 23:01:43.400  1131-1146  PrefCtrlListHelper      com.android.settings                 D  Could not find Context-only controller for pref: com.android.settings.deviceinfo.legal.WallpaperAttributionsPreferenceController
2025-10-09 23:01:43.401  1131-1146  PrefCtrlListHelper      com.android.settings                 D  Could not find Context-only controller for pref: com.android.settings.location.RecentLocationAccessPreferenceController
2025-10-09 23:01:43.402  1131-1146  PrefCtrlListHelper      com.android.settings                 D  Could not find Context-only controller for pref: com.android.settings.location.RecentLocationAccessSeeAllButtonPreferenceController
2025-10-09 23:01:43.402  1131-1146  PrefCtrlListHelper      com.android.settings                 D  Could not find Context-only controller for pref: com.android.settings.location.LocationForWorkPreferenceController
2025-10-09 23:01:43.402  1131-1146  PrefCtrlListHelper      com.android.settings                 D  Could not find Context-only controller for pref: com.android.settings.location.LocationForPrivateProfilePreferenceController
2025-10-09 23:01:43.402  1131-1146  PrefCtrlListHelper      com.android.settings                 D  Could not find Context-only controller for pref: com.android.settings.location.AppLocationPermissionPreferenceController
2025-10-09 23:01:43.402  1131-1146  PrefCtrlListHelper      com.android.settings                 D  Could not find Context-only controller for pref: com.android.settings.location.LocationServicesPreferenceController
2025-10-09 23:01:43.402  1131-1146  PrefCtrlListHelper      com.android.settings                 D  Could not find Context-only controller for pref: com.android.settings.location.LocationSettingsFooterPreferenceController
2025-10-09 23:01:43.403  1131-1146  PrefCtrlListHelper      com.android.settings                 D  Could not find Context-only controller for pref: com.android.settings.accessibility.AccessibilityTimeoutController
2025-10-09 23:01:43.403  1131-1146  PrefCtrlListHelper      com.android.settings                 D  Could not find Context-only controller for pref: com.android.settings.accessibility.AccessibilityTimeoutController
2025-10-09 23:01:43.403  1131-1146  PrefCtrlListHelper      com.android.settings                 D  Could not find Context-only controller for pref: com.android.settings.accessibility.AccessibilityTimeoutController
2025-10-09 23:01:43.403  1131-1146  PrefCtrlListHelper      com.android.settings                 D  Could not find Context-only controller for pref: com.android.settings.accessibility.AccessibilityTimeoutController
2025-10-09 23:01:43.403  1131-1146  PrefCtrlListHelper      com.android.settings                 D  Could not find Context-only controller for pref: com.android.settings.accessibility.AccessibilityTimeoutController
2025-10-09 23:01:43.403  1131-1146  PrefCtrlListHelper      com.android.settings                 D  Could not find Context-only controller for pref: com.android.settings.accessibility.AccessibilityControlTimeoutFooterPreferenceController
2025-10-09 23:01:43.407  2232-2514  Bugle                   com.google.android.apps.messaging    I  Has Samsung system feature: false
2025-10-09 23:01:43.409  3252-3445  ashmem                  com.google.android.gms.unstable      E  Pinning is deprecated since Android Q. Please use trim or other methods.
2025-10-09 23:01:43.411  1131-1146  PrefCtrlListHelper      com.android.settings                 D  Could not find Context-only controller for pref: com.android.settings.gestures.TapScreenGesturePreferenceController
2025-10-09 23:01:43.411  1131-1146  PrefCtrlListHelper      com.android.settings                 D  Could not find Context-only controller for pref: com.android.settings.fuelgauge.batterysaver.BatterySaverButtonPreferenceController
2025-10-09 23:01:43.412  1131-1146  PrefCtrlListHelper      com.android.settings                 D  Could not find Context-only controller for pref: com.google.android.settings.fuelgauge.batterysaver.BatterySaverModePreferenceController
2025-10-09 23:01:43.412  1131-1146  PrefCtrlListHelper      com.android.settings                 D  Could not find Context-only controller for pref: com.google.android.settings.fuelgauge.batterysaver.AdaptiveBatteryExpandController
2025-10-09 23:01:43.412  1131-1146  PrefCtrlListHelper      com.android.settings                 D  Could not find Context-only controller for pref: com.google.android.settings.fuelgauge.batterysaver.BatterySaverFooterPreferenceController
2025-10-09 23:01:43.413  1131-1146  PrefCtrlListHelper      com.android.settings                 D  Could not find Context-only controller for pref: com.android.settings.gestures.NavigationSettingsContextualSearchController
2025-10-09 23:01:43.413  1131-1146  PrefCtrlListHelper      com.android.settings                 D  Could not find Context-only controller for pref: com.android.settings.gestures.DoubleTapScreenPreferenceController
2025-10-09 23:01:43.413  1131-1146  PrefCtrlListHelper      com.android.settings                 D  Could not find Context-only controller for pref: com.android.settings.deviceinfo.firmwareversion.FirmwareVersionDetailPreferenceController
2025-10-09 23:01:43.415  1131-1146  PrefCtrlListHelper      com.android.settings                 D  Could not find Context-only controller for pref: com.android.settings.deviceinfo.firmwareversion.SecurityPatchLevelPreferenceController
2025-10-09 23:01:43.416  1131-1146  PrefCtrlListHelper      com.android.settings                 D  Could not find Context-only controller for pref: com.android.settings.deviceinfo.firmwareversion.MainlineModuleVersionPreferenceController
2025-10-09 23:01:43.417  1131-1146  PrefCtrlListHelper      com.android.settings                 D  Could not find Context-only controller for pref: com.android.settings.deviceinfo.firmwareversion.BasebandVersionPreferenceController
2025-10-09 23:01:43.417  1131-1146  PrefCtrlListHelper      com.android.settings                 D  Could not find Context-only controller for pref: com.android.settings.deviceinfo.firmwareversion.KernelVersionPreferenceController
2025-10-09 23:01:43.417  1131-1146  PrefCtrlListHelper      com.android.settings                 D  Could not find Context-only controller for pref: com.android.settings.deviceinfo.firmwareversion.SimpleBuildNumberPreferenceController
2025-10-09 23:01:43.417  1131-1146  PrefCtrlListHelper      com.android.settings                 D  Could not find Context-only controller for pref: com.android.settings.network.NetworkMobileProviderController
2025-10-09 23:01:43.420  1131-1146  PrefCtrlListHelper      com.android.settings                 D  Could not find Context-only controller for pref: com.android.settings.applications.specialaccess.interactacrossprofiles.InteractAcrossProfilesController
2025-10-09 23:01:43.420  1229-1965  .gms.persistent         com.google.android.gms.persistent    I  AssetManager2(0xb400007065721b78) locale list changing from [] to [en-US]
2025-10-09 23:01:43.420  1131-1146  PrefCtrlListHelper      com.android.settings                 D  Could not find Context-only controller for pref: com.android.settings.privacy.AccessibilityUsagePreferenceController
2025-10-09 23:01:43.421  1131-1146  PrefCtrlListHelper      com.android.settings                 D  Could not find Context-only controller for pref: com.android.settings.notification.LockScreenNotificationsPreferencePageController
2025-10-09 23:01:43.421  1131-1146  PrefCtrlListHelper      com.android.settings                 D  Could not find Context-only controller for pref: com.android.settings.sound.MediaControlsLockScreenPreferenceController
2025-10-09 23:01:43.421  1131-1146  PrefCtrlListHelper      com.android.settings                 D  Could not find Context-only controller for pref: com.android.settings.privacy.CameraExtensionsFallbackPreferenceController
2025-10-09 23:01:43.421  1131-1146  PrefCtrlListHelper      com.android.settings                 D  Could not find Context-only controller for pref: com.android.settings.privacy.EnableContentCapturePreferenceController
2025-10-09 23:01:43.421  1131-1146  PrefCtrlListHelper      com.android.settings                 D  Could not find Context-only controller for pref: com.android.settings.privacy.EnableContentCaptureWithServiceSettingsPreferenceController
2025-10-09 23:01:43.421  1131-1146  PrefCtrlListHelper      com.android.settings                 D  Could not find Context-only controller for pref: com.android.settings.network.CellularSecurityPreferenceController
2025-10-09 23:01:43.421  1131-1146  PrefCtrlListHelper      com.android.settings                 D  Could not find Context-only controller for pref: com.android.settings.security.ContentProtectionPreferenceController
2025-10-09 23:01:43.421  1131-1146  PrefCtrlListHelper      com.android.settings                 D  Could not find Context-only controller for pref: com.android.settings.enterprise.ManageDeviceAdminPreferenceController
2025-10-09 23:01:43.421  1131-1146  PrefCtrlListHelper      com.android.settings                 D  Could not find Context-only controller for pref: com.android.settings.enterprise.EnterprisePrivacyPreferenceController
2025-10-09 23:01:43.421  1131-1146  PrefCtrlListHelper      com.android.settings                 D  Could not find Context-only controller for pref: com.android.settings.enterprise.FinancedPrivacyPreferenceController
2025-10-09 23:01:43.421  1131-1146  PrefCtrlListHelper      com.android.settings                 D  Could not find Context-only controller for pref: com.android.settings.devicelock.DeviceLockPreferenceController
2025-10-09 23:01:43.422  1131-1146  PrefCtrlListHelper      com.android.settings                 D  Could not find Context-only controller for pref: com.android.settings.security.SimLockPreferenceController
2025-10-09 23:01:43.422  1131-1146  PrefCtrlListHelper      com.android.settings                 D  Could not find Context-only controller for pref: com.android.settings.security.EncryptionStatusPreferenceController
2025-10-09 23:01:43.422  1131-1146  PrefCtrlListHelper      com.android.settings                 D  Could not find Context-only controller for pref: com.android.settings.security.trustagent.ManageTrustAgentsPreferenceController
2025-10-09 23:01:43.422  1131-1146  PrefCtrlListHelper      com.android.settings                 D  Could not find Context-only controller for pref: com.android.settings.security.ScreenPinningPreferenceController
2025-10-09 23:01:43.422  1131-1146  PrefCtrlListHelper      com.android.settings                 D  Could not find Context-only controller for pref: com.android.settings.security.MemtagPagePreferenceController
2025-10-09 23:01:43.435  3505-3505  oid.apps.photos         com.google.android.apps.photos       I  AssetManager2(0xb400007065715058) locale list changing from [] to [en-US]
2025-10-09 23:01:43.443  1131-1146  ndroid.settings         com.android.settings                 I  AssetManager2(0xb400007065715378) locale list changing from [] to [en-US]
2025-10-09 23:01:43.451  3505-3505  GraphicsEnvironment     com.google.android.apps.photos       V  Currently set values for:
2025-10-09 23:01:43.452  1131-1146  PrefCtrlListHelper      com.android.settings                 D  Could not find Context-only controller for pref: com.android.settings.accessibility.DaltonizerPreferenceController
2025-10-09 23:01:43.452  1131-1146  PrefCtrlListHelper      com.android.settings                 D  Could not find Context-only controller for pref: com.android.settings.accessibility.ColorInversionPreferenceController
2025-10-09 23:01:43.452  1131-1146  PrefCtrlListHelper      com.android.settings                 D  Could not find Context-only controller for pref: com.android.settings.display.DarkUIPreferenceController
2025-10-09 23:01:43.452  1131-1146  PrefCtrlListHelper      com.android.settings                 D  Could not find Context-only controller for pref: com.android.settings.accessibility.DisableAnimationsPreferenceController
2025-10-09 23:01:43.452  1131-1146  PrefCtrlListHelper      com.android.settings                 D  Could not find Context-only controller for pref: com.android.settings.connecteddevice.threadnetwork.ThreadNetworkToggleController
2025-10-09 23:01:43.452  1131-1146  PrefCtrlListHelper      com.android.settings                 D  Could not find Context-only controller for pref: com.android.settings.connecteddevice.threadnetwork.ThreadNetworkFooterController
2025-10-09 23:01:43.453  3505-3505  GraphicsEnvironment     com.google.android.apps.photos       V    angle_gl_driver_selection_pkgs=[]
2025-10-09 23:01:43.453  3505-3505  GraphicsEnvironment     com.google.android.apps.photos       V    angle_gl_driver_selection_values=[]
2025-10-09 23:01:43.453  3505-3505  GraphicsEnvironment     com.google.android.apps.photos       V  com.google.android.apps.photos is not listed in per-application setting
2025-10-09 23:01:43.453  3505-3505  GraphicsEnvironment     com.google.android.apps.photos       V  ANGLE allowlist from config: com.dreamgames.royalmatch com.dts.freefiremax com.dxx.firenow com.gramgames.mergedragons com.ludo.king com.mojang.minecraftpe com.my.defense com.nintendo.zaka com.os.airforce com.playrix.fishdomdd.gplay io.teslatech.callbreak jp.konami.prospia net.peakgames.toonblast
2025-10-09 23:01:43.453  3505-3505  GraphicsEnvironment     com.google.android.apps.photos       V  com.google.android.apps.photos is not listed in ANGLE allowlist or settings, returning default
2025-10-09 23:01:43.456  3505-3505  GraphicsEnvironment     com.google.android.apps.photos       V  Neither updatable production driver nor prerelease driver is supported.
2025-10-09 23:01:43.459  2232-2300  BugleRcsProvisioning    com.google.android.apps.messaging    I  RcsAvailability: Subscription Id: 1, simId: redacted-pii:sim_id[chars:20,last3:897], sipConnectionType: DUAL_REG, isRcsAvailable: false
2025-10-09 23:01:43.459  2232-2300  BugleRcsEngine          com.google.android.apps.messaging    I  No RCS Configuration was found in Bugle for simID: redacted-pii:sim_id[chars:20,last3:897] [CONTEXT log_prefix="ProvisioningEngineDataRetriever" thread_id=49 ]
2025-10-09 23:01:43.459  2232-2300  BugleRcsProvisioning    com.google.android.apps.messaging    I  updateAvailabilityForRcsProvisioningId. SimId: redacted-pii:sim_id[chars:20,last3:897], currentAvailability: 10, newAvailability: 10, hint: NO_HINT
2025-10-09 23:01:43.473  2232-2315  BugleRcsProvisioning    com.google.android.apps.messaging    I  RcsProvisioningTrigger: onRcsAvailabilityUpdate : availability is updated to Carrier RCS is not set up, lastAvailabilityLocal is Carrier RCS is not set up, simId hash = 4193418740439513640, simId = redacted-pii:sim_id[chars:20,last3:897], isPev3Enabled = true
2025-10-09 23:01:43.502  1584-3093  ClearcutMetricXmitter   com...oglequicksearchbox:interactor  V  Transmission is done.
2025-10-09 23:01:43.549  1131-1146  BatterySet...GoogleImpl com.android.settings                 D  isBatteryInfoEnabled = false
2025-10-09 23:01:43.549  1131-1146  PrefCtrlListHelper      com.android.settings                 D  Could not find Context-only controller for pref: com.android.settings.dream.DreamMainSwitchPreferenceController
2025-10-09 23:01:43.551  1510-2082  constellation           com.google.android.gms               I  [intent_handler] on init with intent Intent { act=android.intent.action.BOOT_COMPLETED flg=0x89000010 pkg=com.google.android.gms cmp=com.google.android.gms/.chimera.GmsIntentOperationService (has extras) }
2025-10-09 23:01:43.555  1131-1146  PrefCtrlListHelper      com.android.settings                 D  Could not find Context-only controller for pref: com.android.settings.dream.DreamComplicationPreferenceController
2025-10-09 23:01:43.555  1131-1146  PrefCtrlListHelper      com.android.settings                 D  Could not find Context-only controller for pref: com.android.settings.network.AdaptiveConnectivityTogglePreferenceController
2025-10-09 23:01:43.555  1131-1146  PrefCtrlListHelper      com.android.settings                 D  Could not find Context-only controller for pref: com.android.settings.inputmethod.UserDictionaryListPreferenceController
2025-10-09 23:01:43.560  1131-1146  PrefCtrlListHelper      com.android.settings                 D  Could not find Context-only controller for pref: com.android.settings.accessibility.HearingDeviceIntroPreferenceController
2025-10-09 23:01:43.561  1131-1146  PrefCtrlListHelper      com.android.settings                 D  Could not find Context-only controller for pref: com.android.settings.accessibility.AvailableHearingDevicePreferenceController
2025-10-09 23:01:43.561  1131-1146  PrefCtrlListHelper      com.android.settings                 D  Could not find Context-only controller for pref: com.android.settings.connecteddevice.AddDevicePreferenceController
2025-10-09 23:01:43.561  1131-1146  PrefCtrlListHelper      com.android.settings                 D  Could not find Context-only controller for pref: com.android.settings.accessibility.SavedHearingDevicePreferenceController
2025-10-09 23:01:43.561  1131-1146  PrefCtrlListHelper      com.android.settings                 D  Could not find Context-only controller for pref: com.android.settings.accessibility.HearingAidAudioRoutingPreferenceController
2025-10-09 23:01:43.561  1131-1146  PrefCtrlListHelper      com.android.settings                 D  Could not find Context-only controller for pref: com.android.settings.accessibility.HearingAidCompatibilityPreferenceController
2025-10-09 23:01:43.562  1131-1146  PrefCtrlListHelper      com.android.settings                 D  Could not find Context-only controller for pref: com.android.settings.accessibility.HearingDeviceFooterPreferenceController
2025-10-09 23:01:43.565  1131-1146  PrefCtrlListHelper      com.android.settings                 D  Could not find Context-only controller for pref: com.android.settings.security.MemtagPreferenceController
2025-10-09 23:01:43.565  1131-1146  PrefCtrlListHelper      com.android.settings                 D  Could not find Context-only controller for pref: com.android.settings.security.MemtagFooterPreferenceController
2025-10-09 23:01:43.568  1131-1146  PrefCtrlListHelper      com.android.settings                 D  Could not find Context-only controller for pref: com.android.settings.network.NetworkProviderSimListController
2025-10-09 23:01:43.570  1131-1146  PrefCtrlListHelper      com.android.settings                 D  Could not find Context-only controller for pref: com.android.settings.network.BluetoothWiFiResetPreferenceController
2025-10-09 23:01:43.570  1131-1146  PrefCtrlListHelper      com.android.settings                 D  Could not find Context-only controller for pref: com.android.settings.network.EraseEuiccDataController
2025-10-09 23:01:43.570  1131-1146  PrefCtrlListHelper      com.android.settings                 D  Could not find Context-only controller for pref: com.android.settings.privatespace.delete.ResetOptionsDeletePrivateSpaceController
2025-10-09 23:01:43.570  1131-1146  PrefCtrlListHelper      com.android.settings                 D  Could not find Context-only controller for pref: com.android.settings.system.FactoryResetPreferenceController
2025-10-09 23:01:43.570  1131-1146  PrefCtrlListHelper      com.android.settings                 D  Could not find Context-only controller for pref: com.android.settings.system.FactoryResetDemoUserPreferenceController
2025-10-09 23:01:43.573  1131-1146  PrefCtrlListHelper      com.android.settings                 D  Could not find Context-only controller for pref: com.android.settings.applications.specialaccess.pictureinpicture.PictureInPictureScreenPreferenceController
2025-10-09 23:01:43.574  1131-1146  PrefCtrlListHelper      com.android.settings                 D  Could not find Context-only controller for pref: com.android.settings.security.CredentialManagementAppHeaderController
2025-10-09 23:01:43.574  1131-1146  PrefCtrlListHelper      com.android.settings                 D  Could not find Context-only controller for pref: com.android.settings.security.CredentialManagementAppButtonsController
2025-10-09 23:01:43.574  1131-1146  PrefCtrlListHelper      com.android.settings                 D  Could not find Context-only controller for pref: com.android.settings.security.CredentialManagementAppPolicyController
2025-10-09 23:01:43.574  1131-1146  PrefCtrlListHelper      com.android.settings                 D  Could not find Context-only controller for pref: com.android.settings.notification.RemoteVolumeGroupController
2025-10-09 23:01:43.585   638-1936  MR2ServiceImpl          system_server                        I  registerManager | callerUid: 1000, callerPid: 1131, callerPackage: com.android.settings, targetPackageName: com.android.settings, targetUserId: UserHandle{0}, hasMediaRoutingControl: true
2025-10-09 23:01:43.592  2232-2314  Bugle                   com.google.android.apps.messaging    I  CountryCodeDetector: updateSmsNetworkCountry from default subscription network country. detected country: us
2025-10-09 23:01:43.593   638-1936  MR2ServiceImpl          system_server                        I  registerManager | callerUid: 1000, callerPid: 1131, callerPackage: com.android.settings, targetPackageName: null, targetUserId: UserHandle{0}, hasMediaRoutingControl: true
2025-10-09 23:01:43.612  1522-1825  .apps.wellbeing         com.google.android.apps.wellbeing    I  AssetManager2(0xb40000706571c718) locale list changing from [] to [en-US]
2025-10-09 23:01:43.617   638-1748  MR2ServiceImpl          system_server                        I  updateScanningState | manager: 2, ownerPackageName: com.android.settings, targetPackageName: com.android.settings, scanningState: SCREEN_ON_ONLY
2025-10-09 23:01:43.625  1131-1146  PrefCtrlListHelper      com.android.settings                 D  Could not find Context-only controller for pref: com.android.settings.sound.MediaOutputPreferenceController
2025-10-09 23:01:43.626  1131-1146  PrefCtrlListHelper      com.android.settings                 D  Could not find Context-only controller for pref: com.android.settings.notification.CallVolumePreferenceController
2025-10-09 23:01:43.626  1131-1146  PrefCtrlListHelper      com.android.settings                 D  Could not find Context-only controller for pref: com.android.settings.sound.HandsFreeProfileOutputPreferenceController
2025-10-09 23:01:43.627  1131-1146  PrefCtrlListHelper      com.android.settings                 D  Could not find Context-only controller for pref: com.android.settings.notification.zen.ZenModePreferenceController
2025-10-09 23:01:43.627  1131-1146  PrefCtrlListHelper      com.android.settings                 D  Could not find Context-only controller for pref: com.google.android.settings.notification.GooglePhoneRingtonePreferenceController
2025-10-09 23:01:43.627  1131-1146  PrefCtrlListHelper      com.android.settings                 D  Could not find Context-only controller for pref: com.google.android.settings.notification.GooglePhoneNotificationPreferenceController
2025-10-09 23:01:43.627  1131-1146  PrefCtrlListHelper      com.android.settings                 D  Could not find Context-only controller for pref: com.android.settings.notification.SpatialAudioParentPreferenceController
2025-10-09 23:01:43.627  1131-1146  PrefCtrlListHelper      com.android.settings                 D  Could not find Context-only controller for pref: com.android.settings.sound.MediaControlsParentPreferenceController
2025-10-09 23:01:43.627  1131-1146  PrefCtrlListHelper      com.android.settings                 D  Could not find Context-only controller for pref: com.android.settings.accessibility.VibrationPreferenceController
2025-10-09 23:01:43.627  1131-1146  PrefCtrlListHelper      com.android.settings                 D  Could not find Context-only controller for pref: com.android.settings.gestures.PreventRingingParentPreferenceController
2025-10-09 23:01:43.627  1131-1146  PrefCtrlListHelper      com.android.settings                 D  Could not find Context-only controller for pref: com.google.android.settings.notification.ClearCallingPreferenceController
2025-10-09 23:01:43.627  1131-1146  PrefCtrlListHelper      com.android.settings                 D  Could not find Context-only controller for pref: com.android.settings.notification.WorkSoundsPreferenceController
2025-10-09 23:01:43.627  1131-1146  PrefCtrlListHelper      com.android.settings                 D  Could not find Context-only controller for pref: com.android.settings.gestures.PickupGesturePreferenceController
2025-10-09 23:01:43.627  1131-1146  PrefCtrlListHelper      com.android.settings                 D  Could not find Context-only controller for pref: com.android.settings.applications.specialaccess.premiumsms.PremiumSmsScreenPreferenceController
2025-10-09 23:01:43.629  1131-1146  PrefCtrlListHelper      com.android.settings                 D  Could not find Context-only controller for pref: com.android.settings.development.DevelopmentMemtagPreferenceController
2025-10-09 23:01:43.630  1131-1146  PrefCtrlListHelper      com.android.settings                 D  Could not find Context-only controller for pref: com.android.settings.development.DevelopmentMemtagFooterPreferenceController
2025-10-09 23:01:43.632  1131-1146  PrefCtrlListHelper      com.android.settings                 D  Could not find Context-only controller for pref: com.android.settings.gestures.DoubleTwistPreferenceController
2025-10-09 23:01:43.638   638-846   MR2ServiceImpl          system_server                        I  Updating composite discovery preference | preference: RouteDiscoveryRequest{ preferredFeatures={}, activeScan=false }, active routers: []
2025-10-09 23:01:43.639  1131-1150  Enable2gPr...Controller com.android.settings                 W  getAvailabilityStatus: Telephony manager not yet initialized
2025-10-09 23:01:43.639  1131-1150  Enable2gPr...Controller com.android.settings                 W  getAvailabilityStatus: Telephony manager not yet initialized
2025-10-09 23:01:43.647  1131-1150  ConvertToEsimPreference com.android.settings                 E  Fail to check pSIM conversion supported carrier: Attempt to invoke virtual method 'boolean android.telephony.euicc.EuiccManager.isPsimConversionSupported(int)' on a null object reference
2025-10-09 23:01:43.647  1131-1150  ConvertToEsimPreference com.android.settings                 E  Fail to check pSIM conversion supported carrier: Attempt to invoke virtual method 'boolean android.telephony.euicc.EuiccManager.isPsimConversionSupported(int)' on a null object reference
2025-10-09 23:01:43.649  1131-1146  PrefCtrlListHelper      com.android.settings                 D  Could not find Context-only controller for pref: com.google.android.settings.notification.ClearCallingTogglePreferenceController
2025-10-09 23:01:43.649  1131-1146  PrefCtrlListHelper      com.android.settings                 D  Could not find Context-only controller for pref: com.google.android.settings.notification.ClearCallingTipsButtonPreferenceController
2025-10-09 23:01:43.650  1131-1146  PrefCtrlListHelper      com.android.settings                 D  Could not find Context-only controller for pref: com.google.android.settings.touch.AdaptiveTouchSensitivityPreferenceController
2025-10-09 23:01:43.650  1131-1146  PrefCtrlListHelper      com.android.settings                 D  Could not find Context-only controller for pref: com.google.android.settings.touch.TouchSensitivityPreferenceController
2025-10-09 23:01:43.651  1131-1146  PrefCtrlListHelper      com.android.settings                 D  Could not find Context-only controller for pref: com.google.android.settings.fuelgauge.batterysaver.BatterySaverSchedulePreferenceController
2025-10-09 23:01:43.651  1131-1146  PrefCtrlListHelper      com.android.settings                 D  Could not find Context-only controller for pref: com.android.settings.fuelgauge.batterysaver.BatterySaverStickyPreferenceController
2025-10-09 23:01:43.651  1131-1146  PrefCtrlListHelper      com.android.settings                 D  Could not find Context-only controller for pref: com.google.android.settings.fuelgauge.batterysaver.BatterySaverReminderPreferenceController
2025-10-09 23:01:43.652  1131-1146  PrefCtrlListHelper      com.android.settings                 D  Could not find Context-only controller for pref: com.google.android.settings.fuelgauge.reversecharging.ReverseChargingSwitchPreferenceController
2025-10-09 23:01:43.652  1131-1146  PrefCtrlListHelper      com.android.settings                 D  Could not find Context-only controller for pref: com.google.android.settings.fuelgauge.reversecharging.ReverseChargingTopIntroController
2025-10-09 23:01:43.652  1131-1146  PrefCtrlListHelper      com.android.settings                 D  Could not find Context-only controller for pref: com.google.android.settings.fuelgauge.reversecharging.ReverseChargingSeekBarController
2025-10-09 23:01:43.652  1131-1146  PrefCtrlListHelper      com.android.settings                 D  Could not find Context-only controller for pref: com.google.android.settings.fuelgauge.reversecharging.ReverseChargingAutoTurnOnSwitchPreferenceController
2025-10-09 23:01:43.666  1131-1150  PrefCtrlListHelper      com.android.settings                 D  Could not find Context-only controller for pref: com.android.settings.accessibility.CaptioningPreviewPreferenceController
2025-10-09 23:01:43.666  1131-1150  PrefCtrlListHelper      com.android.settings                 D  Could not find Context-only controller for pref: com.android.settings.accessibility.CaptioningFontSizeController
2025-10-09 23:01:43.666  1131-1150  PrefCtrlListHelper      com.android.settings                 D  Could not find Context-only controller for pref: com.android.settings.accessibility.CaptioningPresetController
2025-10-09 23:01:43.666  1131-1150  PrefCtrlListHelper      com.android.settings                 D  Could not find Context-only controller for pref: com.android.settings.accessibility.CaptioningCustomController
2025-10-09 23:01:43.666  1131-1150  PrefCtrlListHelper      com.android.settings                 D  Could not find Context-only controller for pref: com.android.settings.accessibility.CaptioningTypefaceController
2025-10-09 23:01:43.666  1131-1150  PrefCtrlListHelper      com.android.settings                 D  Could not find Context-only controller for pref: com.android.settings.accessibility.CaptioningForegroundColorController
2025-10-09 23:01:43.666  1131-1150  PrefCtrlListHelper      com.android.settings                 D  Could not find Context-only controller for pref: com.android.settings.accessibility.CaptioningForegroundOpacityController
2025-10-09 23:01:43.666  1131-1150  PrefCtrlListHelper      com.android.settings                 D  Could not find Context-only controller for pref: com.android.settings.accessibility.CaptioningEdgeTypeController
2025-10-09 23:01:43.666  1131-1150  PrefCtrlListHelper      com.android.settings                 D  Could not find Context-only controller for pref: com.android.settings.accessibility.CaptioningEdgeColorController
2025-10-09 23:01:43.666  1131-1150  PrefCtrlListHelper      com.android.settings                 D  Could not find Context-only controller for pref: com.android.settings.accessibility.CaptioningBackgroundColorController
2025-10-09 23:01:43.666  1131-1150  PrefCtrlListHelper      com.android.settings                 D  Could not find Context-only controller for pref: com.android.settings.accessibility.CaptioningBackgroundOpacityController
2025-10-09 23:01:43.666  1131-1150  PrefCtrlListHelper      com.android.settings                 D  Could not find Context-only controller for pref: com.android.settings.accessibility.CaptioningWindowColorController
2025-10-09 23:01:43.666  1131-1150  PrefCtrlListHelper      com.android.settings                 D  Could not find Context-only controller for pref: com.android.settings.accessibility.CaptioningWindowOpacityController
2025-10-09 23:01:43.666  1131-1150  PrefCtrlListHelper      com.android.settings                 D  Could not find Context-only controller for pref: com.android.settings.accessibility.CaptioningFooterPreferenceController
2025-10-09 23:01:43.671  1510-2820  Google Maps Android API com.google.android.gms               I  Validating conditions for requesting maps_core feature. [CONTEXT service_id=71 ]
2025-10-09 23:01:43.678  1510-2820  Google Maps Android API com.google.android.gms               I  maps_core feature already installed. [CONTEXT service_id=71 ]
2025-10-09 23:01:43.680  1131-1146  SettingsSearchProvider  com.android.settings                 I  Skip indexing category: com.android.settings.category.ia.advanced_security
2025-10-09 23:01:43.680  1131-1146  SettingsSearchProvider  com.android.settings                 I  Skip indexing category: com.android.settings.category.ia.development
2025-10-09 23:01:43.684  1131-1146  SettingsSearchProvider  com.android.settings                 I  Skip indexing category: com.android.settings.category.ia.security
2025-10-09 23:01:43.701  1229-1563  MagicTether             com.google.android.gms.persistent    I  [TetherService] starting runnable [CONTEXT service_id=276 ]
