--------- beginning of main
--------- beginning of system
2025-11-02 13:14:06.957  1027-2884  SemWifiUsa...atsMonitor system_server                        D  onWifiUsabilityStats - seqNum 7729, isSameBssidAndFreq true
2025-11-02 13:14:07.090   465-465   io_stats                iod                                  D  !@   8,0 r 3844034 81492195 w 1853600 30936236 d 292147 120534348 f 80139 244894 iot 3112628 0 th 0 0 0 pt 0 inp 0 0 91759.064
2025-11-02 13:14:07.091   465-465   io_stats                iod                                  D  !@ Read_top(KB): system_server(1027) 92 kworker/u16:0(30439) 16 .gms.persistent(32024) 8
2025-11-02 13:14:07.091   465-465   io_stats                iod                                  D  !@ Write_top(KB): f2fs_ckpt-254:5(2521) 216 system_server(1027) 8
2025-11-02 13:14:08.308  1027-2608  FreecessController      system_server                        D  com.udry.app(10338) is important[12]
2025-11-02 13:14:09.082  1027-1439  WifiConnec...tsAnalyzer system_server                        D  Backhaul result - RSSI:-45, CE:13, PE:12, TI:24, PTI:21, TW:16, PTW:16, Tx:30, Rx:28, TxS:22, RxS:17, RESULT:true, IC:0, ICT:5, WC:0, WCT:5, R:0, RC:0, IE:0, EC:0
2025-11-02 13:14:09.092   465-465   io_stats                iod                                  D  !@   8,0 r 3844041 81492223 w 1853658 30936556 d 292147 120534348 f 80139 244894 iot 3112660 0 th 0 0 0 pt 0 inp 0 0 91761.066
2025-11-02 13:14:09.987  1027-2884  SemWifiUsa...atsMonitor system_server                        D  onWifiUsabilityStats - seqNum 7730, isSameBssidAndFreq true
2025-11-02 13:14:09.990  1027-1409  SemWifiLin...ityMonitor system_server                        I  Link stat: 552 / 0 / 1.00 (7) / 433 / -43.0 || 100.0 : 433.00 / 0.5 : 1.00 / 0.55 : 0.00 / G (G) || b9f683e25765: 0.090 / 88.421 /  / N || N N / 0 / N 2.0 / N 0 / 91761962 0
2025-11-02 13:14:10.430  1027-1251  InputReader             system_server                        D  Btn_touch(3): value=1 when=91762.403451
2025-11-02 13:14:10.430  1027-1251  InputReader             system_server                        I  Touch event's action is 0x0 (id=4, t=0) [pCnt=1, s=0.1975 ] when=91762.403451
2025-11-02 13:14:10.434  1027-1250  InputDispatcher         system_server                        I  Delivering touch to (1502): action: 0x4, f=0x0, d=0, 'ccbc14c', t=1 
2025-11-02 13:14:10.434  1027-1250  InputDispatcher         system_server                        I  Delivering touch to (2780): action: 0x0, f=0x0, d=0, 'b6baa66', t=1 
2025-11-02 13:14:10.434   765-830   VSyncReactor            surfaceflinger                       I  Current= 90, Period= 90, hwcPeriod= 90
2025-11-02 13:14:10.435  1027-1250  PowerManagerService     system_server                        D  [api] userActivityFromNative : touch displayId=0 eventTime=91762403
2025-11-02 13:14:10.436  2780-2780  VRI[MainAc...y]@99bf1aa com.udry.app                         I  ViewPostIme pointer 0
2025-11-02 13:14:10.436  1027-1109  GestureDetector         system_server                        I  obtain mCurrentDownEvent. id: 674268137 caller: com.android.server.wm.SystemGesturesPointerEventListener.onPointerEvent:17 com.android.server.wm.PointerEventDispatcher.onInputEvent:51 android.view.InputEventReceiver.dispatchInputEvent:385 
2025-11-02 13:14:10.436  1027-1250  PowerManagerService     system_server                        D  UserActivityStateListenerState: 1
2025-11-02 13:14:10.437  1027-1109  GestureDetector         system_server                        I  obtain mCurrentDownEvent. id: 674268137 caller: com.android.server.wm.SystemPerformancePointerEventListener.onPointerEvent:13 com.android.server.wm.PointerEventDispatcher.onInputEvent:51 android.view.InputEventReceiver.dispatchInputEvent:385 
2025-11-02 13:14:10.437  2780-2780  VRI[MainAc...y]@99bf1aa com.udry.app                         I  call setFrameRateCategory for touch hint category=high hint, reason=touch, vri=VRI[MainActivity]@99bf1aa
2025-11-02 13:14:10.438  3493-3493  SemDvfsHyPerManager     com.sec.android.sdhms                I  acquire hyper - TATouchBoost/3493@21, type = -999
2025-11-02 13:14:10.440  1027-1109  GestureDetector         system_server                        I  obtain mCurrentMotionEventRaw. action: 2 id: 1063841023
2025-11-02 13:14:10.440   695-780   HYPER-HAL               ven...amsung.hardware.hyper-service  I  [RequestManager.cpp]acquire(): Acquired ID : 6175876  [3493 / 21]    HINT :      list : [TABoost / 1] [TIMEOUT / 1500] 
2025-11-02 13:14:10.441  1027-1109  GestureDetector         system_server                        I  obtain mCurrentMotionEventRaw. action: 2 id: 1063841023
2025-11-02 13:14:10.445   765-765   SurfaceFlinger          surfaceflinger                       I  SFWD update time=91762419225322
2025-11-02 13:14:10.446   765-765   SurfaceFlinger          surfaceflinger                       I  [com.udry.app/com.udry.app.MainActivity$_2780#6963] setFrameRateCategory: HighHint
2025-11-02 13:14:10.451  3493-3493  SDHMS:LOAD              com.sec.android.sdhms                I  type: LoadsFreqs, value: 0:1:0:600659:2016000:533000:707600:2002000:533000:0:0:0
2025-11-02 13:14:10.525  1027-1251  InputReader             system_server                        D  Btn_touch(3): value=0 when=91762.499239
2025-11-02 13:14:10.525  1027-1251  InputReader             system_server                        I  Touch event's action is 0x1 (id=4, t=0) [pCnt=1, s=] when=91762.499239
2025-11-02 13:14:10.527  1027-1250  InputDispatcher         system_server                        I  Delivering touch to (2780): action: 0x1, f=0x0, d=0, 'b6baa66', t=1 
2025-11-02 13:14:10.527  2780-2780  VRI[MainAc...y]@99bf1aa com.udry.app                         I  ViewPostIme pointer 1
2025-11-02 13:14:10.551  2780-2894  Capacitor               com.udry.app                         D  Handling local request: https://localhost/deposit/index.txt?_rsc=kdovt
2025-11-02 13:14:10.560  2780-2780  View                    com.udry.app                         I  setRequestedFrameRate frameRate=-4.0, this=com.getcapacitor.CapacitorWebView{2b3e64e VFEDHVC.. .F...... 0,0-1080,2205 #7f0901cb app:id/webview aid=1073741824}, caller=WV.ef.b:1 WV.fg.h:118 WV.fg.onDraw:7 com.android.webview.chromium.WebViewChromium.onDraw:35 android.webkit.WebView.onDraw:2959 
2025-11-02 13:14:10.574  2780-2780  View                    com.udry.app                         I  setRequestedFrameRate frameRate=-4.0, this=com.getcapacitor.CapacitorWebView{2b3e64e VFEDHVC.. .F...... 0,0-1080,2205 #7f0901cb app:id/webview aid=1073741824}, caller=WV.ef.b:1 WV.fg.h:118 WV.fg.onDraw:7 com.android.webview.chromium.WebViewChromium.onDraw:35 android.webkit.WebView.onDraw:2959 
2025-11-02 13:14:10.601   765-765   RefreshRateSelector     surfaceflinger                       E  Can't find HRR max refresh rate by policy with the same group 0
2025-11-02 13:14:10.602  2780-2780  View                    com.udry.app                         I  setRequestedFrameRate frameRate=-4.0, this=com.getcapacitor.CapacitorWebView{2b3e64e VFEDHVC.. .F...... 0,0-1080,2205 #7f0901cb app:id/webview aid=1073741824}, caller=WV.ef.b:1 WV.fg.h:118 WV.fg.onDraw:7 com.android.webview.chromium.WebViewChromium.onDraw:35 android.webkit.WebView.onDraw:2959 
2025-11-02 13:14:10.737  1027-1027  GestureDetector         system_server                        I  handleMessage TAP
2025-11-02 13:14:10.737  1027-1109  GestureDetector         system_server                        I  handleMessage TAP
2025-11-02 13:14:11.094   465-465   io_stats                iod                                  D  !@ Read_top(KB): .android.chrome(25179) 16 kworker/u16:0(30439) 12
2025-11-02 13:14:11.094   465-465   io_stats                iod                                  D  !@ Write_top(KB): kworker/u16:0(30439) 320
2025-11-02 13:14:11.169   765-2504  NativeSemDvfsManager    surfaceflinger                       D  acquire:: timeout = 2000 mIsAcquired = 1  mTagName : SurfaceFlinger 
2025-11-02 13:14:11.170   765-2504  NativeCust...ncyManager surfaceflinger                       E  [NativeCFMS] BpCustomFrequencyManager::acquire()
2025-11-02 13:14:11.170   695-780   HYPER-HAL               ven...amsung.hardware.hyper-service  I  [RequestManager.cpp]acquire(): Acquired ID : 1559495  [765 / 1000]    HINT : SF_GPU_MINLOCK    list : [TIMEOUT / 2000] 
2025-11-02 13:14:11.545  1027-1251  InputReader             system_server                        D  Btn_touch(3): value=1 when=91763.517991
2025-11-02 13:14:11.545  1027-1251  InputReader             system_server                        I  Touch event's action is 0x0 (id=4, t=0) [pCnt=1, s=0.1976 ] when=91763.517991
2025-11-02 13:14:11.547  1027-1250  InputDispatcher         system_server                        I  Delivering touch to (1502): action: 0x4, f=0x0, d=0, 'ccbc14c', t=1 
2025-11-02 13:14:11.547  1027-1250  InputDispatcher         system_server                        I  Delivering touch to (2780): action: 0x0, f=0x0, d=0, 'b6baa66', t=1 
2025-11-02 13:14:11.548  2780-2780  VRI[MainAc...y]@99bf1aa com.udry.app                         I  ViewPostIme pointer 0
2025-11-02 13:14:11.548  1027-1250  PowerManagerService     system_server                        D  [api] userActivityFromNative : touch displayId=0 eventTime=91763517
2025-11-02 13:14:11.551  1027-1109  GestureDetector         system_server                        I  obtain mCurrentDownEvent. id: 234645193 caller: com.android.server.wm.SystemGesturesPointerEventListener.onPointerEvent:17 com.android.server.wm.PointerEventDispatcher.onInputEvent:51 android.view.InputEventReceiver.dispatchInputEvent:385 
2025-11-02 13:14:11.552  1027-1109  GestureDetector         system_server                        I  obtain mCurrentDownEvent. id: 234645193 caller: com.android.server.wm.SystemPerformancePointerEventListener.onPointerEvent:13 com.android.server.wm.PointerEventDispatcher.onInputEvent:51 android.view.InputEventReceiver.dispatchInputEvent:385 
2025-11-02 13:14:11.552  3493-3493  SemDvfsHyPerManager     com.sec.android.sdhms                I  acquire hyper - TATouchBoost/3493@21, type = -999
2025-11-02 13:14:11.553  1027-1109  GestureDetector         system_server                        I  obtain mCurrentMotionEventRaw. action: 2 id: 183616291
2025-11-02 13:14:11.553  1027-1109  GestureDetector         system_server                        I  obtain mCurrentMotionEventRaw. action: 2 id: 183616291
2025-11-02 13:14:11.554   695-780   HYPER-HAL               ven...amsung.hardware.hyper-service  I  [RequestManager.cpp]acquire(): Acquired ID : 6175876  [3493 / 21]    HINT :      list : [TABoost / 1] [TIMEOUT / 1500] 
2025-11-02 13:14:11.556   765-830   VSyncReactor            surfaceflinger                       I  Current= 90, Period= 90, hwcPeriod= 90
2025-11-02 13:14:11.608  1027-1251  InputReader             system_server                        D  Btn_touch(3): value=0 when=91763.582263
2025-11-02 13:14:11.609  1027-1251  InputReader             system_server                        I  Touch event's action is 0x1 (id=4, t=0) [pCnt=1, s=] when=91763.582263
2025-11-02 13:14:11.610  1027-1250  InputDispatcher         system_server                        I  Delivering touch to (2780): action: 0x1, f=0x0, d=0, 'b6baa66', t=1 
2025-11-02 13:14:11.611  2780-2780  VRI[MainAc...y]@99bf1aa com.udry.app                         I  ViewPostIme pointer 1
2025-11-02 13:14:11.635  2780-2780  View                    com.udry.app                         I  setRequestedFrameRate frameRate=-4.0, this=com.getcapacitor.CapacitorWebView{2b3e64e VFEDHVC.. .F...... 0,0-1080,2205 #7f0901cb app:id/webview aid=1073741824}, caller=WV.ef.b:1 WV.fg.h:118 WV.fg.onDraw:7 com.android.webview.chromium.WebViewChromium.onDraw:35 android.webkit.WebView.onDraw:2959 
2025-11-02 13:14:11.648  2780-2780  View                    com.udry.app                         I  setRequestedFrameRate frameRate=-4.0, this=com.getcapacitor.CapacitorWebView{2b3e64e VFEDHVC.. .F...... 0,0-1080,2205 #7f0901cb app:id/webview aid=1073741824}, caller=WV.ef.b:1 WV.fg.h:118 WV.fg.onDraw:7 com.android.webview.chromium.WebViewChromium.onDraw:35 android.webkit.WebView.onDraw:2959 
2025-11-02 13:14:11.661  2780-2780  View                    com.udry.app                         I  setRequestedFrameRate frameRate=-4.0, this=com.getcapacitor.CapacitorWebView{2b3e64e VFEDHVC.. .F...... 0,0-1080,2205 #7f0901cb app:id/webview aid=1073741824}, caller=WV.ef.b:1 WV.fg.h:118 WV.fg.onDraw:7 com.android.webview.chromium.WebViewChromium.onDraw:35 android.webkit.WebView.onDraw:2959 
2025-11-02 13:14:11.672  2780-2780  View                    com.udry.app                         I  setRequestedFrameRate frameRate=-4.0, this=com.getcapacitor.CapacitorWebView{2b3e64e VFEDHVC.. .F...... 0,0-1080,2205 #7f0901cb app:id/webview aid=1073741824}, caller=WV.ef.b:1 WV.fg.h:118 WV.fg.onDraw:7 com.android.webview.chromium.WebViewChromium.onDraw:35 android.webkit.WebView.onDraw:2959 
2025-11-02 13:14:11.685  2780-2780  View                    com.udry.app                         I  setRequestedFrameRate frameRate=-4.0, this=com.getcapacitor.CapacitorWebView{2b3e64e VFEDHVC.. .F...... 0,0-1080,2205 #7f0901cb app:id/webview aid=1073741824}, caller=WV.ef.b:1 WV.fg.h:118 WV.fg.onDraw:7 com.android.webview.chromium.WebViewChromium.onDraw:35 android.webkit.WebView.onDraw:2959 
2025-11-02 13:14:11.698  2780-2780  View                    com.udry.app                         I  setRequestedFrameRate frameRate=-4.0, this=com.getcapacitor.CapacitorWebView{2b3e64e VFEDHVC.. .F...... 0,0-1080,2205 #7f0901cb app:id/webview aid=1073741824}, caller=WV.ef.b:1 WV.fg.h:118 WV.fg.onDraw:7 com.android.webview.chromium.WebViewChromium.onDraw:35 android.webkit.WebView.onDraw:2959 
2025-11-02 13:14:11.712  2780-2780  View                    com.udry.app                         I  setRequestedFrameRate frameRate=-4.0, this=com.getcapacitor.CapacitorWebView{2b3e64e VFEDHVC.. .F...... 0,0-1080,2205 #7f0901cb app:id/webview aid=1073741824}, caller=WV.ef.b:1 WV.fg.h:118 WV.fg.onDraw:7 com.android.webview.chromium.WebViewChromium.onDraw:35 android.webkit.WebView.onDraw:2959 
2025-11-02 13:14:11.725  2780-2780  View                    com.udry.app                         I  setRequestedFrameRate frameRate=-4.0, this=com.getcapacitor.CapacitorWebView{2b3e64e VFEDHVC.. .F...... 0,0-1080,2205 #7f0901cb app:id/webview aid=1073741824}, caller=WV.ef.b:1 WV.fg.h:118 WV.fg.onDraw:7 com.android.webview.chromium.WebViewChromium.onDraw:35 android.webkit.WebView.onDraw:2959 
2025-11-02 13:14:11.737  2780-2780  View                    com.udry.app                         I  setRequestedFrameRate frameRate=-4.0, this=com.getcapacitor.CapacitorWebView{2b3e64e VFEDHVC.. .F...... 0,0-1080,2205 #7f0901cb app:id/webview aid=1073741824}, caller=WV.ef.b:1 WV.fg.h:118 WV.fg.onDraw:7 com.android.webview.chromium.WebViewChromium.onDraw:35 android.webkit.WebView.onDraw:2959 
2025-11-02 13:14:11.747  2780-2780  View                    com.udry.app                         I  setRequestedFrameRate frameRate=-4.0, this=com.getcapacitor.CapacitorWebView{2b3e64e VFEDHVC.. .F...... 0,0-1080,2205 #7f0901cb app:id/webview aid=1073741824}, caller=WV.ef.b:1 WV.fg.h:118 WV.fg.onDraw:7 com.android.webview.chromium.WebViewChromium.onDraw:35 android.webkit.WebView.onDraw:2959 
2025-11-02 13:14:11.758  2780-2780  View                    com.udry.app                         I  setRequestedFrameRate frameRate=-4.0, this=com.getcapacitor.CapacitorWebView{2b3e64e VFEDHVC.. .F...... 0,0-1080,2205 #7f0901cb app:id/webview aid=1073741824}, caller=WV.ef.b:1 WV.fg.h:118 WV.fg.onDraw:7 com.android.webview.chromium.WebViewChromium.onDraw:35 android.webkit.WebView.onDraw:2959 
2025-11-02 13:14:11.770  2780-2780  View                    com.udry.app                         I  setRequestedFrameRate frameRate=-4.0, this=com.getcapacitor.CapacitorWebView{2b3e64e VFEDHVC.. .F...... 0,0-1080,2205 #7f0901cb app:id/webview aid=1073741824}, caller=WV.ef.b:1 WV.fg.h:118 WV.fg.onDraw:7 com.android.webview.chromium.WebViewChromium.onDraw:35 android.webkit.WebView.onDraw:2959 
2025-11-02 13:14:11.781  2780-2780  View                    com.udry.app                         I  setRequestedFrameRate frameRate=-4.0, this=com.getcapacitor.CapacitorWebView{2b3e64e VFEDHVC.. .F...... 0,0-1080,2205 #7f0901cb app:id/webview aid=1073741824}, caller=WV.ef.b:1 WV.fg.h:118 WV.fg.onDraw:7 com.android.webview.chromium.WebViewChromium.onDraw:35 android.webkit.WebView.onDraw:2959 
2025-11-02 13:14:11.794  2780-2780  View                    com.udry.app                         I  setRequestedFrameRate frameRate=-4.0, this=com.getcapacitor.CapacitorWebView{2b3e64e VFEDHVC.. .F...... 0,0-1080,2205 #7f0901cb app:id/webview aid=1073741824}, caller=WV.ef.b:1 WV.fg.h:118 WV.fg.onDraw:7 com.android.webview.chromium.WebViewChromium.onDraw:35 android.webkit.WebView.onDraw:2959 
2025-11-02 13:14:11.803  2780-2780  View                    com.udry.app                         I  setRequestedFrameRate frameRate=-4.0, this=com.getcapacitor.CapacitorWebView{2b3e64e VFEDHVC.. .F...... 0,0-1080,2205 #7f0901cb app:id/webview aid=1073741824}, caller=WV.ef.b:1 WV.fg.h:118 WV.fg.onDraw:7 com.android.webview.chromium.WebViewChromium.onDraw:35 android.webkit.WebView.onDraw:2959 
2025-11-02 13:14:11.814  2780-2780  View                    com.udry.app                         I  setRequestedFrameRate frameRate=-4.0, this=com.getcapacitor.CapacitorWebView{2b3e64e VFEDHVC.. .F...... 0,0-1080,2205 #7f0901cb app:id/webview aid=1073741824}, caller=WV.ef.b:1 WV.fg.h:118 WV.fg.onDraw:7 com.android.webview.chromium.WebViewChromium.onDraw:35 android.webkit.WebView.onDraw:2959 
2025-11-02 13:14:11.849  1027-1109  GestureDetector         system_server                        I  handleMessage TAP
2025-11-02 13:14:11.851  1027-1027  GestureDetector         system_server                        I  handleMessage TAP
2025-11-02 13:14:11.918  1027-1251  InputReader             system_server                        D  Btn_touch(3): value=1 when=91763.891561
2025-11-02 13:14:11.918  1027-1251  InputReader             system_server                        I  Touch event's action is 0x0 (id=4, t=0) [pCnt=1, s=0.1977 ] when=91763.891561
2025-11-02 13:14:11.919  1027-1250  InputDispatcher         system_server                        I  Delivering touch to (1502): action: 0x4, f=0x0, d=0, 'ccbc14c', t=1 
2025-11-02 13:14:11.919  1027-1250  InputDispatcher         system_server                        I  Delivering touch to (2780): action: 0x0, f=0x0, d=0, 'b6baa66', t=1 
2025-11-02 13:14:11.920  2780-2780  VRI[MainAc...y]@99bf1aa com.udry.app                         I  ViewPostIme pointer 0
2025-11-02 13:14:11.922  3493-3493  SemDvfsHyPerManager     com.sec.android.sdhms                I  acquire hyper - TATouchBoost/3493@21, type = -999
2025-11-02 13:14:11.923  1027-1109  GestureDetector         system_server                        I  obtain mCurrentDownEvent. id: 94577954 caller: com.android.server.wm.SystemGesturesPointerEventListener.onPointerEvent:17 com.android.server.wm.PointerEventDispatcher.onInputEvent:51 android.view.InputEventReceiver.dispatchInputEvent:385 
2025-11-02 13:14:11.923   695-780   HYPER-HAL               ven...amsung.hardware.hyper-service  I  [RequestManager.cpp]acquire(): Acquired ID : 6175876  [3493 / 21]    HINT :      list : [TABoost / 1] [TIMEOUT / 1500] 
2025-11-02 13:14:11.924  1027-1109  GestureDetector         system_server                        I  obtain mCurrentDownEvent. id: 94577954 caller: com.android.server.wm.SystemPerformancePointerEventListener.onPointerEvent:13 com.android.server.wm.PointerEventDispatcher.onInputEvent:51 android.view.InputEventReceiver.dispatchInputEvent:385 
2025-11-02 13:14:11.925  1027-1109  GestureDetector         system_server                        I  obtain mCurrentMotionEventRaw. action: 2 id: 566320410
2025-11-02 13:14:11.925  1027-1109  GestureDetector         system_server                        I  obtain mCurrentMotionEventRaw. action: 2 id: 566320410
2025-11-02 13:14:11.992  1027-1251  InputReader             system_server                        D  Btn_touch(3): value=0 when=91763.966088
2025-11-02 13:14:11.992  1027-1251  InputReader             system_server                        I  Touch event's action is 0x1 (id=4, t=0) [pCnt=1, s=] when=91763.966088
2025-11-02 13:14:11.993  1027-1250  InputDispatcher         system_server                        I  Delivering touch to (2780): action: 0x1, f=0x0, d=0, 'b6baa66', t=1 
2025-11-02 13:14:11.993  2780-2780  VRI[MainAc...y]@99bf1aa com.udry.app                         I  ViewPostIme pointer 1
2025-11-02 13:14:12.014  2780-2780  View                    com.udry.app                         I  setRequestedFrameRate frameRate=-4.0, this=com.getcapacitor.CapacitorWebView{2b3e64e VFEDHVC.. .F...... 0,0-1080,2205 #7f0901cb app:id/webview aid=1073741824}, caller=WV.ef.b:1 WV.fg.h:118 WV.fg.onDraw:7 com.android.webview.chromium.WebViewChromium.onDraw:35 android.webkit.WebView.onDraw:2959 
2025-11-02 13:14:12.027  2780-2780  View                    com.udry.app                         I  setRequestedFrameRate frameRate=-4.0, this=com.getcapacitor.CapacitorWebView{2b3e64e VFEDHVC.. .F...... 0,0-1080,2205 #7f0901cb app:id/webview aid=1073741824}, caller=WV.ef.b:1 WV.fg.h:118 WV.fg.onDraw:7 com.android.webview.chromium.WebViewChromium.onDraw:35 android.webkit.WebView.onDraw:2959 
2025-11-02 13:14:12.053  2780-2780  View                    com.udry.app                         I  setRequestedFrameRate frameRate=-4.0, this=com.getcapacitor.CapacitorWebView{2b3e64e VFEDHVC.. .F...... 0,0-1080,2205 #7f0901cb app:id/webview aid=1073741824}, caller=WV.ef.b:1 WV.fg.h:118 WV.fg.onDraw:7 com.android.webview.chromium.WebViewChromium.onDraw:35 android.webkit.WebView.onDraw:2959 
2025-11-02 13:14:12.072  2780-2780  View                    com.udry.app                         I  setRequestedFrameRate frameRate=-4.0, this=com.getcapacitor.CapacitorWebView{2b3e64e VFEDHVC.. .F...... 0,0-1080,2205 #7f0901cb app:id/webview aid=1073741824}, caller=WV.ef.b:1 WV.fg.h:118 WV.fg.onDraw:7 com.android.webview.chromium.WebViewChromium.onDraw:35 android.webkit.WebView.onDraw:2959 
2025-11-02 13:14:12.084  2780-2780  View                    com.udry.app                         I  setRequestedFrameRate frameRate=-4.0, this=com.getcapacitor.CapacitorWebView{2b3e64e VFEDHVC.. .F...... 0,0-1080,2205 #7f0901cb app:id/webview aid=1073741824}, caller=WV.ef.b:1 WV.fg.h:118 WV.fg.onDraw:7 com.android.webview.chromium.WebViewChromium.onDraw:35 android.webkit.WebView.onDraw:2959 
2025-11-02 13:14:12.102  2780-2780  View                    com.udry.app                         I  setRequestedFrameRate frameRate=-4.0, this=com.getcapacitor.CapacitorWebView{2b3e64e VFEDHVC.. .F...... 0,0-1080,2205 #7f0901cb app:id/webview aid=1073741824}, caller=WV.ef.b:1 WV.fg.h:118 WV.fg.onDraw:7 com.android.webview.chromium.WebViewChromium.onDraw:35 android.webkit.WebView.onDraw:2959 
2025-11-02 13:14:12.115  2780-2780  View                    com.udry.app                         I  setRequestedFrameRate frameRate=-4.0, this=com.getcapacitor.CapacitorWebView{2b3e64e VFEDHVC.. .F...... 0,0-1080,2205 #7f0901cb app:id/webview aid=1073741824}, caller=WV.ef.b:1 WV.fg.h:118 WV.fg.onDraw:7 com.android.webview.chromium.WebViewChromium.onDraw:35 android.webkit.WebView.onDraw:2959 
2025-11-02 13:14:12.127  2780-2780  View                    com.udry.app                         I  setRequestedFrameRate frameRate=-4.0, this=com.getcapacitor.CapacitorWebView{2b3e64e VFEDHVC.. .F...... 0,0-1080,2205 #7f0901cb app:id/webview aid=1073741824}, caller=WV.ef.b:1 WV.fg.h:118 WV.fg.onDraw:7 com.android.webview.chromium.WebViewChromium.onDraw:35 android.webkit.WebView.onDraw:2959 
2025-11-02 13:14:12.143  2780-2780  View                    com.udry.app                         I  setRequestedFrameRate frameRate=-4.0, this=com.getcapacitor.CapacitorWebView{2b3e64e VFEDHVC.. .F...... 0,0-1080,2205 #7f0901cb app:id/webview aid=1073741824}, caller=WV.ef.b:1 WV.fg.h:118 WV.fg.onDraw:7 com.android.webview.chromium.WebViewChromium.onDraw:35 android.webkit.WebView.onDraw:2959 
2025-11-02 13:14:12.152  2780-2780  View                    com.udry.app                         I  setRequestedFrameRate frameRate=-4.0, this=com.getcapacitor.CapacitorWebView{2b3e64e VFEDHVC.. .F...... 0,0-1080,2205 #7f0901cb app:id/webview aid=1073741824}, caller=WV.ef.b:1 WV.fg.h:118 WV.fg.onDraw:7 com.android.webview.chromium.WebViewChromium.onDraw:35 android.webkit.WebView.onDraw:2959 
2025-11-02 13:14:12.164  2780-2780  View                    com.udry.app                         I  setRequestedFrameRate frameRate=-4.0, this=com.getcapacitor.CapacitorWebView{2b3e64e VFEDHVC.. .F...... 0,0-1080,2205 #7f0901cb app:id/webview aid=1073741824}, caller=WV.ef.b:1 WV.fg.h:118 WV.fg.onDraw:7 com.android.webview.chromium.WebViewChromium.onDraw:35 android.webkit.WebView.onDraw:2959 
2025-11-02 13:14:12.172  2780-2780  View                    com.udry.app                         I  setRequestedFrameRate frameRate=-4.0, this=com.getcapacitor.CapacitorWebView{2b3e64e VFEDHVC.. .F...... 0,0-1080,2205 #7f0901cb app:id/webview aid=1073741824}, caller=WV.ef.b:1 WV.fg.h:118 WV.fg.onDraw:7 com.android.webview.chromium.WebViewChromium.onDraw:35 android.webkit.WebView.onDraw:2959 
2025-11-02 13:14:12.182  2780-2780  View                    com.udry.app                         I  setRequestedFrameRate frameRate=-4.0, this=com.getcapacitor.CapacitorWebView{2b3e64e VFEDHVC.. .F...... 0,0-1080,2205 #7f0901cb app:id/webview aid=1073741824}, caller=WV.ef.b:1 WV.fg.h:118 WV.fg.onDraw:7 com.android.webview.chromium.WebViewChromium.onDraw:35 android.webkit.WebView.onDraw:2959 
2025-11-02 13:14:12.220  1027-1109  GestureDetector         system_server                        I  handleMessage TAP
2025-11-02 13:14:12.223  1027-1027  GestureDetector         system_server                        I  handleMessage TAP
2025-11-02 13:14:12.302  1669-1669  wpa_supplicant          wpa_supplicant                       I  Heartbeat 9113
2025-11-02 13:14:12.450  1027-1251  InputReader             system_server                        D  Btn_touch(3): value=1 when=91764.423973
2025-11-02 13:14:12.450  1027-1251  InputReader             system_server                        I  Touch event's action is 0x0 (id=4, t=0) [pCnt=1, s=0.1978 ] when=91764.423973
2025-11-02 13:14:12.452  1027-1250  InputDispatcher         system_server                        I  Delivering touch to (1502): action: 0x4, f=0x0, d=0, 'ccbc14c', t=1 
2025-11-02 13:14:12.452  1027-1250  InputDispatcher         system_server                        I  Delivering touch to (2780): action: 0x0, f=0x0, d=0, 'b6baa66', t=1 
2025-11-02 13:14:12.453  2780-2780  VRI[MainAc...y]@99bf1aa com.udry.app                         I  ViewPostIme pointer 0
2025-11-02 13:14:12.454  1027-1109  GestureDetector         system_server                        I  obtain mCurrentDownEvent. id: 403943415 caller: com.android.server.wm.SystemGesturesPointerEventListener.onPointerEvent:17 com.android.server.wm.PointerEventDispatcher.onInputEvent:51 android.view.InputEventReceiver.dispatchInputEvent:385 
2025-11-02 13:14:12.455  1027-1109  GestureDetector         system_server                        I  obtain mCurrentDownEvent. id: 403943415 caller: com.android.server.wm.SystemPerformancePointerEventListener.onPointerEvent:13 com.android.server.wm.PointerEventDispatcher.onInputEvent:51 android.view.InputEventReceiver.dispatchInputEvent:385 
2025-11-02 13:14:12.455  3493-3493  SemDvfsHyPerManager     com.sec.android.sdhms                I  acquire hyper - TATouchBoost/3493@21, type = -999
2025-11-02 13:14:12.456   695-780   HYPER-HAL               ven...amsung.hardware.hyper-service  I  [RequestManager.cpp]acquire(): Acquired ID : 6175876  [3493 / 21]    HINT :      list : [TABoost / 1] [TIMEOUT / 1500] 
2025-11-02 13:14:12.458  1027-1109  GestureDetector         system_server                        I  obtain mCurrentMotionEventRaw. action: 2 id: 1020422278
2025-11-02 13:14:12.458  1027-1109  GestureDetector         system_server                        I  obtain mCurrentMotionEventRaw. action: 2 id: 1020422278
2025-11-02 13:14:12.516 32024-3442  NearbyMediums           com.google.android.gms.persistent    I  Found Fast Ble Advertisements :
                                                                                                    BleAdvertisement { version=2, socketVersion=2, isFast=true, serviceIdHash=null, data=[ 0x23 0x47 0x4a 0x54 0x4a 0x11 0x32 0xfa 0x7c 0x0f 0xd2 0xe6 0x07 0xf9 0x98 0xea 0x59 0x30 0x61 0x62 0x91 0x26 0x33 ], deviceToken=[ 0xde 0xfd ], rxAdvertisement=null } : 2 times.
                                                                                                    Total 2 fast advertisements from 1 unique advertisers.
2025-11-02 13:14:12.516  2780-2780  View                    com.udry.app                         I  setRequestedFrameRate frameRate=-4.0, this=com.getcapacitor.CapacitorWebView{2b3e64e VFEDHVC.. .F...... 0,0-1080,2205 #7f0901cb app:id/webview aid=1073741824}, caller=WV.ef.b:1 WV.fg.h:118 WV.fg.onDraw:7 com.android.webview.chromium.WebViewChromium.onDraw:35 android.webkit.WebView.onDraw:2959 
2025-11-02 13:14:12.516 32024-3442  NearbyMediums           com.google.android.gms.persistent    I  Current Tracked Scanning Clients are : {NearbyConnections.EnvironmentMonitor, NearbySharing, NearbyConnections.TxAdvertisement}
2025-11-02 13:14:12.528  2780-2780  View                    com.udry.app                         I  setRequestedFrameRate frameRate=-4.0, this=com.getcapacitor.CapacitorWebView{2b3e64e VFEDHVC.. .F...... 0,0-1080,2205 #7f0901cb app:id/webview aid=1073741824}, caller=WV.ef.b:1 WV.fg.h:118 WV.fg.onDraw:7 com.android.webview.chromium.WebViewChromium.onDraw:35 android.webkit.WebView.onDraw:2959 
2025-11-02 13:14:12.540  2780-2780  View                    com.udry.app                         I  setRequestedFrameRate frameRate=-4.0, this=com.getcapacitor.CapacitorWebView{2b3e64e VFEDHVC.. .F...... 0,0-1080,2205 #7f0901cb app:id/webview aid=1073741824}, caller=WV.ef.b:1 WV.fg.h:118 WV.fg.onDraw:7 com.android.webview.chromium.WebViewChromium.onDraw:35 android.webkit.WebView.onDraw:2959 
2025-11-02 13:14:12.550  2780-2780  View                    com.udry.app                         I  setRequestedFrameRate frameRate=-4.0, this=com.getcapacitor.CapacitorWebView{2b3e64e VFEDHVC.. .F...... 0,0-1080,2205 #7f0901cb app:id/webview aid=1073741824}, caller=WV.ef.b:1 WV.fg.h:118 WV.fg.onDraw:7 com.android.webview.chromium.WebViewChromium.onDraw:35 android.webkit.WebView.onDraw:2959 
2025-11-02 13:14:12.554  1027-1250  PowerManagerService     system_server                        D  [api] userActivityFromNative : touch displayId=0 eventTime=91764527
2025-11-02 13:14:12.556  3493-3493  SemDvfsHyPerManager     com.sec.android.sdhms                I  acquire hyper - TATouchBoost/3493@21, type = -999
2025-11-02 13:14:12.557   695-780   HYPER-HAL               ven...amsung.hardware.hyper-service  I  [RequestManager.cpp]acquire(): Acquired ID : 6175876  [3493 / 21]    HINT :      list : [TABoost / 1] [TIMEOUT / 1500] 
2025-11-02 13:14:12.563  2780-2780  View                    com.udry.app                         I  setRequestedFrameRate frameRate=-4.0, this=com.getcapacitor.CapacitorWebView{2b3e64e VFEDHVC.. .F...... 0,0-1080,2205 #7f0901cb app:id/webview aid=1073741824}, caller=WV.ef.b:1 WV.fg.h:118 WV.fg.onDraw:7 com.android.webview.chromium.WebViewChromium.onDraw:35 android.webkit.WebView.onDraw:2959 
2025-11-02 13:14:12.575  2780-2780  View                    com.udry.app                         I  setRequestedFrameRate frameRate=-4.0, this=com.getcapacitor.CapacitorWebView{2b3e64e VFEDHVC.. .F...... 0,0-1080,2205 #7f0901cb app:id/webview aid=1073741824}, caller=WV.ef.b:1 WV.fg.h:118 WV.fg.onDraw:7 com.android.webview.chromium.WebViewChromium.onDraw:35 android.webkit.WebView.onDraw:2959 
2025-11-02 13:14:12.584  2780-2780  View                    com.udry.app                         I  setRequestedFrameRate frameRate=-4.0, this=com.getcapacitor.CapacitorWebView{2b3e64e VFEDHVC.. .F...... 0,0-1080,2205 #7f0901cb app:id/webview aid=1073741824}, caller=WV.ef.b:1 WV.fg.h:118 WV.fg.onDraw:7 com.android.webview.chromium.WebViewChromium.onDraw:35 android.webkit.WebView.onDraw:2959 
2025-11-02 13:14:12.595  2780-2780  View                    com.udry.app                         I  setRequestedFrameRate frameRate=-4.0, this=com.getcapacitor.CapacitorWebView{2b3e64e VFEDHVC.. .F...... 0,0-1080,2205 #7f0901cb app:id/webview aid=1073741824}, caller=WV.ef.b:1 WV.fg.h:118 WV.fg.onDraw:7 com.android.webview.chromium.WebViewChromium.onDraw:35 android.webkit.WebView.onDraw:2959 
2025-11-02 13:14:12.606  2780-2780  View                    com.udry.app                         I  setRequestedFrameRate frameRate=-4.0, this=com.getcapacitor.CapacitorWebView{2b3e64e VFEDHVC.. .F...... 0,0-1080,2205 #7f0901cb app:id/webview aid=1073741824}, caller=WV.ef.b:1 WV.fg.h:118 WV.fg.onDraw:7 com.android.webview.chromium.WebViewChromium.onDraw:35 android.webkit.WebView.onDraw:2959 
2025-11-02 13:14:12.616  2780-2780  View                    com.udry.app                         I  setRequestedFrameRate frameRate=-4.0, this=com.getcapacitor.CapacitorWebView{2b3e64e VFEDHVC.. .F...... 0,0-1080,2205 #7f0901cb app:id/webview aid=1073741824}, caller=WV.ef.b:1 WV.fg.h:118 WV.fg.onDraw:7 com.android.webview.chromium.WebViewChromium.onDraw:35 android.webkit.WebView.onDraw:2959 
2025-11-02 13:14:12.625  1027-1251  InputReader             system_server                        D  Btn_touch(3): value=0 when=91764.599154
2025-11-02 13:14:12.625  1027-1251  InputReader             system_server                        I  Touch event's action is 0x1 (id=4, t=0) [pCnt=1, s=] when=91764.599154
2025-11-02 13:14:12.626  1027-1250  InputDispatcher         system_server                        I  Delivering touch to (2780): action: 0x1, f=0x0, d=0, 'b6baa66', t=1 
2025-11-02 13:14:12.626  2780-2780  View                    com.udry.app                         I  setRequestedFrameRate frameRate=-4.0, this=com.getcapacitor.CapacitorWebView{2b3e64e VFEDHVC.. .F...... 0,0-1080,2205 #7f0901cb app:id/webview aid=1073741824}, caller=WV.ef.b:1 WV.fg.h:118 WV.fg.onDraw:7 com.android.webview.chromium.WebViewChromium.onDraw:35 android.webkit.WebView.onDraw:2959 
2025-11-02 13:14:12.627  1027-1027  SemDvfsHyPerManager     system_server                        I  acquire hyper - GESTURE_DETECTED_HRR/1027@24, type = -999
2025-11-02 13:14:12.628  1027-1027  SemDvfsHyPerManager     system_server                        I  acquire hyper - GESTURE_DETECTED_HRR/1027@24, type = -999
2025-11-02 13:14:12.628   695-780   HYPER-HAL               ven...amsung.hardware.hyper-service  I  [RequestManager.cpp]acquire(): Acquired ID : 552850  [1027 / 24]    HINT : GESTURE_DETECTED_HRR    list : [TIMEOUT / 283] 
2025-11-02 13:14:12.629  2780-2780  VRI[MainAc...y]@99bf1aa com.udry.app                         I  ViewPostIme pointer 1
2025-11-02 13:14:12.631   695-780   HYPER-HAL               ven...amsung.hardware.hyper-service  I  [RequestManager.cpp]acquire(): Acquired ID : 552850  [1027 / 24]    HINT : GESTURE_DETECTED_HRR    list : [TIMEOUT / 283] 
2025-11-02 13:14:12.637  2780-2780  View                    com.udry.app                         I  setRequestedFrameRate frameRate=-4.0, this=com.getcapacitor.CapacitorWebView{2b3e64e VFEDHVC.. .F...... 0,0-1080,2205 #7f0901cb app:id/webview aid=1073741824}, caller=WV.ef.b:1 WV.fg.h:118 WV.fg.onDraw:7 com.android.webview.chromium.WebViewChromium.onDraw:35 android.webkit.WebView.onDraw:2959 
2025-11-02 13:14:12.647  2780-2780  View                    com.udry.app                         I  setRequestedFrameRate frameRate=-4.0, this=com.getcapacitor.CapacitorWebView{2b3e64e VFEDHVC.. .F...... 0,0-1080,2205 #7f0901cb app:id/webview aid=1073741824}, caller=WV.ef.b:1 WV.fg.h:118 WV.fg.onDraw:7 com.android.webview.chromium.WebViewChromium.onDraw:35 android.webkit.WebView.onDraw:2959 
2025-11-02 13:14:12.660  2780-2780  View                    com.udry.app                         I  setRequestedFrameRate frameRate=-4.0, this=com.getcapacitor.CapacitorWebView{2b3e64e VFEDHVC.. .F...... 0,0-1080,2205 #7f0901cb app:id/webview aid=1073741824}, caller=WV.ef.b:1 WV.fg.h:118 WV.fg.onDraw:7 com.android.webview.chromium.WebViewChromium.onDraw:35 android.webkit.WebView.onDraw:2959 
2025-11-02 13:14:12.916   695-3630  HYPER-HAL               ven...amsung.hardware.hyper-service  I  [RequestManager.cpp]releaseLocked(): Released ID : 552850
2025-11-02 13:14:13.008  1027-2884  SemWifiUsa...atsMonitor system_server                        D  onWifiUsabilityStats - seqNum 7731, isSameBssidAndFreq true
2025-11-02 13:14:13.009  1027-1325  ConnectivityService     system_server                        D  notifyType CALLBACK_CAP_CHANGED for [214 WIFI]
2025-11-02 13:14:13.011  1027-1409  SemWifiLin...ityMonitor system_server                        I  Link stat: 681 / 0 / 1.00 (4) / 433 / -43.0 || 100.0 : 433.00 / 0.5 : 1.00 / 0.55 : 0.00 / G (G) || b9f683e25765: 0.090 / 88.421 /  / N || N N / 0 / N 2.0 / N 0 / 91764982 0
2025-11-02 13:14:13.014  1027-1362  SemWifiApNsd:Client     system_server                        D  lpInterface:wlan0
2025-11-02 13:14:13.015  1027-1362  WifiConnec...onitor.NCC system_server                        I  sNetworkCallback(oCC) FULL : 214(valid: true/captive: false)
2025-11-02 13:14:13.017  1027-1362  WifiConnec...onitor.NCC system_server                        I  [ Transports: WIFI Capabilities: NOT_METERED&INTERNET&NOT_RESTRICTED&TRUSTED&NOT_VPN&VALIDATED&NOT_ROAMING&FOREGROUND&NOT_CONGESTED&NOT_SUSPENDED&NOT_VCN_MANAGED&NOT_BANDWIDTH_CONSTRAINED LinkUpBandwidth>=4961Kbps LinkDnBandwidth>=59829Kbps TransportInfo: <SSID: <unknown ssid>, BSSID: 02:00:00:**:**:00, MAC: 02:00:00:**:**:00, IP: /192.***.*.19, Security type: 2, Supplicant state: COMPLETED, Wi-Fi standard: 11ac, RSSI: -43, Link speed: 433Mbps, Tx Link speed: 433Mbps, Max Supported Tx Link speed: 433Mbps, Rx Link speed: 433Mbps, Max Supported Rx Link speed: 433Mbps, Frequency: 5765MHz, Net ID: -1, Metered hint: false, score: 60, isUsable: true, CarrierMerged: false, SubscriptionId: -1, IsPrimary: 1, Trusted: true, Restricted: false, Ephemeral: false, OEM paid: false, OEM private: false, OSU AP: false, FQDN: <none>, Provider friendly name: <none>, Requesting package name: <none><none>MLO Information: , Is TID-To-Link negotiation supported by the AP: false, AP MLD Address: <none>, AP MLO Link Id: <none>, AP MLO Affiliated links: <none>, Vendor Data: <none>> SignalStrength: -43 AdminUids: [1000] SSID: "TP-Link_83E3" UnderlyingNetworks: Null]
2025-11-02 13:14:13.017  1502-1997  WifiPickerTracker       com.android.systemui                 D  updateWifiEntries capabilities
2025-11-02 13:14:13.019  1027-1437  WifiConnectivityMonitor system_server                        D  HANDLE_ON_CAPABILITIES_CHANGED
2025-11-02 13:14:13.020  1027-1437  WifiConnectivityMonitor system_server                        I  determineMode : MODE_AGG_BY_SWITCH_TO_MOBILE_DATA_OPTION
2025-11-02 13:14:13.020  1027-1437  OpenNetworkQos[4.00]    system_server                        D  updateBssidNoInternet: mBssidNoInternet = false
2025-11-02 13:14:13.020  1027-1437  OpenNetworkQos[4.00]    system_server                        D  getOpenNetworkQosNoInternetStatus: false
2025-11-02 13:14:13.020  1027-1437  OpenNetworkQos[4.00]    system_server                        D  getOpenNetworkQosScores: 30 30 0 
2025-11-02 13:14:13.020  1027-1437  KNOX_MDM_S...gsProvider system_server                        D  isChangeAllowed() : name = wifi_wcm_qos_sharing_score_summary
2025-11-02 13:14:13.020  1027-1437  WifiProfileShare        system_server                        I  network QoS data was changed (internet), updateQoSData networkType: true, qosData: false
2025-11-02 13:14:13.021  1027-1437  WifiConnectivityMonitor system_server                        D  VALIDATED_DETECTED
2025-11-02 13:14:13.022  5216-5769  HBD                     com.samsung.android.honeyboard       I  g onCapabilitiesChanged network : 214 current network state : wifi 
2025-11-02 13:14:13.022  1027-2643  WifiProfileShare.Caster system_server                        V  update wips network, size: 0
2025-11-02 13:14:13.025  1027-2643  WifiProfileShare        system_server                        D  nearby scanning settings run
2025-11-02 13:14:13.028  1027-2643  WifiProfileShare        system_server                        D  network score provider settings enabled
2025-11-02 13:14:13.028 30824-30869 BugleRcsEngine          com.google.android.apps.messaging    I  Connected state: [1], networkType: [WIFI] [CONTEXT thread_id=102 ]
2025-11-02 13:14:13.028 30824-30897 BugleRcsEngine          com.google.android.apps.messaging    I  handleMessage processing message:[NOTIFY_UPTIME_IGNORE_STATE_CHANGED] with [non-null]:RcsEngineImpl reference [CONTEXT log_prefix="RcsEngineImpl[DUAL_REG]:[58d04796-6629]>Handler" thread_id=111 ]
2025-11-02 13:14:13.028  1027-2643  OpenNetworkQos[4.00]    system_server                        D  getOpenNetworkQosScores: 30 30 0 
2025-11-02 13:14:13.028  1027-2643  OpenNetworkQos[4.00]    system_server                        D  getOpenNetworkQosNoInternetStatus: false
2025-11-02 13:14:13.028  1027-2643  WifiProfileShare.Caster system_server                        I  current network type: 0, score: [30, 30, 0]
2025-11-02 13:14:13.029  1027-2643  WifiProfileShare.Cache  system_server                        V  update network score b0:a7:b9:**:**:e2
2025-11-02 13:14:13.029  1027-2643  WifiProfil...canMatcher system_server                        D  getMcfDataList size:2
2025-11-02 13:14:13.029  1027-2643  WifiProfileShare.Caster system_server                        I  qos data was updated , before:type:QOS, pBssid:51:3a:52, qosData:78 after:type:QOS, pBssid:51:3a:52, qosData:78
2025-11-02 13:14:13.037  1027-2643  [MCFSDK_an...CasterImpl system_server                        I  isNetworkEnabled - type : 1 ret : true
2025-11-02 13:14:13.037  1027-2643  WifiProfil...re.McfCast system_server                        D  -ME--- mIsNetworkEnabled :true
2025-11-02 13:14:13.038  1027-2643  WifiProfil...re.McfCast system_server                        D  updateQoSData ignored, same contents
2025-11-02 13:14:13.038  1027-2643  WifiProfileShare.MCF    system_server                        D  success update QosData !
2025-11-02 13:14:13.039  1027-2643  [MCFSDK_an...CasterImpl system_server                        I  isNetworkEnabled - type : 1 ret : true
2025-11-02 13:14:13.039  1027-2643  WifiProfil...re.McfCast system_server                        D  -ME--- mIsNetworkEnabled :true
2025-11-02 13:14:13.039  1027-2643  WifiProfil...re.McfCast system_server                        D  -ME--- updatePasswordDate pwdData size:2
2025-11-02 13:14:13.040  1502-1997  WifiPickerTracker       com.android.systemui                 D  update AutoHotspot Entries() : bleAccessPoints -> 0
2025-11-02 13:14:13.040  1027-1430  SemApeService           system_server                        D  Deducted link capacity (M: R=273 T=303) RSSI=-43
2025-11-02 13:14:13.040  1027-1430  SemApeService           system_server                        D  Deducted link capacity (M: R=273 T=303) on (wlan0) GoogleAPI(M: R=59 T=4) RSSI=-43 isDefault=false isMlo=false
2025-11-02 13:14:13.040  1502-1997  WifiPickerTracker       com.android.systemui                 D  handleNetworkCapabilitiesChanged
2025-11-02 13:14:13.045  1502-1761  Tile.WifiTile           com.android.systemui                 D  handleUpdateState isTransient=false transientEnabling =false cb.isTransient=false state.state = 2 mStateBeforeClick.value =false enabled =true
2025-11-02 13:14:13.045  2780-2780  View                    com.udry.app                         I  setRequestedFrameRate frameRate=-4.0, this=com.getcapacitor.CapacitorWebView{2b3e64e VFEDHVC.. .F...... 0,0-1080,2205 #7f0901cb app:id/webview aid=1073741824}, caller=WV.ef.b:1 WV.fg.h:118 WV.fg.onDraw:7 com.android.webview.chromium.WebViewChromium.onDraw:35 android.webkit.WebView.onDraw:2959 
2025-11-02 13:14:13.055  2819-3226  PlayCommon              com.android.vending                  I  [201] Preparing logs for uploading
2025-11-02 13:14:13.057  2780-2780  View                    com.udry.app                         I  setRequestedFrameRate frameRate=-4.0, this=com.getcapacitor.CapacitorWebView{2b3e64e VFEDHVC.. .F...... 0,0-1080,2205 #7f0901cb app:id/webview aid=1073741824}, caller=WV.ef.b:1 WV.fg.h:118 WV.fg.onDraw:7 com.android.webview.chromium.WebViewChromium.onDraw:35 android.webkit.WebView.onDraw:2959 
2025-11-02 13:14:13.069  2780-2780  View                    com.udry.app                         I  setRequestedFrameRate frameRate=-4.0, this=com.getcapacitor.CapacitorWebView{2b3e64e VFEDHVC.. .F...... 0,0-1080,2205 #7f0901cb app:id/webview aid=1073741824}, caller=WV.ef.b:1 WV.fg.h:118 WV.fg.onDraw:7 com.android.webview.chromium.WebViewChromium.onDraw:35 android.webkit.WebView.onDraw:2959 
2025-11-02 13:14:13.071  2819-3226  PlayCommon              com.android.vending                  I  [201] Connecting to server for timestamp: https://play.googleapis.com/play/log/timestamp
2025-11-02 13:14:13.079  2780-2780  View                    com.udry.app                         I  setRequestedFrameRate frameRate=-4.0, this=com.getcapacitor.CapacitorWebView{2b3e64e VFEDHVC.. .F...... 0,0-1080,2205 #7f0901cb app:id/webview aid=1073741824}, caller=WV.ef.b:1 WV.fg.h:118 WV.fg.onDraw:7 com.android.webview.chromium.WebViewChromium.onDraw:35 android.webkit.WebView.onDraw:2959 
2025-11-02 13:14:13.090  2780-2780  View                    com.udry.app                         I  setRequestedFrameRate frameRate=-4.0, this=com.getcapacitor.CapacitorWebView{2b3e64e VFEDHVC.. .F...... 0,0-1080,2205 #7f0901cb app:id/webview aid=1073741824}, caller=WV.ef.b:1 WV.fg.h:118 WV.fg.onDraw:7 com.android.webview.chromium.WebViewChromium.onDraw:35 android.webkit.WebView.onDraw:2959 
2025-11-02 13:14:13.095   465-465   io_stats                iod                                  D  !@   8,0 r 3844043 81492235 w 1853715 30937020 d 292147 120534348 f 80139 244894 iot 3112672 0 th 0 0 0 pt 0 inp 0 0 91765.069
2025-11-02 13:14:13.098  1027-1461  NetdEventL...nerService system_server                        D  DNS Requested by 214, 10214(com.android.vending), SUCCESS, 23ms
2025-11-02 13:14:13.102  2780-2780  View                    com.udry.app                         I  setRequestedFrameRate frameRate=-4.0, this=com.getcapacitor.CapacitorWebView{2b3e64e VFEDHVC.. .F...... 0,0-1080,2205 #7f0901cb app:id/webview aid=1073741824}, caller=WV.ef.b:1 WV.fg.h:118 WV.fg.onDraw:7 com.android.webview.chromium.WebViewChromium.onDraw:35 android.webkit.WebView.onDraw:2959 
2025-11-02 13:14:13.113  2780-2780  View                    com.udry.app                         I  setRequestedFrameRate frameRate=-4.0, this=com.getcapacitor.CapacitorWebView{2b3e64e VFEDHVC.. .F...... 0,0-1080,2205 #7f0901cb app:id/webview aid=1073741824}, caller=WV.ef.b:1 WV.fg.h:118 WV.fg.onDraw:7 com.android.webview.chromium.WebViewChromium.onDraw:35 android.webkit.WebView.onDraw:2959 
2025-11-02 13:14:13.116  1027-1251  InputReader             system_server                        D  Btn_touch(3): value=1 when=91765.090379
2025-11-02 13:14:13.116  1027-1251  InputReader             system_server                        I  Touch event's action is 0x0 (id=4, t=0) [pCnt=1, s=0.1979 ] when=91765.090379
2025-11-02 13:14:13.118  1027-1250  InputDispatcher         system_server                        I  Delivering touch to (1502): action: 0x4, f=0x0, d=0, 'ccbc14c', t=1 
2025-11-02 13:14:13.119  1027-1250  InputDispatcher         system_server                        I  Delivering touch to (2780): action: 0x0, f=0x0, d=0, 'b6baa66', t=1 
2025-11-02 13:14:13.119  2780-2780  VRI[MainAc...y]@99bf1aa com.udry.app                         I  ViewPostIme pointer 0
2025-11-02 13:14:13.120  1027-1109  GestureDetector         system_server                        I  obtain mCurrentDownEvent. id: 471360262 caller: com.android.server.wm.SystemGesturesPointerEventListener.onPointerEvent:17 com.android.server.wm.PointerEventDispatcher.onInputEvent:51 android.view.InputEventReceiver.dispatchInputEvent:385 
2025-11-02 13:14:13.121  1027-1109  GestureDetector         system_server                        I  obtain mCurrentDownEvent. id: 471360262 caller: com.android.server.wm.SystemPerformancePointerEventListener.onPointerEvent:13 com.android.server.wm.PointerEventDispatcher.onInputEvent:51 android.view.InputEventReceiver.dispatchInputEvent:385 
2025-11-02 13:14:13.122  3493-3493  SemDvfsHyPerManager     com.sec.android.sdhms                I  acquire hyper - TATouchBoost/3493@21, type = -999
2025-11-02 13:14:13.123   695-780   HYPER-HAL               ven...amsung.hardware.hyper-service  I  [RequestManager.cpp]acquire(): Acquired ID : 6175876  [3493 / 21]    HINT :      list : [TABoost / 1] [TIMEOUT / 1500] 
2025-11-02 13:14:13.124  5216-5216  HBD                     com.samsung.android.honeyboard       I  g onCapabilityChanged  setNetworkState currentNetworkState : wifi 
2025-11-02 13:14:13.124  2780-2780  View                    com.udry.app                         I  setRequestedFrameRate frameRate=-4.0, this=com.getcapacitor.CapacitorWebView{2b3e64e VFEDHVC.. .F...... 0,0-1080,2205 #7f0901cb app:id/webview aid=1073741824}, caller=WV.ef.b:1 WV.fg.h:118 WV.fg.onDraw:7 com.android.webview.chromium.WebViewChromium.onDraw:35 android.webkit.WebView.onDraw:2959 
