---------------------------- PROCESS STARTED (32180) for package com.udry.app ----------------------------
2025-11-01 15:46:27.510 32180-32180 CompatChangeReporter    com.udry.app                         D  Compat change id reported: 242716250; UID 10335; state: ENABLED
2025-11-01 15:46:27.728 32180-32180 nativeloader            com.udry.app                         D  Configuring clns-7 for other apk /data/app/~~8aaM6kOG4z4hZoYyUQpHmg==/com.udry.app-5mtukDQvtiVXxCreM9H75Q==/base.apk. target_sdk_version=34, uses_libraries=, library_path=/data/app/~~8aaM6kOG4z4hZoYyUQpHmg==/com.udry.app-5mtukDQvtiVXxCreM9H75Q==/lib/arm64:/data/app/~~8aaM6kOG4z4hZoYyUQpHmg==/com.udry.app-5mtukDQvtiVXxCreM9H75Q==/base.apk!/lib/arm64-v8a, permitted_path=/data:/mnt/expand:/data/user/0/com.udry.app
2025-11-01 15:46:27.746 32180-32180 GraphicsEnvironment     com.udry.app                         V  Currently set values for:
2025-11-01 15:46:27.746 32180-32180 GraphicsEnvironment     com.udry.app                         V    angle_gl_driver_selection_pkgs=[]
2025-11-01 15:46:27.746 32180-32180 GraphicsEnvironment     com.udry.app                         V    angle_gl_driver_selection_values=[]
2025-11-01 15:46:27.746 32180-32180 GraphicsEnvironment     com.udry.app                         V  Global.Settings values are invalid: number of packages: 0, number of values: 0
2025-11-01 15:46:27.746 32180-32180 GraphicsEnvironment     com.udry.app                         V  Neither updatable production driver nor prerelease driver is supported.
2025-11-01 15:46:27.837 32180-32180 ActivityThread          com.udry.app                         D  com.udry.app will use render engine as VK
2025-11-01 15:46:27.839 32180-32180 HWUI                    com.udry.app                         D  HWUI - treat SMPTE_170M as sRGB
2025-11-01 15:46:27.845 32180-32211 HWUI                    com.udry.app                         D  CacheManager constructor. deviceInfo=(1080, 1920)
2025-11-01 15:46:27.845 32180-32211 vulkan                  com.udry.app                         D  searching for layers in '/data/app/~~8aaM6kOG4z4hZoYyUQpHmg==/com.udry.app-5mtukDQvtiVXxCreM9H75Q==/lib/arm64'
2025-11-01 15:46:27.846 32180-32211 vulkan                  com.udry.app                         D  searching for layers in '/data/app/~~8aaM6kOG4z4hZoYyUQpHmg==/com.udry.app-5mtukDQvtiVXxCreM9H75Q==/base.apk!/lib/arm64-v8a'
2025-11-01 15:46:27.871 32180-32180 AppCompatDelegate       com.udry.app                         D  Checking for metadata for AppLocalesMetadataHolderService : Service not found
2025-11-01 15:46:27.922  1502-5333  AppWidgetSupplier       com.android.systemui                 E  Couldn't find any provider services packageName=com.udry.app
2025-11-01 15:46:27.942 32180-32180 DecorView               com.udry.app                         I  setWindowBackground: isPopOver=false color=fffafafa d=android.graphics.drawable.ColorDrawable@ea5bb3c
2025-11-01 15:46:27.950 32180-32180 com.udry.app            com.udry.app                         I  hiddenapi: Accessing hidden method Landroid/view/View;->computeFitSystemWindows(Landroid/graphics/Rect;Landroid/graphics/Rect;)Z (runtime_flags=0, domain=platform, api=unsupported) from Landroidx/appcompat/widget/ViewUtils; (domain=app) using reflection: allowed
2025-11-01 15:46:27.950 32180-32180 com.udry.app            com.udry.app                         I  hiddenapi: Accessing hidden method Landroid/view/ViewGroup;->makeOptionalFitsSystemWindows()V (runtime_flags=0, domain=platform, api=unsupported) from Landroidx/appcompat/widget/ViewUtils; (domain=app) using reflection: allowed
2025-11-01 15:46:27.962 32180-32180 WebViewFactory          com.udry.app                         I  Loading com.google.android.webview version 141.0.7390.122 (code 739012233)
2025-11-01 15:46:27.970 32180-32180 ResourcesManager        com.udry.app                         V  The following library key has been added: ResourcesKey{ mHash=a288696e mResDir=null mSplitDirs=[] mOverlayDirs=[] mLibDirs=[/data/app/~~5buOss9HHiUm0ZWUraoDmw==/com.google.android.webview-4SmQgz3EYq_Z6R-2pQ8KpA==/base.apk,/data/app/~~jG_3lALCJyPjweuG-K5hOQ==/com.google.android.trichromelibrary_739012233-oVpupH-34pjmdapTEilMNw==/base.apk,/system_ext/framework/androidx.window.extensions.jar] mDisplayId=0 mOverrideConfig=v35 mCompatInfo={450dpi always-compat} mLoaders=[]}
2025-11-01 15:46:27.972 32180-32180 com.udry.app            com.udry.app                         W  Failed to find entry 'classes.dex': Entry not found
2025-11-01 15:46:27.973 32180-32180 nativeloader            com.udry.app                         D  Configuring clns-8 for other apk /data/app/~~jG_3lALCJyPjweuG-K5hOQ==/com.google.android.trichromelibrary_739012233-oVpupH-34pjmdapTEilMNw==/base.apk. target_sdk_version=36, uses_libraries=ALL, library_path=/data/app/~~5buOss9HHiUm0ZWUraoDmw==/com.google.android.webview-4SmQgz3EYq_Z6R-2pQ8KpA==/lib/arm64:/data/app/~~5buOss9HHiUm0ZWUraoDmw==/com.google.android.webview-4SmQgz3EYq_Z6R-2pQ8KpA==/base.apk!/lib/arm64-v8a:/data/app/~~jG_3lALCJyPjweuG-K5hOQ==/com.google.android.trichromelibrary_739012233-oVpupH-34pjmdapTEilMNw==/base.apk!/lib/arm64-v8a, permitted_path=/data:/mnt/expand
2025-11-01 15:46:27.973 32180-32180 nativeloader            com.udry.app                         D  Extending system_exposed_libraries: libface_landmark.arcsoft.so:liblow_light_hdr.arcsoft.so:libhigh_dynamic_range.arcsoft.so:libFacialAttributeDetection.arcsoft.so:libaudiomirroring_jni.audiomirroring.samsung.so:libBeauty_v4.camera.samsung.so:libexifa.camera.samsung.so:libjpega.camera.samsung.so:libOpenCv.camera.samsung.so:libC2paDps.camera.samsung.so:libImageScreener.camera.samsung.so:libFace_Landmark_API.camera.samsung.so:libHpr_RecGAE_cvFeature_v1.0.camera.samsung.so:libHprFace_GAE_api.camera.samsung.so:libHprFace_GAE_jni.camera.samsung.so:libDLInterface_aidl.camera.samsung.so:libImageTagger.camera.samsung.so:libSceneDetector_v1.camera.samsung.so:libQREngine.camera.samsung.so:libFood.camera.samsung.so:libFoodDetector.camera.samsung.so:libportrait_controller_engine.camera.samsung.so:libportrait_controller_interface_jni.camera.samsung.so:libsecbufferhandler.camera.samsung.so:libPortraitSolution.camera.samsung.so:libsrib_CNNInterface.camera.samsung.so:libsrib_humanaware_engine.camera.samsung.so:libInteractiv
2025-11-01 15:46:27.975 32180-32180 ApplicationLoaders      com.udry.app                         D  Returning zygote-cached class loader: /system_ext/framework/androidx.window.extensions.jar
2025-11-01 15:46:27.977 32180-32180 com.udry.app            com.udry.app                         W  Loading /data/app/~~5buOss9HHiUm0ZWUraoDmw==/com.google.android.webview-4SmQgz3EYq_Z6R-2pQ8KpA==/oat/arm64/base.odex non-executable as it requires an image which we failed to load
2025-11-01 15:46:27.979 32180-32180 nativeloader            com.udry.app                         D  Configuring clns-9 for other apk /data/app/~~5buOss9HHiUm0ZWUraoDmw==/com.google.android.webview-4SmQgz3EYq_Z6R-2pQ8KpA==/base.apk. target_sdk_version=36, uses_libraries=, library_path=/data/app/~~5buOss9HHiUm0ZWUraoDmw==/com.google.android.webview-4SmQgz3EYq_Z6R-2pQ8KpA==/lib/arm64:/data/app/~~5buOss9HHiUm0ZWUraoDmw==/com.google.android.webview-4SmQgz3EYq_Z6R-2pQ8KpA==/base.apk!/lib/arm64-v8a:/data/app/~~jG_3lALCJyPjweuG-K5hOQ==/com.google.android.trichromelibrary_739012233-oVpupH-34pjmdapTEilMNw==/base.apk!/lib/arm64-v8a, permitted_path=/data:/mnt/expand
2025-11-01 15:46:28.020 32180-32180 cr_WVCFactoryProvider   com.udry.app                         I  version=141.0.7390.122 (739012233) minSdkVersion=29 multiprocess=true packageId=2 splits=<none>
2025-11-01 15:46:28.038 32180-32180 nativeloader            com.udry.app                         D  Load /data/app/~~jG_3lALCJyPjweuG-K5hOQ==/com.google.android.trichromelibrary_739012233-oVpupH-34pjmdapTEilMNw==/base.apk!/lib/arm64-v8a/libmonochrome_64.so using class loader ns clns-9 (caller=/data/app/~~5buOss9HHiUm0ZWUraoDmw==/com.google.android.webview-4SmQgz3EYq_Z6R-2pQ8KpA==/base.apk): ok
2025-11-01 15:46:28.041 32180-32180 nativeloader            com.udry.app                         D  Load /system/lib64/libwebviewchromium_plat_support.so using class loader ns clns-9 (caller=/data/app/~~5buOss9HHiUm0ZWUraoDmw==/com.google.android.webview-4SmQgz3EYq_Z6R-2pQ8KpA==/base.apk): ok
2025-11-01 15:46:28.044 32180-32226 chromium                com.udry.app                         I  [1101/154628.043751:INFO:android_webview/browser/variations/variations_seed_loader.cc:67] Failed to open file for reading.: No such file or directory (2)
2025-11-01 15:46:28.074 32180-32180 cr_LibraryLoader        com.udry.app                         I  Successfully loaded native library
2025-11-01 15:46:28.075 32180-32180 cr_CachingUmaRecorder   com.udry.app                         I  Flushed 16 samples from 16 histograms, 0 samples were dropped.
2025-11-01 15:46:28.078 32180-32180 cr_CombinedPProvider    com.udry.app                         I  #registerProvider() provider:WV.ak@10ab91e isPolicyCacheEnabled:false policyProvidersSize:0
2025-11-01 15:46:28.080 32180-32180 cr_PolicyProvider       com.udry.app                         I  #setManagerAndSource() 0
2025-11-01 15:46:28.109 32180-32180 cr_CombinedPProvider    com.udry.app                         I  #linkNativeInternal() 1
2025-11-01 15:46:28.110 32180-32180 cr_AppResProvider       com.udry.app                         I  #getApplicationRestrictionsFromUserManager() Bundle[EMPTY_PARCEL]
2025-11-01 15:46:28.110 32180-32180 cr_PolicyProvider       com.udry.app                         I  #notifySettingsAvailable() 0
2025-11-01 15:46:28.110 32180-32180 cr_CombinedPProvider    com.udry.app                         I  #onSettingsAvailable() 0
2025-11-01 15:46:28.110 32180-32180 cr_CombinedPProvider    com.udry.app                         I  #flushPolicies()
2025-11-01 15:46:28.137 32180-32235 chromium                com.udry.app                         W  [WARNING:net/dns/dns_config_service_android.cc:69] Failed to read DnsConfig.
2025-11-01 15:46:28.140 32180-32180 chromium                com.udry.app                         W  [WARNING:android_webview/browser/network_service/net_helpers.cc:143] HTTP Cache size is: 20971520
2025-11-01 15:46:28.217 32180-32180 Capacitor               com.udry.app                         D  Starting BridgeActivity
2025-11-01 15:46:28.237 32180-32180 Capacitor               com.udry.app                         D  Registering plugin instance: CapacitorCookies
2025-11-01 15:46:28.242 32180-32180 Capacitor               com.udry.app                         D  Registering plugin instance: WebView
2025-11-01 15:46:28.244 32180-32180 Capacitor               com.udry.app                         D  Registering plugin instance: CapacitorHttp
2025-11-01 15:46:28.246 32180-32180 Capacitor               com.udry.app                         D  Registering plugin instance: BluetoothLe
2025-11-01 15:46:28.249 32180-32180 Capacitor               com.udry.app                         D  Registering plugin instance: CapacitorSQLite
2025-11-01 15:46:28.422 32180-32180 Capacitor               com.udry.app                         D  Registering plugin instance: App
2025-11-01 15:46:28.424 32180-32180 Capacitor               com.udry.app                         D  Registering plugin instance: Camera
2025-11-01 15:46:28.426 32180-32180 Capacitor               com.udry.app                         D  Registering plugin instance: StatusBar
2025-11-01 15:46:28.450 32180-32180 Capacitor               com.udry.app                         W  Unable to read file at path public/plugins
2025-11-01 15:46:28.454 32180-32180 Capacitor               com.udry.app                         D  Loading app at https://localhost
2025-11-01 15:46:28.476 32180-32305 libEGL                  com.udry.app                         W  Couldn't find an OpenGL ES implementation from 
2025-11-01 15:46:28.489 32180-32235 Capacitor               com.udry.app                         D  Handling local request: https://localhost/
2025-11-01 15:46:28.497 32180-32180 Capacitor               com.udry.app                         D  App started
2025-11-01 15:46:28.497 32180-32241 BluetoothAdapter        com.udry.app                         I  BluetoothAdapter() : com.udry.app
2025-11-01 15:46:28.502 32180-32180 Capacitor/AppPlugin     com.udry.app                         D  Firing change: true
2025-11-01 15:46:28.502 32180-32180 Capacitor/AppPlugin     com.udry.app                         V  Notifying listeners for event appStateChange
2025-11-01 15:46:28.502 32180-32180 Capacitor/AppPlugin     com.udry.app                         D  No listeners found for event appStateChange
2025-11-01 15:46:28.503 32180-32180 Capacitor               com.udry.app                         D  App resumed
2025-11-01 15:46:28.511 32180-32180 ViewRootImpl            com.udry.app                         I  dVRR is disabled
2025-11-01 15:46:28.512 32180-32180 HardwareRenderer        com.udry.app                         D  onDisplayChanged. displayId=0 current wxh=1080x2340 mLargest wxh=0x0
2025-11-01 15:46:28.512 32180-32180 HWUI                    com.udry.app                         W  Unknown dataspace 0
2025-11-01 15:46:28.512 32180-32211 HWUI                    com.udry.app                         D  setMaxSurfaceArea requested wxh=(1080,2340) requestedSurfaceArea(2527200) mMaxSurfaceArea(2073600)
2025-11-01 15:46:28.512 32180-32180 HardwareRenderer        com.udry.app                         D  Set largestWidth and largestHeight as logical resolution. (1080x2340)
2025-11-01 15:46:28.513 32180-32211 NativeCust...ncyManager com.udry.app                         D  [NativeCFMS] BpCustomFrequencyManager::BpCustomFrequencyManager()
2025-11-01 15:46:28.522 32180-32180 InputTransport          com.udry.app                         D  Input channel constructed: 'b63514f', fd=199
2025-11-01 15:46:28.524 32180-32180 InsetsController        com.udry.app                         I  onStateChanged: host=com.udry.app/com.udry.app.MainActivity, from=android.view.ViewRootImpl.setView:1999, state=InsetsState: {mDisplayFrame=Rect(0, 0 - 1080, 2340), mDisplayCutout=DisplayCutout{insets=Rect(0, 96 - 0, 0) waterfall=Insets{left=0, top=0, right=0, bottom=0} boundingRect={Bounds=[Rect(0, 0 - 0, 0), Rect(472, 0 - 608, 96), Rect(0, 0 - 0, 0), Rect(0, 0 - 0, 0)]} cutoutPathParserInfo={CutoutPathParserInfo{displayWidth=1080 displayHeight=2340 physicalDisplayWidth=1080 physicalDisplayHeight=2340 density={2.8125} cutoutSpec={M 0,0 H -24.177777778 V 34.13333333333333 H 24.177777778 V 0 H 0 Z @dp} rotation={0} scale={1.0} physicalPixelDisplaySizeRatio={1.0}}} sideOverrides={}}, mRoundedCorners=RoundedCorners{[RoundedCorner{position=TopLeft, radius=118, center=Point(118, 118)}, RoundedCorner{position=TopRight, radius=118, center=Point(962, 118)}, RoundedCorner{position=BottomRight, radius=118, center=Point(962, 2222)}, RoundedCorner{position=BottomLeft, radius=118, center=Point(118, 2222)}]}  mRoundedCornerFrame=Rect(0, 0 - 1080, 2340), mPrivacyIndicatorBounds=PrivacyIndicatorBounds {static bounds=Rect(956, 0 - 1080, 96) rotation=0}, mDisplayShape=DisplayShape{ spec=-311912193 displayWidth=1080 displayHeight=2340 physicalPixelDisplaySizeRatio=1.0 rotation=0 offsetX=0 offsetY=0 scale=1.0}, mSources= { InsetsSource: {27 mType=displayCutout mFrame=[0,0][1080,96] mVisible=true mFlags= mSideHint=TOP mBoundingRects=null}, InsetsSource: {31c60000 mType=statusBars mFrame=[0,0][1080,96] mVisible=true mFlags= mSideHint=TOP mBoundingRects=null}, InsetsSource: {31c60005 mType=mandatorySystemGestures mFrame=[0,0][1080,130] mVisible=true mFlags= mSideHint=TOP mBoundingRects=null}, InsetsSource: {31c60006 mType=tappableElement mFrame=[0,0][1080,96] mVisible=true mFlags= mSideHint=TOP mBoundingRects=null}, InsetsSource: {79c40001 mType=navigationBars mFrame=[0,2205][1080,2340] mVisible=true mFlags= mSideHint=BOTTOM mBoundingRects=null}, InsetsSource: {79c40004 mType=systemGestures mFrame=[0,0][0,0] mVisible=true mFlags= mSideHint=NONE mBoundingRects=null}, InsetsSource: {79c40005 mType=mandatorySystemGestures mFrame=[0,2205][1080,2340] mVisible=true mFlags= mSideHint=BOTTOM mBoundingRects=null}, InsetsSource: {79c40006 mType=tappableElement mFrame=[0,2205][1080,2340] mVisible=true mFlags= mSideHint=BOTTOM mBoundingRects=null}, InsetsSource: {79c40024 mType=systemGestures mFrame=[0,0][0,0] mVisible=true mFlags= mSideHint=NONE mBoundingRects=null} }
2025-11-01 15:46:28.525 32180-32180 VRI[MainAc...y]@4391d49 com.udry.app                         I  synced displayState. AttachInfo displayState=2
2025-11-01 15:46:28.526 32180-32180 VRI[MainAc...y]@4391d49 com.udry.app                         I  setView = com.android.internal.policy.DecorView@16d4505 IsHRR=false TM=true
2025-11-01 15:46:28.546 32180-32313 CameraManagerGlobal     com.udry.app                         I  Connecting to camera service
2025-11-01 15:46:28.558 32180-32313 VendorTagDescriptor     com.udry.app                         D  addVendorDescriptor: vendor tag id 8932615658386372252 added
2025-11-01 15:46:28.571 32180-32180 BLASTBufferQueue_Java   com.udry.app                         I  new BLASTBufferQueue, mName= VRI[MainActivity]@4391d49 mNativeObject= 0xb400007bb10c7600 sc.mNativeObject= 0xb400007bb1033b40 caller= android.view.ViewRootImpl.updateBlastSurfaceIfNeeded:3397 android.view.ViewRootImpl.relayoutWindow:11361 android.view.ViewRootImpl.performTraversals:4544 android.view.ViewRootImpl.doTraversal:3708 android.view.ViewRootImpl$TraversalRunnable.run:12542 android.view.Choreographer$CallbackRecord.run:1751 android.view.Choreographer$CallbackRecord.run:1760 android.view.Choreographer.doCallbacks:1216 android.view.Choreographer.doFrame:1142 android.view.Choreographer$FrameDisplayEventReceiver.run:1707 
2025-11-01 15:46:28.571 32180-32180 BLASTBufferQueue_Java   com.udry.app                         I  update, w= 1080 h= 2340 mName = VRI[MainActivity]@4391d49 mNativeObject= 0xb400007bb10c7600 sc.mNativeObject= 0xb400007bb1033b40 format= -1 caller= android.graphics.BLASTBufferQueue.<init>:88 android.view.ViewRootImpl.updateBlastSurfaceIfNeeded:3397 android.view.ViewRootImpl.relayoutWindow:11361 android.view.ViewRootImpl.performTraversals:4544 android.view.ViewRootImpl.doTraversal:3708 android.view.ViewRootImpl$TraversalRunnable.run:12542 
2025-11-01 15:46:28.572 32180-32180 VRI[MainAc...y]@4391d49 com.udry.app                         I  Relayout returned: old=(0,0,1080,2340) new=(0,0,1080,2340) relayoutAsync=false req=(1080,2340)0 dur=11 res=0x3 s={true 0xb400007baa143800} ch=true seqId=0
2025-11-01 15:46:28.573 32180-32180 VRI[MainAc...y]@4391d49 com.udry.app                         I  performConfigurationChange setNightDimText nightDimLevel=0
2025-11-01 15:46:28.574 32180-32180 VRI[MainAc...y]@4391d49 com.udry.app                         D  mThreadedRenderer.initialize() mSurface={isValid=true 0xb400007baa143800} hwInitialized=true
2025-11-01 15:46:28.577 32180-32180 VRI[MainAc...y]@4391d49 com.udry.app                         D  reportNextDraw android.view.ViewRootImpl.performTraversals:5193 android.view.ViewRootImpl.doTraversal:3708 android.view.ViewRootImpl$TraversalRunnable.run:12542 android.view.Choreographer$CallbackRecord.run:1751 android.view.Choreographer$CallbackRecord.run:1760 
2025-11-01 15:46:28.578 32180-32180 VRI[MainAc...y]@4391d49 com.udry.app                         D  Setup new sync=wmsSync-VRI[MainActivity]@4391d49#0
2025-11-01 15:46:28.580 32180-32180 VRI[MainAc...y]@4391d49 com.udry.app                         I  Creating new active sync group VRI[MainActivity]@4391d49#1
2025-11-01 15:46:28.581 32180-32180 VRI[MainAc...y]@4391d49 com.udry.app                         D  registerCallbacksForSync syncBuffer=false
2025-11-01 15:46:28.583 32180-32193 CameraManagerGlobal     com.udry.app                         I  Camera 0 facing CAMERA_FACING_BACK state now CAMERA_STATE_CLOSED for client android.system API Level 2 User Id 0Device Id 0
2025-11-01 15:46:28.583 32180-32313 CameraManager           com.udry.app                         I  registerAvailabilityCallback: Is device callback = false
2025-11-01 15:46:28.584 32180-32193 CameraManagerGlobal     com.udry.app                         I  Camera 1 facing CAMERA_FACING_FRONT state now CAMERA_STATE_CLOSED for client com.udry.app API Level 2 User Id 0Device Id 0
2025-11-01 15:46:28.585 32180-32313 CameraManagerGlobal     com.udry.app                         I  postSingleUpdate device: camera id 0 status STATUS_PRESENT
2025-11-01 15:46:28.585 32180-32313 CameraManagerGlobal     com.udry.app                         I  postSingleUpdate device: camera id 1 status STATUS_PRESENT
2025-11-01 15:46:28.586 32180-32313 CameraManagerGlobal     com.udry.app                         I  postSingleUpdate device: camera id 2 status STATUS_PRESENT
2025-11-01 15:46:28.586 32180-32313 CameraManagerGlobal     com.udry.app                         I  postSingleUpdate device: camera id 3 status STATUS_PRESENT
2025-11-01 15:46:28.586 32180-32193 CameraManagerGlobal     com.udry.app                         I  Camera 2 facing CAMERA_FACING_BACK state now CAMERA_STATE_CLOSED for client com.udry.app API Level 2 User Id 0Device Id 0
2025-11-01 15:46:28.587 32180-32193 CameraManagerGlobal     com.udry.app                         I  Camera 23 facing CAMERA_FACING_BACK state now CAMERA_STATE_CLOSED for client android.system API Level 2 User Id 0Device Id 0
2025-11-01 15:46:28.587 32180-32193 CameraManagerGlobal     com.udry.app                         I  Camera 3 facing CAMERA_FACING_FRONT state now CAMERA_STATE_CLOSED for client android.system API Level 2 User Id 0Device Id 0
2025-11-01 15:46:28.587 32180-32193 CameraManagerGlobal     com.udry.app                         I  Camera 4 facing CAMERA_FACING_FRONT state now CAMERA_STATE_CLOSED for client android.system API Level 2 User Id 0Device Id 0
2025-11-01 15:46:28.588 32180-32193 CameraManagerGlobal     com.udry.app                         I  Camera 56 facing CAMERA_FACING_BACK state now CAMERA_STATE_CLOSED for client android.system API Level 2 User Id 0Device Id 0
2025-11-01 15:46:28.588 32180-32193 CameraManagerGlobal     com.udry.app                         I  Camera 58 facing CAMERA_FACING_BACK state now CAMERA_STATE_CLOSED for client android.system API Level 2 User Id 0Device Id 0
2025-11-01 15:46:28.588 32180-32193 CameraManagerGlobal     com.udry.app                         I  Camera 60 facing CAMERA_FACING_BACK state now CAMERA_STATE_CLOSED for client android.system API Level 2 User Id 0Device Id 0
2025-11-01 15:46:28.593 32180-32180 View                    com.udry.app                         I  setRequestedFrameRate frameRate=-4.0, this=com.getcapacitor.CapacitorWebView{ba40fbd VFEDHVC.. .F...... 0,0-1080,2109 #7f0901c2 app:id/webview}, caller=WV.ef.b:1 WV.fg.h:118 WV.fg.onDraw:7 com.android.webview.chromium.WebViewChromium.onDraw:35 android.webkit.WebView.onDraw:2959 
2025-11-01 15:46:28.654 32180-32334 VRI[MainAc...y]@4391d49 com.udry.app                         D  Received frameDrawingCallback syncResult=0 frameNum=1.
2025-11-01 15:46:28.657 32180-32334 VRI[MainAc...y]@4391d49 com.udry.app                         I  mWNT: t=0xb400007b4b9c6180 mBlastBufferQueue=0xb400007bb10c7600 fn= 1 HdrRenderState mRenderHdrSdrRatio=1.0 caller= android.view.ViewRootImpl$11.onFrameDraw:15016 android.view.ThreadedRenderer$1.onFrameDraw:761 <bottom of call stack> 
2025-11-01 15:46:28.657 32180-32334 VRI[MainAc...y]@4391d49 com.udry.app                         I  Setting up sync and frameCommitCallback
2025-11-01 15:46:28.700 32180-32211 BLASTBufferQueue        com.udry.app                         I  [VRI[MainActivity]@4391d49#0](f:0,a:0,s:0) onFrameAvailable the first frame is available
2025-11-01 15:46:28.701 32180-32211 VRI[MainAc...y]@4391d49 com.udry.app                         I  Received frameCommittedCallback lastAttemptedDrawFrameNum=1 didProduceBuffer=true
2025-11-01 15:46:28.702 32180-32211 HWUI                    com.udry.app                         D  CFMS:: SetUp Pid : 32180    Tid : 32211
2025-11-01 15:46:28.702 32180-32180 VRI[MainAc...y]@4391d49 com.udry.app                         D  reportDrawFinished seqId=0
2025-11-01 15:46:28.711 32180-32211 HWUI                    com.udry.app                         D  HWUI - treat SMPTE_170M as sRGB
2025-11-01 15:46:28.717 32180-32180 View                    com.udry.app                         I  setRequestedFrameRate frameRate=-4.0, this=com.getcapacitor.CapacitorWebView{ba40fbd VFEDHVC.. .F...... 0,0-1080,2109 #7f0901c2 app:id/webview}, caller=WV.ef.b:1 WV.fg.h:118 WV.fg.onDraw:7 com.android.webview.chromium.WebViewChromium.onDraw:35 android.webkit.WebView.onDraw:2959 
2025-11-01 15:46:28.719 32180-32180 InsetsSourceConsumer    com.udry.app                         I  applyRequestedVisibilityToControl: visible=true, type=navigationBars, host=com.udry.app/com.udry.app.MainActivity
2025-11-01 15:46:28.719 32180-32180 InsetsSourceConsumer    com.udry.app                         I  applyRequestedVisibilityToControl: visible=true, type=statusBars, host=com.udry.app/com.udry.app.MainActivity
2025-11-01 15:46:28.724 32180-32234 CompatChangeReporter    com.udry.app                         D  Compat change id reported: 263076149; UID 10335; state: ENABLED
2025-11-01 15:46:28.731 32180-32243 Capacitor               com.udry.app                         D  Handling local request: https://localhost/_next/static/css/fe4ed9e65e771e22.css
2025-11-01 15:46:28.733 32180-32240 Capacitor               com.udry.app                         D  Handling local request: https://localhost/_next/static/chunks/webpack-e8f126799c7e9fb8.js
2025-11-01 15:46:28.782 32180-32180 VRI[MainAc...y]@4391d49 com.udry.app                         D  mThreadedRenderer.initializeIfNeeded()#2 mSurface={isValid=true 0xb400007baa143800}
2025-11-01 15:46:28.785 32180-32180 InputMethodManagerUtils com.udry.app                         D  startInputInner - Id : 0
2025-11-01 15:46:28.785 32180-32180 InputMethodManager      com.udry.app                         I  startInputInner - IInputMethodManagerGlobalInvoker.startInputOrWindowGainedFocus
2025-11-01 15:46:28.818 32180-32321 InputTransport          com.udry.app                         D  Input channel constructed: 'ClientS', fd=256
2025-11-01 15:46:28.833 32180-32234 Capacitor               com.udry.app                         D  Handling local request: https://localhost/_next/static/chunks/fd9d1056-f9ccee645770c8bb.js
2025-11-01 15:46:28.834 32180-32236 Capacitor               com.udry.app                         D  Handling local request: https://localhost/_next/static/chunks/7023-61fef9f531840400.js
2025-11-01 15:46:28.836 32180-32244 Capacitor               com.udry.app                         D  Handling local request: https://localhost/_next/static/chunks/main-app-514f517efe54105a.js
2025-11-01 15:46:28.865 32180-32180 InsetsController        com.udry.app                         I  onStateChanged: host=com.udry.app/com.udry.app.MainActivity, from=android.view.ViewRootImpl.handleInsetsControlChanged:2888, state=InsetsState: {mDisplayFrame=Rect(0, 0 - 1080, 2340), mDisplayCutout=DisplayCutout{insets=Rect(0, 96 - 0, 0) waterfall=Insets{left=0, top=0, right=0, bottom=0} boundingRect={Bounds=[Rect(0, 0 - 0, 0), Rect(472, 0 - 608, 96), Rect(0, 0 - 0, 0), Rect(0, 0 - 0, 0)]} cutoutPathParserInfo={CutoutPathParserInfo{displayWidth=1080 displayHeight=2340 physicalDisplayWidth=1080 physicalDisplayHeight=2340 density={2.8125} cutoutSpec={M 0,0 H -24.177777778 V 34.13333333333333 H 24.177777778 V 0 H 0 Z @dp} rotation={0} scale={1.0} physicalPixelDisplaySizeRatio={1.0}}} sideOverrides={}}, mRoundedCorners=RoundedCorners{[RoundedCorner{position=TopLeft, radius=118, center=Point(118, 118)}, RoundedCorner{position=TopRight, radius=118, center=Point(962, 118)}, RoundedCorner{position=BottomRight, radius=118, center=Point(962, 2222)}, RoundedCorner{position=BottomLeft, radius=118, center=Point(118, 2222)}]}  mRoundedCornerFrame=Rect(0, 0 - 1080, 2340), mPrivacyIndicatorBounds=PrivacyIndicatorBounds {static bounds=Rect(956, 0 - 1080, 96) rotation=0}, mDisplayShape=DisplayShape{ spec=-311912193 displayWidth=1080 displayHeight=2340 physicalPixelDisplaySizeRatio=1.0 rotation=0 offsetX=0 offsetY=0 scale=1.0}, mSources= { InsetsSource: {3 mType=ime mFrame=[0,0][0,0] mVisible=false mFlags= mSideHint=NONE mBoundingRects=null}, InsetsSource: {27 mType=displayCutout mFrame=[0,0][1080,96] mVisible=true mFlags= mSideHint=TOP mBoundingRects=null}, InsetsSource: {31c60000 mType=statusBars mFrame=[0,0][1080,96] mVisible=true mFlags= mSideHint=TOP mBoundingRects=null}, InsetsSource: {31c60005 mType=mandatorySystemGestures mFrame=[0,0][1080,130] mVisible=true mFlags= mSideHint=TOP mBoundingRects=null}, InsetsSource: {31c60006 mType=tappableElement mFrame=[0,0][1080,96] mVisible=true mFlags= mSideHint=TOP mBoundingRects=null}, InsetsSource: {79c40001 mType=navigationBars mFrame=[0,2205][1080,2340] mVisible=true mFlags= mSideHint=BOTTOM mBoundingRects=null}, InsetsSource: {79c40004 mType=systemGestures mFrame=[0,0][0,0] mVisible=true mFlags= mSideHint=NONE mBoundingRects=null}, InsetsSource: {79c40005 mType=mandatorySystemGestures mFrame=[0,2205][1080,2340] mVisible=true mFlags= mSideHint=BOTTOM mBoundingRects=null}, InsetsSource: {79c40006 mType=tappableElement mFrame=[0,2205][1080,2340] mVisible=true mFlags= mSideHint=BOTTOM mBoundingRects=null}, InsetsSource: {79c40024 mType=systemGestures mFrame=[0,0][0,0] mVisible=true mFlags= mSideHint=NONE mBoundingRects=null} }
2025-11-01 15:46:28.865 32180-32235 Capacitor               com.udry.app                         D  Handling local request: https://localhost/_next/static/chunks/bc9e92e6-a2e880bfa3b83445.js
2025-11-01 15:46:28.866 32180-32180 InsetsSourceConsumer    com.udry.app                         I  applyRequestedVisibilityToControl: visible=false, type=ime, host=com.udry.app/com.udry.app.MainActivity
2025-11-01 15:46:28.918 32180-32250 AudioCapabilities       com.udry.app                         W  Unsupported mime audio/x-ima
2025-11-01 15:46:28.919 32180-32250 AudioCapabilities       com.udry.app                         W  Unsupported mime audio/mpeg-L1
2025-11-01 15:46:28.919 32180-32250 AudioCapabilities       com.udry.app                         W  Unsupported mime audio/mpeg-L2
2025-11-01 15:46:28.920 32180-32250 VideoCapabilities       com.udry.app                         W  Unsupported mime video/wvc1
2025-11-01 15:46:28.920 32180-32250 VideoCapabilities       com.udry.app                         W  Unsupported mime video/x-ms-wmv
2025-11-01 15:46:28.956 32180-32250 VideoCapabilities       com.udry.app                         W  Unrecognized profile/level 32768/256 for video/mp4v-es
2025-11-01 15:46:29.080 32180-32240 Capacitor               com.udry.app                         D  Handling local request: https://localhost/_next/static/chunks/69806262-daed651f951d17cc.js
2025-11-01 15:46:29.081 32180-32240 Capacitor               com.udry.app                         D  Handling local request: https://localhost/_next/static/chunks/1705-1c32c0634cc7ffdc.js
2025-11-01 15:46:29.082 32180-32236 com.udry.app            com.udry.app                         W  Long monitor contention with owner ThreadPoolForeg (32243) at java.lang.Object libcore.content.type.MimeMap$MemoizingSupplier.get()(MimeMap.java:475) waiters=2 in java.lang.Object libcore.content.type.MimeMap$MemoizingSupplier.get() for 246ms
2025-11-01 15:46:29.083 32180-32240 Capacitor               com.udry.app                         D  Handling local request: https://localhost/_next/static/chunks/850-02c4e7d470172411.js
2025-11-01 15:46:29.083 32180-32234 Capacitor               com.udry.app                         D  Handling local request: https://localhost/_next/static/chunks/4979-afe3387dd6fb89ca.js
2025-11-01 15:46:29.085 32180-32236 Capacitor               com.udry.app                         D  Handling local request: https://localhost/_next/static/chunks/5533-63060eeb5b6dc4c1.js
2025-11-01 15:46:29.087 32180-32235 com.udry.app            com.udry.app                         W  Long monitor contention with owner ThreadPoolForeg (32243) at java.lang.Object libcore.content.type.MimeMap$MemoizingSupplier.get()(MimeMap.java:475) waiters=4 in java.lang.Object libcore.content.type.MimeMap$MemoizingSupplier.get() for 219ms
2025-11-01 15:46:29.087 32180-32234 Capacitor               com.udry.app                         D  Handling local request: https://localhost/_next/static/chunks/app/error-27e24612c1fa58b2.js
2025-11-01 15:46:29.089 32180-32240 Capacitor               com.udry.app                         D  Handling local request: https://localhost/_next/static/chunks/app/page-991b56b6dc6e04ca.js
2025-11-01 15:46:29.095 32180-32243 Capacitor               com.udry.app                         D  Handling local request: https://localhost/_next/static/chunks/app/layout-e3b8772958404150.js
2025-11-01 15:46:29.169 32180-32180 View                    com.udry.app                         I  setRequestedFrameRate frameRate=-4.0, this=com.getcapacitor.CapacitorWebView{ba40fbd VFEDHVC.. .F...... 0,0-1080,2109 #7f0901c2 app:id/webview aid=1073741824}, caller=WV.ef.b:1 WV.fg.h:118 WV.fg.onDraw:7 com.android.webview.chromium.WebViewChromium.onDraw:35 android.webkit.WebView.onDraw:2959 
2025-11-01 15:46:29.203 32180-32180 View                    com.udry.app                         I  setRequestedFrameRate frameRate=-4.0, this=com.getcapacitor.CapacitorWebView{ba40fbd VFEDHVC.. .F...... 0,0-1080,2109 #7f0901c2 app:id/webview aid=1073741824}, caller=WV.ef.b:1 WV.fg.h:118 WV.fg.onDraw:7 com.android.webview.chromium.WebViewChromium.onDraw:35 android.webkit.WebView.onDraw:2959 
2025-11-01 15:46:29.337 32180-32180 View                    com.udry.app                         I  setRequestedFrameRate frameRate=-4.0, this=com.getcapacitor.CapacitorWebView{ba40fbd VFEDHVC.. .F...... 0,0-1080,2109 #7f0901c2 app:id/webview aid=1073741824}, caller=WV.ef.b:1 WV.fg.h:118 WV.fg.onDraw:7 com.android.webview.chromium.WebViewChromium.onDraw:35 android.webkit.WebView.onDraw:2959 
2025-11-01 15:46:29.347 32180-32180 View                    com.udry.app                         I  setRequestedFrameRate frameRate=-4.0, this=com.getcapacitor.CapacitorWebView{ba40fbd VFEDHVC.. .F...... 0,0-1080,2109 #7f0901c2 app:id/webview aid=1073741824}, caller=WV.ef.b:1 WV.fg.h:118 WV.fg.onDraw:7 com.android.webview.chromium.WebViewChromium.onDraw:35 android.webkit.WebView.onDraw:2959 
2025-11-01 15:46:29.369 32180-32180 Capacitor/Console       com.udry.app                         I  File: https://localhost/_next/static/chunks/5533-63060eeb5b6dc4c1.js - Line 1 - Msg: Connecting to LIVE Production Firebase services.
2025-11-01 15:46:29.381 32180-32234 Capacitor               com.udry.app                         D  Handling local request: https://localhost/favicon.ico
2025-11-01 15:46:29.391 32180-32180 View                    com.udry.app                         I  setRequestedFrameRate frameRate=-4.0, this=com.getcapacitor.CapacitorWebView{ba40fbd VFEDHVC.. .F...... 0,0-1080,2109 #7f0901c2 app:id/webview aid=1073741824}, caller=WV.ef.b:1 WV.fg.h:118 WV.fg.onDraw:7 com.android.webview.chromium.WebViewChromium.onDraw:35 android.webkit.WebView.onDraw:2959 
2025-11-01 15:46:29.400 32180-32234 Capacitor               com.udry.app                         D  Handling local request: https://localhost/favicon.ico
2025-11-01 15:46:29.403 32180-32180 View                    com.udry.app                         I  setRequestedFrameRate frameRate=-4.0, this=com.getcapacitor.CapacitorWebView{ba40fbd VFEDHVC.. .F...... 0,0-1080,2109 #7f0901c2 app:id/webview aid=1073741824}, caller=WV.ef.b:1 WV.fg.h:118 WV.fg.onDraw:7 com.android.webview.chromium.WebViewChromium.onDraw:35 android.webkit.WebView.onDraw:2959 
2025-11-01 15:46:29.415 32180-32180 View                    com.udry.app                         I  setRequestedFrameRate frameRate=-4.0, this=com.getcapacitor.CapacitorWebView{ba40fbd VFEDHVC.. .F...... 0,0-1080,2109 #7f0901c2 app:id/webview aid=1073741824}, caller=WV.ef.b:1 WV.fg.h:118 WV.fg.onDraw:7 com.android.webview.chromium.WebViewChromium.onDraw:35 android.webkit.WebView.onDraw:2959 
2025-11-01 15:46:29.425 32180-32180 View                    com.udry.app                         I  setRequestedFrameRate frameRate=-4.0, this=com.getcapacitor.CapacitorWebView{ba40fbd VFEDHVC.. .F...... 0,0-1080,2109 #7f0901c2 app:id/webview aid=1073741824}, caller=WV.ef.b:1 WV.fg.h:118 WV.fg.onDraw:7 com.android.webview.chromium.WebViewChromium.onDraw:35 android.webkit.WebView.onDraw:2959 
2025-11-01 15:46:29.436 32180-32180 View                    com.udry.app                         I  setRequestedFrameRate frameRate=-4.0, this=com.getcapacitor.CapacitorWebView{ba40fbd VFEDHVC.. .F...... 0,0-1080,2109 #7f0901c2 app:id/webview aid=1073741824}, caller=WV.ef.b:1 WV.fg.h:118 WV.fg.onDraw:7 com.android.webview.chromium.WebViewChromium.onDraw:35 android.webkit.WebView.onDraw:2959 
2025-11-01 15:46:29.459 32180-32180 View                    com.udry.app                         I  setRequestedFrameRate frameRate=-4.0, this=com.getcapacitor.CapacitorWebView{ba40fbd VFEDHVC.. .F...... 0,0-1080,2109 #7f0901c2 app:id/webview aid=1073741824}, caller=WV.ef.b:1 WV.fg.h:118 WV.fg.onDraw:7 com.android.webview.chromium.WebViewChromium.onDraw:35 android.webkit.WebView.onDraw:2959 
2025-11-01 15:46:29.471 32180-32180 View                    com.udry.app                         I  setRequestedFrameRate frameRate=-4.0, this=com.getcapacitor.CapacitorWebView{ba40fbd VFEDHVC.. .F...... 0,0-1080,2109 #7f0901c2 app:id/webview aid=1073741824}, caller=WV.ef.b:1 WV.fg.h:118 WV.fg.onDraw:7 com.android.webview.chromium.WebViewChromium.onDraw:35 android.webkit.WebView.onDraw:2959 
2025-11-01 15:46:29.492 32180-32180 View                    com.udry.app                         I  setRequestedFrameRate frameRate=-4.0, this=com.getcapacitor.CapacitorWebView{ba40fbd VFEDHVC.. .F...... 0,0-1080,2109 #7f0901c2 app:id/webview aid=1073741824}, caller=WV.ef.b:1 WV.fg.h:118 WV.fg.onDraw:7 com.android.webview.chromium.WebViewChromium.onDraw:35 android.webkit.WebView.onDraw:2959 
2025-11-01 15:46:29.505 32180-32180 View                    com.udry.app                         I  setRequestedFrameRate frameRate=-4.0, this=com.getcapacitor.CapacitorWebView{ba40fbd VFEDHVC.. .F...... 0,0-1080,2109 #7f0901c2 app:id/webview aid=1073741824}, caller=WV.ef.b:1 WV.fg.h:118 WV.fg.onDraw:7 com.android.webview.chromium.WebViewChromium.onDraw:35 android.webkit.WebView.onDraw:2959 
2025-11-01 15:46:29.514 32180-32180 View                    com.udry.app                         I  setRequestedFrameRate frameRate=-4.0, this=com.getcapacitor.CapacitorWebView{ba40fbd VFEDHVC.. .F...... 0,0-1080,2109 #7f0901c2 app:id/webview aid=1073741824}, caller=WV.ef.b:1 WV.fg.h:118 WV.fg.onDraw:7 com.android.webview.chromium.WebViewChromium.onDraw:35 android.webkit.WebView.onDraw:2959 
2025-11-01 15:46:29.525 32180-32180 View                    com.udry.app                         I  setRequestedFrameRate frameRate=-4.0, this=com.getcapacitor.CapacitorWebView{ba40fbd VFEDHVC.. .F...... 0,0-1080,2109 #7f0901c2 app:id/webview aid=1073741824}, caller=WV.ef.b:1 WV.fg.h:118 WV.fg.onDraw:7 com.android.webview.chromium.WebViewChromium.onDraw:35 android.webkit.WebView.onDraw:2959 
2025-11-01 15:46:29.536 32180-32180 View                    com.udry.app                         I  setRequestedFrameRate frameRate=-4.0, this=com.getcapacitor.CapacitorWebView{ba40fbd VFEDHVC.. .F...... 0,0-1080,2109 #7f0901c2 app:id/webview aid=1073741824}, caller=WV.ef.b:1 WV.fg.h:118 WV.fg.onDraw:7 com.android.webview.chromium.WebViewChromium.onDraw:35 android.webkit.WebView.onDraw:2959 
2025-11-01 15:46:29.548 32180-32180 View                    com.udry.app                         I  setRequestedFrameRate frameRate=-4.0, this=com.getcapacitor.CapacitorWebView{ba40fbd VFEDHVC.. .F...... 0,0-1080,2109 #7f0901c2 app:id/webview aid=1073741824}, caller=WV.ef.b:1 WV.fg.h:118 WV.fg.onDraw:7 com.android.webview.chromium.WebViewChromium.onDraw:35 android.webkit.WebView.onDraw:2959 
2025-11-01 15:46:29.559 32180-32180 View                    com.udry.app                         I  setRequestedFrameRate frameRate=-4.0, this=com.getcapacitor.CapacitorWebView{ba40fbd VFEDHVC.. .F...... 0,0-1080,2109 #7f0901c2 app:id/webview aid=1073741824}, caller=WV.ef.b:1 WV.fg.h:118 WV.fg.onDraw:7 com.android.webview.chromium.WebViewChromium.onDraw:35 android.webkit.WebView.onDraw:2959 
2025-11-01 15:46:29.570 32180-32180 View                    com.udry.app                         I  setRequestedFrameRate frameRate=-4.0, this=com.getcapacitor.CapacitorWebView{ba40fbd VFEDHVC.. .F...... 0,0-1080,2109 #7f0901c2 app:id/webview aid=1073741824}, caller=WV.ef.b:1 WV.fg.h:118 WV.fg.onDraw:7 com.android.webview.chromium.WebViewChromium.onDraw:35 android.webkit.WebView.onDraw:2959 
2025-11-01 15:46:29.581 32180-32180 View                    com.udry.app                         I  setRequestedFrameRate frameRate=-4.0, this=com.getcapacitor.CapacitorWebView{ba40fbd VFEDHVC.. .F...... 0,0-1080,2109 #7f0901c2 app:id/webview aid=1073741824}, caller=WV.ef.b:1 WV.fg.h:118 WV.fg.onDraw:7 com.android.webview.chromium.WebViewChromium.onDraw:35 android.webkit.WebView.onDraw:2959 
2025-11-01 15:46:29.592 32180-32180 View                    com.udry.app                         I  setRequestedFrameRate frameRate=-4.0, this=com.getcapacitor.CapacitorWebView{ba40fbd VFEDHVC.. .F...... 0,0-1080,2109 #7f0901c2 app:id/webview aid=1073741824}, caller=WV.ef.b:1 WV.fg.h:118 WV.fg.onDraw:7 com.android.webview.chromium.WebViewChromium.onDraw:35 android.webkit.WebView.onDraw:2959 
2025-11-01 15:46:29.604 32180-32180 View                    com.udry.app                         I  setRequestedFrameRate frameRate=-4.0, this=com.getcapacitor.CapacitorWebView{ba40fbd VFEDHVC.. .F...... 0,0-1080,2109 #7f0901c2 app:id/webview aid=1073741824}, caller=WV.ef.b:1 WV.fg.h:118 WV.fg.onDraw:7 com.android.webview.chromium.WebViewChromium.onDraw:35 android.webkit.WebView.onDraw:2959 
2025-11-01 15:46:29.625 32180-32180 View                    com.udry.app                         I  setRequestedFrameRate frameRate=-4.0, this=com.getcapacitor.CapacitorWebView{ba40fbd VFEDHVC.. .F...... 0,0-1080,2109 #7f0901c2 app:id/webview aid=1073741824}, caller=WV.ef.b:1 WV.fg.h:118 WV.fg.onDraw:7 com.android.webview.chromium.WebViewChromium.onDraw:35 android.webkit.WebView.onDraw:2959 
2025-11-01 15:46:29.628 32180-32187 com.udry.app            com.udry.app                         I  Compiler allocated 7416KB to compile void android.view.ViewRootImpl.performTraversals()
2025-11-01 15:46:29.637 32180-32180 View                    com.udry.app                         I  setRequestedFrameRate frameRate=-4.0, this=com.getcapacitor.CapacitorWebView{ba40fbd VFEDHVC.. .F...... 0,0-1080,2109 #7f0901c2 app:id/webview aid=1073741824}, caller=WV.ef.b:1 WV.fg.h:118 WV.fg.onDraw:7 com.android.webview.chromium.WebViewChromium.onDraw:35 android.webkit.WebView.onDraw:2959 
2025-11-01 15:46:29.648 32180-32180 View                    com.udry.app                         I  setRequestedFrameRate frameRate=-4.0, this=com.getcapacitor.CapacitorWebView{ba40fbd VFEDHVC.. .F...... 0,0-1080,2109 #7f0901c2 app:id/webview aid=1073741824}, caller=WV.ef.b:1 WV.fg.h:118 WV.fg.onDraw:7 com.android.webview.chromium.WebViewChromium.onDraw:35 android.webkit.WebView.onDraw:2959 
2025-11-01 15:46:29.660 32180-32180 View                    com.udry.app                         I  setRequestedFrameRate frameRate=-4.0, this=com.getcapacitor.CapacitorWebView{ba40fbd VFEDHVC.. .F...... 0,0-1080,2109 #7f0901c2 app:id/webview aid=1073741824}, caller=WV.ef.b:1 WV.fg.h:118 WV.fg.onDraw:7 com.android.webview.chromium.WebViewChromium.onDraw:35 android.webkit.WebView.onDraw:2959 
2025-11-01 15:46:29.670 32180-32180 View                    com.udry.app                         I  setRequestedFrameRate frameRate=-4.0, this=com.getcapacitor.CapacitorWebView{ba40fbd VFEDHVC.. .F...... 0,0-1080,2109 #7f0901c2 app:id/webview aid=1073741824}, caller=WV.ef.b:1 WV.fg.h:118 WV.fg.onDraw:7 com.android.webview.chromium.WebViewChromium.onDraw:35 android.webkit.WebView.onDraw:2959 
2025-11-01 15:46:29.682 32180-32180 View                    com.udry.app                         I  setRequestedFrameRate frameRate=-4.0, this=com.getcapacitor.CapacitorWebView{ba40fbd VFEDHVC.. .F...... 0,0-1080,2109 #7f0901c2 app:id/webview aid=1073741824}, caller=WV.ef.b:1 WV.fg.h:118 WV.fg.onDraw:7 com.android.webview.chromium.WebViewChromium.onDraw:35 android.webkit.WebView.onDraw:2959 
2025-11-01 15:46:29.693 32180-32180 View                    com.udry.app                         I  setRequestedFrameRate frameRate=-4.0, this=com.getcapacitor.CapacitorWebView{ba40fbd VFEDHVC.. .F...... 0,0-1080,2109 #7f0901c2 app:id/webview aid=1073741824}, caller=WV.ef.b:1 WV.fg.h:118 WV.fg.onDraw:7 com.android.webview.chromium.WebViewChromium.onDraw:35 android.webkit.WebView.onDraw:2959 
2025-11-01 15:46:29.704 32180-32180 View                    com.udry.app                         I  setRequestedFrameRate frameRate=-4.0, this=com.getcapacitor.CapacitorWebView{ba40fbd VFEDHVC.. .F...... 0,0-1080,2109 #7f0901c2 app:id/webview aid=1073741824}, caller=WV.ef.b:1 WV.fg.h:118 WV.fg.onDraw:7 com.android.webview.chromium.WebViewChromium.onDraw:35 android.webkit.WebView.onDraw:2959 
2025-11-01 15:46:29.715 32180-32180 View                    com.udry.app                         I  setRequestedFrameRate frameRate=-4.0, this=com.getcapacitor.CapacitorWebView{ba40fbd VFEDHVC.. .F...... 0,0-1080,2109 #7f0901c2 app:id/webview aid=1073741824}, caller=WV.ef.b:1 WV.fg.h:118 WV.fg.onDraw:7 com.android.webview.chromium.WebViewChromium.onDraw:35 android.webkit.WebView.onDraw:2959 
2025-11-01 15:46:29.726 32180-32180 View                    com.udry.app                         I  setRequestedFrameRate frameRate=-4.0, this=com.getcapacitor.CapacitorWebView{ba40fbd VFEDHVC.. .F...... 0,0-1080,2109 #7f0901c2 app:id/webview aid=1073741824}, caller=WV.ef.b:1 WV.fg.h:118 WV.fg.onDraw:7 com.android.webview.chromium.WebViewChromium.onDraw:35 android.webkit.WebView.onDraw:2959 
2025-11-01 15:46:29.737 32180-32180 View                    com.udry.app                         I  setRequestedFrameRate frameRate=-4.0, this=com.getcapacitor.CapacitorWebView{ba40fbd VFEDHVC.. .F...... 0,0-1080,2109 #7f0901c2 app:id/webview aid=1073741824}, caller=WV.ef.b:1 WV.fg.h:118 WV.fg.onDraw:7 com.android.webview.chromium.WebViewChromium.onDraw:35 android.webkit.WebView.onDraw:2959 
2025-11-01 15:46:29.748 32180-32180 View                    com.udry.app                         I  setRequestedFrameRate frameRate=-4.0, this=com.getcapacitor.CapacitorWebView{ba40fbd VFEDHVC.. .F...... 0,0-1080,2109 #7f0901c2 app:id/webview aid=1073741824}, caller=WV.ef.b:1 WV.fg.h:118 WV.fg.onDraw:7 com.android.webview.chromium.WebViewChromium.onDraw:35 android.webkit.WebView.onDraw:2959 
2025-11-01 15:46:29.759 32180-32180 View                    com.udry.app                         I  setRequestedFrameRate frameRate=-4.0, this=com.getcapacitor.CapacitorWebView{ba40fbd VFEDHVC.. .F...... 0,0-1080,2109 #7f0901c2 app:id/webview aid=1073741824}, caller=WV.ef.b:1 WV.fg.h:118 WV.fg.onDraw:7 com.android.webview.chromium.WebViewChromium.onDraw:35 android.webkit.WebView.onDraw:2959 
2025-11-01 15:46:29.770 32180-32180 View                    com.udry.app                         I  setRequestedFrameRate frameRate=-4.0, this=com.getcapacitor.CapacitorWebView{ba40fbd VFEDHVC.. .F...... 0,0-1080,2109 #7f0901c2 app:id/webview aid=1073741824}, caller=WV.ef.b:1 WV.fg.h:118 WV.fg.onDraw:7 com.android.webview.chromium.WebViewChromium.onDraw:35 android.webkit.WebView.onDraw:2959 
2025-11-01 15:46:29.781 32180-32180 View                    com.udry.app                         I  setRequestedFrameRate frameRate=-4.0, this=com.getcapacitor.CapacitorWebView{ba40fbd VFEDHVC.. .F...... 0,0-1080,2109 #7f0901c2 app:id/webview aid=1073741824}, caller=WV.ef.b:1 WV.fg.h:118 WV.fg.onDraw:7 com.android.webview.chromium.WebViewChromium.onDraw:35 android.webkit.WebView.onDraw:2959 
2025-11-01 15:46:29.792 32180-32180 View                    com.udry.app                         I  setRequestedFrameRate frameRate=-4.0, this=com.getcapacitor.CapacitorWebView{ba40fbd VFEDHVC.. .F...... 0,0-1080,2109 #7f0901c2 app:id/webview aid=1073741824}, caller=WV.ef.b:1 WV.fg.h:118 WV.fg.onDraw:7 com.android.webview.chromium.WebViewChromium.onDraw:35 android.webkit.WebView.onDraw:2959 
2025-11-01 15:46:29.803 32180-32180 View                    com.udry.app                         I  setRequestedFrameRate frameRate=-4.0, this=com.getcapacitor.CapacitorWebView{ba40fbd VFEDHVC.. .F...... 0,0-1080,2109 #7f0901c2 app:id/webview aid=1073741824}, caller=WV.ef.b:1 WV.fg.h:118 WV.fg.onDraw:7 com.android.webview.chromium.WebViewChromium.onDraw:35 android.webkit.WebView.onDraw:2959 
2025-11-01 15:46:29.814 32180-32180 View                    com.udry.app                         I  setRequestedFrameRate frameRate=-4.0, this=com.getcapacitor.CapacitorWebView{ba40fbd VFEDHVC.. .F...... 0,0-1080,2109 #7f0901c2 app:id/webview aid=1073741824}, caller=WV.ef.b:1 WV.fg.h:118 WV.fg.onDraw:7 com.android.webview.chromium.WebViewChromium.onDraw:35 android.webkit.WebView.onDraw:2959 
2025-11-01 15:46:29.825 32180-32180 View                    com.udry.app                         I  setRequestedFrameRate frameRate=-4.0, this=com.getcapacitor.CapacitorWebView{ba40fbd VFEDHVC.. .F...... 0,0-1080,2109 #7f0901c2 app:id/webview aid=1073741824}, caller=WV.ef.b:1 WV.fg.h:118 WV.fg.onDraw:7 com.android.webview.chromium.WebViewChromium.onDraw:35 android.webkit.WebView.onDraw:2959 
