2025-11-01 16:00:49.832 32180-32180 View                    com.udry.app                         I  setRequestedFrameRate frameRate=-4.0, this=com.getcapacitor.CapacitorWebView{ba40fbd VFEDHVC.. .F...... 0,0-1080,2109 #7f0901c2 app:id/webview aid=1073741824}, caller=WV.ef.b:1 WV.fg.h:118 WV.fg.onDraw:7 com.android.webview.chromium.WebViewChromium.onDraw:35 android.webkit.WebView.onDraw:2959 
2025-11-01 16:00:49.842 32180-32180 View                    com.udry.app                         I  setRequestedFrameRate frameRate=-4.0, this=com.getcapacitor.CapacitorWebView{ba40fbd VFEDHVC.. .F...... 0,0-1080,2109 #7f0901c2 app:id/webview aid=1073741824}, caller=WV.ef.b:1 WV.fg.h:118 WV.fg.onDraw:7 com.android.webview.chromium.WebViewChromium.onDraw:35 android.webkit.WebView.onDraw:2959 
2025-11-01 16:00:49.854 32180-32180 View                    com.udry.app                         I  setRequestedFrameRate frameRate=-4.0, this=com.getcapacitor.CapacitorWebView{ba40fbd VFEDHVC.. .F...... 0,0-1080,2109 #7f0901c2 app:id/webview aid=1073741824}, caller=WV.ef.b:1 WV.fg.h:118 WV.fg.onDraw:7 com.android.webview.chromium.WebViewChromium.onDraw:35 android.webkit.WebView.onDraw:2959 
2025-11-01 16:00:49.866 32180-32180 View                    com.udry.app                         I  setRequestedFrameRate frameRate=-4.0, this=com.getcapacitor.CapacitorWebView{ba40fbd VFEDHVC.. .F...... 0,0-1080,2109 #7f0901c2 app:id/webview aid=1073741824}, caller=WV.ef.b:1 WV.fg.h:118 WV.fg.onDraw:7 com.android.webview.chromium.WebViewChromium.onDraw:35 android.webkit.WebView.onDraw:2959 
2025-11-01 16:00:49.878 32180-32180 View                    com.udry.app                         I  setRequestedFrameRate frameRate=-4.0, this=com.getcapacitor.CapacitorWebView{ba40fbd VFEDHVC.. .F...... 0,0-1080,2109 #7f0901c2 app:id/webview aid=1073741824}, caller=WV.ef.b:1 WV.fg.h:118 WV.fg.onDraw:7 com.android.webview.chromium.WebViewChromium.onDraw:35 android.webkit.WebView.onDraw:2959 
2025-11-01 16:00:49.889 32180-32180 View                    com.udry.app                         I  setRequestedFrameRate frameRate=-4.0, this=com.getcapacitor.CapacitorWebView{ba40fbd VFEDHVC.. .F...... 0,0-1080,2109 #7f0901c2 app:id/webview aid=1073741824}, caller=WV.ef.b:1 WV.fg.h:118 WV.fg.onDraw:7 com.android.webview.chromium.WebViewChromium.onDraw:35 android.webkit.WebView.onDraw:2959 
2025-11-01 16:00:49.902 32180-32180 View                    com.udry.app                         I  setRequestedFrameRate frameRate=-4.0, this=com.getcapacitor.CapacitorWebView{ba40fbd VFEDHVC.. .F...... 0,0-1080,2109 #7f0901c2 app:id/webview aid=1073741824}, caller=WV.ef.b:1 WV.fg.h:118 WV.fg.onDraw:7 com.android.webview.chromium.WebViewChromium.onDraw:35 android.webkit.WebView.onDraw:2959 
2025-11-01 16:00:49.914 32180-32180 View                    com.udry.app                         I  setRequestedFrameRate frameRate=-4.0, this=com.getcapacitor.CapacitorWebView{ba40fbd VFEDHVC.. .F...... 0,0-1080,2109 #7f0901c2 app:id/webview aid=1073741824}, caller=WV.ef.b:1 WV.fg.h:118 WV.fg.onDraw:7 com.android.webview.chromium.WebViewChromium.onDraw:35 android.webkit.WebView.onDraw:2959 
2025-11-01 16:00:49.925 32180-32180 View                    com.udry.app                         I  setRequestedFrameRate frameRate=-4.0, this=com.getcapacitor.CapacitorWebView{ba40fbd VFEDHVC.. .F...... 0,0-1080,2109 #7f0901c2 app:id/webview aid=1073741824}, caller=WV.ef.b:1 WV.fg.h:118 WV.fg.onDraw:7 com.android.webview.chromium.WebViewChromium.onDraw:35 android.webkit.WebView.onDraw:2959 
2025-11-01 16:00:49.937 32180-32180 View                    com.udry.app                         I  setRequestedFrameRate frameRate=-4.0, this=com.getcapacitor.CapacitorWebView{ba40fbd VFEDHVC.. .F...... 0,0-1080,2109 #7f0901c2 app:id/webview aid=1073741824}, caller=WV.ef.b:1 WV.fg.h:118 WV.fg.onDraw:7 com.android.webview.chromium.WebViewChromium.onDraw:35 android.webkit.WebView.onDraw:2959 
2025-11-01 16:00:49.949 32180-32180 View                    com.udry.app                         I  setRequestedFrameRate frameRate=-4.0, this=com.getcapacitor.CapacitorWebView{ba40fbd VFEDHVC.. .F...... 0,0-1080,2109 #7f0901c2 app:id/webview aid=1073741824}, caller=WV.ef.b:1 WV.fg.h:118 WV.fg.onDraw:7 com.android.webview.chromium.WebViewChromium.onDraw:35 android.webkit.WebView.onDraw:2959 
2025-11-01 16:00:49.961 32180-32180 View                    com.udry.app                         I  setRequestedFrameRate frameRate=-4.0, this=com.getcapacitor.CapacitorWebView{ba40fbd VFEDHVC.. .F...... 0,0-1080,2109 #7f0901c2 app:id/webview aid=1073741824}, caller=WV.ef.b:1 WV.fg.h:118 WV.fg.onDraw:7 com.android.webview.chromium.WebViewChromium.onDraw:35 android.webkit.WebView.onDraw:2959 
2025-11-01 16:00:49.973 32180-32180 View                    com.udry.app                         I  setRequestedFrameRate frameRate=-4.0, this=com.getcapacitor.CapacitorWebView{ba40fbd VFEDHVC.. .F...... 0,0-1080,2109 #7f0901c2 app:id/webview aid=1073741824}, caller=WV.ef.b:1 WV.fg.h:118 WV.fg.onDraw:7 com.android.webview.chromium.WebViewChromium.onDraw:35 android.webkit.WebView.onDraw:2959 
2025-11-01 16:00:49.984 32180-32180 View                    com.udry.app                         I  setRequestedFrameRate frameRate=-4.0, this=com.getcapacitor.CapacitorWebView{ba40fbd VFEDHVC.. .F...... 0,0-1080,2109 #7f0901c2 app:id/webview aid=1073741824}, caller=WV.ef.b:1 WV.fg.h:118 WV.fg.onDraw:7 com.android.webview.chromium.WebViewChromium.onDraw:35 android.webkit.WebView.onDraw:2959 
2025-11-01 16:00:49.997 32180-32180 View                    com.udry.app                         I  setRequestedFrameRate frameRate=-4.0, this=com.getcapacitor.CapacitorWebView{ba40fbd VFEDHVC.. .F...... 0,0-1080,2109 #7f0901c2 app:id/webview aid=1073741824}, caller=WV.ef.b:1 WV.fg.h:118 WV.fg.onDraw:7 com.android.webview.chromium.WebViewChromium.onDraw:35 android.webkit.WebView.onDraw:2959 
2025-11-01 16:00:50.008 32180-32180 View                    com.udry.app                         I  setRequestedFrameRate frameRate=-4.0, this=com.getcapacitor.CapacitorWebView{ba40fbd VFEDHVC.. .F...... 0,0-1080,2109 #7f0901c2 app:id/webview aid=1073741824}, caller=WV.ef.b:1 WV.fg.h:118 WV.fg.onDraw:7 com.android.webview.chromium.WebViewChromium.onDraw:35 android.webkit.WebView.onDraw:2959 
2025-11-01 16:00:50.020 32180-32180 View                    com.udry.app                         I  setRequestedFrameRate frameRate=-4.0, this=com.getcapacitor.CapacitorWebView{ba40fbd VFEDHVC.. .F...... 0,0-1080,2109 #7f0901c2 app:id/webview aid=1073741824}, caller=WV.ef.b:1 WV.fg.h:118 WV.fg.onDraw:7 com.android.webview.chromium.WebViewChromium.onDraw:35 android.webkit.WebView.onDraw:2959 
2025-11-01 16:00:50.033 32180-32180 View                    com.udry.app                         I  setRequestedFrameRate frameRate=-4.0, this=com.getcapacitor.CapacitorWebView{ba40fbd VFEDHVC.. .F...... 0,0-1080,2109 #7f0901c2 app:id/webview aid=1073741824}, caller=WV.ef.b:1 WV.fg.h:118 WV.fg.onDraw:7 com.android.webview.chromium.WebViewChromium.onDraw:35 android.webkit.WebView.onDraw:2959 
2025-11-01 16:00:50.044 32180-32180 View                    com.udry.app                         I  setRequestedFrameRate frameRate=-4.0, this=com.getcapacitor.CapacitorWebView{ba40fbd VFEDHVC.. .F...... 0,0-1080,2109 #7f0901c2 app:id/webview aid=1073741824}, caller=WV.ef.b:1 WV.fg.h:118 WV.fg.onDraw:7 com.android.webview.chromium.WebViewChromium.onDraw:35 android.webkit.WebView.onDraw:2959 
2025-11-01 16:00:50.056 32180-32180 View                    com.udry.app                         I  setRequestedFrameRate frameRate=-4.0, this=com.getcapacitor.CapacitorWebView{ba40fbd VFEDHVC.. .F...... 0,0-1080,2109 #7f0901c2 app:id/webview aid=1073741824}, caller=WV.ef.b:1 WV.fg.h:118 WV.fg.onDraw:7 com.android.webview.chromium.WebViewChromium.onDraw:35 android.webkit.WebView.onDraw:2959 
2025-11-01 16:00:50.068 32180-32180 View                    com.udry.app                         I  setRequestedFrameRate frameRate=-4.0, this=com.getcapacitor.CapacitorWebView{ba40fbd VFEDHVC.. .F...... 0,0-1080,2109 #7f0901c2 app:id/webview aid=1073741824}, caller=WV.ef.b:1 WV.fg.h:118 WV.fg.onDraw:7 com.android.webview.chromium.WebViewChromium.onDraw:35 android.webkit.WebView.onDraw:2959 
2025-11-01 16:00:50.081 32180-32180 View                    com.udry.app                         I  setRequestedFrameRate frameRate=-4.0, this=com.getcapacitor.CapacitorWebView{ba40fbd VFEDHVC.. .F...... 0,0-1080,2109 #7f0901c2 app:id/webview aid=1073741824}, caller=WV.ef.b:1 WV.fg.h:118 WV.fg.onDraw:7 com.android.webview.chromium.WebViewChromium.onDraw:35 android.webkit.WebView.onDraw:2959 
2025-11-01 16:00:50.092 32180-32180 View                    com.udry.app                         I  setRequestedFrameRate frameRate=-4.0, this=com.getcapacitor.CapacitorWebView{ba40fbd VFEDHVC.. .F...... 0,0-1080,2109 #7f0901c2 app:id/webview aid=1073741824}, caller=WV.ef.b:1 WV.fg.h:118 WV.fg.onDraw:7 com.android.webview.chromium.WebViewChromium.onDraw:35 android.webkit.WebView.onDraw:2959 
2025-11-01 16:00:50.104 32180-32180 View                    com.udry.app                         I  setRequestedFrameRate frameRate=-4.0, this=com.getcapacitor.CapacitorWebView{ba40fbd VFEDHVC.. .F...... 0,0-1080,2109 #7f0901c2 app:id/webview aid=1073741824}, caller=WV.ef.b:1 WV.fg.h:118 WV.fg.onDraw:7 com.android.webview.chromium.WebViewChromium.onDraw:35 android.webkit.WebView.onDraw:2959 
2025-11-01 16:00:50.116 32180-32180 View                    com.udry.app                         I  setRequestedFrameRate frameRate=-4.0, this=com.getcapacitor.CapacitorWebView{ba40fbd VFEDHVC.. .F...... 0,0-1080,2109 #7f0901c2 app:id/webview aid=1073741824}, caller=WV.ef.b:1 WV.fg.h:118 WV.fg.onDraw:7 com.android.webview.chromium.WebViewChromium.onDraw:35 android.webkit.WebView.onDraw:2959 
2025-11-01 16:00:50.129 32180-32180 View                    com.udry.app                         I  setRequestedFrameRate frameRate=-4.0, this=com.getcapacitor.CapacitorWebView{ba40fbd VFEDHVC.. .F...... 0,0-1080,2109 #7f0901c2 app:id/webview aid=1073741824}, caller=WV.ef.b:1 WV.fg.h:118 WV.fg.onDraw:7 com.android.webview.chromium.WebViewChromium.onDraw:35 android.webkit.WebView.onDraw:2959 
2025-11-01 16:00:50.141 32180-32180 View                    com.udry.app                         I  setRequestedFrameRate frameRate=-4.0, this=com.getcapacitor.CapacitorWebView{ba40fbd VFEDHVC.. .F...... 0,0-1080,2109 #7f0901c2 app:id/webview aid=1073741824}, caller=WV.ef.b:1 WV.fg.h:118 WV.fg.onDraw:7 com.android.webview.chromium.WebViewChromium.onDraw:35 android.webkit.WebView.onDraw:2959 
2025-11-01 16:00:50.153 32180-32180 View                    com.udry.app                         I  setRequestedFrameRate frameRate=-4.0, this=com.getcapacitor.CapacitorWebView{ba40fbd VFEDHVC.. .F...... 0,0-1080,2109 #7f0901c2 app:id/webview aid=1073741824}, caller=WV.ef.b:1 WV.fg.h:118 WV.fg.onDraw:7 com.android.webview.chromium.WebViewChromium.onDraw:35 android.webkit.WebView.onDraw:2959 
2025-11-01 16:00:50.166 32180-32180 View                    com.udry.app                         I  setRequestedFrameRate frameRate=-4.0, this=com.getcapacitor.CapacitorWebView{ba40fbd VFEDHVC.. .F...... 0,0-1080,2109 #7f0901c2 app:id/webview aid=1073741824}, caller=WV.ef.b:1 WV.fg.h:118 WV.fg.onDraw:7 com.android.webview.chromium.WebViewChromium.onDraw:35 android.webkit.WebView.onDraw:2959 
2025-11-01 16:00:50.178 32180-32180 View                    com.udry.app                         I  setRequestedFrameRate frameRate=-4.0, this=com.getcapacitor.CapacitorWebView{ba40fbd VFEDHVC.. .F...... 0,0-1080,2109 #7f0901c2 app:id/webview aid=1073741824}, caller=WV.ef.b:1 WV.fg.h:118 WV.fg.onDraw:7 com.android.webview.chromium.WebViewChromium.onDraw:35 android.webkit.WebView.onDraw:2959 
2025-11-01 16:00:50.189 32180-32180 View                    com.udry.app                         I  setRequestedFrameRate frameRate=-4.0, this=com.getcapacitor.CapacitorWebView{ba40fbd VFEDHVC.. .F...... 0,0-1080,2109 #7f0901c2 app:id/webview aid=1073741824}, caller=WV.ef.b:1 WV.fg.h:118 WV.fg.onDraw:7 com.android.webview.chromium.WebViewChromium.onDraw:35 android.webkit.WebView.onDraw:2959 
2025-11-01 16:00:50.204 32180-32180 View                    com.udry.app                         I  setRequestedFrameRate frameRate=-4.0, this=com.getcapacitor.CapacitorWebView{ba40fbd VFEDHVC.. .F...... 0,0-1080,2109 #7f0901c2 app:id/webview aid=1073741824}, caller=WV.ef.b:1 WV.fg.h:118 WV.fg.onDraw:7 com.android.webview.chromium.WebViewChromium.onDraw:35 android.webkit.WebView.onDraw:2959 
2025-11-01 16:00:50.218 32180-32180 View                    com.udry.app                         I  setRequestedFrameRate frameRate=-4.0, this=com.getcapacitor.CapacitorWebView{ba40fbd VFEDHVC.. .F...... 0,0-1080,2109 #7f0901c2 app:id/webview aid=1073741824}, caller=WV.ef.b:1 WV.fg.h:118 WV.fg.onDraw:7 com.android.webview.chromium.WebViewChromium.onDraw:35 android.webkit.WebView.onDraw:2959 
2025-11-01 16:00:50.230 32180-32180 View                    com.udry.app                         I  setRequestedFrameRate frameRate=-4.0, this=com.getcapacitor.CapacitorWebView{ba40fbd VFEDHVC.. .F...... 0,0-1080,2109 #7f0901c2 app:id/webview aid=1073741824}, caller=WV.ef.b:1 WV.fg.h:118 WV.fg.onDraw:7 com.android.webview.chromium.WebViewChromium.onDraw:35 android.webkit.WebView.onDraw:2959 
2025-11-01 16:00:50.242 32180-32180 View                    com.udry.app                         I  setRequestedFrameRate frameRate=-4.0, this=com.getcapacitor.CapacitorWebView{ba40fbd VFEDHVC.. .F...... 0,0-1080,2109 #7f0901c2 app:id/webview aid=1073741824}, caller=WV.ef.b:1 WV.fg.h:118 WV.fg.onDraw:7 com.android.webview.chromium.WebViewChromium.onDraw:35 android.webkit.WebView.onDraw:2959 
2025-11-01 16:00:50.253 32180-32180 View                    com.udry.app                         I  setRequestedFrameRate frameRate=-4.0, this=com.getcapacitor.CapacitorWebView{ba40fbd VFEDHVC.. .F...... 0,0-1080,2109 #7f0901c2 app:id/webview aid=1073741824}, caller=WV.ef.b:1 WV.fg.h:118 WV.fg.onDraw:7 com.android.webview.chromium.WebViewChromium.onDraw:35 android.webkit.WebView.onDraw:2959 
2025-11-01 16:00:50.266 32180-32180 View                    com.udry.app                         I  setRequestedFrameRate frameRate=-4.0, this=com.getcapacitor.CapacitorWebView{ba40fbd VFEDHVC.. .F...... 0,0-1080,2109 #7f0901c2 app:id/webview aid=1073741824}, caller=WV.ef.b:1 WV.fg.h:118 WV.fg.onDraw:7 com.android.webview.chromium.WebViewChromium.onDraw:35 android.webkit.WebView.onDraw:2959 
2025-11-01 16:00:50.275 32180-32180 View                    com.udry.app                         I  setRequestedFrameRate frameRate=-4.0, this=com.getcapacitor.CapacitorWebView{ba40fbd VFEDHVC.. .F...... 0,0-1080,2109 #7f0901c2 app:id/webview aid=1073741824}, caller=WV.ef.b:1 WV.fg.h:118 WV.fg.onDraw:7 com.android.webview.chromium.WebViewChromium.onDraw:35 android.webkit.WebView.onDraw:2959 
2025-11-01 16:00:50.632  1027-1112  WindowManager           system_server                        E  win=Window{849d000 u0 com.udry.app/com.udry.app.MainActivity EXITING} destroySurfaces: appStopped=false cleanupOnResume=false win.mWindowRemovalAllowed=true win.mRemoveOnExit=true win.mViewVisibility=0 caller=com.android.server.wm.WindowState.onExitAnimationDone:222 com.android.server.wm.WindowState.onAnimationFinished:161 com.android.server.wm.WindowContainer$$ExternalSyntheticLambda5.onAnimationFinished:26 com.android.server.wm.SurfaceAnimator$$ExternalSyntheticLambda1.run:28 com.android.server.wm.SurfaceAnimator$$ExternalSyntheticLambda0.onAnimationFinished:65 com.android.server.wm.LocalAnimationAdapter$$ExternalSyntheticLambda0.run:10 android.os.Handler.handleCallback:959 
2025-11-01 16:00:50.642   765-765   SurfaceFlinger          surfaceflinger                       E  alpha changed 0.047 -> 0.000 - Surface(name=849d000 com.udry.app/com.udry.app.MainActivity)/@0xe4a3d71 - animation-leash of window_animation#3487
---------------------------- PROCESS STARTED (2737) for package com.udry.app ----------------------------
2025-11-01 16:00:53.384  2737-2737  CompatChangeReporter    com.udry.app                         D  Compat change id reported: 242716250; UID 10335; state: ENABLED
2025-11-01 16:00:53.521  2737-2737  nativeloader            com.udry.app                         D  Configuring clns-7 for other apk /data/app/~~uBPbajb5yOKOBXGi-7tdlg==/com.udry.app-M2u9EhmqBfANpRfEYB4JYA==/base.apk. target_sdk_version=34, uses_libraries=, library_path=/data/app/~~uBPbajb5yOKOBXGi-7tdlg==/com.udry.app-M2u9EhmqBfANpRfEYB4JYA==/lib/arm64:/data/app/~~uBPbajb5yOKOBXGi-7tdlg==/com.udry.app-M2u9EhmqBfANpRfEYB4JYA==/base.apk!/lib/arm64-v8a, permitted_path=/data:/mnt/expand:/data/user/0/com.udry.app
2025-11-01 16:00:53.538  2737-2737  GraphicsEnvironment     com.udry.app                         V  Currently set values for:
2025-11-01 16:00:53.538  2737-2737  GraphicsEnvironment     com.udry.app                         V    angle_gl_driver_selection_pkgs=[]
2025-11-01 16:00:53.538  2737-2737  GraphicsEnvironment     com.udry.app                         V    angle_gl_driver_selection_values=[]
2025-11-01 16:00:53.538  2737-2737  GraphicsEnvironment     com.udry.app                         V  Global.Settings values are invalid: number of packages: 0, number of values: 0
2025-11-01 16:00:53.538  2737-2737  GraphicsEnvironment     com.udry.app                         V  Neither updatable production driver nor prerelease driver is supported.
2025-11-01 16:00:53.583  1502-5333  AppWidgetSupplier       com.android.systemui                 E  Couldn't find any provider services packageName=com.udry.app
2025-11-01 16:00:53.619  2737-2737  ActivityThread          com.udry.app                         D  com.udry.app will use render engine as VK
2025-11-01 16:00:53.621  2737-2737  HWUI                    com.udry.app                         D  HWUI - treat SMPTE_170M as sRGB
2025-11-01 16:00:53.627  2737-2762  HWUI                    com.udry.app                         D  CacheManager constructor. deviceInfo=(1080, 1920)
2025-11-01 16:00:53.627  2737-2762  vulkan                  com.udry.app                         D  searching for layers in '/data/app/~~uBPbajb5yOKOBXGi-7tdlg==/com.udry.app-M2u9EhmqBfANpRfEYB4JYA==/lib/arm64'
2025-11-01 16:00:53.628  2737-2762  vulkan                  com.udry.app                         D  searching for layers in '/data/app/~~uBPbajb5yOKOBXGi-7tdlg==/com.udry.app-M2u9EhmqBfANpRfEYB4JYA==/base.apk!/lib/arm64-v8a'
2025-11-01 16:00:53.658  2737-2737  AppCompatDelegate       com.udry.app                         D  Checking for metadata for AppLocalesMetadataHolderService : Service not found
2025-11-01 16:00:53.740  2737-2737  DecorView               com.udry.app                         I  setWindowBackground: isPopOver=false color=fffafafa d=android.graphics.drawable.ColorDrawable@ea5bb3c
2025-11-01 16:00:53.753  2737-2737  com.udry.app            com.udry.app                         I  hiddenapi: Accessing hidden method Landroid/view/View;->computeFitSystemWindows(Landroid/graphics/Rect;Landroid/graphics/Rect;)Z (runtime_flags=0, domain=platform, api=unsupported) from Landroidx/appcompat/widget/ViewUtils; (domain=app) using reflection: allowed
2025-11-01 16:00:53.753  2737-2737  com.udry.app            com.udry.app                         I  hiddenapi: Accessing hidden method Landroid/view/ViewGroup;->makeOptionalFitsSystemWindows()V (runtime_flags=0, domain=platform, api=unsupported) from Landroidx/appcompat/widget/ViewUtils; (domain=app) using reflection: allowed
2025-11-01 16:00:53.765  2737-2737  WebViewFactory          com.udry.app                         I  Loading com.google.android.webview version 141.0.7390.122 (code 739012233)
2025-11-01 16:00:53.773  2737-2737  ResourcesManager        com.udry.app                         V  The following library key has been added: ResourcesKey{ mHash=a288696e mResDir=null mSplitDirs=[] mOverlayDirs=[] mLibDirs=[/data/app/~~5buOss9HHiUm0ZWUraoDmw==/com.google.android.webview-4SmQgz3EYq_Z6R-2pQ8KpA==/base.apk,/data/app/~~jG_3lALCJyPjweuG-K5hOQ==/com.google.android.trichromelibrary_739012233-oVpupH-34pjmdapTEilMNw==/base.apk,/system_ext/framework/androidx.window.extensions.jar] mDisplayId=0 mOverrideConfig=v35 mCompatInfo={450dpi always-compat} mLoaders=[]}
2025-11-01 16:00:53.776  2737-2737  com.udry.app            com.udry.app                         W  Failed to find entry 'classes.dex': Entry not found
2025-11-01 16:00:53.777  2737-2737  nativeloader            com.udry.app                         D  Configuring clns-8 for other apk /data/app/~~jG_3lALCJyPjweuG-K5hOQ==/com.google.android.trichromelibrary_739012233-oVpupH-34pjmdapTEilMNw==/base.apk. target_sdk_version=36, uses_libraries=ALL, library_path=/data/app/~~5buOss9HHiUm0ZWUraoDmw==/com.google.android.webview-4SmQgz3EYq_Z6R-2pQ8KpA==/lib/arm64:/data/app/~~5buOss9HHiUm0ZWUraoDmw==/com.google.android.webview-4SmQgz3EYq_Z6R-2pQ8KpA==/base.apk!/lib/arm64-v8a:/data/app/~~jG_3lALCJyPjweuG-K5hOQ==/com.google.android.trichromelibrary_739012233-oVpupH-34pjmdapTEilMNw==/base.apk!/lib/arm64-v8a, permitted_path=/data:/mnt/expand
2025-11-01 16:00:53.777  2737-2737  nativeloader            com.udry.app                         D  Extending system_exposed_libraries: libface_landmark.arcsoft.so:liblow_light_hdr.arcsoft.so:libhigh_dynamic_range.arcsoft.so:libFacialAttributeDetection.arcsoft.so:libaudiomirroring_jni.audiomirroring.samsung.so:libBeauty_v4.camera.samsung.so:libexifa.camera.samsung.so:libjpega.camera.samsung.so:libOpenCv.camera.samsung.so:libC2paDps.camera.samsung.so:libImageScreener.camera.samsung.so:libFace_Landmark_API.camera.samsung.so:libHpr_RecGAE_cvFeature_v1.0.camera.samsung.so:libHprFace_GAE_api.camera.samsung.so:libHprFace_GAE_jni.camera.samsung.so:libDLInterface_aidl.camera.samsung.so:libImageTagger.camera.samsung.so:libSceneDetector_v1.camera.samsung.so:libQREngine.camera.samsung.so:libFood.camera.samsung.so:libFoodDetector.camera.samsung.so:libportrait_controller_engine.camera.samsung.so:libportrait_controller_interface_jni.camera.samsung.so:libsecbufferhandler.camera.samsung.so:libPortraitSolution.camera.samsung.so:libsrib_CNNInterface.camera.samsung.so:libsrib_humanaware_engine.camera.samsung.so:libInteractiv
2025-11-01 16:00:53.778  2737-2737  ApplicationLoaders      com.udry.app                         D  Returning zygote-cached class loader: /system_ext/framework/androidx.window.extensions.jar
2025-11-01 16:00:53.780  2737-2737  com.udry.app            com.udry.app                         W  Loading /data/app/~~5buOss9HHiUm0ZWUraoDmw==/com.google.android.webview-4SmQgz3EYq_Z6R-2pQ8KpA==/oat/arm64/base.odex non-executable as it requires an image which we failed to load
2025-11-01 16:00:53.782  2737-2737  nativeloader            com.udry.app                         D  Configuring clns-9 for other apk /data/app/~~5buOss9HHiUm0ZWUraoDmw==/com.google.android.webview-4SmQgz3EYq_Z6R-2pQ8KpA==/base.apk. target_sdk_version=36, uses_libraries=, library_path=/data/app/~~5buOss9HHiUm0ZWUraoDmw==/com.google.android.webview-4SmQgz3EYq_Z6R-2pQ8KpA==/lib/arm64:/data/app/~~5buOss9HHiUm0ZWUraoDmw==/com.google.android.webview-4SmQgz3EYq_Z6R-2pQ8KpA==/base.apk!/lib/arm64-v8a:/data/app/~~jG_3lALCJyPjweuG-K5hOQ==/com.google.android.trichromelibrary_739012233-oVpupH-34pjmdapTEilMNw==/base.apk!/lib/arm64-v8a, permitted_path=/data:/mnt/expand
2025-11-01 16:00:53.814  2737-2737  cr_WVCFactoryProvider   com.udry.app                         I  version=141.0.7390.122 (739012233) minSdkVersion=29 multiprocess=true packageId=2 splits=<none>
2025-11-01 16:00:53.835  2737-2737  nativeloader            com.udry.app                         D  Load /data/app/~~jG_3lALCJyPjweuG-K5hOQ==/com.google.android.trichromelibrary_739012233-oVpupH-34pjmdapTEilMNw==/base.apk!/lib/arm64-v8a/libmonochrome_64.so using class loader ns clns-9 (caller=/data/app/~~5buOss9HHiUm0ZWUraoDmw==/com.google.android.webview-4SmQgz3EYq_Z6R-2pQ8KpA==/base.apk): ok
2025-11-01 16:00:53.837  2737-2737  nativeloader            com.udry.app                         D  Load /system/lib64/libwebviewchromium_plat_support.so using class loader ns clns-9 (caller=/data/app/~~5buOss9HHiUm0ZWUraoDmw==/com.google.android.webview-4SmQgz3EYq_Z6R-2pQ8KpA==/base.apk): ok
2025-11-01 16:00:53.841  2737-2778  chromium                com.udry.app                         I  [1101/160053.840497:INFO:android_webview/browser/variations/variations_seed_loader.cc:67] Failed to open file for reading.: No such file or directory (2)
2025-11-01 16:00:53.875  2737-2737  cr_LibraryLoader        com.udry.app                         I  Successfully loaded native library
2025-11-01 16:00:53.877  2737-2737  cr_CachingUmaRecorder   com.udry.app                         I  Flushed 16 samples from 16 histograms, 0 samples were dropped.
2025-11-01 16:00:53.880  2737-2737  cr_CombinedPProvider    com.udry.app                         I  #registerProvider() provider:WV.ak@10ab91e isPolicyCacheEnabled:false policyProvidersSize:0
2025-11-01 16:00:53.882  2737-2737  cr_PolicyProvider       com.udry.app                         I  #setManagerAndSource() 0
2025-11-01 16:00:53.910  2737-2737  cr_CombinedPProvider    com.udry.app                         I  #linkNativeInternal() 1
2025-11-01 16:00:53.911  2737-2737  cr_AppResProvider       com.udry.app                         I  #getApplicationRestrictionsFromUserManager() Bundle[EMPTY_PARCEL]
2025-11-01 16:00:53.911  2737-2737  cr_PolicyProvider       com.udry.app                         I  #notifySettingsAvailable() 0
2025-11-01 16:00:53.911  2737-2737  cr_CombinedPProvider    com.udry.app                         I  #onSettingsAvailable() 0
2025-11-01 16:00:53.911  2737-2737  cr_CombinedPProvider    com.udry.app                         I  #flushPolicies()
2025-11-01 16:00:53.938  2737-2793  chromium                com.udry.app                         W  [WARNING:net/dns/dns_config_service_android.cc:69] Failed to read DnsConfig.
2025-11-01 16:00:53.949  2737-2737  chromium                com.udry.app                         W  [WARNING:android_webview/browser/network_service/net_helpers.cc:143] HTTP Cache size is: 20971520
2025-11-01 16:00:54.043  2737-2737  Capacitor               com.udry.app                         D  Starting BridgeActivity
2025-11-01 16:00:54.066  2737-2737  Capacitor               com.udry.app                         D  Registering plugin instance: CapacitorCookies
2025-11-01 16:00:54.071  2737-2737  Capacitor               com.udry.app                         D  Registering plugin instance: WebView
2025-11-01 16:00:54.074  2737-2737  Capacitor               com.udry.app                         D  Registering plugin instance: CapacitorHttp
2025-11-01 16:00:54.077  2737-2737  Capacitor               com.udry.app                         D  Registering plugin instance: BluetoothLe
2025-11-01 16:00:54.080  2737-2737  Capacitor               com.udry.app                         D  Registering plugin instance: CapacitorSQLite
2025-11-01 16:00:54.252  2737-2737  Capacitor               com.udry.app                         D  Registering plugin instance: App
2025-11-01 16:00:54.254  2737-2737  Capacitor               com.udry.app                         D  Registering plugin instance: Camera
2025-11-01 16:00:54.257  2737-2737  Capacitor               com.udry.app                         D  Registering plugin instance: StatusBar
2025-11-01 16:00:54.285  2737-2737  Capacitor               com.udry.app                         W  Unable to read file at path public/plugins
2025-11-01 16:00:54.290  2737-2737  Capacitor               com.udry.app                         D  Loading app at https://localhost
2025-11-01 16:00:54.315  2737-2839  libEGL                  com.udry.app                         W  Couldn't find an OpenGL ES implementation from 
2025-11-01 16:00:54.330  2737-2789  Capacitor               com.udry.app                         D  Handling local request: https://localhost/
2025-11-01 16:00:54.336  2737-2794  BluetoothAdapter        com.udry.app                         I  BluetoothAdapter() : com.udry.app
2025-11-01 16:00:54.341  2737-2737  Capacitor               com.udry.app                         D  App started
2025-11-01 16:00:54.346  2737-2737  Capacitor/AppPlugin     com.udry.app                         D  Firing change: true
2025-11-01 16:00:54.346  2737-2737  Capacitor/AppPlugin     com.udry.app                         V  Notifying listeners for event appStateChange
2025-11-01 16:00:54.346  2737-2737  Capacitor/AppPlugin     com.udry.app                         D  No listeners found for event appStateChange
2025-11-01 16:00:54.347  2737-2737  Capacitor               com.udry.app                         D  App resumed
2025-11-01 16:00:54.354  2737-2737  ViewRootImpl            com.udry.app                         I  dVRR is disabled
2025-11-01 16:00:54.355  2737-2737  HardwareRenderer        com.udry.app                         D  onDisplayChanged. displayId=0 current wxh=1080x2340 mLargest wxh=0x0
2025-11-01 16:00:54.355  2737-2737  HWUI                    com.udry.app                         W  Unknown dataspace 0
2025-11-01 16:00:54.355  2737-2762  HWUI                    com.udry.app                         D  setMaxSurfaceArea requested wxh=(1080,2340) requestedSurfaceArea(2527200) mMaxSurfaceArea(2073600)
2025-11-01 16:00:54.355  2737-2737  HardwareRenderer        com.udry.app                         D  Set largestWidth and largestHeight as logical resolution. (1080x2340)
2025-11-01 16:00:54.356  2737-2762  NativeCust...ncyManager com.udry.app                         D  [NativeCFMS] BpCustomFrequencyManager::BpCustomFrequencyManager()
2025-11-01 16:00:54.367  2737-2737  InputTransport          com.udry.app                         D  Input channel constructed: '49a8c64', fd=201
2025-11-01 16:00:54.368  2737-2737  InsetsController        com.udry.app                         I  onStateChanged: host=com.udry.app/com.udry.app.MainActivity, from=android.view.ViewRootImpl.setView:1999, state=InsetsState: {mDisplayFrame=Rect(0, 0 - 1080, 2340), mDisplayCutout=DisplayCutout{insets=Rect(0, 96 - 0, 0) waterfall=Insets{left=0, top=0, right=0, bottom=0} boundingRect={Bounds=[Rect(0, 0 - 0, 0), Rect(472, 0 - 608, 96), Rect(0, 0 - 0, 0), Rect(0, 0 - 0, 0)]} cutoutPathParserInfo={CutoutPathParserInfo{displayWidth=1080 displayHeight=2340 physicalDisplayWidth=1080 physicalDisplayHeight=2340 density={2.8125} cutoutSpec={M 0,0 H -24.177777778 V 34.13333333333333 H 24.177777778 V 0 H 0 Z @dp} rotation={0} scale={1.0} physicalPixelDisplaySizeRatio={1.0}}} sideOverrides={}}, mRoundedCorners=RoundedCorners{[RoundedCorner{position=TopLeft, radius=118, center=Point(118, 118)}, RoundedCorner{position=TopRight, radius=118, center=Point(962, 118)}, RoundedCorner{position=BottomRight, radius=118, center=Point(962, 2222)}, RoundedCorner{position=BottomLeft, radius=118, center=Point(118, 2222)}]}  mRoundedCornerFrame=Rect(0, 0 - 1080, 2340), mPrivacyIndicatorBounds=PrivacyIndicatorBounds {static bounds=Rect(956, 0 - 1080, 96) rotation=0}, mDisplayShape=DisplayShape{ spec=-311912193 displayWidth=1080 displayHeight=2340 physicalPixelDisplaySizeRatio=1.0 rotation=0 offsetX=0 offsetY=0 scale=1.0}, mSources= { InsetsSource: {27 mType=displayCutout mFrame=[0,0][1080,96] mVisible=true mFlags= mSideHint=TOP mBoundingRects=null}, InsetsSource: {31c60000 mType=statusBars mFrame=[0,0][1080,96] mVisible=true mFlags= mSideHint=TOP mBoundingRects=null}, InsetsSource: {31c60005 mType=mandatorySystemGestures mFrame=[0,0][1080,130] mVisible=true mFlags= mSideHint=TOP mBoundingRects=null}, InsetsSource: {31c60006 mType=tappableElement mFrame=[0,0][1080,96] mVisible=true mFlags= mSideHint=TOP mBoundingRects=null}, InsetsSource: {79c40001 mType=navigationBars mFrame=[0,2205][1080,2340] mVisible=true mFlags= mSideHint=BOTTOM mBoundingRects=null}, InsetsSource: {79c40004 mType=systemGestures mFrame=[0,0][0,0] mVisible=true mFlags= mSideHint=NONE mBoundingRects=null}, InsetsSource: {79c40005 mType=mandatorySystemGestures mFrame=[0,2205][1080,2340] mVisible=true mFlags= mSideHint=BOTTOM mBoundingRects=null}, InsetsSource: {79c40006 mType=tappableElement mFrame=[0,2205][1080,2340] mVisible=true mFlags= mSideHint=BOTTOM mBoundingRects=null}, InsetsSource: {79c40024 mType=systemGestures mFrame=[0,0][0,0] mVisible=true mFlags= mSideHint=NONE mBoundingRects=null} }
2025-11-01 16:00:54.370  2737-2737  VRI[MainAc...y]@4391d49 com.udry.app                         I  synced displayState. AttachInfo displayState=2
2025-11-01 16:00:54.370  2737-2737  VRI[MainAc...y]@4391d49 com.udry.app                         I  setView = com.android.internal.policy.DecorView@16d4505 IsHRR=false TM=true
2025-11-01 16:00:54.395  2737-2847  CameraManagerGlobal     com.udry.app                         I  Connecting to camera service
2025-11-01 16:00:54.407  2737-2847  VendorTagDescriptor     com.udry.app                         D  addVendorDescriptor: vendor tag id 8932615658386372252 added
2025-11-01 16:00:54.418  2737-2737  BLASTBufferQueue_Java   com.udry.app                         I  new BLASTBufferQueue, mName= VRI[MainActivity]@4391d49 mNativeObject= 0xb400007bb114e600 sc.mNativeObject= 0xb400007bb0fb2b40 caller= android.view.ViewRootImpl.updateBlastSurfaceIfNeeded:3397 android.view.ViewRootImpl.relayoutWindow:11361 android.view.ViewRootImpl.performTraversals:4544 android.view.ViewRootImpl.doTraversal:3708 android.view.ViewRootImpl$TraversalRunnable.run:12542 android.view.Choreographer$CallbackRecord.run:1751 android.view.Choreographer$CallbackRecord.run:1760 android.view.Choreographer.doCallbacks:1216 android.view.Choreographer.doFrame:1142 android.view.Choreographer$FrameDisplayEventReceiver.run:1707 
2025-11-01 16:00:54.418  2737-2737  BLASTBufferQueue_Java   com.udry.app                         I  update, w= 1080 h= 2340 mName = VRI[MainActivity]@4391d49 mNativeObject= 0xb400007bb114e600 sc.mNativeObject= 0xb400007bb0fb2b40 format= -1 caller= android.graphics.BLASTBufferQueue.<init>:88 android.view.ViewRootImpl.updateBlastSurfaceIfNeeded:3397 android.view.ViewRootImpl.relayoutWindow:11361 android.view.ViewRootImpl.performTraversals:4544 android.view.ViewRootImpl.doTraversal:3708 android.view.ViewRootImpl$TraversalRunnable.run:12542 
2025-11-01 16:00:54.423  2737-2737  VRI[MainAc...y]@4391d49 com.udry.app                         I  Relayout returned: old=(0,0,1080,2340) new=(0,0,1080,2340) relayoutAsync=false req=(1080,2340)0 dur=11 res=0x3 s={true 0xb400007baa158800} ch=true seqId=0
2025-11-01 16:00:54.424  2737-2737  VRI[MainAc...y]@4391d49 com.udry.app                         I  performConfigurationChange setNightDimText nightDimLevel=0
2025-11-01 16:00:54.425  2737-2737  VRI[MainAc...y]@4391d49 com.udry.app                         D  mThreadedRenderer.initialize() mSurface={isValid=true 0xb400007baa158800} hwInitialized=true
2025-11-01 16:00:54.429  2737-2737  VRI[MainAc...y]@4391d49 com.udry.app                         D  reportNextDraw android.view.ViewRootImpl.performTraversals:5193 android.view.ViewRootImpl.doTraversal:3708 android.view.ViewRootImpl$TraversalRunnable.run:12542 android.view.Choreographer$CallbackRecord.run:1751 android.view.Choreographer$CallbackRecord.run:1760 
2025-11-01 16:00:54.437  2737-2737  VRI[MainAc...y]@4391d49 com.udry.app                         D  Setup new sync=wmsSync-VRI[MainActivity]@4391d49#0
2025-11-01 16:00:54.437  2737-2737  VRI[MainAc...y]@4391d49 com.udry.app                         I  Creating new active sync group VRI[MainActivity]@4391d49#1
2025-11-01 16:00:54.444  2737-2847  CameraManager           com.udry.app                         I  registerAvailabilityCallback: Is device callback = false
2025-11-01 16:00:54.446  2737-2759  CameraManagerGlobal     com.udry.app                         I  Camera 0 facing CAMERA_FACING_BACK state now CAMERA_STATE_CLOSED for client android.system API Level 2 User Id 0Device Id 0
2025-11-01 16:00:54.449  2737-2847  CameraManagerGlobal     com.udry.app                         I  postSingleUpdate device: camera id 0 status STATUS_PRESENT
2025-11-01 16:00:54.451  2737-2737  VRI[MainAc...y]@4391d49 com.udry.app                         D  registerCallbacksForSync syncBuffer=false
2025-11-01 16:00:54.456  2737-2737  View                    com.udry.app                         I  setRequestedFrameRate frameRate=-4.0, this=com.getcapacitor.CapacitorWebView{4395b14 VFEDHVC.. .F...... 0,0-1080,2109 #7f0901c2 app:id/webview}, caller=WV.ef.b:1 WV.fg.h:118 WV.fg.onDraw:7 com.android.webview.chromium.WebViewChromium.onDraw:35 android.webkit.WebView.onDraw:2959 
2025-11-01 16:00:54.456  2737-2847  CameraManagerGlobal     com.udry.app                         I  postSingleUpdate device: camera id 1 status STATUS_PRESENT
2025-11-01 16:00:54.457  2737-2847  CameraManagerGlobal     com.udry.app                         I  postSingleUpdate device: camera id 2 status STATUS_PRESENT
2025-11-01 16:00:54.457  2737-2847  CameraManagerGlobal     com.udry.app                         I  postSingleUpdate device: camera id 3 status STATUS_PRESENT
2025-11-01 16:00:54.458  2737-2759  CameraManagerGlobal     com.udry.app                         I  Camera 1 facing CAMERA_FACING_FRONT state now CAMERA_STATE_CLOSED for client com.udry.app API Level 2 User Id 0Device Id 0
2025-11-01 16:00:54.458  2737-2759  CameraManagerGlobal     com.udry.app                         I  Camera 2 facing CAMERA_FACING_BACK state now CAMERA_STATE_CLOSED for client com.udry.app API Level 2 User Id 0Device Id 0
2025-11-01 16:00:54.459  2737-2759  CameraManagerGlobal     com.udry.app                         I  Camera 23 facing CAMERA_FACING_BACK state now CAMERA_STATE_CLOSED for client android.system API Level 2 User Id 0Device Id 0
2025-11-01 16:00:54.464  2737-2759  CameraManagerGlobal     com.udry.app                         I  Camera 3 facing CAMERA_FACING_FRONT state now CAMERA_STATE_CLOSED for client android.system API Level 2 User Id 0Device Id 0
2025-11-01 16:00:54.465  2737-2759  CameraManagerGlobal     com.udry.app                         I  Camera 4 facing CAMERA_FACING_FRONT state now CAMERA_STATE_CLOSED for client android.system API Level 2 User Id 0Device Id 0
2025-11-01 16:00:54.466  2737-2759  CameraManagerGlobal     com.udry.app                         I  Camera 56 facing CAMERA_FACING_BACK state now CAMERA_STATE_CLOSED for client android.system API Level 2 User Id 0Device Id 0
2025-11-01 16:00:54.468  2737-2755  CameraManagerGlobal     com.udry.app                         I  Camera 58 facing CAMERA_FACING_BACK state now CAMERA_STATE_CLOSED for client android.system API Level 2 User Id 0Device Id 0
2025-11-01 16:00:54.469  2737-2755  CameraManagerGlobal     com.udry.app                         I  Camera 60 facing CAMERA_FACING_BACK state now CAMERA_STATE_CLOSED for client android.system API Level 2 User Id 0Device Id 0
2025-11-01 16:00:54.508  2737-2789  Capacitor               com.udry.app                         D  Handling local request: https://localhost/_next/static/css/fe4ed9e65e771e22.css
2025-11-01 16:00:54.513  2737-2790  Capacitor               com.udry.app                         D  Handling local request: https://localhost/_next/static/chunks/webpack-e8f126799c7e9fb8.js
2025-11-01 16:00:54.540  2737-2879  VRI[MainAc...y]@4391d49 com.udry.app                         D  Received frameDrawingCallback syncResult=0 frameNum=1.
2025-11-01 16:00:54.541  2737-2879  VRI[MainAc...y]@4391d49 com.udry.app                         I  mWNT: t=0xb400007b44a0c780 mBlastBufferQueue=0xb400007bb114e600 fn= 1 HdrRenderState mRenderHdrSdrRatio=1.0 caller= android.view.ViewRootImpl$11.onFrameDraw:15016 android.view.ThreadedRenderer$1.onFrameDraw:761 <bottom of call stack> 
2025-11-01 16:00:54.541  2737-2879  VRI[MainAc...y]@4391d49 com.udry.app                         I  Setting up sync and frameCommitCallback
2025-11-01 16:00:54.581  2737-2793  Capacitor               com.udry.app                         D  Handling local request: https://localhost/_next/static/chunks/fd9d1056-f9ccee645770c8bb.js
2025-11-01 16:00:54.583  2737-2762  BLASTBufferQueue        com.udry.app                         I  [VRI[MainActivity]@4391d49#0](f:0,a:0,s:0) onFrameAvailable the first frame is available
2025-11-01 16:00:54.584  2737-2762  VRI[MainAc...y]@4391d49 com.udry.app                         I  Received frameCommittedCallback lastAttemptedDrawFrameNum=1 didProduceBuffer=true
2025-11-01 16:00:54.585  2737-2762  HWUI                    com.udry.app                         D  CFMS:: SetUp Pid : 2737    Tid : 2762
2025-11-01 16:00:54.585  2737-2737  VRI[MainAc...y]@4391d49 com.udry.app                         D  reportDrawFinished seqId=0
2025-11-01 16:00:54.586  2737-2788  Capacitor               com.udry.app                         D  Handling local request: https://localhost/_next/static/chunks/7023-61fef9f531840400.js
2025-11-01 16:00:54.597  2737-2796  Capacitor               com.udry.app                         D  Handling local request: https://localhost/_next/static/chunks/main-app-514f517efe54105a.js
2025-11-01 16:00:54.599  2737-2799  Capacitor               com.udry.app                         D  Handling local request: https://localhost/_next/static/chunks/bc9e92e6-a2e880bfa3b83445.js
2025-11-01 16:00:54.604  2737-2762  HWUI                    com.udry.app                         D  HWUI - treat SMPTE_170M as sRGB
2025-11-01 16:00:54.607  2737-2737  View                    com.udry.app                         I  setRequestedFrameRate frameRate=-4.0, this=com.getcapacitor.CapacitorWebView{4395b14 VFEDHVC.. .F...... 0,0-1080,2109 #7f0901c2 app:id/webview}, caller=WV.ef.b:1 WV.fg.h:118 WV.fg.onDraw:7 com.android.webview.chromium.WebViewChromium.onDraw:35 android.webkit.WebView.onDraw:2959 
2025-11-01 16:00:54.612  2737-2737  InsetsSourceConsumer    com.udry.app                         I  applyRequestedVisibilityToControl: visible=true, type=navigationBars, host=com.udry.app/com.udry.app.MainActivity
2025-11-01 16:00:54.613  2737-2737  InsetsSourceConsumer    com.udry.app                         I  applyRequestedVisibilityToControl: visible=true, type=statusBars, host=com.udry.app/com.udry.app.MainActivity
2025-11-01 16:00:54.626  2737-2737  VRI[MainAc...y]@4391d49 com.udry.app                         D  mThreadedRenderer.initializeIfNeeded()#2 mSurface={isValid=true 0xb400007baa158800}
2025-11-01 16:00:54.630  2737-2737  InputMethodManagerUtils com.udry.app                         D  startInputInner - Id : 0
2025-11-01 16:00:54.630  2737-2737  InputMethodManager      com.udry.app                         I  startInputInner - IInputMethodManagerGlobalInvoker.startInputOrWindowGainedFocus
2025-11-01 16:00:54.726  2737-2755  InputTransport          com.udry.app                         D  Input channel constructed: 'ClientS', fd=268
2025-11-01 16:00:54.734  2737-2737  InsetsController        com.udry.app                         I  onStateChanged: host=com.udry.app/com.udry.app.MainActivity, from=android.view.ViewRootImpl.handleInsetsControlChanged:2888, state=InsetsState: {mDisplayFrame=Rect(0, 0 - 1080, 2340), mDisplayCutout=DisplayCutout{insets=Rect(0, 96 - 0, 0) waterfall=Insets{left=0, top=0, right=0, bottom=0} boundingRect={Bounds=[Rect(0, 0 - 0, 0), Rect(472, 0 - 608, 96), Rect(0, 0 - 0, 0), Rect(0, 0 - 0, 0)]} cutoutPathParserInfo={CutoutPathParserInfo{displayWidth=1080 displayHeight=2340 physicalDisplayWidth=1080 physicalDisplayHeight=2340 density={2.8125} cutoutSpec={M 0,0 H -24.177777778 V 34.13333333333333 H 24.177777778 V 0 H 0 Z @dp} rotation={0} scale={1.0} physicalPixelDisplaySizeRatio={1.0}}} sideOverrides={}}, mRoundedCorners=RoundedCorners{[RoundedCorner{position=TopLeft, radius=118, center=Point(118, 118)}, RoundedCorner{position=TopRight, radius=118, center=Point(962, 118)}, RoundedCorner{position=BottomRight, radius=118, center=Point(962, 2222)}, RoundedCorner{position=BottomLeft, radius=118, center=Point(118, 2222)}]}  mRoundedCornerFrame=Rect(0, 0 - 1080, 2340), mPrivacyIndicatorBounds=PrivacyIndicatorBounds {static bounds=Rect(956, 0 - 1080, 96) rotation=0}, mDisplayShape=DisplayShape{ spec=-311912193 displayWidth=1080 displayHeight=2340 physicalPixelDisplaySizeRatio=1.0 rotation=0 offsetX=0 offsetY=0 scale=1.0}, mSources= { InsetsSource: {3 mType=ime mFrame=[0,0][0,0] mVisible=false mFlags= mSideHint=NONE mBoundingRects=null}, InsetsSource: {27 mType=displayCutout mFrame=[0,0][1080,96] mVisible=true mFlags= mSideHint=TOP mBoundingRects=null}, InsetsSource: {31c60000 mType=statusBars mFrame=[0,0][1080,96] mVisible=true mFlags= mSideHint=TOP mBoundingRects=null}, InsetsSource: {31c60005 mType=mandatorySystemGestures mFrame=[0,0][1080,130] mVisible=true mFlags= mSideHint=TOP mBoundingRects=null}, InsetsSource: {31c60006 mType=tappableElement mFrame=[0,0][1080,96] mVisible=true mFlags= mSideHint=TOP mBoundingRects=null}, InsetsSource: {79c40001 mType=navigationBars mFrame=[0,2205][1080,2340] mVisible=true mFlags= mSideHint=BOTTOM mBoundingRects=null}, InsetsSource: {79c40004 mType=systemGestures mFrame=[0,0][0,0] mVisible=true mFlags= mSideHint=NONE mBoundingRects=null}, InsetsSource: {79c40005 mType=mandatorySystemGestures mFrame=[0,2205][1080,2340] mVisible=true mFlags= mSideHint=BOTTOM mBoundingRects=null}, InsetsSource: {79c40006 mType=tappableElement mFrame=[0,2205][1080,2340] mVisible=true mFlags= mSideHint=BOTTOM mBoundingRects=null}, InsetsSource: {79c40024 mType=systemGestures mFrame=[0,0][0,0] mVisible=true mFlags= mSideHint=NONE mBoundingRects=null} }
2025-11-01 16:00:54.736  2737-2737  InsetsSourceConsumer    com.udry.app                         I  applyRequestedVisibilityToControl: visible=false, type=ime, host=com.udry.app/com.udry.app.MainActivity
2025-11-01 16:00:54.771  2737-2819  AudioCapabilities       com.udry.app                         W  Unsupported mime audio/x-ima
2025-11-01 16:00:54.774  2737-2819  AudioCapabilities       com.udry.app                         W  Unsupported mime audio/mpeg-L1
2025-11-01 16:00:54.777  2737-2819  AudioCapabilities       com.udry.app                         W  Unsupported mime audio/mpeg-L2
2025-11-01 16:00:54.780  2737-2819  VideoCapabilities       com.udry.app                         W  Unsupported mime video/wvc1
2025-11-01 16:00:54.783  2737-2819  VideoCapabilities       com.udry.app                         W  Unsupported mime video/x-ms-wmv
2025-11-01 16:00:54.831  2737-2819  VideoCapabilities       com.udry.app                         W  Unrecognized profile/level 32768/256 for video/mp4v-es
2025-11-01 16:00:54.911  2737-2790  com.udry.app            com.udry.app                         W  Long monitor contention with owner ThreadPoolForeg (2789) at java.lang.Object libcore.content.type.MimeMap$MemoizingSupplier.get()(MimeMap.java:475) waiters=0 in java.lang.Object libcore.content.type.MimeMap$MemoizingSupplier.get() for 397ms
2025-11-01 16:00:54.912  2737-2788  com.udry.app            com.udry.app                         W  Long monitor contention with owner ThreadPoolForeg (2789) at java.lang.Object libcore.content.type.MimeMap$MemoizingSupplier.get()(MimeMap.java:475) waiters=2 in java.lang.Object libcore.content.type.MimeMap$MemoizingSupplier.get() for 320ms
2025-11-01 16:00:54.915  2737-2790  Capacitor               com.udry.app                         D  Handling local request: https://localhost/_next/static/chunks/1705-1c32c0634cc7ffdc.js
2025-11-01 16:00:54.915  2737-2788  Capacitor               com.udry.app                         D  Handling local request: https://localhost/_next/static/chunks/app/page-991b56b6dc6e04ca.js
2025-11-01 16:00:54.917  2737-2789  Capacitor               com.udry.app                         D  Handling local request: https://localhost/_next/static/chunks/69806262-daed651f951d17cc.js
2025-11-01 16:00:54.917  2737-2793  Capacitor               com.udry.app                         D  Handling local request: https://localhost/_next/static/chunks/850-02c4e7d470172411.js
2025-11-01 16:00:54.918  2737-2799  Capacitor               com.udry.app                         D  Handling local request: https://localhost/_next/static/chunks/4979-afe3387dd6fb89ca.js
2025-11-01 16:00:54.920  2737-2796  Capacitor               com.udry.app                         D  Handling local request: https://localhost/_next/static/chunks/5533-63060eeb5b6dc4c1.js
2025-11-01 16:00:54.921  2737-2788  Capacitor               com.udry.app                         D  Handling local request: https://localhost/_next/static/chunks/app/layout-e3b8772958404150.js
2025-11-01 16:00:54.923  2737-2790  Capacitor               com.udry.app                         D  Handling local request: https://localhost/_next/static/chunks/app/error-27e24612c1fa58b2.js
2025-11-01 16:00:54.937  2737-2793  CompatChangeReporter    com.udry.app                         D  Compat change id reported: 263076149; UID 10335; state: ENABLED
2025-11-01 16:00:54.977  2737-2737  View                    com.udry.app                         I  setRequestedFrameRate frameRate=-4.0, this=com.getcapacitor.CapacitorWebView{4395b14 VFEDHVC.. .F...... 0,0-1080,2109 #7f0901c2 app:id/webview aid=1073741824}, caller=WV.ef.b:1 WV.fg.h:118 WV.fg.onDraw:7 com.android.webview.chromium.WebViewChromium.onDraw:35 android.webkit.WebView.onDraw:2959 
2025-11-01 16:00:54.987  2737-2737  View                    com.udry.app                         I  setRequestedFrameRate frameRate=-4.0, this=com.getcapacitor.CapacitorWebView{4395b14 VFEDHVC.. .F...... 0,0-1080,2109 #7f0901c2 app:id/webview aid=1073741824}, caller=WV.ef.b:1 WV.fg.h:118 WV.fg.onDraw:7 com.android.webview.chromium.WebViewChromium.onDraw:35 android.webkit.WebView.onDraw:2959 
