2025-11-01 18:33:32.565 32466-32466 View                    com.udry.app                         I  setRequestedFrameRate frameRate=-4.0, this=com.getcapacitor.CapacitorWebView{4395b14 VFEDHVC.. .F...... 0,0-1080,2205 #7f0901c6 app:id/webview aid=1073741824}, caller=WV.ef.b:1 WV.fg.h:118 WV.fg.onDraw:7 com.android.webview.chromium.WebViewChromium.onDraw:35 android.webkit.WebView.onDraw:2959 
2025-11-01 18:33:32.576 32466-32466 View                    com.udry.app                         I  setRequestedFrameRate frameRate=-4.0, this=com.getcapacitor.CapacitorWebView{4395b14 VFEDHVC.. .F...... 0,0-1080,2205 #7f0901c6 app:id/webview aid=1073741824}, caller=WV.ef.b:1 WV.fg.h:118 WV.fg.onDraw:7 com.android.webview.chromium.WebViewChromium.onDraw:35 android.webkit.WebView.onDraw:2959 
2025-11-01 18:33:32.587 32466-32466 View                    com.udry.app                         I  setRequestedFrameRate frameRate=-4.0, this=com.getcapacitor.CapacitorWebView{4395b14 VFEDHVC.. .F...... 0,0-1080,2205 #7f0901c6 app:id/webview aid=1073741824}, caller=WV.ef.b:1 WV.fg.h:118 WV.fg.onDraw:7 com.android.webview.chromium.WebViewChromium.onDraw:35 android.webkit.WebView.onDraw:2959 
2025-11-01 18:33:32.598 32466-32466 View                    com.udry.app                         I  setRequestedFrameRate frameRate=-4.0, this=com.getcapacitor.CapacitorWebView{4395b14 VFEDHVC.. .F...... 0,0-1080,2205 #7f0901c6 app:id/webview aid=1073741824}, caller=WV.ef.b:1 WV.fg.h:118 WV.fg.onDraw:7 com.android.webview.chromium.WebViewChromium.onDraw:35 android.webkit.WebView.onDraw:2959 
2025-11-01 18:33:32.600  1027-1251  InputReader             system_server                        D  Btn_touch(3): value=0 when=76891.600180
2025-11-01 18:33:32.601  1027-1251  InputReader             system_server                        I  Touch event's action is 0x1 (id=4, t=0) [pCnt=1, s=] when=76891.600180
2025-11-01 18:33:32.601  1027-1250  InputDispatcher         system_server                        I  Delivering touch to (32466): action: 0x1, f=0x0, d=0, 'deec664', t=1 
2025-11-01 18:33:32.603 32466-32466 VRI[MainAc...y]@4391d49 com.udry.app                         I  ViewPostIme pointer 1
2025-11-01 18:33:32.603  1027-1027  SemDvfsHyPerManager     system_server                        I  acquire hyper - GESTURE_DETECTED_HRR/1027@24, type = -999
2025-11-01 18:33:32.605  1027-1027  SemDvfsHyPerManager     system_server                        I  acquire hyper - GESTURE_DETECTED_HRR/1027@24, type = -999
2025-11-01 18:33:32.606   695-780   HYPER-HAL               ven...amsung.hardware.hyper-service  I  [RequestManager.cpp]acquire(): Acquired ID : 552850  [1027 / 24]    HINT : GESTURE_DETECTED_HRR    list : [TIMEOUT / 519] 
2025-11-01 18:33:32.609   695-780   HYPER-HAL               ven...amsung.hardware.hyper-service  I  [RequestManager.cpp]acquire(): Acquired ID : 552850  [1027 / 24]    HINT : GESTURE_DETECTED_HRR    list : [TIMEOUT / 519] 
2025-11-01 18:33:32.610 32466-32466 View                    com.udry.app                         I  setRequestedFrameRate frameRate=-4.0, this=com.getcapacitor.CapacitorWebView{4395b14 VFEDHVC.. .F...... 0,0-1080,2205 #7f0901c6 app:id/webview aid=1073741824}, caller=WV.ef.b:1 WV.fg.h:118 WV.fg.onDraw:7 com.android.webview.chromium.WebViewChromium.onDraw:35 android.webkit.WebView.onDraw:2959 
2025-11-01 18:33:32.618 32466-32466 View                    com.udry.app                         I  setRequestedFrameRate frameRate=-4.0, this=com.getcapacitor.CapacitorWebView{4395b14 VFEDHVC.. .F...... 0,0-1080,2205 #7f0901c6 app:id/webview aid=1073741824}, caller=WV.ef.b:1 WV.fg.h:118 WV.fg.onDraw:7 com.android.webview.chromium.WebViewChromium.onDraw:35 android.webkit.WebView.onDraw:2959 
2025-11-01 18:33:32.629 32466-32466 View                    com.udry.app                         I  setRequestedFrameRate frameRate=-4.0, this=com.getcapacitor.CapacitorWebView{4395b14 VFEDHVC.. .F...... 0,0-1080,2205 #7f0901c6 app:id/webview aid=1073741824}, caller=WV.ef.b:1 WV.fg.h:118 WV.fg.onDraw:7 com.android.webview.chromium.WebViewChromium.onDraw:35 android.webkit.WebView.onDraw:2959 
2025-11-01 18:33:32.639 32466-32466 View                    com.udry.app                         I  setRequestedFrameRate frameRate=-4.0, this=com.getcapacitor.CapacitorWebView{4395b14 VFEDHVC.. .F...... 0,0-1080,2205 #7f0901c6 app:id/webview aid=1073741824}, caller=WV.ef.b:1 WV.fg.h:118 WV.fg.onDraw:7 com.android.webview.chromium.WebViewChromium.onDraw:35 android.webkit.WebView.onDraw:2959 
2025-11-01 18:33:32.651 32466-32466 View                    com.udry.app                         I  setRequestedFrameRate frameRate=-4.0, this=com.getcapacitor.CapacitorWebView{4395b14 VFEDHVC.. .F...... 0,0-1080,2205 #7f0901c6 app:id/webview aid=1073741824}, caller=WV.ef.b:1 WV.fg.h:118 WV.fg.onDraw:7 com.android.webview.chromium.WebViewChromium.onDraw:35 android.webkit.WebView.onDraw:2959 
2025-11-01 18:33:32.661 32466-32466 View                    com.udry.app                         I  setRequestedFrameRate frameRate=-4.0, this=com.getcapacitor.CapacitorWebView{4395b14 VFEDHVC.. .F...... 0,0-1080,2205 #7f0901c6 app:id/webview aid=1073741824}, caller=WV.ef.b:1 WV.fg.h:118 WV.fg.onDraw:7 com.android.webview.chromium.WebViewChromium.onDraw:35 android.webkit.WebView.onDraw:2959 
2025-11-01 18:33:32.935   703-761   BatteryDump             ven...msung.hardware.health-service  E  !@new_battery_dump : 4421,0,3000,3150,100,322,323,338,0,0,330,338,0,Full,NO_CHARGING,None,Good,PDIC,0,Normal,0,0,9420,0x0,0x10000,0x0,0,0,0000,0000,00000000,0,0,0,0,11,4406,9990,990,0,
2025-11-01 18:33:32.945   703-703   sehhealth-service       ven...msung.hardware.health-service  I  updateLrpSysfs: write: 329
2025-11-01 18:33:33.062 32466-32466 View                    com.udry.app                         I  setRequestedFrameRate frameRate=-4.0, this=com.getcapacitor.CapacitorWebView{4395b14 VFEDHVC.. .F...... 0,0-1080,2205 #7f0901c6 app:id/webview aid=1073741824}, caller=WV.ef.b:1 WV.fg.h:118 WV.fg.onDraw:7 com.android.webview.chromium.WebViewChromium.onDraw:35 android.webkit.WebView.onDraw:2959 
2025-11-01 18:33:33.072 32466-32466 View                    com.udry.app                         I  setRequestedFrameRate frameRate=-4.0, this=com.getcapacitor.CapacitorWebView{4395b14 VFEDHVC.. .F...... 0,0-1080,2205 #7f0901c6 app:id/webview aid=1073741824}, caller=WV.ef.b:1 WV.fg.h:118 WV.fg.onDraw:7 com.android.webview.chromium.WebViewChromium.onDraw:35 android.webkit.WebView.onDraw:2959 
2025-11-01 18:33:33.085 32466-32466 View                    com.udry.app                         I  setRequestedFrameRate frameRate=-4.0, this=com.getcapacitor.CapacitorWebView{4395b14 VFEDHVC.. .F...... 0,0-1080,2205 #7f0901c6 app:id/webview aid=1073741824}, caller=WV.ef.b:1 WV.fg.h:118 WV.fg.onDraw:7 com.android.webview.chromium.WebViewChromium.onDraw:35 android.webkit.WebView.onDraw:2959 
2025-11-01 18:33:33.094 32466-32466 View                    com.udry.app                         I  setRequestedFrameRate frameRate=-4.0, this=com.getcapacitor.CapacitorWebView{4395b14 VFEDHVC.. .F...... 0,0-1080,2205 #7f0901c6 app:id/webview aid=1073741824}, caller=WV.ef.b:1 WV.fg.h:118 WV.fg.onDraw:7 com.android.webview.chromium.WebViewChromium.onDraw:35 android.webkit.WebView.onDraw:2959 
2025-11-01 18:33:33.105 32466-32466 View                    com.udry.app                         I  setRequestedFrameRate frameRate=-4.0, this=com.getcapacitor.CapacitorWebView{4395b14 VFEDHVC.. .F...... 0,0-1080,2205 #7f0901c6 app:id/webview aid=1073741824}, caller=WV.ef.b:1 WV.fg.h:118 WV.fg.onDraw:7 com.android.webview.chromium.WebViewChromium.onDraw:35 android.webkit.WebView.onDraw:2959 
2025-11-01 18:33:33.116 32466-32466 View                    com.udry.app                         I  setRequestedFrameRate frameRate=-4.0, this=com.getcapacitor.CapacitorWebView{4395b14 VFEDHVC.. .F...... 0,0-1080,2205 #7f0901c6 app:id/webview aid=1073741824}, caller=WV.ef.b:1 WV.fg.h:118 WV.fg.onDraw:7 com.android.webview.chromium.WebViewChromium.onDraw:35 android.webkit.WebView.onDraw:2959 
2025-11-01 18:33:33.127 32466-32466 View                    com.udry.app                         I  setRequestedFrameRate frameRate=-4.0, this=com.getcapacitor.CapacitorWebView{4395b14 VFEDHVC.. .F...... 0,0-1080,2205 #7f0901c6 app:id/webview aid=1073741824}, caller=WV.ef.b:1 WV.fg.h:118 WV.fg.onDraw:7 com.android.webview.chromium.WebViewChromium.onDraw:35 android.webkit.WebView.onDraw:2959 
2025-11-01 18:33:33.130   695-1560  HYPER-HAL               ven...amsung.hardware.hyper-service  I  [RequestManager.cpp]releaseLocked(): Released ID : 552850
2025-11-01 18:33:33.138 32466-32466 View                    com.udry.app                         I  setRequestedFrameRate frameRate=-4.0, this=com.getcapacitor.CapacitorWebView{4395b14 VFEDHVC.. .F...... 0,0-1080,2205 #7f0901c6 app:id/webview aid=1073741824}, caller=WV.ef.b:1 WV.fg.h:118 WV.fg.onDraw:7 com.android.webview.chromium.WebViewChromium.onDraw:35 android.webkit.WebView.onDraw:2959 
2025-11-01 18:33:33.150 32466-32466 View                    com.udry.app                         I  setRequestedFrameRate frameRate=-4.0, this=com.getcapacitor.CapacitorWebView{4395b14 VFEDHVC.. .F...... 0,0-1080,2205 #7f0901c6 app:id/webview aid=1073741824}, caller=WV.ef.b:1 WV.fg.h:118 WV.fg.onDraw:7 com.android.webview.chromium.WebViewChromium.onDraw:35 android.webkit.WebView.onDraw:2959 
2025-11-01 18:33:33.161 32466-32466 View                    com.udry.app                         I  setRequestedFrameRate frameRate=-4.0, this=com.getcapacitor.CapacitorWebView{4395b14 VFEDHVC.. .F...... 0,0-1080,2205 #7f0901c6 app:id/webview aid=1073741824}, caller=WV.ef.b:1 WV.fg.h:118 WV.fg.onDraw:7 com.android.webview.chromium.WebViewChromium.onDraw:35 android.webkit.WebView.onDraw:2959 
2025-11-01 18:33:33.172 32466-32466 View                    com.udry.app                         I  setRequestedFrameRate frameRate=-4.0, this=com.getcapacitor.CapacitorWebView{4395b14 VFEDHVC.. .F...... 0,0-1080,2205 #7f0901c6 app:id/webview aid=1073741824}, caller=WV.ef.b:1 WV.fg.h:118 WV.fg.onDraw:7 com.android.webview.chromium.WebViewChromium.onDraw:35 android.webkit.WebView.onDraw:2959 
2025-11-01 18:33:33.183 32466-32466 View                    com.udry.app                         I  setRequestedFrameRate frameRate=-4.0, this=com.getcapacitor.CapacitorWebView{4395b14 VFEDHVC.. .F...... 0,0-1080,2205 #7f0901c6 app:id/webview aid=1073741824}, caller=WV.ef.b:1 WV.fg.h:118 WV.fg.onDraw:7 com.android.webview.chromium.WebViewChromium.onDraw:35 android.webkit.WebView.onDraw:2959 
2025-11-01 18:33:33.194 32466-32466 View                    com.udry.app                         I  setRequestedFrameRate frameRate=-4.0, this=com.getcapacitor.CapacitorWebView{4395b14 VFEDHVC.. .F...... 0,0-1080,2205 #7f0901c6 app:id/webview aid=1073741824}, caller=WV.ef.b:1 WV.fg.h:118 WV.fg.onDraw:7 com.android.webview.chromium.WebViewChromium.onDraw:35 android.webkit.WebView.onDraw:2959 
2025-11-01 18:33:33.205 32466-32466 View                    com.udry.app                         I  setRequestedFrameRate frameRate=-4.0, this=com.getcapacitor.CapacitorWebView{4395b14 VFEDHVC.. .F...... 0,0-1080,2205 #7f0901c6 app:id/webview aid=1073741824}, caller=WV.ef.b:1 WV.fg.h:118 WV.fg.onDraw:7 com.android.webview.chromium.WebViewChromium.onDraw:35 android.webkit.WebView.onDraw:2959 
2025-11-01 18:33:33.216 32466-32466 View                    com.udry.app                         I  setRequestedFrameRate frameRate=-4.0, this=com.getcapacitor.CapacitorWebView{4395b14 VFEDHVC.. .F...... 0,0-1080,2205 #7f0901c6 app:id/webview aid=1073741824}, caller=WV.ef.b:1 WV.fg.h:118 WV.fg.onDraw:7 com.android.webview.chromium.WebViewChromium.onDraw:35 android.webkit.WebView.onDraw:2959 
2025-11-01 18:33:33.227 32466-32466 View                    com.udry.app                         I  setRequestedFrameRate frameRate=-4.0, this=com.getcapacitor.CapacitorWebView{4395b14 VFEDHVC.. .F...... 0,0-1080,2205 #7f0901c6 app:id/webview aid=1073741824}, caller=WV.ef.b:1 WV.fg.h:118 WV.fg.onDraw:7 com.android.webview.chromium.WebViewChromium.onDraw:35 android.webkit.WebView.onDraw:2959 
2025-11-01 18:33:33.239 32466-32466 View                    com.udry.app                         I  setRequestedFrameRate frameRate=-4.0, this=com.getcapacitor.CapacitorWebView{4395b14 VFEDHVC.. .F...... 0,0-1080,2205 #7f0901c6 app:id/webview aid=1073741824}, caller=WV.ef.b:1 WV.fg.h:118 WV.fg.onDraw:7 com.android.webview.chromium.WebViewChromium.onDraw:35 android.webkit.WebView.onDraw:2959 
2025-11-01 18:33:33.251 32466-32466 View                    com.udry.app                         I  setRequestedFrameRate frameRate=-4.0, this=com.getcapacitor.CapacitorWebView{4395b14 VFEDHVC.. .F...... 0,0-1080,2205 #7f0901c6 app:id/webview aid=1073741824}, caller=WV.ef.b:1 WV.fg.h:118 WV.fg.onDraw:7 com.android.webview.chromium.WebViewChromium.onDraw:35 android.webkit.WebView.onDraw:2959 
2025-11-01 18:33:33.262 32466-32466 View                    com.udry.app                         I  setRequestedFrameRate frameRate=-4.0, this=com.getcapacitor.CapacitorWebView{4395b14 VFEDHVC.. .F...... 0,0-1080,2205 #7f0901c6 app:id/webview aid=1073741824}, caller=WV.ef.b:1 WV.fg.h:118 WV.fg.onDraw:7 com.android.webview.chromium.WebViewChromium.onDraw:35 android.webkit.WebView.onDraw:2959 
2025-11-01 18:33:33.272 32466-32466 View                    com.udry.app                         I  setRequestedFrameRate frameRate=-4.0, this=com.getcapacitor.CapacitorWebView{4395b14 VFEDHVC.. .F...... 0,0-1080,2205 #7f0901c6 app:id/webview aid=1073741824}, caller=WV.ef.b:1 WV.fg.h:118 WV.fg.onDraw:7 com.android.webview.chromium.WebViewChromium.onDraw:35 android.webkit.WebView.onDraw:2959 
2025-11-01 18:33:33.283 32466-32466 View                    com.udry.app                         I  setRequestedFrameRate frameRate=-4.0, this=com.getcapacitor.CapacitorWebView{4395b14 VFEDHVC.. .F...... 0,0-1080,2205 #7f0901c6 app:id/webview aid=1073741824}, caller=WV.ef.b:1 WV.fg.h:118 WV.fg.onDraw:7 com.android.webview.chromium.WebViewChromium.onDraw:35 android.webkit.WebView.onDraw:2959 
2025-11-01 18:33:33.294 32466-32466 View                    com.udry.app                         I  setRequestedFrameRate frameRate=-4.0, this=com.getcapacitor.CapacitorWebView{4395b14 VFEDHVC.. .F...... 0,0-1080,2205 #7f0901c6 app:id/webview aid=1073741824}, caller=WV.ef.b:1 WV.fg.h:118 WV.fg.onDraw:7 com.android.webview.chromium.WebViewChromium.onDraw:35 android.webkit.WebView.onDraw:2959 
2025-11-01 18:33:33.303   465-465   io_stats                iod                                  D  !@   8,0 r 2885726 64239426 w 1444424 25745080 d 220970 116616520 f 63365 192049 iot 2386820 0 th 0 0 0 pt 0 inp 0 0 76892.303
2025-11-01 18:33:33.305 32466-32466 View                    com.udry.app                         I  setRequestedFrameRate frameRate=-4.0, this=com.getcapacitor.CapacitorWebView{4395b14 VFEDHVC.. .F...... 0,0-1080,2205 #7f0901c6 app:id/webview aid=1073741824}, caller=WV.ef.b:1 WV.fg.h:118 WV.fg.onDraw:7 com.android.webview.chromium.WebViewChromium.onDraw:35 android.webkit.WebView.onDraw:2959 
2025-11-01 18:33:33.311  1027-1251  InputReader             system_server                        D  Btn_touch(3): value=1 when=76892.309708
2025-11-01 18:33:33.311  1027-1251  InputReader             system_server                        I  Touch event's action is 0x0 (id=4, t=0) [pCnt=1, s=0.1435 ] when=76892.309708
2025-11-01 18:33:33.313  1027-1250  InputDispatcher         system_server                        I  Delivering touch to (1502): action: 0x4, f=0x0, d=0, 'ccbc14c', t=1 
2025-11-01 18:33:33.314  1027-1250  InputDispatcher         system_server                        I  Delivering touch to (32466): action: 0x0, f=0x0, d=0, 'deec664', t=1 
2025-11-01 18:33:33.314 32466-32466 VRI[MainAc...y]@4391d49 com.udry.app                         I  ViewPostIme pointer 0
2025-11-01 18:33:33.315  1027-1109  GestureDetector         system_server                        I  obtain mCurrentDownEvent. id: 938620352 caller: com.android.server.wm.SystemGesturesPointerEventListener.onPointerEvent:17 com.android.server.wm.PointerEventDispatcher.onInputEvent:51 android.view.InputEventReceiver.dispatchInputEvent:385 
2025-11-01 18:33:33.316  1027-1109  GestureDetector         system_server                        I  obtain mCurrentDownEvent. id: 938620352 caller: com.android.server.wm.SystemPerformancePointerEventListener.onPointerEvent:13 com.android.server.wm.PointerEventDispatcher.onInputEvent:51 android.view.InputEventReceiver.dispatchInputEvent:385 
2025-11-01 18:33:33.317 32466-32466 View                    com.udry.app                         I  setRequestedFrameRate frameRate=-4.0, this=com.getcapacitor.CapacitorWebView{4395b14 VFEDHVC.. .F...... 0,0-1080,2205 #7f0901c6 app:id/webview aid=1073741824}, caller=WV.ef.b:1 WV.fg.h:118 WV.fg.onDraw:7 com.android.webview.chromium.WebViewChromium.onDraw:35 android.webkit.WebView.onDraw:2959 
2025-11-01 18:33:33.318  3493-3493  SemDvfsHyPerManager     com.sec.android.sdhms                I  acquire hyper - TATouchBoost/3493@21, type = -999
2025-11-01 18:33:33.319   695-780   HYPER-HAL               ven...amsung.hardware.hyper-service  I  [RequestManager.cpp]acquire(): Acquired ID : 6175876  [3493 / 21]    HINT :      list : [TABoost / 1] [TIMEOUT / 1500] 
2025-11-01 18:33:33.320  1027-1109  GestureDetector         system_server                        I  obtain mCurrentMotionEventRaw. action: 2 id: 251763158
2025-11-01 18:33:33.320  1027-1109  GestureDetector         system_server                        I  obtain mCurrentMotionEventRaw. action: 2 id: 251763158
2025-11-01 18:33:33.412  1027-1251  InputReader             system_server                        D  Btn_touch(3): value=0 when=76892.411425
2025-11-01 18:33:33.412  1027-1251  InputReader             system_server                        I  Touch event's action is 0x1 (id=4, t=0) [pCnt=1, s=] when=76892.411425
2025-11-01 18:33:33.413  1027-1250  InputDispatcher         system_server                        I  Delivering touch to (32466): action: 0x1, f=0x0, d=0, 'deec664', t=1 
2025-11-01 18:33:33.414 32466-32466 VRI[MainAc...y]@4391d49 com.udry.app                         I  ViewPostIme pointer 1
2025-11-01 18:33:33.417  3493-3493  SemDvfsHyPerManager     com.sec.android.sdhms                I  acquire hyper - TATouchBoost/3493@21, type = -999
2025-11-01 18:33:33.418   695-780   HYPER-HAL               ven...amsung.hardware.hyper-service  I  [RequestManager.cpp]acquire(): Acquired ID : 6175876  [3493 / 21]    HINT :      list : [TABoost / 1] [TIMEOUT / 1500] 
2025-11-01 18:33:33.440 32466-32466 View                    com.udry.app                         I  setRequestedFrameRate frameRate=-4.0, this=com.getcapacitor.CapacitorWebView{4395b14 VFEDHVC.. .F...... 0,0-1080,2205 #7f0901c6 app:id/webview aid=1073741824}, caller=WV.ef.b:1 WV.fg.h:118 WV.fg.onDraw:7 com.android.webview.chromium.WebViewChromium.onDraw:35 android.webkit.WebView.onDraw:2959 
2025-11-01 18:33:33.453 32466-32466 View                    com.udry.app                         I  setRequestedFrameRate frameRate=-4.0, this=com.getcapacitor.CapacitorWebView{4395b14 VFEDHVC.. .F...... 0,0-1080,2205 #7f0901c6 app:id/webview aid=1073741824}, caller=WV.ef.b:1 WV.fg.h:118 WV.fg.onDraw:7 com.android.webview.chromium.WebViewChromium.onDraw:35 android.webkit.WebView.onDraw:2959 
2025-11-01 18:33:33.480 32466-32466 View                    com.udry.app                         I  setRequestedFrameRate frameRate=-4.0, this=com.getcapacitor.CapacitorWebView{4395b14 VFEDHVC.. .F...... 0,0-1080,2205 #7f0901c6 app:id/webview aid=1073741824}, caller=WV.ef.b:1 WV.fg.h:118 WV.fg.onDraw:7 com.android.webview.chromium.WebViewChromium.onDraw:35 android.webkit.WebView.onDraw:2959 
2025-11-01 18:33:33.488  1027-1461  NetdEventL...nerService system_server                        D  DNS Requested by 104, 10335(com.udry.app), SUCCESS, 36ms
2025-11-01 18:33:33.493 32466-32466 View                    com.udry.app                         I  setRequestedFrameRate frameRate=-4.0, this=com.getcapacitor.CapacitorWebView{4395b14 VFEDHVC.. .F...... 0,0-1080,2205 #7f0901c6 app:id/webview aid=1073741824}, caller=WV.ef.b:1 WV.fg.h:118 WV.fg.onDraw:7 com.android.webview.chromium.WebViewChromium.onDraw:35 android.webkit.WebView.onDraw:2959 
2025-11-01 18:33:33.505 32466-32466 View                    com.udry.app                         I  setRequestedFrameRate frameRate=-4.0, this=com.getcapacitor.CapacitorWebView{4395b14 VFEDHVC.. .F...... 0,0-1080,2205 #7f0901c6 app:id/webview aid=1073741824}, caller=WV.ef.b:1 WV.fg.h:118 WV.fg.onDraw:7 com.android.webview.chromium.WebViewChromium.onDraw:35 android.webkit.WebView.onDraw:2959 
2025-11-01 18:33:33.521 32466-32466 View                    com.udry.app                         I  setRequestedFrameRate frameRate=-4.0, this=com.getcapacitor.CapacitorWebView{4395b14 VFEDHVC.. .F...... 0,0-1080,2205 #7f0901c6 app:id/webview aid=1073741824}, caller=WV.ef.b:1 WV.fg.h:118 WV.fg.onDraw:7 com.android.webview.chromium.WebViewChromium.onDraw:35 android.webkit.WebView.onDraw:2959 
2025-11-01 18:33:33.528 32466-32466 View                    com.udry.app                         I  setRequestedFrameRate frameRate=-4.0, this=com.getcapacitor.CapacitorWebView{4395b14 VFEDHVC.. .F...... 0,0-1080,2205 #7f0901c6 app:id/webview aid=1073741824}, caller=WV.ef.b:1 WV.fg.h:118 WV.fg.onDraw:7 com.android.webview.chromium.WebViewChromium.onDraw:35 android.webkit.WebView.onDraw:2959 
2025-11-01 18:33:33.541 32466-32466 View                    com.udry.app                         I  setRequestedFrameRate frameRate=-4.0, this=com.getcapacitor.CapacitorWebView{4395b14 VFEDHVC.. .F...... 0,0-1080,2205 #7f0901c6 app:id/webview aid=1073741824}, caller=WV.ef.b:1 WV.fg.h:118 WV.fg.onDraw:7 com.android.webview.chromium.WebViewChromium.onDraw:35 android.webkit.WebView.onDraw:2959 
2025-11-01 18:33:33.554 32466-32466 View                    com.udry.app                         I  setRequestedFrameRate frameRate=-4.0, this=com.getcapacitor.CapacitorWebView{4395b14 VFEDHVC.. .F...... 0,0-1080,2205 #7f0901c6 app:id/webview aid=1073741824}, caller=WV.ef.b:1 WV.fg.h:118 WV.fg.onDraw:7 com.android.webview.chromium.WebViewChromium.onDraw:35 android.webkit.WebView.onDraw:2959 
2025-11-01 18:33:33.568 32466-32466 View                    com.udry.app                         I  setRequestedFrameRate frameRate=-4.0, this=com.getcapacitor.CapacitorWebView{4395b14 VFEDHVC.. .F...... 0,0-1080,2205 #7f0901c6 app:id/webview aid=1073741824}, caller=WV.ef.b:1 WV.fg.h:118 WV.fg.onDraw:7 com.android.webview.chromium.WebViewChromium.onDraw:35 android.webkit.WebView.onDraw:2959 
2025-11-01 18:33:33.575 32466-32466 View                    com.udry.app                         I  setRequestedFrameRate frameRate=-4.0, this=com.getcapacitor.CapacitorWebView{4395b14 VFEDHVC.. .F...... 0,0-1080,2205 #7f0901c6 app:id/webview aid=1073741824}, caller=WV.ef.b:1 WV.fg.h:118 WV.fg.onDraw:7 com.android.webview.chromium.WebViewChromium.onDraw:35 android.webkit.WebView.onDraw:2959 
2025-11-01 18:33:33.584 32466-32466 View                    com.udry.app                         I  setRequestedFrameRate frameRate=-4.0, this=com.getcapacitor.CapacitorWebView{4395b14 VFEDHVC.. .F...... 0,0-1080,2205 #7f0901c6 app:id/webview aid=1073741824}, caller=WV.ef.b:1 WV.fg.h:118 WV.fg.onDraw:7 com.android.webview.chromium.WebViewChromium.onDraw:35 android.webkit.WebView.onDraw:2959 
2025-11-01 18:33:33.596 32466-32466 View                    com.udry.app                         I  setRequestedFrameRate frameRate=-4.0, this=com.getcapacitor.CapacitorWebView{4395b14 VFEDHVC.. .F...... 0,0-1080,2205 #7f0901c6 app:id/webview aid=1073741824}, caller=WV.ef.b:1 WV.fg.h:118 WV.fg.onDraw:7 com.android.webview.chromium.WebViewChromium.onDraw:35 android.webkit.WebView.onDraw:2959 
2025-11-01 18:33:33.607 32466-32466 View                    com.udry.app                         I  setRequestedFrameRate frameRate=-4.0, this=com.getcapacitor.CapacitorWebView{4395b14 VFEDHVC.. .F...... 0,0-1080,2205 #7f0901c6 app:id/webview aid=1073741824}, caller=WV.ef.b:1 WV.fg.h:118 WV.fg.onDraw:7 com.android.webview.chromium.WebViewChromium.onDraw:35 android.webkit.WebView.onDraw:2959 
2025-11-01 18:33:33.615  1027-1109  GestureDetector         system_server                        I  handleMessage TAP
2025-11-01 18:33:33.616  1027-1027  GestureDetector         system_server                        I  handleMessage TAP
2025-11-01 18:33:33.617 32466-32466 View                    com.udry.app                         I  setRequestedFrameRate frameRate=-4.0, this=com.getcapacitor.CapacitorWebView{4395b14 VFEDHVC.. .F...... 0,0-1080,2205 #7f0901c6 app:id/webview aid=1073741824}, caller=WV.ef.b:1 WV.fg.h:118 WV.fg.onDraw:7 com.android.webview.chromium.WebViewChromium.onDraw:35 android.webkit.WebView.onDraw:2959 
2025-11-01 18:33:33.629 32466-32466 View                    com.udry.app                         I  setRequestedFrameRate frameRate=-4.0, this=com.getcapacitor.CapacitorWebView{4395b14 VFEDHVC.. .F...... 0,0-1080,2205 #7f0901c6 app:id/webview aid=1073741824}, caller=WV.ef.b:1 WV.fg.h:118 WV.fg.onDraw:7 com.android.webview.chromium.WebViewChromium.onDraw:35 android.webkit.WebView.onDraw:2959 
2025-11-01 18:33:33.639 32466-32466 View                    com.udry.app                         I  setRequestedFrameRate frameRate=-4.0, this=com.getcapacitor.CapacitorWebView{4395b14 VFEDHVC.. .F...... 0,0-1080,2205 #7f0901c6 app:id/webview aid=1073741824}, caller=WV.ef.b:1 WV.fg.h:118 WV.fg.onDraw:7 com.android.webview.chromium.WebViewChromium.onDraw:35 android.webkit.WebView.onDraw:2959 
2025-11-01 18:33:33.650 32466-32466 View                    com.udry.app                         I  setRequestedFrameRate frameRate=-4.0, this=com.getcapacitor.CapacitorWebView{4395b14 VFEDHVC.. .F...... 0,0-1080,2205 #7f0901c6 app:id/webview aid=1073741824}, caller=WV.ef.b:1 WV.fg.h:118 WV.fg.onDraw:7 com.android.webview.chromium.WebViewChromium.onDraw:35 android.webkit.WebView.onDraw:2959 
2025-11-01 18:33:33.662 32466-32466 View                    com.udry.app                         I  setRequestedFrameRate frameRate=-4.0, this=com.getcapacitor.CapacitorWebView{4395b14 VFEDHVC.. .F...... 0,0-1080,2205 #7f0901c6 app:id/webview aid=1073741824}, caller=WV.ef.b:1 WV.fg.h:118 WV.fg.onDraw:7 com.android.webview.chromium.WebViewChromium.onDraw:35 android.webkit.WebView.onDraw:2959 
2025-11-01 18:33:33.673 32466-32466 View                    com.udry.app                         I  setRequestedFrameRate frameRate=-4.0, this=com.getcapacitor.CapacitorWebView{4395b14 VFEDHVC.. .F...... 0,0-1080,2205 #7f0901c6 app:id/webview aid=1073741824}, caller=WV.ef.b:1 WV.fg.h:118 WV.fg.onDraw:7 com.android.webview.chromium.WebViewChromium.onDraw:35 android.webkit.WebView.onDraw:2959 
2025-11-01 18:33:33.684 32466-32466 View                    com.udry.app                         I  setRequestedFrameRate frameRate=-4.0, this=com.getcapacitor.CapacitorWebView{4395b14 VFEDHVC.. .F...... 0,0-1080,2205 #7f0901c6 app:id/webview aid=1073741824}, caller=WV.ef.b:1 WV.fg.h:118 WV.fg.onDraw:7 com.android.webview.chromium.WebViewChromium.onDraw:35 android.webkit.WebView.onDraw:2959 
2025-11-01 18:33:33.695 32466-32466 View                    com.udry.app                         I  setRequestedFrameRate frameRate=-4.0, this=com.getcapacitor.CapacitorWebView{4395b14 VFEDHVC.. .F...... 0,0-1080,2205 #7f0901c6 app:id/webview aid=1073741824}, caller=WV.ef.b:1 WV.fg.h:118 WV.fg.onDraw:7 com.android.webview.chromium.WebViewChromium.onDraw:35 android.webkit.WebView.onDraw:2959 
2025-11-01 18:33:33.695 15286-1280  NearbyMediums           com.google.android.gms.persistent    I  No BLE Fast/GATT advertisements found in the latest cycle.
2025-11-01 18:33:33.696 15286-1280  NearbyMediums           com.google.android.gms.persistent    I  Current Tracked Scanning Clients are : {NearbyConnections.EnvironmentMonitor, NearbySharing, NearbyConnections.TxAdvertisement}
2025-11-01 18:33:33.696 15286-1504  NearbyConnections       com.google.android.gms.persistent    I  Processing lost BlePeripheral BlePeripheral{advertisement=BleAdvertisement { version=2, socketVersion=2, isFast=true, serviceIdHash=null, data=[ 0x23 0x39 0x51 0x50 0x46 0x11 0x32 0x66 0x0d 0x85 0x20 0x8a 0x9b 0x99 0x5f 0xef 0xfb 0xdd 0xda 0x86 0x49 0xe5 0xe2 ], deviceToken=[ 0xde 0xfd ], rxAdvertisement=null }, dctAdvertisement=null, address=null, psm=0, deviceToken=<ByteString@7cd6e64 size=2 contents="\336\375">, isSecondProfile=false, rxInstantConnectionAdv=null}.
2025-11-01 18:33:33.697 15286-1504  NearbyConnections       com.google.android.gms.persistent    I  Lost BleEndpoint for BlePeripheral BlePeripheral{advertisement=BleAdvertisement { version=2, socketVersion=2, isFast=true, serviceIdHash=null, data=[ 0x23 0x39 0x51 0x50 0x46 0x11 0x32 0x66 0x0d 0x85 0x20 0x8a 0x9b 0x99 0x5f 0xef 0xfb 0xdd 0xda 0x86 0x49 0xe5 0xe2 ], deviceToken=[ 0xde 0xfd ], rxAdvertisement=null }, dctAdvertisement=null, address=null, psm=0, deviceToken=<ByteString@7cd6e64 size=2 contents="\336\375">, isSecondProfile=false, rxInstantConnectionAdv=null} (with EndpointId 9QPF and EndpointInfo [ 0x32 0x66 0x0d 0x85 0x20 0x8a 0x9b 0x99 0x5f 0xef 0xfb 0xdd 0xda 0x86 0x49 0xe5 0xe2 ]).
2025-11-01 18:33:33.697 15286-1504  NearbyConnections       com.google.android.gms.persistent    I  Unable to record lost endpoint due to null currentDiscoveryPhase
2025-11-01 18:33:33.697 15286-1504  NearbyConnections       com.google.android.gms.persistent    I  ClientProxy(66426270) reporting onEndpointLost(9QPF)
2025-11-01 18:33:33.701 15286-1280  NearbySharing           com.google.android.gms.persistent    I  NearbySharing Internal event EndpointLost(endpointId=9QPF)
2025-11-01 18:33:33.706 32466-32466 View                    com.udry.app                         I  setRequestedFrameRate frameRate=-4.0, this=com.getcapacitor.CapacitorWebView{4395b14 VFEDHVC.. .F...... 0,0-1080,2205 #7f0901c6 app:id/webview aid=1073741824}, caller=WV.ef.b:1 WV.fg.h:118 WV.fg.onDraw:7 com.android.webview.chromium.WebViewChromium.onDraw:35 android.webkit.WebView.onDraw:2959 
2025-11-01 18:33:33.717 32466-32466 View                    com.udry.app                         I  setRequestedFrameRate frameRate=-4.0, this=com.getcapacitor.CapacitorWebView{4395b14 VFEDHVC.. .F...... 0,0-1080,2205 #7f0901c6 app:id/webview aid=1073741824}, caller=WV.ef.b:1 WV.fg.h:118 WV.fg.onDraw:7 com.android.webview.chromium.WebViewChromium.onDraw:35 android.webkit.WebView.onDraw:2959 
2025-11-01 18:33:33.728 32466-32466 View                    com.udry.app                         I  setRequestedFrameRate frameRate=-4.0, this=com.getcapacitor.CapacitorWebView{4395b14 VFEDHVC.. .F...... 0,0-1080,2205 #7f0901c6 app:id/webview aid=1073741824}, caller=WV.ef.b:1 WV.fg.h:118 WV.fg.onDraw:7 com.android.webview.chromium.WebViewChromium.onDraw:35 android.webkit.WebView.onDraw:2959 
2025-11-01 18:33:33.739 32466-32466 View                    com.udry.app                         I  setRequestedFrameRate frameRate=-4.0, this=com.getcapacitor.CapacitorWebView{4395b14 VFEDHVC.. .F...... 0,0-1080,2205 #7f0901c6 app:id/webview aid=1073741824}, caller=WV.ef.b:1 WV.fg.h:118 WV.fg.onDraw:7 com.android.webview.chromium.WebViewChromium.onDraw:35 android.webkit.WebView.onDraw:2959 
2025-11-01 18:33:33.751 32466-32466 View                    com.udry.app                         I  setRequestedFrameRate frameRate=-4.0, this=com.getcapacitor.CapacitorWebView{4395b14 VFEDHVC.. .F...... 0,0-1080,2205 #7f0901c6 app:id/webview aid=1073741824}, caller=WV.ef.b:1 WV.fg.h:118 WV.fg.onDraw:7 com.android.webview.chromium.WebViewChromium.onDraw:35 android.webkit.WebView.onDraw:2959 
2025-11-01 18:33:33.763 32466-32466 View                    com.udry.app                         I  setRequestedFrameRate frameRate=-4.0, this=com.getcapacitor.CapacitorWebView{4395b14 VFEDHVC.. .F...... 0,0-1080,2205 #7f0901c6 app:id/webview aid=1073741824}, caller=WV.ef.b:1 WV.fg.h:118 WV.fg.onDraw:7 com.android.webview.chromium.WebViewChromium.onDraw:35 android.webkit.WebView.onDraw:2959 
2025-11-01 18:33:33.784 32466-32466 View                    com.udry.app                         I  setRequestedFrameRate frameRate=-4.0, this=com.getcapacitor.CapacitorWebView{4395b14 VFEDHVC.. .F...... 0,0-1080,2205 #7f0901c6 app:id/webview aid=1073741824}, caller=WV.ef.b:1 WV.fg.h:118 WV.fg.onDraw:7 com.android.webview.chromium.WebViewChromium.onDraw:35 android.webkit.WebView.onDraw:2959 
2025-11-01 18:33:33.796 32466-32466 View                    com.udry.app                         I  setRequestedFrameRate frameRate=-4.0, this=com.getcapacitor.CapacitorWebView{4395b14 VFEDHVC.. .F...... 0,0-1080,2205 #7f0901c6 app:id/webview aid=1073741824}, caller=WV.ef.b:1 WV.fg.h:118 WV.fg.onDraw:7 com.android.webview.chromium.WebViewChromium.onDraw:35 android.webkit.WebView.onDraw:2959 
2025-11-01 18:33:33.806 32466-32466 View                    com.udry.app                         I  setRequestedFrameRate frameRate=-4.0, this=com.getcapacitor.CapacitorWebView{4395b14 VFEDHVC.. .F...... 0,0-1080,2205 #7f0901c6 app:id/webview aid=1073741824}, caller=WV.ef.b:1 WV.fg.h:118 WV.fg.onDraw:7 com.android.webview.chromium.WebViewChromium.onDraw:35 android.webkit.WebView.onDraw:2959 
2025-11-01 18:33:33.828 32466-32466 View                    com.udry.app                         I  setRequestedFrameRate frameRate=-4.0, this=com.getcapacitor.CapacitorWebView{4395b14 VFEDHVC.. .F...... 0,0-1080,2205 #7f0901c6 app:id/webview aid=1073741824}, caller=WV.ef.b:1 WV.fg.h:118 WV.fg.onDraw:7 com.android.webview.chromium.WebViewChromium.onDraw:35 android.webkit.WebView.onDraw:2959 
2025-11-01 18:33:33.839 32466-32466 View                    com.udry.app                         I  setRequestedFrameRate frameRate=-4.0, this=com.getcapacitor.CapacitorWebView{4395b14 VFEDHVC.. .F...... 0,0-1080,2205 #7f0901c6 app:id/webview aid=1073741824}, caller=WV.ef.b:1 WV.fg.h:118 WV.fg.onDraw:7 com.android.webview.chromium.WebViewChromium.onDraw:35 android.webkit.WebView.onDraw:2959 
2025-11-01 18:33:33.862 32466-32466 View                    com.udry.app                         I  setRequestedFrameRate frameRate=-4.0, this=com.getcapacitor.CapacitorWebView{4395b14 VFEDHVC.. .F...... 0,0-1080,2205 #7f0901c6 app:id/webview aid=1073741824}, caller=WV.ef.b:1 WV.fg.h:118 WV.fg.onDraw:7 com.android.webview.chromium.WebViewChromium.onDraw:35 android.webkit.WebView.onDraw:2959 
2025-11-01 18:33:33.873 32466-32466 View                    com.udry.app                         I  setRequestedFrameRate frameRate=-4.0, this=com.getcapacitor.CapacitorWebView{4395b14 VFEDHVC.. .F...... 0,0-1080,2205 #7f0901c6 app:id/webview aid=1073741824}, caller=WV.ef.b:1 WV.fg.h:118 WV.fg.onDraw:7 com.android.webview.chromium.WebViewChromium.onDraw:35 android.webkit.WebView.onDraw:2959 
2025-11-01 18:33:33.885 32466-32466 View                    com.udry.app                         I  setRequestedFrameRate frameRate=-4.0, this=com.getcapacitor.CapacitorWebView{4395b14 VFEDHVC.. .F...... 0,0-1080,2205 #7f0901c6 app:id/webview aid=1073741824}, caller=WV.ef.b:1 WV.fg.h:118 WV.fg.onDraw:7 com.android.webview.chromium.WebViewChromium.onDraw:35 android.webkit.WebView.onDraw:2959 
2025-11-01 18:33:33.906 32466-32466 View                    com.udry.app                         I  setRequestedFrameRate frameRate=-4.0, this=com.getcapacitor.CapacitorWebView{4395b14 VFEDHVC.. .F...... 0,0-1080,2205 #7f0901c6 app:id/webview aid=1073741824}, caller=WV.ef.b:1 WV.fg.h:118 WV.fg.onDraw:7 com.android.webview.chromium.WebViewChromium.onDraw:35 android.webkit.WebView.onDraw:2959 
2025-11-01 18:33:33.918 32466-32466 View                    com.udry.app                         I  setRequestedFrameRate frameRate=-4.0, this=com.getcapacitor.CapacitorWebView{4395b14 VFEDHVC.. .F...... 0,0-1080,2205 #7f0901c6 app:id/webview aid=1073741824}, caller=WV.ef.b:1 WV.fg.h:118 WV.fg.onDraw:7 com.android.webview.chromium.WebViewChromium.onDraw:35 android.webkit.WebView.onDraw:2959 
2025-11-01 18:33:33.929 32466-32466 View                    com.udry.app                         I  setRequestedFrameRate frameRate=-4.0, this=com.getcapacitor.CapacitorWebView{4395b14 VFEDHVC.. .F...... 0,0-1080,2205 #7f0901c6 app:id/webview aid=1073741824}, caller=WV.ef.b:1 WV.fg.h:118 WV.fg.onDraw:7 com.android.webview.chromium.WebViewChromium.onDraw:35 android.webkit.WebView.onDraw:2959 
2025-11-01 18:33:33.940 32466-32466 View                    com.udry.app                         I  setRequestedFrameRate frameRate=-4.0, this=com.getcapacitor.CapacitorWebView{4395b14 VFEDHVC.. .F...... 0,0-1080,2205 #7f0901c6 app:id/webview aid=1073741824}, caller=WV.ef.b:1 WV.fg.h:118 WV.fg.onDraw:7 com.android.webview.chromium.WebViewChromium.onDraw:35 android.webkit.WebView.onDraw:2959 
2025-11-01 18:33:33.951 32466-32466 View                    com.udry.app                         I  setRequestedFrameRate frameRate=-4.0, this=com.getcapacitor.CapacitorWebView{4395b14 VFEDHVC.. .F...... 0,0-1080,2205 #7f0901c6 app:id/webview aid=1073741824}, caller=WV.ef.b:1 WV.fg.h:118 WV.fg.onDraw:7 com.android.webview.chromium.WebViewChromium.onDraw:35 android.webkit.WebView.onDraw:2959 
2025-11-01 18:33:33.973 32466-32466 View                    com.udry.app                         I  setRequestedFrameRate frameRate=-4.0, this=com.getcapacitor.CapacitorWebView{4395b14 VFEDHVC.. .F...... 0,0-1080,2205 #7f0901c6 app:id/webview aid=1073741824}, caller=WV.ef.b:1 WV.fg.h:118 WV.fg.onDraw:7 com.android.webview.chromium.WebViewChromium.onDraw:35 android.webkit.WebView.onDraw:2959 
2025-11-01 18:33:33.984 32466-32466 View                    com.udry.app                         I  setRequestedFrameRate frameRate=-4.0, this=com.getcapacitor.CapacitorWebView{4395b14 VFEDHVC.. .F...... 0,0-1080,2205 #7f0901c6 app:id/webview aid=1073741824}, caller=WV.ef.b:1 WV.fg.h:118 WV.fg.onDraw:7 com.android.webview.chromium.WebViewChromium.onDraw:35 android.webkit.WebView.onDraw:2959 
2025-11-01 18:33:34.006 32466-32466 View                    com.udry.app                         I  setRequestedFrameRate frameRate=-4.0, this=com.getcapacitor.CapacitorWebView{4395b14 VFEDHVC.. .F...... 0,0-1080,2205 #7f0901c6 app:id/webview aid=1073741824}, caller=WV.ef.b:1 WV.fg.h:118 WV.fg.onDraw:7 com.android.webview.chromium.WebViewChromium.onDraw:35 android.webkit.WebView.onDraw:2959 
2025-11-01 18:33:34.018 32466-32466 View                    com.udry.app                         I  setRequestedFrameRate frameRate=-4.0, this=com.getcapacitor.CapacitorWebView{4395b14 VFEDHVC.. .F...... 0,0-1080,2205 #7f0901c6 app:id/webview aid=1073741824}, caller=WV.ef.b:1 WV.fg.h:118 WV.fg.onDraw:7 com.android.webview.chromium.WebViewChromium.onDraw:35 android.webkit.WebView.onDraw:2959 
2025-11-01 18:33:34.040 32466-32466 View                    com.udry.app                         I  setRequestedFrameRate frameRate=-4.0, this=com.getcapacitor.CapacitorWebView{4395b14 VFEDHVC.. .F...... 0,0-1080,2205 #7f0901c6 app:id/webview aid=1073741824}, caller=WV.ef.b:1 WV.fg.h:118 WV.fg.onDraw:7 com.android.webview.chromium.WebViewChromium.onDraw:35 android.webkit.WebView.onDraw:2959 
2025-11-01 18:33:34.051 32466-32466 View                    com.udry.app                         I  setRequestedFrameRate frameRate=-4.0, this=com.getcapacitor.CapacitorWebView{4395b14 VFEDHVC.. .F...... 0,0-1080,2205 #7f0901c6 app:id/webview aid=1073741824}, caller=WV.ef.b:1 WV.fg.h:118 WV.fg.onDraw:7 com.android.webview.chromium.WebViewChromium.onDraw:35 android.webkit.WebView.onDraw:2959 
2025-11-01 18:33:34.073 32466-32466 View                    com.udry.app                         I  setRequestedFrameRate frameRate=-4.0, this=com.getcapacitor.CapacitorWebView{4395b14 VFEDHVC.. .F...... 0,0-1080,2205 #7f0901c6 app:id/webview aid=1073741824}, caller=WV.ef.b:1 WV.fg.h:118 WV.fg.onDraw:7 com.android.webview.chromium.WebViewChromium.onDraw:35 android.webkit.WebView.onDraw:2959 
2025-11-01 18:33:34.085 32466-32466 View                    com.udry.app                         I  setRequestedFrameRate frameRate=-4.0, this=com.getcapacitor.CapacitorWebView{4395b14 VFEDHVC.. .F...... 0,0-1080,2205 #7f0901c6 app:id/webview aid=1073741824}, caller=WV.ef.b:1 WV.fg.h:118 WV.fg.onDraw:7 com.android.webview.chromium.WebViewChromium.onDraw:35 android.webkit.WebView.onDraw:2959 
2025-11-01 18:33:34.107 32466-32466 View                    com.udry.app                         I  setRequestedFrameRate frameRate=-4.0, this=com.getcapacitor.CapacitorWebView{4395b14 VFEDHVC.. .F...... 0,0-1080,2205 #7f0901c6 app:id/webview aid=1073741824}, caller=WV.ef.b:1 WV.fg.h:118 WV.fg.onDraw:7 com.android.webview.chromium.WebViewChromium.onDraw:35 android.webkit.WebView.onDraw:2959 
2025-11-01 18:33:34.118 32466-32466 View                    com.udry.app                         I  setRequestedFrameRate frameRate=-4.0, this=com.getcapacitor.CapacitorWebView{4395b14 VFEDHVC.. .F...... 0,0-1080,2205 #7f0901c6 app:id/webview aid=1073741824}, caller=WV.ef.b:1 WV.fg.h:118 WV.fg.onDraw:7 com.android.webview.chromium.WebViewChromium.onDraw:35 android.webkit.WebView.onDraw:2959 
2025-11-01 18:33:34.129 32466-32466 View                    com.udry.app                         I  setRequestedFrameRate frameRate=-4.0, this=com.getcapacitor.CapacitorWebView{4395b14 VFEDHVC.. .F...... 0,0-1080,2205 #7f0901c6 app:id/webview aid=1073741824}, caller=WV.ef.b:1 WV.fg.h:118 WV.fg.onDraw:7 com.android.webview.chromium.WebViewChromium.onDraw:35 android.webkit.WebView.onDraw:2959 
2025-11-01 18:33:34.141 32466-32466 View                    com.udry.app                         I  setRequestedFrameRate frameRate=-4.0, this=com.getcapacitor.CapacitorWebView{4395b14 VFEDHVC.. .F...... 0,0-1080,2205 #7f0901c6 app:id/webview aid=1073741824}, caller=WV.ef.b:1 WV.fg.h:118 WV.fg.onDraw:7 com.android.webview.chromium.WebViewChromium.onDraw:35 android.webkit.WebView.onDraw:2959 
2025-11-01 18:33:34.151 32466-32466 View                    com.udry.app                         I  setRequestedFrameRate frameRate=-4.0, this=com.getcapacitor.CapacitorWebView{4395b14 VFEDHVC.. .F...... 0,0-1080,2205 #7f0901c6 app:id/webview aid=1073741824}, caller=WV.ef.b:1 WV.fg.h:118 WV.fg.onDraw:7 com.android.webview.chromium.WebViewChromium.onDraw:35 android.webkit.WebView.onDraw:2959 
2025-11-01 18:33:34.163 32466-32466 View                    com.udry.app                         I  setRequestedFrameRate frameRate=-4.0, this=com.getcapacitor.CapacitorWebView{4395b14 VFEDHVC.. .F...... 0,0-1080,2205 #7f0901c6 app:id/webview aid=1073741824}, caller=WV.ef.b:1 WV.fg.h:118 WV.fg.onDraw:7 com.android.webview.chromium.WebViewChromium.onDraw:35 android.webkit.WebView.onDraw:2959 
2025-11-01 18:33:34.175 32466-32466 View                    com.udry.app                         I  setRequestedFrameRate frameRate=-4.0, this=com.getcapacitor.CapacitorWebView{4395b14 VFEDHVC.. .F...... 0,0-1080,2205 #7f0901c6 app:id/webview aid=1073741824}, caller=WV.ef.b:1 WV.fg.h:118 WV.fg.onDraw:7 com.android.webview.chromium.WebViewChromium.onDraw:35 android.webkit.WebView.onDraw:2959 
2025-11-01 18:33:34.188 32466-32466 View                    com.udry.app                         I  setRequestedFrameRate frameRate=-4.0, this=com.getcapacitor.CapacitorWebView{4395b14 VFEDHVC.. .F...... 0,0-1080,2205 #7f0901c6 app:id/webview aid=1073741824}, caller=WV.ef.b:1 WV.fg.h:118 WV.fg.onDraw:7 com.android.webview.chromium.WebViewChromium.onDraw:35 android.webkit.WebView.onDraw:2959 
2025-11-01 18:33:34.199 32466-32466 View                    com.udry.app                         I  setRequestedFrameRate frameRate=-4.0, this=com.getcapacitor.CapacitorWebView{4395b14 VFEDHVC.. .F...... 0,0-1080,2205 #7f0901c6 app:id/webview aid=1073741824}, caller=WV.ef.b:1 WV.fg.h:118 WV.fg.onDraw:7 com.android.webview.chromium.WebViewChromium.onDraw:35 android.webkit.WebView.onDraw:2959 
2025-11-01 18:33:34.209 32466-32466 View                    com.udry.app                         I  setRequestedFrameRate frameRate=-4.0, this=com.getcapacitor.CapacitorWebView{4395b14 VFEDHVC.. .F...... 0,0-1080,2205 #7f0901c6 app:id/webview aid=1073741824}, caller=WV.ef.b:1 WV.fg.h:118 WV.fg.onDraw:7 com.android.webview.chromium.WebViewChromium.onDraw:35 android.webkit.WebView.onDraw:2959 
2025-11-01 18:33:34.219 32466-32466 View                    com.udry.app                         I  setRequestedFrameRate frameRate=-4.0, this=com.getcapacitor.CapacitorWebView{4395b14 VFEDHVC.. .F...... 0,0-1080,2205 #7f0901c6 app:id/webview aid=1073741824}, caller=WV.ef.b:1 WV.fg.h:118 WV.fg.onDraw:7 com.android.webview.chromium.WebViewChromium.onDraw:35 android.webkit.WebView.onDraw:2959 
2025-11-01 18:33:34.230 32466-32466 View                    com.udry.app                         I  setRequestedFrameRate frameRate=-4.0, this=com.getcapacitor.CapacitorWebView{4395b14 VFEDHVC.. .F...... 0,0-1080,2205 #7f0901c6 app:id/webview aid=1073741824}, caller=WV.ef.b:1 WV.fg.h:118 WV.fg.onDraw:7 com.android.webview.chromium.WebViewChromium.onDraw:35 android.webkit.WebView.onDraw:2959 
2025-11-01 18:33:34.240 32466-32466 View                    com.udry.app                         I  setRequestedFrameRate frameRate=-4.0, this=com.getcapacitor.CapacitorWebView{4395b14 VFEDHVC.. .F...... 0,0-1080,2205 #7f0901c6 app:id/webview aid=1073741824}, caller=WV.ef.b:1 WV.fg.h:118 WV.fg.onDraw:7 com.android.webview.chromium.WebViewChromium.onDraw:35 android.webkit.WebView.onDraw:2959 
2025-11-01 18:33:34.251 32466-32466 View                    com.udry.app                         I  setRequestedFrameRate frameRate=-4.0, this=com.getcapacitor.CapacitorWebView{4395b14 VFEDHVC.. .F...... 0,0-1080,2205 #7f0901c6 app:id/webview aid=1073741824}, caller=WV.ef.b:1 WV.fg.h:118 WV.fg.onDraw:7 com.android.webview.chromium.WebViewChromium.onDraw:35 android.webkit.WebView.onDraw:2959 
2025-11-01 18:33:34.262 32466-32466 View                    com.udry.app                         I  setRequestedFrameRate frameRate=-4.0, this=com.getcapacitor.CapacitorWebView{4395b14 VFEDHVC.. .F...... 0,0-1080,2205 #7f0901c6 app:id/webview aid=1073741824}, caller=WV.ef.b:1 WV.fg.h:118 WV.fg.onDraw:7 com.android.webview.chromium.WebViewChromium.onDraw:35 android.webkit.WebView.onDraw:2959 
2025-11-01 18:33:34.284 32466-32466 View                    com.udry.app                         I  setRequestedFrameRate frameRate=-4.0, this=com.getcapacitor.CapacitorWebView{4395b14 VFEDHVC.. .F...... 0,0-1080,2205 #7f0901c6 app:id/webview aid=1073741824}, caller=WV.ef.b:1 WV.fg.h:118 WV.fg.onDraw:7 com.android.webview.chromium.WebViewChromium.onDraw:35 android.webkit.WebView.onDraw:2959 
2025-11-01 18:33:34.297 32466-32466 View                    com.udry.app                         I  setRequestedFrameRate frameRate=-4.0, this=com.getcapacitor.CapacitorWebView{4395b14 VFEDHVC.. .F...... 0,0-1080,2205 #7f0901c6 app:id/webview aid=1073741824}, caller=WV.ef.b:1 WV.fg.h:118 WV.fg.onDraw:7 com.android.webview.chromium.WebViewChromium.onDraw:35 android.webkit.WebView.onDraw:2959 
2025-11-01 18:33:34.318 32466-32466 View                    com.udry.app                         I  setRequestedFrameRate frameRate=-4.0, this=com.getcapacitor.CapacitorWebView{4395b14 VFEDHVC.. .F...... 0,0-1080,2205 #7f0901c6 app:id/webview aid=1073741824}, caller=WV.ef.b:1 WV.fg.h:118 WV.fg.onDraw:7 com.android.webview.chromium.WebViewChromium.onDraw:35 android.webkit.WebView.onDraw:2959 
2025-11-01 18:33:34.329 32466-32466 View                    com.udry.app                         I  setRequestedFrameRate frameRate=-4.0, this=com.getcapacitor.CapacitorWebView{4395b14 VFEDHVC.. .F...... 0,0-1080,2205 #7f0901c6 app:id/webview aid=1073741824}, caller=WV.ef.b:1 WV.fg.h:118 WV.fg.onDraw:7 com.android.webview.chromium.WebViewChromium.onDraw:35 android.webkit.WebView.onDraw:2959 
2025-11-01 18:33:34.351 32466-32466 View                    com.udry.app                         I  setRequestedFrameRate frameRate=-4.0, this=com.getcapacitor.CapacitorWebView{4395b14 VFEDHVC.. .F...... 0,0-1080,2205 #7f0901c6 app:id/webview aid=1073741824}, caller=WV.ef.b:1 WV.fg.h:118 WV.fg.onDraw:7 com.android.webview.chromium.WebViewChromium.onDraw:35 android.webkit.WebView.onDraw:2959 
2025-11-01 18:33:34.362 32466-32466 View                    com.udry.app                         I  setRequestedFrameRate frameRate=-4.0, this=com.getcapacitor.CapacitorWebView{4395b14 VFEDHVC.. .F...... 0,0-1080,2205 #7f0901c6 app:id/webview aid=1073741824}, caller=WV.ef.b:1 WV.fg.h:118 WV.fg.onDraw:7 com.android.webview.chromium.WebViewChromium.onDraw:35 android.webkit.WebView.onDraw:2959 
2025-11-01 18:33:34.384 32466-32466 View                    com.udry.app                         I  setRequestedFrameRate frameRate=-4.0, this=com.getcapacitor.CapacitorWebView{4395b14 VFEDHVC.. .F...... 0,0-1080,2205 #7f0901c6 app:id/webview aid=1073741824}, caller=WV.ef.b:1 WV.fg.h:118 WV.fg.onDraw:7 com.android.webview.chromium.WebViewChromium.onDraw:35 android.webkit.WebView.onDraw:2959 
2025-11-01 18:33:34.396 32466-32466 View                    com.udry.app                         I  setRequestedFrameRate frameRate=-4.0, this=com.getcapacitor.CapacitorWebView{4395b14 VFEDHVC.. .F...... 0,0-1080,2205 #7f0901c6 app:id/webview aid=1073741824}, caller=WV.ef.b:1 WV.fg.h:118 WV.fg.onDraw:7 com.android.webview.chromium.WebViewChromium.onDraw:35 android.webkit.WebView.onDraw:2959 
