2025-11-02 12:41:54.922 25179-25179 cr_InactivityTracker    com.android.chrome                   I  Last background time read from the SharedPreference is:1762058490364.
2025-11-02 12:41:54.925 25179-25179 cr_ChromeActivity       com.android.chrome                   I  onResumeWithNative: exiting picture in picture if needed
2025-11-02 12:41:54.925 25179-25179 cr_VideoPersist         com.android.chrome                   I  Dismiss activity with reason 0
2025-11-02 12:41:54.927 25179-25179 cr_InactivityTracker    com.android.chrome                   I  Last visible time read from the SharedPreference is:1762058431611.
2025-11-02 12:41:54.938 29447-29447 View                    com.udry.app                         I  setRequestedFrameRate frameRate=-4.0, this=com.getcapacitor.CapacitorWebView{16d4505 VFEDHVC.. .F...... 0,0-1080,2205 #7f0901cb app:id/webview aid=1073741824}, caller=WV.ef.b:1 WV.fg.h:118 WV.fg.onDraw:7 com.android.webview.chromium.WebViewChromium.onDraw:35 android.webkit.WebView.onDraw:2959 
2025-11-02 12:41:54.939 30042-30066 libc                    com.android.chrome                   W  Access denied finding property "ro.mediatek.platform"
2025-11-02 12:41:54.941 25179-25179 SurfaceView@8d574c0     com.android.chrome                   I  onWindowVisibilityChanged(0) false android.view.SurfaceView{8d574c0 V.E...... ........ 0,0-1080,2109} of VRI[Main]@95c91f7
2025-11-02 12:41:54.941 25179-25179 SurfaceView@8d574c0     com.android.chrome                   D  updateSurface: surface is not valid
2025-11-02 12:41:54.941 25179-25179 SurfaceView@8d574c0     com.android.chrome                   I  releaseSurfaces: viewRoot = VRI[Main]@95c91f7
2025-11-02 12:41:54.941 25179-25179 VRI[Main]@95c91f7       com.android.chrome                   D  applyTransactionOnDraw applyImmediately
2025-11-02 12:41:54.941 30042-30066 libc                    com.android.chrome                   W  Access denied finding property "ro.chipname"
2025-11-02 12:41:54.943  1027-1195  WindowManager           system_server                        V  Relayout Window{bd9988f u0 com.android.chrome/com.google.android.apps.chrome.Main}: viewVisibility=0 req=1080x2340 ty=1 d0
2025-11-02 12:41:54.943 25179-25254 cr_OPArchivePublisher   com.android.chrome                   I  ADM threw while trying to remove a download. java.lang.IllegalArgumentException: input param 'ids' can't be null
2025-11-02 12:41:54.943   765-797   SurfaceFlinger          surfaceflinger                       I  id=6796 createSurf, flag=44004, com.android.chrome/com.google.android.apps.chrome.Main$_25179#6796
2025-11-02 12:41:54.944  1027-1195  WindowManager           system_server                        D  makeSurface duration=1 name=com.android.chrome/com.google.android.apps.chrome.Main$_25179
2025-11-02 12:41:54.945  1027-1195  BLASTSyncEngine         system_server                        D  SyncGroup 562:  Unfinished container: ActivityRecord{88523af u0 com.android.chrome/com.google.android.apps.chrome.Main t370} mSyncState=2
2025-11-02 12:41:54.946  1027-1195  WindowManager           system_server                        D  Changing focus from null to Window{bd9988f u0 com.android.chrome/com.google.android.apps.chrome.Main} displayId=0 Callers=com.android.server.wm.WindowManagerService.relayoutWindowInner:142 com.android.server.wm.WindowManagerService.relayoutWindow:6 com.android.server.wm.Session.relayout:27 android.view.IWindowSession$Stub.onTransact:861 
2025-11-02 12:41:54.946   765-765   SurfaceFlinger          surfaceflinger                       I  [com.android.chrome/com.google.android.apps.chrome.Main$_25179#6796] attach to parent LayerHierarchy{RequestedLayerState{bd9988f com.android.chrome/com.google.android.apps.chrome.Main#5758 parentId=3061} 1 children}
2025-11-02 12:41:54.946  1027-1195  WindowManager           system_server                        I  Cancelling animation restarting=true, leash=Surface(name=Surface(name=ccbc14c NavigationBar0)/@0xebfaa14 - animation-leash of insets_animation)/@0xbe01b39
2025-11-02 12:41:54.946  1027-1195  WindowManager           system_server                        I  Reparenting to original parent: Surface(name=WindowToken{b37ad7f type=2019 android.os.BinderProxy@bf294d9})/@0xce5b2bd, destroy=false, syncState=0, syncCommitDepth=0, surface=Surface(name=ccbc14c NavigationBar0)/@0xebfaa14
2025-11-02 12:41:54.946  1027-1195  WindowManager           system_server                        I  Reparenting to leash, surface=Surface(name=ccbc14c NavigationBar0)/@0xebfaa14, syncState=0, syncCommitDepth=0, leashParent=Surface(name=WindowToken{b37ad7f type=2019 android.os.BinderProxy@bf294d9})/@0xce5b2bd
2025-11-02 12:41:54.946   765-796   SurfaceFlinger          surfaceflinger                       I  id=6797 createSurf, flag=24000, Surface(name=ccbc14c NavigationBar0)/@0xebfaa14 - animation-leash of insets_animation#6797
2025-11-02 12:41:54.947  1027-1195  WindowManager           system_server                        D  makeSurface duration=1 leash=Surface(name=Surface(name=ccbc14c NavigationBar0)/@0xebfaa14 - animation-leash of insets_animation)/@0xe8aee22
2025-11-02 12:41:54.947  1027-1195  InsetsSourceProvider    system_server                        D  updateControlForTarget: control=InsetsSourceControl: {79c40001 mType=navigationBars initiallyVisible mSurfacePosition=Point(0, 2205) mInsetsHint=Insets{left=0, top=0, right=0, bottom=135}}, target=Window{bd9988f u0 com.android.chrome/com.google.android.apps.chrome.Main}, from=com.android.server.wm.InsetsStateController.onControlTargetChanged:81 com.android.server.wm.InsetsPolicy.updateBarControlTarget:176 com.android.server.wm.DisplayPolicy.updateSystemBarAttributes:281 com.android.server.wm.WindowManagerService.updateFocusedWindowLocked:375 com.android.server.wm.WindowManagerService.relayoutWindowInner:142 
2025-11-02 12:41:54.947  1027-1195  WindowManager           system_server                        I  Cancelling animation restarting=true, leash=Surface(name=Surface(name=c1e4fc2 StatusBar)/@0x1321803 - animation-leash of insets_animation)/@0xb4a432c
2025-11-02 12:41:54.947  1027-1195  WindowManager           system_server                        I  Reparenting to original parent: Surface(name=WindowToken{813abd1 type=2000 android.os.BinderProxy@ae25b})/@0xaf75380, destroy=false, syncState=0, syncCommitDepth=0, surface=Surface(name=c1e4fc2 StatusBar)/@0x1321803
2025-11-02 12:41:54.947  1027-1195  WindowManager           system_server                        I  Reparenting to leash, surface=Surface(name=c1e4fc2 StatusBar)/@0x1321803, syncState=0, syncCommitDepth=0, leashParent=Surface(name=WindowToken{813abd1 type=2000 android.os.BinderProxy@ae25b})/@0xaf75380
2025-11-02 12:41:54.948   765-796   SurfaceFlinger          surfaceflinger                       I  id=6798 createSurf, flag=24000, Surface(name=c1e4fc2 StatusBar)/@0x1321803 - animation-leash of insets_animation#6798
2025-11-02 12:41:54.948  1027-1195  WindowManager           system_server                        D  makeSurface duration=1 leash=Surface(name=Surface(name=c1e4fc2 StatusBar)/@0x1321803 - animation-leash of insets_animation)/@0x39c3670
2025-11-02 12:41:54.949  1027-1195  InsetsSourceProvider    system_server                        D  updateControlForTarget: control=InsetsSourceControl: {31c60000 mType=statusBars initiallyVisible mSurfacePosition=Point(0, 0) mInsetsHint=Insets{left=0, top=96, right=0, bottom=0}}, target=Window{bd9988f u0 com.android.chrome/com.google.android.apps.chrome.Main}, from=com.android.server.wm.InsetsStateController.onControlTargetChanged:81 com.android.server.wm.InsetsPolicy.updateBarControlTarget:163 com.android.server.wm.DisplayPolicy.updateSystemBarAttributes:281 com.android.server.wm.WindowManagerService.updateFocusedWindowLocked:375 com.android.server.wm.WindowManagerService.relayoutWindowInner:142 
2025-11-02 12:41:54.949  1027-1195  WindowManager           system_server                        D  updateSystemBarAttributes: displayId=0, focusedCanBeNavColorWin=false, win=Window{bd9988f u0 com.android.chrome/com.google.android.apps.chrome.Main}, navColorWin=Window{500d174 u0 com.udry.app/com.udry.app.MainActivity}, caller=com.android.server.wm.WindowManagerService.updateFocusedWindowLocked:375 com.android.server.wm.WindowManagerService.relayoutWindowInner:142 com.android.server.wm.WindowManagerService.relayoutWindow:6 
2025-11-02 12:41:54.949  1027-1195  WindowManager           system_server                        D  updateSystemBarAttributes, bhv=1, apr=24, statusBarAprRegions=[AppearanceRegion{LIGHT_STATUS_BARS bounds=[0,0][1080,2340]}], requestedVisibilities=-9
2025-11-02 12:41:54.949  1027-1195  SystemKeyManager        system_server                        V  updateFocusedWindow() is called, com.android.chrome/com.google.android.apps.chrome.Main
2025-11-02 12:41:54.950  1027-1195  WindowManager           system_server                        V  Relayout hash=bd9988f, pid=25179, syncId=-1: mAttrs={(0,0)(fillxfill) sim={state=always_hidden adjust=resize forwardNavigation} layoutInDisplayCutoutMode=always ty=BASE_APPLICATION fmt=TRANSLUCENT wanim=0x1030312 sysuil=true
                                                                                                      fl=81810100
                                                                                                      pfl=10008840
                                                                                                      vsysui=2010
                                                                                                      apr=18
                                                                                                      bhv=1
                                                                                                      fitSides=0
                                                                                                      frameRateBoostOnTouch=true
                                                                                                      dvrrWindowFrameRateHint=true naviIconColor=0}
2025-11-02 12:41:54.951 25179-25179 BLASTBufferQueue_Java   com.android.chrome                   I  new BLASTBufferQueue, mName= VRI[Main]@95c91f7 mNativeObject= 0xb400007bd3889e00 sc.mNativeObject= 0xb400007a9e9bbac0 caller= android.view.ViewRootImpl.updateBlastSurfaceIfNeeded:3397 android.view.ViewRootImpl.relayoutWindow:11361 android.view.ViewRootImpl.performTraversals:4544 android.view.ViewRootImpl.doTraversal:3708 android.view.ViewRootImpl$TraversalRunnable.run:12542 android.view.Choreographer$CallbackRecord.run:1751 android.view.Choreographer$CallbackRecord.run:1760 android.view.Choreographer.doCallbacks:1216 android.view.Choreographer.doFrame:1142 android.view.Choreographer$FrameDisplayEventReceiver.run:1707 
2025-11-02 12:41:54.951 25179-25179 BLASTBufferQueue_Java   com.android.chrome                   I  update, w= 1080 h= 2340 mName = VRI[Main]@95c91f7 mNativeObject= 0xb400007bd3889e00 sc.mNativeObject= 0xb400007a9e9bbac0 format= -3 caller= android.graphics.BLASTBufferQueue.<init>:88 android.view.ViewRootImpl.updateBlastSurfaceIfNeeded:3397 android.view.ViewRootImpl.relayoutWindow:11361 android.view.ViewRootImpl.performTraversals:4544 android.view.ViewRootImpl.doTraversal:3708 android.view.ViewRootImpl$TraversalRunnable.run:12542 
2025-11-02 12:41:54.951 25179-25179 VRI[Main]@95c91f7       com.android.chrome                   I  Relayout returned: old=(0,0,1080,2340) new=(0,0,1080,2340) relayoutAsync=false req=(1080,2340)0 dur=8 res=0x3 s={true 0xb400007a83009800} ch=true seqId=0
2025-11-02 12:41:54.952 25179-25179 VRI[Main]@95c91f7       com.android.chrome                   D  mThreadedRenderer.initialize() mSurface={isValid=true 0xb400007a83009800} hwInitialized=true
2025-11-02 12:41:54.953 25179-25179 SurfaceView@8d574c0     com.android.chrome                   I  windowStopped(false) true android.view.SurfaceView{8d574c0 V.E...... ........ 0,0-1080,2109} of VRI[Main]@95c91f7
2025-11-02 12:41:54.953  3493-17002 SDHMS:l                 com.sec.android.sdhms                I  onTaskStackChanged
2025-11-02 12:41:54.953 25179-25179 SurfaceView             com.android.chrome                   I  148206784 Changes: creating=true format=false size=false visible=true alpha=false hint=false visible=true left=false top=false z=false attached=true lifecycleStrategy=false
2025-11-02 12:41:54.954   765-861   SurfaceFlinger          surfaceflinger                       I  id=6799 createSurf, flag=20004, Bounds for - com.android.chrome/com.google.android.apps.chrome.Main@8#6799
2025-11-02 12:41:54.954   765-797   SurfaceFlinger          surfaceflinger                       I  id=6800 createSurf, flag=84004, SurfaceView[com.android.chrome/com.google.android.apps.chrome.Main]@0#6800
2025-11-02 12:41:54.955   765-2279  SurfaceFlinger          surfaceflinger                       I  id=6801 createSurf, flag=44000, SurfaceView[com.android.chrome/com.google.android.apps.chrome.Main]@0(BLAST)#6801
2025-11-02 12:41:54.955  3493-4143  SDHMS:N0                com.sec.android.sdhms                I  p2p-if:: false, , 
2025-11-02 12:41:54.955  3493-4143  N0                      com.sec.android.sdhms                I  limitCPUFreq:: freq = -1
2025-11-02 12:41:54.956   765-861   SurfaceFlinger          surfaceflinger                       I  id=6802 createSurf, flag=20404, Background for SurfaceView[com.android.chrome/com.google.android.apps.chrome.Main]@0#6802
2025-11-02 12:41:54.956  1027-1338  MdnieScena...rolService system_server                        D   packageName : com.android.chrome    className : org.chromium.chrome.browser.ChromeTabbedActivity
2025-11-02 12:41:54.956  3493-4143  SemDvfsHyPerManager     com.sec.android.sdhms                I  acquire hyper - TABaseBoost/3493@20, type = -999
2025-11-02 12:41:54.956 25179-25179 BLASTBufferQueue_Java   com.android.chrome                   I  update, w= 1080 h= 2109 mName = null mNativeObject= 0xb400007bebdda800 sc.mNativeObject= 0xb400007a9e9c6780 format= -3 caller= android.view.SurfaceView.createBlastSurfaceControls:1642 android.view.SurfaceView.updateSurface:1318 android.view.SurfaceView.setWindowStopped:474 android.view.SurfaceView.surfaceCreated:2172 android.view.ViewRootImpl.notifySurfaceCreated:3312 android.view.ViewRootImpl.performTraversals:5036 
2025-11-02 12:41:54.957 25179-25179 SurfaceView             com.android.chrome                   I  148206784 Cur surface: Surface(name=null mNativeObject=0)/@0x60bdbb2
2025-11-02 12:41:54.957 25179-25179 SurfaceView@8d574c0     com.android.chrome                   I  pST: sr = Rect(0, 96 - 1080, 2205) sw = 1080 sh = 2109
2025-11-02 12:41:54.957 25179-25179 SurfaceView             com.android.chrome                   D  148206784 performSurfaceTransaction RenderWorker position = [0, 96, 1080, 2205] surfaceSize = 1080x2109
2025-11-02 12:41:54.957  2153-28251 HoneySpace.RecentTasks  com.sec.android.app.launcher         I  onRecentTasksChanged
2025-11-02 12:41:54.957 25179-25179 SurfaceView@8d574c0     com.android.chrome                   I  updateSurface: mVisible = true mSurface.isValid() = true
2025-11-02 12:41:54.957 25179-25179 SurfaceView@8d574c0     com.android.chrome                   I  updateSurface: mSurfaceCreated = false surfaceChanged = true visibleChanged = true
2025-11-02 12:41:54.957 25179-25179 SurfaceView             com.android.chrome                   I  148206784 visibleChanged -- surfaceCreated
2025-11-02 12:41:54.957 25179-25179 SurfaceView@8d574c0     com.android.chrome                   I  surfaceCreated 1 #1 android.view.SurfaceView{8d574c0 V.E...... ........ 0,0-1080,2109}
2025-11-02 12:41:54.957 25179-25179 cr_CompositorSurfaceMgr com.android.chrome                   I  surfaceCreated format: 0
2025-11-02 12:41:54.957   695-780   HYPER-HAL               ven...amsung.hardware.hyper-service  I  [RequestManager.cpp]acquire(): Acquired ID : 6172361  [3493 / 20]    HINT :      list : [TABoost / 1] 
2025-11-02 12:41:54.957   765-765   SurfaceFlinger          surfaceflinger                       I  [Surface(name=ccbc14c NavigationBar0)/@0xebfaa14 - animation-leash of insets_animation#6797] attach to parent LayerHierarchy{RequestedLayerState{WindowToken{b37ad7f type=2019 android.os.BinderProxy@bf294d9}#81 parentId=31} 2 children}
2025-11-02 12:41:54.957   765-765   SurfaceFlinger          surfaceflinger                       I  [Surface(name=c1e4fc2 StatusBar)/@0x1321803 - animation-leash of insets_animation#6798] attach to parent LayerHierarchy{RequestedLayerState{WindowToken{813abd1 type=2000 android.os.BinderProxy@ae25b}#85 parentId=19} 2 children}
2025-11-02 12:41:54.957 25179-25179 SurfaceView             com.android.chrome                   I  148206784 surfaceChanged -- format=-3 w=1080 h=2109
2025-11-02 12:41:54.957   765-765   SurfaceFlinger          surfaceflinger                       I  [Bounds for - com.android.chrome/com.google.android.apps.chrome.Main@8#6799] attach to parent LayerHierarchy{RequestedLayerState{com.android.chrome/com.google.android.apps.chrome.Main$_25179#6796 parentId=5758} 1 children}
2025-11-02 12:41:54.957 25179-25179 SurfaceView@8d574c0     com.android.chrome                   I  surfaceChanged (1080,2109) 1 #1 android.view.SurfaceView{8d574c0 V.E...... ........ 0,0-1080,2109}
2025-11-02 12:41:54.957   765-765   SurfaceFlinger          surfaceflinger                       I  [SurfaceView[com.android.chrome/com.google.android.apps.chrome.Main]@0#6800] attach to parent LayerHierarchy{RequestedLayerState{Bounds for - com.android.chrome/com.google.android.apps.chrome.Main@8#6799 parentId=6796} 1 children}
2025-11-02 12:41:54.957   765-765   SurfaceFlinger          surfaceflinger                       I  [SurfaceView[com.android.chrome/com.google.android.apps.chrome.Main]@0(BLAST)#6801] attach to parent LayerHierarchy{RequestedLayerState{SurfaceView[com.android.chrome/com.google.android.apps.chrome.Main]@0#6800 parentId=6799} 1 children}
2025-11-02 12:41:54.957   765-765   SurfaceFlinger          surfaceflinger                       I  [Background for SurfaceView[com.android.chrome/com.google.android.apps.chrome.Main]@0#6802] attach to parent LayerHierarchy{RequestedLayerState{SurfaceView[com.android.chrome/com.google.android.apps.chrome.Main]@0#6800 parentId=6799} 2 children}
2025-11-02 12:41:54.957  1027-1338  MdnieScena...rolService system_server                        V  mAclOffEnabled : false
2025-11-02 12:41:54.959 29447-29447 View                    com.udry.app                         I  setRequestedFrameRate frameRate=-4.0, this=com.getcapacitor.CapacitorWebView{16d4505 VFEDHVC.. .F...... 0,0-1080,2205 #7f0901cb app:id/webview aid=1073741824}, caller=WV.ef.b:1 WV.fg.h:118 WV.fg.onDraw:7 com.android.webview.chromium.WebViewChromium.onDraw:35 android.webkit.WebView.onDraw:2959 
2025-11-02 12:41:54.960 25179-25179 SurfaceView             com.android.chrome                   I  148206784 surfaceRedrawNeeded
2025-11-02 12:41:54.960 25179-25179 SurfaceView             com.android.chrome                   V  Layout: x=0 y=96 w=1080 h=2109, frame=Rect(0, 0 - 1080, 2109)
2025-11-02 12:41:54.960 25179-25179 VRI[Main]@95c91f7       com.android.chrome                   D  reportNextDraw android.view.ViewRootImpl.performTraversals:5193 android.view.ViewRootImpl.doTraversal:3708 android.view.ViewRootImpl$TraversalRunnable.run:12542 android.view.Choreographer$CallbackRecord.run:1751 android.view.Choreographer$CallbackRecord.run:1760 
2025-11-02 12:41:54.960 25179-25179 VRI[Main]@95c91f7       com.android.chrome                   D  Setup new sync=wmsSync-VRI[Main]@95c91f7#53
2025-11-02 12:41:54.960 25179-25179 VRI[Main]@95c91f7       com.android.chrome                   I  Creating new active sync group VRI[Main]@95c91f7#54
2025-11-02 12:41:54.960 25179-25179 VRI[Main]@95c91f7       com.android.chrome                   D  Start draw after previous draw not visible
2025-11-02 12:41:54.961 25179-25179 VRI[Main]@95c91f7       com.android.chrome                   D  registerCallbacksForSync syncBuffer=false
2025-11-02 12:41:54.961   765-796   SurfaceFlinger          surfaceflinger                       I  id=6803 createSurf, flag=44000, com.android.chrome/ChromeNativeWindowSurface#6803
2025-11-02 12:41:54.963 25179-25200 SurfaceView             com.android.chrome                   D  148206784 updateSurfacePosition RenderWorker, frameNr = 1, position = [0, 96, 1080, 2205] surfaceSize = 1080x2109
2025-11-02 12:41:54.963 25179-25200 SurfaceView@8d574c0     com.android.chrome                   I  uSP: rtp = Rect(0, 96 - 1080, 2205) rtsw = 1080 rtsh = 2109
2025-11-02 12:41:54.963 25179-25200 SurfaceView@8d574c0     com.android.chrome                   I  onSSPAndSRT: pl = 0 pt = 96 sx = 1.0 sy = 1.0
2025-11-02 12:41:54.963 25179-25200 SurfaceView@8d574c0     com.android.chrome                   I  aOrMT: VRI[Main]@95c91f7 t = android.view.SurfaceControl$Transaction@b62b9cd fN = 1 android.view.SurfaceView.-$$Nest$mapplyOrMergeTransaction:0 android.view.SurfaceView$SurfaceViewPositionUpdateListener.positionChanged:1792 android.graphics.RenderNode$CompositePositionUpdateListener.positionChanged:398 
2025-11-02 12:41:54.963 25179-25200 VRI[Main]@95c91f7       com.android.chrome                   I  mWNT: t=0xb400007a9ed3f480 mBlastBufferQueue=0xb400007bd3889e00 fn= 1 HdrRenderState mRenderHdrSdrRatio=1.0 caller= android.view.SurfaceView.applyOrMergeTransaction:1723 android.view.SurfaceView.-$$Nest$mapplyOrMergeTransaction:0 android.view.SurfaceView$SurfaceViewPositionUpdateListener.positionChanged:1792 
2025-11-02 12:41:54.964 25179-25236 VRI[Main]@95c91f7       com.android.chrome                   D  Received frameDrawingCallback syncResult=0 frameNum=1.
2025-11-02 12:41:54.964 25179-25236 VRI[Main]@95c91f7       com.android.chrome                   I  mWNT: t=0xb400007a9ed3fc00 mBlastBufferQueue=0xb400007bd3889e00 fn= 1 HdrRenderState mRenderHdrSdrRatio=1.0 caller= android.view.ViewRootImpl$11.onFrameDraw:15016 android.view.ThreadedRenderer$1.onFrameDraw:761 <bottom of call stack> 
2025-11-02 12:41:54.964 25179-25236 VRI[Main]@95c91f7       com.android.chrome                   I  Setting up sync and frameCommitCallback
2025-11-02 12:41:54.967 25179-25200 BLASTBufferQueue        com.android.chrome                   I  [VRI[Main]@95c91f7#29](f:0,a:0,s:0) onFrameAvailable the first frame is available
2025-11-02 12:41:54.967 25179-25200 VRI[Main]@95c91f7       com.android.chrome                   I  Received frameCommittedCallback lastAttemptedDrawFrameNum=1 didProduceBuffer=true
2025-11-02 12:41:54.968   765-796   SurfaceFlinger          surfaceflinger                       I  [com.android.chrome/com.google.android.apps.chrome.Main$_25179#6796] setTransactionState with the first frame. bufferData(ID: 108142981546049, frameNumber: 1)
2025-11-02 12:41:54.969   765-765   SurfaceFlinger          surfaceflinger                       I  Layer [Bounds for - com.android.chrome/com.google.android.apps.chrome.Main@8#6799] hidden!! flag(0)
2025-11-02 12:41:54.969   765-765   SurfaceFlinger          surfaceflinger                       I  Layer [SurfaceView[com.android.chrome/com.google.android.apps.chrome.Main]@0#6800] hidden!! flag(0)
2025-11-02 12:41:54.969   765-765   SurfaceFlinger          surfaceflinger                       I  [LayerHierarchy{RequestedLayerState{ImeContainer#16 parentId=6746 relativeParentId=6746 z=1} 1 children}] RelativeParent to null
2025-11-02 12:41:54.969   765-765   SurfaceFlinger          surfaceflinger                       I  [LayerHierarchy{RequestedLayerState{ccbc14c NavigationBar0#82 parentId=6797} 1 children}] reparent to LayerHierarchy{RequestedLayerState{Surface(name=ccbc14c NavigationBar0)/@0xebfaa14 - animation-leash of insets_animation#6797 parentId=81} 1 children}
2025-11-02 12:41:54.969   765-765   SurfaceFlinger          surfaceflinger                       I  [LayerHierarchy{RequestedLayerState{c1e4fc2 StatusBar#86 parentId=6798} 1 children}] reparent to LayerHierarchy{RequestedLayerState{Surface(name=c1e4fc2 StatusBar)/@0x1321803 - animation-leash of insets_animation#6798 parentId=85} 1 children}
2025-11-02 12:41:54.969   765-765   SurfaceFlinger          surfaceflinger                       I  [LayerHierarchy{RequestedLayerState{Surface(name=c1e4fc2 StatusBar)/@0x1321803 - animation-leash of insets_animation#6791} no children}] reparent to OffscreenRoot
2025-11-02 12:41:54.969   765-765   SurfaceFlinger          surfaceflinger                       I  [LayerHierarchy{RequestedLayerState{Surface(name=c1e4fc2 StatusBar)/@0x1321803 - animation-leash of insets_animation#6791} no children}] RelativeParent to null
2025-11-02 12:41:54.969   765-765   SurfaceFlinger          surfaceflinger                       I  [LayerHierarchy{RequestedLayerState{Surface(name=ccbc14c NavigationBar0)/@0xebfaa14 - animation-leash of insets_animation#6790} no children}] reparent to OffscreenRoot
2025-11-02 12:41:54.969   765-765   SurfaceFlinger          surfaceflinger                       I  [LayerHierarchy{RequestedLayerState{Surface(name=ccbc14c NavigationBar0)/@0xebfaa14 - animation-leash of insets_animation#6790} no children}] RelativeParent to null
2025-11-02 12:41:54.969   765-765   SurfaceFlinger          surfaceflinger                       I  [LayerHierarchy{RequestedLayerState{SurfaceView[com.android.chrome/com.google.android.apps.chrome.Main]@0#6800 parentId=6799 relativeParentId=6796 z=-1} 2 children}] RelativeParent to LayerHierarchy{RequestedLayerState{com.android.chrome/com.google.android.apps.chrome.Main$_25179#6796 parentId=5758} 2 children}
2025-11-02 12:41:54.969   765-765   SurfaceFlinger          surfaceflinger                       I  [LayerHierarchy{RequestedLayerState{Background for SurfaceView[com.android.chrome/com.google.android.apps.chrome.Main]@0#6802 parentId=6800 relativeParentId=6796 z=-2147483648} no children}] RelativeParent to LayerHierarchy{RequestedLayerState{com.android.chrome/com.google.android.apps.chrome.Main$_25179#6796 parentId=5758} 3 children}
2025-11-02 12:41:54.969   765-765   SurfaceFlinger          surfaceflinger                       I  [com.android.chrome/ChromeNativeWindowSurface#6803] attach to parent LayerHierarchy{RequestedLayerState{SurfaceView[com.android.chrome/com.google.android.apps.chrome.Main]@0(BLAST)#6801 parentId=6800} 1 children}
2025-11-02 12:41:54.970  1027-1338  SemMdnieManagerService  system_server                        I  DDI setContentMode : 8
2025-11-02 12:41:54.970  1027-1338  MdnieScena...rolService system_server                        V  Calling MdnieManager API(setContentMode(8))
2025-11-02 12:41:54.970  1027-1338  MdnieScena...rolService system_server                        D  Start Browser Brightness Decrease Timer
2025-11-02 12:41:54.971  1027-1338  SemDisplay...gerService system_server                        D  uid : 1000 , pid : 1027 , name : brightness_scale_off
2025-11-02 12:41:54.971 25179-25179 InsetsSourceConsumer    com.android.chrome                   I  applyRequestedVisibilityToControl: visible=true, type=navigationBars, host=com.android.chrome/com.google.android.apps.chrome.Main
2025-11-02 12:41:54.971  1027-1338  SemDisplay...gerService system_server                        D  where : application what : DEFAULT setScreenBrightnessScaleFactor(1.0) , mBrightnessCompensation : 1.0 , PMS value : 1.0
2025-11-02 12:41:54.972  1027-1338  PowerManagerService     system_server                        D  [api] setScreenBrightnessScaleFactor: scaleFactor: 1.0 (uid: 1000 pid: 1027)
2025-11-02 12:41:54.972  1027-1338  SemDisplay...gerService system_server                        D  Normal Mode setMultipleScreenBrightness , application, DEFAULT, 1.0
2025-11-02 12:41:54.972  1027-1338  MdnieScena...rolService system_server                        V  Calling SemDisplaySolutionManager API(setMultipleScreenBrightness(0)
2025-11-02 12:41:54.972 25179-25179 InsetsSourceConsumer    com.android.chrome                   I  applyRequestedVisibilityToControl: visible=true, type=statusBars, host=com.android.chrome/com.google.android.apps.chrome.Main
2025-11-02 12:41:54.973   755-15316 AudioFlinger            audioserver                          D  setParameters: filtered dev setParameters keyvalue audioHDR=0
2025-11-02 12:41:54.973  1027-1059  SemDvfsHyPerManager     system_server                        I  acquire hyper - AMS_RESUME_TAIL/1027@17, type = -999
2025-11-02 12:41:54.974  1027-1059  SemDvfsHyPerManager     system_server                        I  acquire hyper - AMS_ACT_LAZY/1027@18, type = -999
2025-11-02 12:41:54.974  1027-1059  ActivityMa...erformance system_server                        D  AMP_acquire() TAIL
2025-11-02 12:41:54.974  1027-1059  ActivityMa...erformance system_server                        D  AMP_release() APP_SWITCH
2025-11-02 12:41:54.975   765-845   SurfaceFlinger          surfaceflinger                       D  [input] setFocusedWindow: bd9988f com.android.chrome/com.google.android.apps.chrome.Main
2025-11-02 12:41:54.975   695-780   HYPER-HAL               ven...amsung.hardware.hyper-service  I  [RequestManager.cpp]acquire(): Acquired ID : 545507  [1027 / 17]    HINT : AMS_RESUME_TAIL_LOW    list : 
2025-11-02 12:41:54.975  1027-1195  InputDispatcher         system_server                        D  Once focus requested (0): bd9988f com.android.chrome/com.google.android.apps.chrome.Main
2025-11-02 12:41:54.975  1027-1195  InputDispatcher         system_server                        D  Focus request (0): bd9988f com.android.chrome/com.google.android.apps.chrome.Main but waiting because NO_WINDOW
2025-11-02 12:41:54.974   674-1092  audio_hw_primary        android.hardware.audio.service       D  device-adev_set_parameters: enter
2025-11-02 12:41:54.977   674-1092  audio_hw_primary        android.hardware.audio.service       D  device-adev_set_parameters: param (audioHDR=0)
2025-11-02 12:41:54.977   695-780   HYPER-HAL               ven...amsung.hardware.hyper-service  I  [RequestManager.cpp]releaseLocked(): Released ID : 543418
2025-11-02 12:41:54.980  1027-1338  MdnieScena...rolService system_server                        V  setBrowserMode from Browser function
2025-11-02 12:41:54.982  2153-28251 HoneySpace...5375@OneUI com.sec.android.app.launcher         I  Illegal access. Unknown type. skip load history items
2025-11-02 12:41:54.988  1027-2608  FreecessController      system_server                        D  BG freezed, skip OLAF unfreeze for (com.microsoft.skydrive, 10097)
2025-11-02 12:41:54.991   765-796   SurfaceFlinger          surfaceflinger                       I  id=6790 Removed Surface(name=ccbc14c NavigationBar0)/@0xebfaa14 - animation-leash of insets_animation#6790 (156)
2025-11-02 12:41:54.991   765-796   SurfaceFlinger          surfaceflinger                       I  id=6791 Removed Surface(name=c1e4fc2 StatusBar)/@0x1321803 - animation-leash of insets_animation#6791 (156)
2025-11-02 12:41:54.997 29447-29447 View                    com.udry.app                         I  setRequestedFrameRate frameRate=-4.0, this=com.getcapacitor.CapacitorWebView{16d4505 VFEDHVC.. .F...... 0,0-1080,2205 #7f0901cb app:id/webview aid=1073741824}, caller=WV.ef.b:1 WV.fg.h:118 WV.fg.onDraw:7 com.android.webview.chromium.WebViewChromium.onDraw:35 android.webkit.WebView.onDraw:2959 
2025-11-02 12:41:54.999   765-2279  SurfaceFlinger          surfaceflinger                       I  id=6804 createSurf, flag=44000, com.android.chrome/ChromeChildSurface#6804
2025-11-02 12:41:55.001   765-765   SurfaceFlinger          surfaceflinger                       I  Layer [com.android.chrome/ChromeChildSurface#6804] hidden!! flag(258)
2025-11-02 12:41:55.001   765-765   SurfaceFlinger          surfaceflinger                       I  destroyed Surface(name=c1e4fc2 StatusBar)/@0x1321803 - animation-leash of insets_animation#6791
2025-11-02 12:41:55.001   765-765   SurfaceFlinger          surfaceflinger                       I  destroyed Surface(name=ccbc14c NavigationBar0)/@0xebfaa14 - animation-leash of insets_animation#6790
2025-11-02 12:41:55.001   765-765   SurfaceFlinger          surfaceflinger                       I  [com.android.chrome/ChromeChildSurface#6804] attach to parent LayerHierarchy{RequestedLayerState{com.android.chrome/ChromeNativeWindowSurface#6803 parentId=6801} 1 children}
2025-11-02 12:41:55.005   765-765   Layer                   surfaceflinger                       I  id=6790 Destroyed Surface(name=ccbc14c NavigationBar0)/@0xebfaa14 - animation-leash of insets_animation#6790
2025-11-02 12:41:55.005   765-765   Layer                   surfaceflinger                       I  id=6791 Destroyed Surface(name=c1e4fc2 StatusBar)/@0x1321803 - animation-leash of insets_animation#6791
2025-11-02 12:41:55.009 25179-25179 VRI[Main]@95c91f7       com.android.chrome                   D  reportDrawFinished seqId=0
2025-11-02 12:41:55.009 25179-25179 SurfaceView             com.android.chrome                   I  148206784 finishedDrawing
2025-11-02 12:41:55.009  1027-2262  WindowManager           system_server                        D  finishDrawingWindow: Window{bd9988f u0 com.android.chrome/com.google.android.apps.chrome.Main} mDrawState=DRAW_PENDING seqId=0
2025-11-02 12:41:55.010  1027-2608  FreecessController      system_server                        D  BG freezed, skip OLAF unfreeze for (com.google.android.gm, 10232)
2025-11-02 12:41:55.014 25179-25179 BLASTBufferQueue_Java   com.android.chrome                   I  update, w= 1080 h= 2340 mName = VRI[Main]@95c91f7 mNativeObject= 0xb400007bd3889e00 sc.mNativeObject= 0xb400007a9e9bbac0 format= -3 caller= android.view.ViewRootImpl.updateBlastSurfaceIfNeeded:3386 android.view.ViewRootImpl.relayoutWindow:11361 android.view.ViewRootImpl.performTraversals:4544 android.view.ViewRootImpl.doTraversal:3708 android.view.ViewRootImpl$TraversalRunnable.run:12542 android.view.Choreographer$CallbackRecord.run:1751 
2025-11-02 12:41:55.014 25179-25179 VRI[Main]@95c91f7       com.android.chrome                   I  Relayout returned: old=(0,0,1080,2340) new=(0,0,1080,2340) relayoutAsync=true req=(1080,2340)0 dur=0 res=0x0 s={true 0xb400007a83009800} ch=false seqId=0
2025-11-02 12:41:55.014 25179-25179 VRI[Main]@95c91f7       com.android.chrome                   I  updateBoundsLayer: t=android.view.SurfaceControl$Transaction@a210b67 sc=Surface(name=Bounds for - com.android.chrome/com.google.android.apps.chrome.Main@8)/@0xdaa5585 frame=6
2025-11-02 12:41:55.014 29447-29447 View                    com.udry.app                         I  setRequestedFrameRate frameRate=-4.0, this=com.getcapacitor.CapacitorWebView{16d4505 VFEDHVC.. .F...... 0,0-1080,2205 #7f0901cb app:id/webview aid=1073741824}, caller=WV.ef.b:1 WV.fg.h:118 WV.fg.onDraw:7 com.android.webview.chromium.WebViewChromium.onDraw:35 android.webkit.WebView.onDraw:2959 
2025-11-02 12:41:55.015 25179-25179 VRI[Main]@95c91f7       com.android.chrome                   I  registerCallbackForPendingTransactions
2025-11-02 12:41:55.017 25179-25237 VRI[Main]@95c91f7       com.android.chrome                   I  mWNT: t=0xb400007a9ed3fd80 mBlastBufferQueue=0xb400007bd3889e00 fn= 6 HdrRenderState mRenderHdrSdrRatio=1.0 caller= android.view.ViewRootImpl$9.onFrameDraw:6276 android.view.ViewRootImpl$3.onFrameDraw:2440 android.view.ThreadedRenderer$1.onFrameDraw:761 
2025-11-02 12:41:55.018  5417-1426  SyncManager             com.google.android.gms               I  (REDACTED) Executing sync(type=%s%s)
2025-11-02 12:41:55.019  1027-2262  WindowManager           system_server                        V  Relayout Window{bd9988f u0 com.android.chrome/com.google.android.apps.chrome.Main}: viewVisibility=0 req=1080x2340 ty=1 d0
2025-11-02 12:41:55.020  1027-2262  WindowManager           system_server                        V  SyncGroup 562: Finished!
2025-11-02 12:41:55.021  1027-2262  WindowManager           system_server                        V  performShowLocked: mDrawState=HAS_DRAWN in Window{bd9988f u0 com.android.chrome/com.google.android.apps.chrome.Main}
2025-11-02 12:41:55.021  1027-2262  ChangeTran...Controller system_server                        D  onTransactionReady: TransitionRecord{3ed0bd6 id=562 type=OPEN flags=0x0}
2025-11-02 12:41:55.021  1027-2262  WindowManager           system_server                        V  Start calculating TransitionInfo based on participants: {ActivityRecord{88523af u0 com.android.chrome/com.google.android.apps.chrome.Main t370}, Task{9e9b3bc #370 type=standard A=10219:com.android.chrome}, ActivityRecord{d02ad0e u0 com.android.chrome/org.chromium.chrome.browser.ChromeTabbedActivity t-1}, ActivityRecord{e4c2f98 u0 com.android.chrome/com.google.android.apps.chrome.IntentDispatcher t441 f}}, ActivityRecord{ec0f1d6 u0 com.udry.app/.MainActivity t441}}
2025-11-02 12:41:55.021  1027-2262  WindowManager           system_server                        V    Final targets: [Task{9e9b3bc #370 type=standard A=10219:com.android.chrome}, Task{35a5c57 #441 type=standard A=10338:com.udry.app}]
2025-11-02 12:41:55.022   765-2279  SurfaceFlinger          surfaceflinger                       I  id=6805 createSurf, flag=84004, Transition Root: Task=370#6805
2025-11-02 12:41:55.023   765-765   SurfaceFlinger          surfaceflinger                       I  [Transition Root: Task=370#6805] attach to parent LayerHierarchy{RequestedLayerState{DefaultTaskDisplayArea_d0#11 parentId=10} 14 children}
2025-11-02 12:41:55.025  1027-2262  SurfaceControlRegistry  system_server                        I  show, t=StartTransaction_SyncId<562> sc=ActivityRecord{88523af u0 com.android.chrome/com.google.android.apps.chrome.Main t370}, caller=android.view.SurfaceControl$Transaction.show:3232 com.android.server.wm.Transition.onTransactionReady:2273 com.android.server.wm.BLASTSyncEngine$SyncGroup.finishNow:195 com.android.server.wm.BLASTSyncEngine.onSurfacePlacement:269 com.android.server.wm.RootWindowContainer.performSurfacePlacementNoTrace:459 com.android.server.wm.RootWindowContainer.performSurfacePlacement:9 
2025-11-02 12:41:55.026  1027-2262  WindowManager           system_server                        V  Calling onTransitionReady: {id=562 t=OPEN f=0x0 trk=0 r=[0@Point(0, 0)] c=[
                                                                                                            {WCT{RemoteToken{f946484 Task{9e9b3bc #370 type=standard A=10219:com.android.chrome}}} m=TO_FRONT f=MOVE_TO_TOP|EDGE_EXTENSION_RESTRICTION leash=Surface(name=Task=370)/@0x72ba116 sb=Rect(0, 0 - 1080, 2340) eb=Rect(0, 0 - 1080, 2340) d=0 taskParent=-1 inset=Rect(0, 96 - 0, 135) dim=true},
                                                                                                            {WCT{RemoteToken{4e4b199 Task{35a5c57 #441 type=standard A=10338:com.udry.app}}} m=TO_BACK f=NONE leash=Surface(name=Task=441)/@0x5f630e3 sb=Rect(0, 0 - 1080, 2340) eb=Rect(0, 0 - 1080, 2340) d=0 taskParent=-1 inset=Rect(0, 96 - 0, 135)}
                                                                                                        ]}
2025-11-02 12:41:55.029  1027-2262  ActivityTaskManager     system_server                        I  done cause=notifyTransitionStarting drawn timestamp=89827002769168 info=TransitionInfo{6b0b359 a=ActivityRecord{88523af u0 com.android.chrome/com.google.android.apps.chrome.Main t370} d=true}
2025-11-02 12:41:55.029  1027-2262  ScreenCapture           system_server                        D  [Capture_TEST] : setIsScreenShotBySystem false
2025-11-02 12:41:55.030  1027-2608  FreecessController      system_server                        D  restrictJobsByOlaf: restrict=false, uid=-1
2025-11-02 12:41:55.032  1027-1027  OlafRestriction         system_server                        D   olaf state update: state=false
2025-11-02 12:41:55.032  1027-1027  OlafRestriction         system_server                        D   trigger onRestrictionStateChanged.
2025-11-02 12:41:55.040  1027-2262  WindowManager           system_server                        D  updateSystemBarAttributes: displayId=0, focusedCanBeNavColorWin=false, win=Window{bd9988f u0 com.android.chrome/com.google.android.apps.chrome.Main}, navColorWin=Window{bd9988f u0 com.android.chrome/com.google.android.apps.chrome.Main}, caller=com.android.server.wm.DisplayPolicy.finishPostLayoutPolicyLw:17 com.android.server.wm.RootWindowContainer.applySurfaceChangesTransaction$1:194 com.android.server.wm.RootWindowContainer.performSurfacePlacementNoTrace:59 
2025-11-02 12:41:55.040  5417-1426  SyncManager             com.google.android.gms               I  (REDACTED) Executing sync(type=%s) finished in %s
2025-11-02 12:41:55.040  1027-2262  WindowManager           system_server                        D  updateSystemBarAttributes, bhv=1, apr=8, statusBarAprRegions=[AppearanceRegion{LIGHT_STATUS_BARS bounds=[0,0][1080,2340]}], requestedVisibilities=-9
2025-11-02 12:41:55.040  1027-1108  WindowManager           system_server                        V  Sent Transition (#562) createdAt=11-02 12:41:54.770 via request=TransitionRequestInfo { type = OPEN, triggerTask = TaskInfo{userId=0 taskId=441 displayId=0 isRunning=true baseIntent=Intent { act=android.intent.action.MAIN cat=[android.intent.category.LAUNCHER] flg=0x10000000 cmp=com.udry.app/.MainActivity } baseActivity=ComponentInfo{com.udry.app/com.udry.app.MainActivity} topActivity=ComponentInfo{com.android.chrome/org.chromium.chrome.browser.document.ChromeLauncherActivity} origActivity=null realActivity=ComponentInfo{com.udry.app/com.udry.app.MainActivity} numActivities=2 lastActiveTime=391952190 supportsMultiWindow=true resizeMode=1 isResizeable=true minWidth=-1 minHeight=-1 maxWidth=-1 maxHeight=-1 defaultMinSize=220 token=WCT{RemoteToken{4e4b199 Task{35a5c57 #441 type=standard A=10338:com.udry.app}}} topActivityType=1 pictureInPictureParams=null shouldDockBigOverlays=false launchIntoPipHostTaskId=-1 lastParentTaskIdBeforePip=-1 displayCutoutSafeInsets=Rect(0, 96 - 0, 0) topActivityInfo=ActivityInfo{62f5b2a com.google.android.apps.chrome.IntentDispatcher} launchCookies=[android.os.BinderProxy@3ba22fc] positionInParent=Point(0, 0) parentTaskId=-1 isFocused=true isVisible=true isVisibleRequested=true isSleeping=false topActivityInSizeCompat=false locusId=null displayAreaFeatureId=1 isTopActivityTransparent=true isTopActivityStyleFloating=false appCompatTaskInfo=AppCompatTaskInfo { topActivityInSizeCompat=false eligibleForLetterboxEducation= false isLetterboxEducationEnabled= false isLetterboxDoubleTapEnabled= false eligibleForUserAspectRatioButton= false topActivityBoundsLetterboxed= false isFromLetterboxDoubleTap= false topActivityLetterboxVerticalPosition= -1 topActivityLetterboxHorizontalPosition= -1 topActivityLetterboxWidth=1080 topActivityLetterboxHeight=2340 topActivityLetterboxAppWidth=1080 topActivityLetterboxAppHeight=2109 isUserFullscreenOverrideEnabled=false isSystemFullscreenOverrideEnabled=false hasMinAspectRatioOverride=false cameraCompatTaskInfo=CameraCompatTaskInfo { freeformCameraCompatMode=inactive} topActivityBounds=null topActivityInDisplayCompat=false} originallySupportedMultiWindow=true hasWallpaper=false rootAffinity=10338:com.udry.app isTopTaskInStage=false topActivityUiMode=17 CoverLauncherWidgetTask=false isAllowedSeamlessRotation=false isTopTransparentActivity=false snappingGuideBounds=null isAliasManaged=false hasConfigChanged=false isAiKeyRemoveAppTask=false}, pipTask = null, remoteTransition = null, displayChange = null, flags = 0, debugId = 562 }
2025-11-02 12:41:55.040  1027-1108  WindowManager           system_server                        V      startWCT=WindowContainerTransaction { changes = {} hops = [] errorCallbackToken=null taskFragmentOrganizer=null }
2025-11-02 12:41:55.040  1502-2770  WindowManagerShell      com.android.systemui                 V  onTransitionReady(transaction=4410931450409)
2025-11-02 12:41:55.040  1027-1108  WindowManager           system_server                        V      info={id=562 t=OPEN f=0x0 trk=0 r=[0@Point(0, 0)] c=[
                                                                                                            {WCT{RemoteToken{f946484 Task{9e9b3bc #370 type=standard A=10219:com.android.chrome}}} m=TO_FRONT f=MOVE_TO_TOP|EDGE_EXTENSION_RESTRICTION leash=Surface(name=Task=370)/@0x72ba116 sb=Rect(0, 0 - 1080, 2340) eb=Rect(0, 0 - 1080, 2340) d=0 taskParent=-1 inset=Rect(0, 96 - 0, 135) dim=true},
                                                                                                            {WCT{RemoteToken{4e4b199 Task{35a5c57 #441 type=standard A=10338:com.udry.app}}} m=TO_BACK f=NONE leash=Surface(name=Task=441)/@0x5f630e3 sb=Rect(0, 0 - 1080, 2340) eb=Rect(0, 0 - 1080, 2340) d=0 taskParent=-1 inset=Rect(0, 96 - 0, 135)}
                                                                                                        ]}
2025-11-02 12:41:55.042  1502-1502  NavigationBar           com.android.systemui                 D  onSystemBarAttributesChanged() -  displayId:0, appearance:8, packageName: com.android.chrome (APPEARANCE_LIGHT_STATUS_BARS ), navbarColorManagedByIme:false
2025-11-02 12:41:55.043  1502-1502  SamsungLig...trolHelper com.android.systemui                 D  updateNavigationBar (WHITE button) isLightOpaque:false, hasLightNavigationBarFlag:false, packageName:com.android.chrome, DirectReplying:false, NavBarColorMangedByIme:false, ForceDarkForScrim:false, ForceLightForScrim:false, QsCustomizing:false, QsExpanded:false
2025-11-02 12:41:55.044  1027-2262  WindowManager           system_server                        V  Relayout hash=bd9988f, pid=0, syncId=-1: mAttrs={(0,0)(fillxfill) sim={state=always_hidden adjust=resize forwardNavigation} layoutInDisplayCutoutMode=always ty=BASE_APPLICATION fmt=TRANSLUCENT wanim=0x1030312 sysuil=true
                                                                                                      fl=81810100
                                                                                                      pfl=10008840
                                                                                                      vsysui=2010
                                                                                                      apr=8
                                                                                                      bhv=1
                                                                                                      fitSides=0
                                                                                                      frameRateBoostOnTouch=true
                                                                                                      dvrrWindowFrameRateHint=true naviIconColor=0}
2025-11-02 12:41:55.044  1502-1715  WindowManagerShell      com.android.systemui                 V  onTransitionReady (#562) android.os.BinderProxy@f3b2c7: {id=562 t=OPEN f=0x0 trk=0 r=[0@Point(0, 0)] c=[{WCT{android.window.IWindowContainerToken$Stub$Proxy@8eda119} m=TO_FRONT f=MOVE_TO_TOP|EDGE_EXTENSION_RESTRICTION leash=Surface(name=Task=370)/@0x5c6b292 sb=Rect(0, 0 - 1080, 2340) eb=Rect(0, 0 - 1080, 2340) d=0 taskParent=-1 inset=Rect(0, 96 - 0, 135) dim=true},{WCT{android.window.IWindowContainerToken$Stub$Proxy@69965de} m=TO_BACK f=NONE leash=Surface(name=Task=441)/@0xeeeb463 sb=Rect(0, 0 - 1080, 2340) eb=Rect(0, 0 - 1080, 2340) d=0 taskParent=-1 inset=Rect(0, 96 - 0, 135)}]}
2025-11-02 12:41:55.044  1502-1715  SurfaceControlRegistry  com.android.systemui                 I  hide, t=FinishTransaction_SyncId<562> sc=Task=441, caller=android.view.SurfaceControl$Transaction.hide:3258 com.android.wm.shell.transition.Transitions.dispatchReady:929 com.android.wm.shell.transition.Transitions.onTransitionReady:244 com.android.wm.shell.transition.Transitions$TransitionPlayerImpl$$ExternalSyntheticLambda0.run:13 android.os.Handler.handleCallback:959 android.os.Handler.dispatchMessage:100 
2025-11-02 12:41:55.046  1502-1715  SurfaceControlRegistry  com.android.systemui                 I  show, t=StartTransaction_SyncId<562> sc=Task=370, caller=android.view.SurfaceControl$Transaction.show:3232 com.android.wm.shell.transition.Transitions.dispatchReady:934 com.android.wm.shell.transition.Transitions.onTransitionReady:244 com.android.wm.shell.transition.Transitions$TransitionPlayerImpl$$ExternalSyntheticLambda0.run:13 android.os.Handler.handleCallback:959 android.os.Handler.dispatchMessage:100 
2025-11-02 12:41:55.047  1502-1715  SurfaceControlRegistry  com.android.systemui                 I  show, t=FinishTransaction_SyncId<562> sc=Task=370, caller=android.view.SurfaceControl$Transaction.show:3232 com.android.wm.shell.transition.Transitions.dispatchReady:988 com.android.wm.shell.transition.Transitions.onTransitionReady:244 com.android.wm.shell.transition.Transitions$TransitionPlayerImpl$$ExternalSyntheticLambda0.run:13 android.os.Handler.handleCallback:959 android.os.Handler.dispatchMessage:100 
2025-11-02 12:41:55.047  1502-1715  WindowManagerShell      com.android.systemui                 V  Playing animation for (#562) android.os.BinderProxy@f3b2c7@0
2025-11-02 12:41:55.047  1502-1715  SurfaceControlRegistry  com.android.systemui                 I  show, t=StartTransaction_SyncId<562> sc=Transition Root: Task=370, caller=android.view.SurfaceControl$Transaction.show:3232 com.android.wm.shell.transition.Transitions.playTransition:81 com.android.wm.shell.transition.Transitions.processReadyQueue:250 com.android.wm.shell.transition.Transitions.dispatchReady:1007 com.android.wm.shell.transition.Transitions.onTransitionReady:244 com.android.wm.shell.transition.Transitions$TransitionPlayerImpl$$ExternalSyntheticLambda0.run:13 
