2025-10-09 23:01:43.709  1131-1150  PrefCtrlListHelper      com.android.settings                 D  Could not find Context-only controller for pref: com.android.settings.biometrics.fingerprint.FingerprintSettingsKeyguardUnlockPreferenceController
2025-10-09 23:01:43.709  1131-1150  PrefCtrlListHelper      com.android.settings                 D  Could not find Context-only controller for pref: com.android.settings.biometrics.fingerprint.FingerprintSettingsAppsPreferenceController
2025-10-09 23:01:43.709  1131-1150  PrefCtrlListHelper      com.android.settings                 D  Could not find Context-only controller for pref: com.android.settings.biometrics.fingerprint.FingerprintsEnrolledCategoryPreferenceController
2025-10-09 23:01:43.709  1131-1150  PrefCtrlListHelper      com.android.settings                 D  Could not find Context-only controller for pref: com.android.settings.biometrics.fingerprint.FingerprintUnlockCategoryController
2025-10-09 23:01:43.709  1131-1150  PrefCtrlListHelper      com.android.settings                 D  Could not find Context-only controller for pref: com.android.settings.biometrics.fingerprint.FingerprintSettingsRequireScreenOnToAuthPreferenceController
2025-10-09 23:01:43.709  1131-1150  PrefCtrlListHelper      com.android.settings                 D  Could not find Context-only controller for pref: com.android.settings.biometrics.fingerprint.FingerprintSettingsScreenOffUnlockUdfpsPreferenceController
2025-10-09 23:01:43.709  1131-1150  PrefCtrlListHelper      com.android.settings                 W  security_settings_fingerprints_enrolled already has a controller
2025-10-09 23:01:43.709  1131-1150  PrefCtrlListHelper      com.android.settings                 W  security_settings_fingerprint_unlock_category already has a controller
2025-10-09 23:01:43.709  1131-1150  PrefCtrlListHelper      com.android.settings                 W  security_settings_screen_off_unlock_udfps already has a controller
2025-10-09 23:01:43.709  1131-1150  SettingsSearchProvider  com.android.settings                 V  com.android.settings.biometrics.fingerprint.FingerprintSettings$FingerprintSettingsFragment$1@121c1cc tried to add an empty non-indexable key
2025-10-09 23:01:43.709  1131-1150  PrefCtrlListHelper      com.android.settings                 D  Could not find Context-only controller for pref: com.android.settings.deviceinfo.hardwareinfo.DeviceModelPreferenceController
2025-10-09 23:01:43.710  1131-1150  PrefCtrlListHelper      com.android.settings                 D  Could not find Context-only controller for pref: com.android.settings.deviceinfo.hardwareinfo.SerialNumberPreferenceController
2025-10-09 23:01:43.710  1131-1150  PrefCtrlListHelper      com.android.settings                 D  Could not find Context-only controller for pref: com.android.settings.deviceinfo.hardwareinfo.HardwareRevisionPreferenceController
2025-10-09 23:01:43.710  1131-1150  PrefCtrlListHelper      com.android.settings                 D  Could not find Context-only controller for pref: com.android.settings.deviceinfo.hardwareinfo.ManufacturedYearPreferenceController
2025-10-09 23:01:43.718  1131-1146  ndroid.settings         com.android.settings                 I  AssetManager2(0xb400007065715ff8) locale list changing from [] to [en-US]
2025-10-09 23:01:43.719  1229-1563  MagicTether             com.google.android.gms.persistent    I  [TetherService] Registering Bluetooth state change receiver [CONTEXT service_id=276 ]
2025-10-09 23:01:43.719  1229-1563  MagicTether             com.google.android.gms.persistent    I  [TetherService] Starting Instant Hotspot feature. [CONTEXT service_id=276 ]
2025-10-09 23:01:43.721  1131-1150  HardwareIn...oviderImpl com.android.settings                 E  Could not parse manufactured year from serial.
                                                                                                    java.lang.NumberFormatException: For input string: "E"
                                                                                                    	at java.lang.Integer.parseInt(Integer.java:781)
                                                                                                    	at java.lang.Integer.valueOf(Integer.java:1108)
                                                                                                    	at com.google.android.settings.hardwareinfo.HardwareInfoFeatureProviderGoogleImpl.getManufacturedYear(HardwareInfoFeatureProviderGoogleImpl.kt:24)
                                                                                                    	at com.android.settings.deviceinfo.hardwareinfo.ManufacturedYearPreferenceController.<init>(ManufacturedYearPreferenceController.kt:26)
                                                                                                    	at java.lang.reflect.Constructor.newInstance0(Native Method)
                                                                                                    	at java.lang.reflect.Constructor.newInstance(Constructor.java:343)
                                                                                                    	at com.android.settings.core.BasePreferenceController.createInstance(BasePreferenceController.java:190)
                                                                                                    	at com.android.settings.core.PreferenceControllerListHelper.getPreferenceControllersFromXml(PreferenceControllerListHelper.java:86)
                                                                                                    	at com.android.settings.search.BaseSearchIndexProvider.getPreferenceControllers(BaseSearchIndexProvider.java:195)
                                                                                                    	at com.android.settings.search.BaseSearchIndexProvider.updateNonIndexableKeysFromControllers(BaseSearchIndexProvider.java:142)
                                                                                                    	at com.android.settings.search.BaseSearchIndexProvider.getNonIndexableKeys(BaseSearchIndexProvider.java:136)
                                                                                                    	at com.android.settings.search.SettingsSearchIndexablesProvider.getNonIndexableKeysFromProvider(SettingsSearchIndexablesProvider.java:285)
                                                                                                    	at com.android.settings.search.SettingsSearchIndexablesProvider.queryNonIndexableKeys(SettingsSearchIndexablesProvider.java:158)
                                                                                                    	at android.provider.SearchIndexablesProvider.query(SearchIndexablesProvider.java:127)
                                                                                                    	at android.content.ContentProvider.query(ContentProvider.java:1625)
                                                                                                    	at android.content.ContentProvider.query(ContentProvider.java:1721)
                                                                                                    	at android.content.ContentProvider$Transport.query(ContentProvider.java:296)
                                                                                                    	at android.content.ContentProviderNative.onTransact(ContentProviderNative.java:107)
                                                                                                    	at android.os.Binder.execTransactInternal(Binder.java:1421)
                                                                                                    	at android.os.Binder.execTransact(Binder.java:1365)
2025-10-09 23:01:43.725  1131-1150  PrefCtrlListHelper      com.android.settings                 D  Could not find Context-only controller for pref: com.android.settings.inputmethod.KeyboardAccessibilityStickyKeysController
2025-10-09 23:01:43.725  1131-1150  PrefCtrlListHelper      com.android.settings                 W  Cannot instantiate controller from reflection: com.android.settings.inputmethod.KeyboardAccessibilityStickyKeysController
2025-10-09 23:01:43.725  1131-1150  PrefCtrlListHelper      com.android.settings                 D  Could not find Context-only controller for pref: com.android.settings.inputmethod.KeyboardAccessibilityBounceKeysController
2025-10-09 23:01:43.725  1131-1150  PrefCtrlListHelper      com.android.settings                 W  Cannot instantiate controller from reflection: com.android.settings.inputmethod.KeyboardAccessibilityBounceKeysController
2025-10-09 23:01:43.725  1131-1150  PrefCtrlListHelper      com.android.settings                 D  Could not find Context-only controller for pref: com.android.settings.inputmethod.KeyboardAccessibilitySlowKeysController
2025-10-09 23:01:43.725  1131-1150  PrefCtrlListHelper      com.android.settings                 W  Cannot instantiate controller from reflection: com.android.settings.inputmethod.KeyboardAccessibilitySlowKeysController
2025-10-09 23:01:43.725  1131-1150  PrefCtrlListHelper      com.android.settings                 D  Could not find Context-only controller for pref: com.android.settings.inputmethod.KeyboardAccessibilityMouseKeysController
2025-10-09 23:01:43.725  1131-1150  PrefCtrlListHelper      com.android.settings                 W  Cannot instantiate controller from reflection: com.android.settings.inputmethod.KeyboardAccessibilityMouseKeysController
2025-10-09 23:01:43.725  1131-1150  PrefCtrlListHelper      com.android.settings                 D  Could not find Context-only controller for pref: com.android.settings.notification.LockScreenNotificationsPreferencePageController
2025-10-09 23:01:43.725  1131-1150  PrefCtrlListHelper      com.android.settings                 D  Could not find Context-only controller for pref: com.google.android.settings.communal.GlanceableHubTogglePreferenceController
2025-10-09 23:01:43.725  1131-1150  PrefCtrlListHelper      com.android.settings                 D  Could not find Context-only controller for pref: com.android.settings.biometrics.face.FaceSettingsLockscreenBypassPreferenceController
2025-10-09 23:01:43.725  1131-1150  PrefCtrlListHelper      com.android.settings                 D  Could not find Context-only controller for pref: com.android.settings.users.AddUserWhenLockedPreferenceController
2025-10-09 23:01:43.729  1131-1146  ndroid.settings         com.android.settings                 I  AssetManager2(0xb400007065715378) locale list changing from [] to [en-US]
2025-10-09 23:01:43.734  1131-1146  ndroid.settings         com.android.settings                 I  AssetManager2(0xb400007065716318) locale list changing from [] to [en-US]
2025-10-09 23:01:43.741  1131-1150  PrefCtrlListHelper      com.android.settings                 D  Could not find Context-only controller for pref: com.android.settings.display.WalletPrivacyPreferenceController
2025-10-09 23:01:43.741  1131-1150  PrefCtrlListHelper      com.android.settings                 D  Could not find Context-only controller for pref: com.android.settings.display.ControlsPrivacyPreferenceController
2025-10-09 23:01:43.741  1131-1150  PrefCtrlListHelper      com.android.settings                 D  Could not find Context-only controller for pref: com.android.settings.display.ControlsTrivialPrivacyPreferenceController
2025-10-09 23:01:43.741  1131-1150  PrefCtrlListHelper      com.android.settings                 D  Could not find Context-only controller for pref: com.android.settings.display.CustomizableLockScreenQuickAffordancesPreferenceController
2025-10-09 23:01:43.741  1131-1150  PrefCtrlListHelper      com.android.settings                 D  Could not find Context-only controller for pref: com.android.settings.display.LockscreenClockPreferenceController
2025-10-09 23:01:43.741  1131-1150  PrefCtrlListHelper      com.android.settings                 D  Could not find Context-only controller for pref: com.android.settings.display.AmbientDisplayWhenToShowPreferenceController
2025-10-09 23:01:43.741  1131-1150  PrefCtrlListHelper      com.android.settings                 D  Could not find Context-only controller for pref: com.android.settings.display.AmbientDisplayAlwaysOnPreferenceController
2025-10-09 23:01:43.741  1131-1150  PrefCtrlListHelper      com.android.settings                 D  Could not find Context-only controller for pref: com.android.settings.gestures.TapScreenGesturePreferenceController
2025-10-09 23:01:43.741  1131-1150  PrefCtrlListHelper      com.android.settings                 D  Could not find Context-only controller for pref: com.android.settings.gestures.DoubleTapScreenPreferenceController
2025-10-09 23:01:43.741  1131-1150  PrefCtrlListHelper      com.android.settings                 D  Could not find Context-only controller for pref: com.android.settings.gestures.PickupGesturePreferenceController
2025-10-09 23:01:43.741  1131-1150  PrefCtrlListHelper      com.android.settings                 D  Could not find Context-only controller for pref: com.android.settings.display.AmbientDisplayNotificationsPreferenceController
2025-10-09 23:01:43.741  1131-1150  PrefControllerMixin     com.android.settings                 W  Skipping updateNonIndexableKeys due to empty key com.android.settings.notification.LockScreenNotificationPreferenceController@f778239
2025-10-09 23:01:43.751  2232-2314  BugleSelfIdentity       com.google.android.apps.messaging    I  Phone number for MyIdentity dc671b5f-fca2-4dcd-8034-fcc771c6f6e7 does not change [CONTEXT sub_id=1 icc_id="redacted-pii[20-chars]" messaging_identity="redacted-pii[12-chars]" rcs_provisioning_id="redacted-pii[20-chars]" ]
2025-10-09 23:01:43.757  2232-2314  BugleDataModel          com.google.android.apps.messaging    I  SubscriptionsTracker bindToTrackingMap bound participants: [ParticipantId=1 subId=-1, ParticipantId=2 subId=1]
2025-10-09 23:01:43.757  2232-2314  BugleDataModel          com.google.android.apps.messaging    I  set orderedRowIdAndTokenPairs: [rowId=2 subId= 1 token=dc671b5f-fca2-4dcd-8034-fcc771c6f6e7, rowId=1 subId= -1 token=ba271a4f-0734-4018-b919-2b7452821f23]
2025-10-09 23:01:43.765  1131-1146  ndroid.settings         com.android.settings                 I  AssetManager2(0xb400007065719e78) locale list changing from [] to [en-US]
2025-10-09 23:01:43.767  1229-1561  MagicTether             com.google.android.gms.persistent    I  [WifiSyncService] Disabled for all users, clearing saved network information and stopping service. [CONTEXT service_id=276 ]
2025-10-09 23:01:43.783  2232-2314  BugleSelfIdentity       com.google.android.apps.messaging    I  Phone number for MyIdentity dc671b5f-fca2-4dcd-8034-fcc771c6f6e7 does not change [CONTEXT sub_id=1 icc_id="redacted-pii[20-chars]" messaging_identity="redacted-pii[12-chars]" rcs_provisioning_id="redacted-pii[20-chars]" ]
2025-10-09 23:01:43.784  2232-2308  RcsProvisioningFlow     com.google.android.apps.messaging    I  Lock acquired for updatng phone SIMs state with update trigger: 6.
2025-10-09 23:01:43.784  2232-2308  BugleSimStateTracker    com.google.android.apps.messaging    I  default call SIM: redacted-pii:sim_id[chars:20,last3:897], default sms SIM redacted-pii:sim_id[chars:20,last3:897]. default data SIM redacted-pii:sim_id[chars:20,last3:897].
2025-10-09 23:01:43.789  1510-2820  MS_Utils                com.google.android.gms               I  version of com.google.android.apps.maps = 1068253970
2025-10-09 23:01:43.799  3534-3534  dumpsys                 pid-3534                             W  Thread Pool max thread count is 0. Cannot cache binder as linkToDeath cannot be implemented. serviceName: window
2025-10-09 23:01:43.820  1131-1146  ndroid.settings         com.android.settings                 I  AssetManager2(0xb40000706571b458) locale list changing from [] to [en-US]
2025-10-09 23:01:43.821  1510-2441  Checkin                 com.google.android.gms               I  [CheckinApiChimeraService] onGetService
2025-10-09 23:01:43.821  1131-1146  SettingsSearchProvider  com.android.settings                 I  Skip indexing category: com.android.settings.category.ia.privacy
2025-10-09 23:01:43.829  1131-1146  ndroid.settings         com.android.settings                 I  AssetManager2(0xb400007065719518) locale list changing from [] to [en-US]
2025-10-09 23:01:43.842  1131-1146  ndroid.settings         com.android.settings                 I  AssetManager2(0xb40000706571ba98) locale list changing from [] to [en-US]
2025-10-09 23:01:43.845  2232-2242  .apps.messaging         com.google.android.apps.messaging    W  Suspending all threads took: 8.355ms
2025-10-09 23:01:43.859   638-809   InetDiagMessage         system_server                        D  Destroyed 0 sockets, proto=IPPROTO_TCP, family=AF_INET, states=14
2025-10-09 23:01:43.862  1522-1825  .apps.wellbeing         com.google.android.apps.wellbeing    I  AssetManager2(0xb400007065716318) locale list changing from [] to [en-US]
2025-10-09 23:01:43.865   638-809   InetDiagMessage         system_server                        D  Destroyed 0 sockets, proto=IPPROTO_TCP, family=AF_INET6, states=14
2025-10-09 23:01:43.865   638-809   InetDiagMessage         system_server                        D  Destroyed live tcp sockets for uids={10186} in 8ms
2025-10-09 23:01:43.865   638-809   InetDiagMessage         system_server                        D  Destroyed 0 sockets, proto=IPPROTO_TCP, family=AF_INET, states=14
2025-10-09 23:01:43.865   638-809   InetDiagMessage         system_server                        D  Destroyed 0 sockets, proto=IPPROTO_TCP, family=AF_INET6, states=14
2025-10-09 23:01:43.865   638-809   InetDiagMessage         system_server                        D  Destroyed live tcp sockets for uids={20186} in 0ms
2025-10-09 23:01:43.875  3538-3538  dumpsys                 pid-3538                             W  Thread Pool max thread count is 0. Cannot cache binder as linkToDeath cannot be implemented. serviceName: user
2025-10-09 23:01:43.876   638-638   binder:638_1F           system_server                        W  type=1400 audit(0.0:126): avc:  denied  { read } for  name="u:object_r:system_user_mode_emulation_prop:s0" dev="tmpfs" ino=333 scontext=u:r:system_server:s0 tcontext=u:object_r:system_user_mode_emulation_prop:s0 tclass=file permissive=0
2025-10-09 23:01:43.884   638-1960  libc                    system_server                        W  Access denied finding property "persist.debug.user_mode_emulation"
2025-10-09 23:01:43.885   638-1960  UserSystem...eInstaller system_server                        V  dumpPackageWhitelistProblems(): using mode d
2025-10-09 23:01:43.901  1131-1146  ndroid.settings         com.android.settings                 I  AssetManager2(0xb40000706571c718) locale list changing from [] to [en-US]
2025-10-09 23:01:43.905  2232-2311  BugleNotifications      com.google.android.apps.messaging    I  Creating notification input ids [CONTEXT im_entry_input="" im_notification_input="" im_settings_store_input="" im_final_input="" ]
2025-10-09 23:01:43.910  2232-2862  BugleNotifications      com.google.android.apps.messaging    I  New set of conversations empty, canceling notifications
2025-10-09 23:01:43.910  2232-2311  BugleNotifications      com.google.android.apps.messaging    I  Conversation and messages data list is empty, not creating summary builder info
2025-10-09 23:01:43.910  2232-2311  BugleNotifications      com.google.android.apps.messaging    I  No builder infos, not creating notification creation package
2025-10-09 23:01:43.911  2232-2315  BugleNotifications      com.google.android.apps.messaging    I  Notification creation package is null, not creating notification [CONTEXT notification_type="2" ]
2025-10-09 23:01:43.919  1131-1150  Customizab...creenUtils com.android.settings                 D  is_custom_lock_screen_quick_affordances_feature_enabled=1
2025-10-09 23:01:43.929  1131-1146  SettingsSearchProvider  com.android.settings                 I  Skip indexing category: com.android.settings.category.ia.homepage
2025-10-09 23:01:43.930  2232-3540  stetho                  com.google.android.apps.messaging    W  I/O error: java.io.IOException: No matching handler, firstByte=71
2025-10-09 23:01:43.933   638-853   Background...rolService system_server                        D  Package event received: 0
2025-10-09 23:01:43.934  2232-3541  stetho                  com.google.android.apps.messaging    W  I/O error: java.io.IOException: No matching handler, firstByte=71
2025-10-09 23:01:43.953   638-728   ActivityManager         system_server                        I  Background started FGS: Allowed [callingPackage: com.google.android.apps.messaging; callingUid: 10145; uidState: BFGS; uidBFSL: [BFSL]; intent: Intent { xflg=0x4 cmp=com.google.android.apps.messaging/com.google.apps.tiktok.concurrent.InternalForegroundService (has extras) }; code:PROC_STATE_BFGS; tempAllowListReason:<bd71cd9 android.intent.action.BOOT_COMPLETED/u0,reasonCode:BOOT_COMPLETED,duration:20000,callingUid:1000>; allowWiu:-1; targetSdkVersion:36; callerTargetSdkVersion:36; startForegroundCount:0; bindFromPackage:null: isBindService:false]
2025-10-09 23:01:43.957  2232-2308  BugleSimStateTracker    com.google.android.apps.messaging    I  Is carrier config for identified carrier: true
2025-10-09 23:01:43.964  1510-2704  ProtoLiteUtils          com.google.android.gms               E  Corrupt protobuf data, expected CRC: 49512400954979 computed CRC: 0
2025-10-09 23:01:43.983  2232-2862  WM-GreedyScheduler      com.google.android.apps.messaging    D  Ignoring {WorkSpec: 9ee25f89-c634-453b-ab8f-8b52427b039c}. Requires device idle.
2025-10-09 23:01:43.983  2232-2862  WM-GreedyScheduler      com.google.android.apps.messaging    D  Ignoring {WorkSpec: f7ebbbeb-a124-4bd8-bc41-7bc7c3d61a3f}. Requires device idle.
2025-10-09 23:01:43.983  2232-2862  WM-GreedyScheduler      com.google.android.apps.messaging    D  Ignoring {WorkSpec: 53b9077f-310d-413b-bd2a-7dc8cd24e43d}. Requires device idle.
2025-10-09 23:01:43.983  2232-2862  WM-GreedyScheduler      com.google.android.apps.messaging    D  Starting work for d839d652-6ee0-490a-93e5-581d28ea2260
2025-10-09 23:01:43.983  2232-2862  WM-GreedyScheduler      com.google.android.apps.messaging    D  Starting tracking for 586d1200-1c73-4b84-b0d6-4c482b00c8e0,23f94686-13a6-408a-bf9a-b6513be79a72,f137a96f-f291-4875-b6b1-e2a6a8a6c39c,b920c374-62b2-4d2b-a8ec-8ad4ef404cb6
2025-10-09 23:01:43.983  2232-2862  WM-Processor            com.google.android.apps.messaging    D  ryg: processing WorkGenerationalId(workSpecId=d839d652-6ee0-490a-93e5-581d28ea2260, generation=0)
2025-10-09 23:01:43.984  2232-2314  MddListena...kerFactory com.google.android.apps.messaging    D  createWorker for class: com.google.android.apps.messaging.shared.datamodel.workqueue.WorkQueueWorkerShim
2025-10-09 23:01:43.987   638-1937  ActivityManager         system_server                        W  Foreground service started from background can not have location/camera/microphone access: service com.google.android.apps.messaging/com.google.apps.tiktok.concurrent.InternalForegroundService
2025-10-09 23:01:43.989  1510-2080  Configuration           com.google.android.gms               V  Updating configuration, locales updated from [] to [en_US]
2025-10-09 23:01:43.997  1131-1150  Customizab...creenUtils com.android.settings                 D  is_custom_lock_screen_quick_affordances_feature_enabled=1
2025-10-09 23:01:43.998  1131-1150  Customizab...creenUtils com.android.settings                 D  is_custom_lock_screen_quick_affordances_feature_enabled=1
2025-10-09 23:01:44.000  1597-3542  stetho                  com...le.android.apps.messaging:rcs  W  I/O error: java.io.IOException: No matching handler, firstByte=71
2025-10-09 23:01:44.002  1131-1150  Customizab...creenUtils com.android.settings                 D  is_custom_lock_screen_quick_affordances_feature_enabled=1
2025-10-09 23:01:44.003  1131-1150  PrefCtrlListHelper      com.android.settings                 D  Could not find Context-only controller for pref: com.android.settings.accessibility.DaltonizerRadioButtonPreferenceController
2025-10-09 23:01:44.003  1131-1150  PrefCtrlListHelper      com.android.settings                 D  Could not find Context-only controller for pref: com.android.settings.accessibility.DaltonizerRadioButtonPreferenceController
2025-10-09 23:01:44.003  1131-1150  PrefCtrlListHelper      com.android.settings                 D  Could not find Context-only controller for pref: com.android.settings.accessibility.DaltonizerRadioButtonPreferenceController
2025-10-09 23:01:44.003  1131-1150  PrefCtrlListHelper      com.android.settings                 D  Could not find Context-only controller for pref: com.android.settings.accessibility.DaltonizerRadioButtonPreferenceController
2025-10-09 23:01:44.003  1131-1150  PrefCtrlListHelper      com.android.settings                 D  Could not find Context-only controller for pref: com.android.settings.accessibility.DaltonizerSaturationSeekbarPreferenceController
2025-10-09 23:01:44.005  1510-2080  gle.android.gms         com.google.android.gms               I  AssetManager2(0xb400007065718bb8) locale list changing from [] to [en-US]
2025-10-09 23:01:44.006  1131-1150  PrefCtrlListHelper      com.android.settings                 D  Could not find Context-only controller for pref: com.android.settings.applications.specialaccess.vrlistener.VrListenerScreenPreferenceController
2025-10-09 23:01:44.006  1131-1150  PrefCtrlListHelper      com.android.settings                 D  Could not find Context-only controller for pref: com.android.settings.biometrics.combination.BiometricFaceStatusPreferenceController
2025-10-09 23:01:44.006  1131-1150  PrefCtrlListHelper      com.android.settings                 D  Could not find Context-only controller for pref: com.android.settings.biometrics.combination.BiometricFingerprintStatusPreferenceController
2025-10-09 23:01:44.009  1693-3517  ClearcutMetricXmitter   com...d.googlequicksearchbox:search  V  Transmission is done.
2025-10-09 23:01:44.010  1131-1150  ActiveUnlockStatusUtils com.android.settings                 I  authority not set
2025-10-09 23:01:44.010  1131-1150  ActiveUnlockStatusUtils com.android.settings                 I  authority not set
2025-10-09 23:01:44.010  1131-1150  ActiveUnlockStatusUtils com.android.settings                 I  authority not set
2025-10-09 23:01:44.011  1131-1150  PrefCtrlListHelper      com.android.settings                 D  Could not find Context-only controller for pref: com.android.settings.remoteauth.RemoteAuthStatusPreferenceController
2025-10-09 23:01:44.011  1131-1150  PrefCtrlListHelper      com.android.settings                 D  Could not find Context-only controller for pref: com.android.settings.biometrics.combination.BiometricSettingsKeyguardPreferenceController
2025-10-09 23:01:44.011  1131-1150  PrefCtrlListHelper      com.android.settings                 D  Could not find Context-only controller for pref: com.android.settings.biometrics.combination.BiometricSettingsAppPreferenceController
2025-10-09 23:01:44.011  1131-1150  SettingsSearchProvider  com.android.settings                 V  com.android.settings.biometrics.combination.CombinedBiometricSettings$2@64a2463 tried to add an empty non-indexable key
2025-10-09 23:01:44.012  1131-1150  PrefCtrlListHelper      com.android.settings                 D  Could not find Context-only controller for pref: com.android.settings.inputmethod.KeyboardAccessibilityMouseKeysController
2025-10-09 23:01:44.012  1131-1150  PrefCtrlListHelper      com.android.settings                 W  Cannot instantiate controller from reflection: com.android.settings.inputmethod.KeyboardAccessibilityMouseKeysController
2025-10-09 23:01:44.012  1510-2847  constellation           com.google.android.gms               I  [event_manager] Starting session. sessionId: 0d970374-c09a-4b72-b6eb-0b58b6559828 from trigger: 8
2025-10-09 23:01:44.013  1131-1150  PrefCtrlListHelper      com.android.settings                 D  Could not find Context-only controller for pref: com.android.settings.gestures.LongPressPowerIllustrationPreferenceController
2025-10-09 23:01:44.013  1131-1150  PrefCtrlListHelper      com.android.settings                 D  Could not find Context-only controller for pref: com.android.settings.gestures.LongPressPowerForPowerMenuPreferenceController
2025-10-09 23:01:44.013  1131-1150  PrefCtrlListHelper      com.android.settings                 D  Could not find Context-only controller for pref: com.android.settings.gestures.LongPressPowerForAssistantPreferenceController
2025-10-09 23:01:44.013  1131-1150  PrefCtrlListHelper      com.android.settings                 D  Could not find Context-only controller for pref: com.android.settings.gestures.LongPressPowerSensitivityPreferenceController
2025-10-09 23:01:44.013  1131-1150  PrefCtrlListHelper      com.android.settings                 D  Could not find Context-only controller for pref: com.android.settings.gestures.LongPressPowerFooterPreferenceController
2025-10-09 23:01:44.013  1131-1150  PrefCtrlListHelper      com.android.settings                 D  Could not find Context-only controller for pref: com.android.settings.language.UserDictionaryPreferenceController
2025-10-09 23:01:44.013  1131-1150  PrefCtrlListHelper      com.android.settings                 D  Could not find Context-only controller for pref: com.android.settings.inputmethod.GameControllerPreferenceController
2025-10-09 23:01:44.014  1131-1150  PrefCtrlListHelper      com.android.settings                 D  Could not find Context-only controller for pref: com.android.settings.core.WorkPreferenceController
2025-10-09 23:01:44.014  1131-1150  PrefCtrlListHelper      com.android.settings                 D  Could not find Context-only controller for pref: com.android.settings.inputmethod.SpellCheckerForWorkPreferenceController
2025-10-09 23:01:44.014  1131-1150  PrefCtrlListHelper      com.android.settings                 D  Could not find Context-only controller for pref: com.android.settings.accessibility.CaptioningTogglePreferenceController
2025-10-09 23:01:44.014  1131-1150  PrefCtrlListHelper      com.android.settings                 D  Could not find Context-only controller for pref: com.android.settings.accessibility.CaptioningAppearancePreferenceController
2025-10-09 23:01:44.014  1131-1150  PrefCtrlListHelper      com.android.settings                 D  Could not find Context-only controller for pref: com.android.settings.accessibility.CaptioningFooterPreferenceController
2025-10-09 23:01:44.014  1131-1150  PrefCtrlListHelper      com.android.settings                 D  Could not find Context-only controller for pref: com.android.settings.display.NightDisplayTopIntroPreferenceController
2025-10-09 23:01:44.014  1131-1150  PrefCtrlListHelper      com.android.settings                 D  Could not find Context-only controller for pref: com.android.settings.display.NightDisplayActivationPreferenceController
2025-10-09 23:01:44.015  1131-1150  PrefCtrlListHelper      com.android.settings                 D  Could not find Context-only controller for pref: com.android.settings.display.TwilightLocationPreferenceController
2025-10-09 23:01:44.015  1131-1150  PrefCtrlListHelper      com.android.settings                 D  Could not find Context-only controller for pref: com.android.settings.display.NightDisplayAutoModePreferenceController
2025-10-09 23:01:44.015  1131-1150  PrefCtrlListHelper      com.android.settings                 D  Could not find Context-only controller for pref: com.android.settings.display.NightDisplayCustomStartTimePreferenceController
2025-10-09 23:01:44.015  1131-1150  PrefCtrlListHelper      com.android.settings                 D  Could not find Context-only controller for pref: com.android.settings.display.NightDisplayCustomEndTimePreferenceController
2025-10-09 23:01:44.015  1131-1150  PrefCtrlListHelper      com.android.settings                 D  Could not find Context-only controller for pref: com.android.settings.display.NightDisplayIntensityPreferenceController
2025-10-09 23:01:44.015  1131-1150  SettingsSearchProvider  com.android.settings                 V  com.android.settings.display.NightDisplaySettings$1@8d5bcdb tried to add an empty non-indexable key
2025-10-09 23:01:44.018  1131-1150  PrefCtrlListHelper      com.android.settings                 D  Could not find Context-only controller for pref: com.android.settings.development.snooplogger.SnoopLoggerFiltersPreferenceController
2025-10-09 23:01:44.019  1131-1150  SettingsSearchProvider  com.android.settings                 V  com.android.settings.development.snooplogger.SnoopLoggerFiltersDashboard$1@fb84a51 tried to add an empty non-indexable key
2025-10-09 23:01:44.019  1131-1150  PrefCtrlListHelper      com.android.settings                 D  Could not find Context-only controller for pref: com.android.settings.location.RecentLocationAccessSeeAllPreferenceController
2025-10-09 23:01:44.019   638-1937  Foreground...ggerModule system_server                        W  Foreground service start for UID: 10145 does not have any types
2025-10-09 23:01:44.020  1131-1150  PrefCtrlListHelper      com.android.settings                 D  Could not find Context-only controller for pref: com.android.settings.emergency.EmergencyGesturePreferenceController
2025-10-09 23:01:44.020  1131-1150  PrefCtrlListHelper      com.android.settings                 D  Could not find Context-only controller for pref: com.android.settings.emergency.EmergencyGestureSoundPreferenceController
2025-10-09 23:01:44.020  1131-1150  PrefCtrlListHelper      com.android.settings                 D  Could not find Context-only controller for pref: com.android.settings.emergency.EmergencyGestureNumberOverridePreferenceController
2025-10-09 23:01:44.020  1131-1150  SettingsSearchProvider  com.android.settings                 V  com.android.settings.emergency.EmergencyGestureSettings$1@4712f24 tried to add an empty non-indexable key
2025-10-09 23:01:44.020   638-853   Background...rolService system_server                        D  Package event received: 0
2025-10-09 23:01:44.024  1131-1150  SlotSimStatus           com.android.settings                 D  Number of active SIM: 1
2025-10-09 23:01:44.025  1131-1150  BaseSearchIndex         com.android.settings                 W  Error initializing controller in fragment: com.android.settings.deviceinfo.aboutphone.MyDeviceInfoFragment$1@688354d, e: java.lang.IllegalStateException: Cannot invoke setValue on a background thread
2025-10-09 23:01:44.025  1131-1150  PrefCtrlListHelper      com.android.settings                 D  Could not find Context-only controller for pref: com.android.settings.deviceinfo.DeviceNamePreferenceController
2025-10-09 23:01:44.025  1131-1150  PrefCtrlListHelper      com.android.settings                 D  Could not find Context-only controller for pref: com.android.settings.deviceinfo.BrandedAccountPreferenceController
2025-10-09 23:01:44.026  1131-1150  PrefCtrlListHelper      com.android.settings                 D  Could not find Context-only controller for pref: com.android.settings.deviceinfo.PhoneNumberPreferenceController
2025-10-09 23:01:44.026  1131-1150  PrefCtrlListHelper      com.android.settings                 D  Could not find Context-only controller for pref: com.google.android.settings.warranty.WarrantyPreferenceController
2025-10-09 23:01:44.026  1131-1150  PrefCtrlListHelper      com.android.settings                 D  Could not find Context-only controller for pref: com.android.settings.deviceinfo.simstatus.SimStatusPreferenceController
2025-10-09 23:01:44.026  1131-1150  PrefCtrlListHelper      com.android.settings                 D  Could not find Context-only controller for pref: com.android.settings.deviceinfo.HardwareInfoPreferenceController
2025-10-09 23:01:44.026  1131-1150  PrefCtrlListHelper      com.android.settings                 D  Could not find Context-only controller for pref: com.android.settings.deviceinfo.imei.ImeiInfoPreferenceController
2025-10-09 23:01:44.026  1131-1150  PrefCtrlListHelper      com.android.settings                 D  Could not find Context-only controller for pref: com.android.settings.deviceinfo.firmwareversion.FirmwareVersionPreferenceController
2025-10-09 23:01:44.026  1131-1150  PrefCtrlListHelper      com.android.settings                 D  Could not find Context-only controller for pref: com.android.settings.deviceinfo.batteryinfo.BatteryInfoPreferenceController
2025-10-09 23:01:44.026  1131-1150  PrefCtrlListHelper      com.android.settings                 D  Could not find Context-only controller for pref: com.android.settings.deviceinfo.BuildNumberPreferenceController
2025-10-09 23:01:44.028  1131-1150  BatterySet...GoogleImpl com.android.settings                 D  isBatteryInfoEnabled = false
2025-10-09 23:01:44.029  1131-1150  PrefCtrlListHelper      com.android.settings                 D  Could not find Context-only controller for pref: com.android.settings.inputmethod.ModifierKeysPreferenceController
2025-10-09 23:01:44.029  1131-1150  PrefCtrlListHelper      com.android.settings                 D  Could not find Context-only controller for pref: com.android.settings.inputmethod.ModifierKeysRestorePreferenceController
2025-10-09 23:01:44.030  1131-1150  PrefCtrlListHelper      com.android.settings                 D  Could not find Context-only controller for pref: com.android.settings.inputmethod.KeyboardRepeatKeysController
2025-10-09 23:01:44.030  1131-1150  PrefCtrlListHelper      com.android.settings                 W  Cannot instantiate controller from reflection: com.android.settings.inputmethod.KeyboardRepeatKeysController
2025-10-09 23:01:44.030  1131-1150  PrefCtrlListHelper      com.android.settings                 D  Could not find Context-only controller for pref: com.android.settings.applications.DefaultAppsPreferenceController
2025-10-09 23:01:44.030  1131-1150  PrefCtrlListHelper      com.android.settings                 D  Could not find Context-only controller for pref: com.android.settings.applications.ClonedAppsPreferenceController
2025-10-09 23:01:44.030  1131-1150  PrefCtrlListHelper      com.android.settings                 D  Could not find Context-only controller for pref: com.android.settings.applications.contacts.ContactsStoragePreferenceController
2025-10-09 23:01:44.033  1510-2563  constellation           com.google.android.gms               I  [sim_state_checker] check
2025-10-09 23:01:44.034  1131-1150  PrefCtrlListHelper      com.android.settings                 D  Could not find Context-only controller for pref: com.android.settings.applications.HibernatedAppsPreferenceController
2025-10-09 23:01:44.035  1131-1150  PrefCtrlListHelper      com.android.settings                 D  Could not find Context-only controller for pref: com.android.settings.applications.AppBatteryUsagePreferenceController
2025-10-09 23:01:44.035  1131-1150  PrefCtrlListHelper      com.android.settings                 D  Could not find Context-only controller for pref: com.android.settings.applications.appcompat.UserAspectRatioAppsPreferenceController
2025-10-09 23:01:44.035   638-1937  Foreground...ggerModule system_server                        W  FGS stop call for: 10145 has no types!
2025-10-09 23:01:44.040  1597-3545  stetho                  com...le.android.apps.messaging:rcs  W  I/O error: java.io.IOException: No matching handler, firstByte=71
2025-10-09 23:01:44.041   638-853   Background...rolService system_server                        D  Package event received: 0
2025-10-09 23:01:44.042  2232-2232  WM-WorkerWrapper        com.google.android.apps.messaging    D  Starting work for com.google.android.apps.messaging.shared.datamodel.workqueue.WorkQueueWorkerShim
2025-10-09 23:01:44.045  2232-2315  WM-WorkerWrapper        com.google.android.apps.messaging    I  Worker result SUCCESS for Work [ id=d839d652-6ee0-490a-93e5-581d28ea2260, tags={ com.google.android.apps.messaging.shared.datamodel.workqueue.WorkQueueWorkerShim,shared_notification_queue_name-NT_INCOMING_MESSAGE } ]
2025-10-09 23:01:44.046  2232-2232  WM-Processor            com.google.android.apps.messaging    D  ryg d839d652-6ee0-490a-93e5-581d28ea2260 executed; reschedule = false
2025-10-09 23:01:44.046  2232-2232  WM-SystemJobService     com.google.android.apps.messaging    D  d839d652-6ee0-490a-93e5-581d28ea2260 executed on JobScheduler
2025-10-09 23:01:44.046  2232-2862  WM-GreedyScheduler      com.google.android.apps.messaging    D  Cancelling work ID d839d652-6ee0-490a-93e5-581d28ea2260
2025-10-09 23:01:44.048  2232-2862  WM-GreedyScheduler      com.google.android.apps.messaging    D  Ignoring {WorkSpec: 9ee25f89-c634-453b-ab8f-8b52427b039c}. Requires device idle.
2025-10-09 23:01:44.048  2232-2862  WM-GreedyScheduler      com.google.android.apps.messaging    D  Ignoring {WorkSpec: f7ebbbeb-a124-4bd8-bc41-7bc7c3d61a3f}. Requires device idle.
2025-10-09 23:01:44.048  2232-2862  WM-GreedyScheduler      com.google.android.apps.messaging    D  Ignoring {WorkSpec: 53b9077f-310d-413b-bd2a-7dc8cd24e43d}. Requires device idle.
2025-10-09 23:01:44.048  2232-2862  WM-GreedyScheduler      com.google.android.apps.messaging    D  Starting tracking for 586d1200-1c73-4b84-b0d6-4c482b00c8e0,23f94686-13a6-408a-bf9a-b6513be79a72,f137a96f-f291-4875-b6b1-e2a6a8a6c39c,b920c374-62b2-4d2b-a8ec-8ad4ef404cb6
2025-10-09 23:01:44.050  1131-1150  PrefCtrlListHelper      com.android.settings                 D  Could not find Context-only controller for pref: com.android.settings.accessibility.VibrationMainSwitchPreferenceController
2025-10-09 23:01:44.050  1131-1150  PrefCtrlListHelper      com.android.settings                 D  Could not find Context-only controller for pref: com.android.settings.accessibility.RingVibrationTogglePreferenceController
2025-10-09 23:01:44.050  1131-1150  PrefCtrlListHelper      com.android.settings                 D  Could not find Context-only controller for pref: com.android.settings.accessibility.VibrationRampingRingerTogglePreferenceController
2025-10-09 23:01:44.050  1131-1150  PrefCtrlListHelper      com.android.settings                 D  Could not find Context-only controller for pref: com.android.settings.accessibility.NotificationVibrationTogglePreferenceController
2025-10-09 23:01:44.050  1131-1150  PrefCtrlListHelper      com.android.settings                 D  Could not find Context-only controller for pref: com.android.settings.accessibility.AlarmVibrationTogglePreferenceController
2025-10-09 23:01:44.050  1131-1150  PrefCtrlListHelper      com.android.settings                 D  Could not find Context-only controller for pref: com.android.settings.accessibility.HapticFeedbackTogglePreferenceController
2025-10-09 23:01:44.050  1131-1150  PrefCtrlListHelper      com.android.settings                 D  Could not find Context-only controller for pref: com.android.settings.accessibility.MediaVibrationTogglePreferenceController
2025-10-09 23:01:44.050  1131-1150  PrefCtrlListHelper      com.android.settings                 D  Could not find Context-only controller for pref: com.android.settings.accessibility.KeyboardVibrationTogglePreferenceController
2025-10-09 23:01:44.050  1131-1150  SettingsSearchProvider  com.android.settings                 V  com.android.settings.accessibility.VibrationSettings$1@52e45 tried to add an empty non-indexable key
2025-10-09 23:01:44.051  1131-1150  PrefCtrlListHelper      com.android.settings                 D  Could not find Context-only controller for pref: com.android.settings.deviceinfo.storage.StorageSelectionPreferenceController
2025-10-09 23:01:44.051  1131-1150  PrefCtrlListHelper      com.android.settings                 D  Could not find Context-only controller for pref: com.android.settings.deviceinfo.storage.StorageUsageProgressBarPreferenceController
2025-10-09 23:01:44.051  1131-1150  PrefCtrlListHelper      com.android.settings                 D  Could not find Context-only controller for pref: com.android.settings.deviceinfo.storage.AutomaticStorageManagementSwitchPreferenceController
2025-10-09 23:01:44.051  1131-1150  PrefCtrlListHelper      com.android.settings                 D  Could not find Context-only controller for pref: com.android.settings.deviceinfo.storage.ManageStoragePreferenceController
2025-10-09 23:01:44.052  1131-1150  PrefCtrlListHelper      com.android.settings                 D  Could not find Context-only controller for pref: com.android.settings.accessibility.HearingDeviceRingtoneRoutingPreferenceController
2025-10-09 23:01:44.052  1131-1150  PrefCtrlListHelper      com.android.settings                 D  Could not find Context-only controller for pref: com.android.settings.accessibility.HearingDeviceCallRoutingPreferenceController
2025-10-09 23:01:44.052  1131-1150  PrefCtrlListHelper      com.android.settings                 D  Could not find Context-only controller for pref: com.android.settings.accessibility.HearingDeviceNotificationRoutingPreferenceController
2025-10-09 23:01:44.052  1131-1150  PrefCtrlListHelper      com.android.settings                 D  Could not find Context-only controller for pref: com.android.settings.bluetooth.BluetoothDetailsAudioRoutingFooterPreferenceController
2025-10-09 23:01:44.052  1131-1150  SettingsSearchProvider  com.android.settings                 V  com.android.settings.accessibility.AccessibilityAudioRoutingFragment$1@598aa8 tried to add an empty non-indexable key
2025-10-09 23:01:44.052  1131-1150  PrefCtrlListHelper      com.android.settings                 D  Could not find Context-only controller for pref: com.android.settings.datetime.AutoTimePreferenceController
2025-10-09 23:01:44.052  1131-1150  PrefCtrlListHelper      com.android.settings                 D  Could not find Context-only controller for pref: com.android.settings.datetime.DatePreferenceController
2025-10-09 23:01:44.052  1131-1150  PrefCtrlListHelper      com.android.settings                 D  Could not find Context-only controller for pref: com.android.settings.datetime.TimePreferenceController
2025-10-09 23:01:44.052  1131-1150  PrefCtrlListHelper      com.android.settings                 D  Could not find Context-only controller for pref: com.android.settings.datetime.AutoTimeZonePreferenceController
2025-10-09 23:01:44.052  1131-1150  PrefCtrlListHelper      com.android.settings                 D  Could not find Context-only controller for pref: com.android.settings.datetime.LocationProviderStatusPreferenceController
2025-10-09 23:01:44.052  1131-1150  PrefCtrlListHelper      com.android.settings                 D  Could not find Context-only controller for pref: com.android.settings.datetime.TimeZonePreferenceController
2025-10-09 23:01:44.052  1131-1150  PrefCtrlListHelper      com.android.settings                 D  Could not find Context-only controller for pref: com.android.settings.datetime.NotificationsPreferenceCategoryController
2025-10-09 23:01:44.052  1131-1150  PrefCtrlListHelper      com.android.settings                 D  Could not find Context-only controller for pref: com.android.settings.datetime.TimeZoneNotificationsPreferenceController
2025-10-09 23:01:44.052  1131-1150  PrefCtrlListHelper      com.android.settings                 D  Could not find Context-only controller for pref: com.android.settings.datetime.TimeFormatPreferenceController
2025-10-09 23:01:44.052  1131-1150  PrefCtrlListHelper      com.android.settings                 D  Could not find Context-only controller for pref: com.android.settings.datetime.TimeFeedbackPreferenceCategoryController
2025-10-09 23:01:44.052  1131-1150  PrefCtrlListHelper      com.android.settings                 D  Could not find Context-only controller for pref: com.android.settings.datetime.TimeFeedbackPreferenceController
2025-10-09 23:01:44.063  1131-1150  PrefCtrlListHelper      com.android.settings                 D  Could not find Context-only controller for pref: com.android.settings.accessibility.PrimaryMonoPreferenceController
2025-10-09 23:01:44.063  1131-1150  PrefCtrlListHelper      com.android.settings                 D  Could not find Context-only controller for pref: com.android.settings.fuelgauge.BatteryHeaderPreferenceController
2025-10-09 23:01:44.064  1510-2842  LSRModuleInit           com.google.android.gms               I  (REDACTED) Attempting to change container components state to enabled: %s
2025-10-09 23:01:44.064  1131-1150  PrefCtrlListHelper      com.android.settings                 D  Could not find Context-only controller for pref: com.android.settings.fuelgauge.BatteryHeaderTextPreferenceController
2025-10-09 23:01:44.064  1131-1150  PrefCtrlListHelper      com.android.settings                 D  Could not find Context-only controller for pref: com.android.settings.fuelgauge.batterytip.BatteryTipPreferenceController
2025-10-09 23:01:44.064  1131-1150  PrefCtrlListHelper      com.android.settings                 D  Could not find Context-only controller for pref: com.google.android.settings.fuelgauge.batterytip.CycleCountTipPreferenceController
2025-10-09 23:01:44.064  1131-1150  PrefCtrlListHelper      com.android.settings                 D  Could not find Context-only controller for pref: com.google.android.settings.fuelgauge.adaptivecharging.AdaptiveChargingPreferenceController
2025-10-09 23:01:44.064  1131-1150  PrefCtrlListHelper      com.android.settings                 D  Could not find Context-only controller for pref: com.google.android.settings.fuelgauge.reversecharging.ReverseChargingPreferenceController
