2025-11-01 13:36:44.395 19049-19049 View                    com.udry.app                         I  setRequestedFrameRate frameRate=-4.0, this=com.getcapacitor.CapacitorWebView{8022c81 VFEDHVC.. .F....I. 0,0-1080,2109 #7f0901c2 app:id/webview aid=1073741824}, caller=WV.ef.b:1 WV.fg.h:118 WV.fg.onDraw:7 com.android.webview.chromium.WebViewChromium.onDraw:35 android.webkit.WebView.onDraw:2959 
2025-11-01 13:36:44.430 19049-19049 Choreographer           com.udry.app                         I  Skipped 30 frames!  The application may be doing too much work on its main thread.
2025-11-01 13:36:44.752 19049-19049 View                    com.udry.app                         I  setRequestedFrameRate frameRate=-4.0, this=com.getcapacitor.CapacitorWebView{8022c81 VFEDHVC.. .F....I. 0,0-1080,2109 #7f0901c2 app:id/webview aid=1073741824}, caller=WV.ef.b:1 WV.fg.h:118 WV.fg.onDraw:7 com.android.webview.chromium.WebViewChromium.onDraw:35 android.webkit.WebView.onDraw:2959 
2025-11-01 13:36:44.786 19049-19049 Choreographer           com.udry.app                         I  Skipped 30 frames!  The application may be doing too much work on its main thread.
2025-11-01 13:36:45.211 19049-19049 VRI[MainAc...y]@445394d com.udry.app                         I  call setFrameRateCategory for touch hint category=no preference, reason=boost timeout, vri=VRI[MainActivity]@445394d
2025-11-01 13:36:47.569 19049-19049 VRI[MainAc...y]@445394d com.udry.app                         I  ViewPostIme pointer 0
2025-11-01 13:36:47.571 19049-19049 VRI[MainAc...y]@445394d com.udry.app                         I  call setFrameRateCategory for touch hint category=high hint, reason=touch, vri=VRI[MainActivity]@445394d
2025-11-01 13:36:47.901 19049-19049 View                    com.udry.app                         I  setRequestedFrameRate frameRate=-4.0, this=com.getcapacitor.CapacitorWebView{8022c81 VFEDHVC.. .F....I. 0,0-1080,2109 #7f0901c2 app:id/webview aid=1073741824}, caller=WV.ef.b:1 WV.fg.h:118 WV.fg.onDraw:7 com.android.webview.chromium.WebViewChromium.onDraw:35 android.webkit.WebView.onDraw:2959 
2025-11-01 13:36:47.936 19049-19049 VRI[MainAc...y]@445394d com.udry.app                         I  ViewPostIme pointer 1
2025-11-01 13:36:47.936 19049-19049 Choreographer           com.udry.app                         I  Skipped 31 frames!  The application may be doing too much work on its main thread.
2025-11-01 13:36:48.258 19049-19049 View                    com.udry.app                         I  setRequestedFrameRate frameRate=-4.0, this=com.getcapacitor.CapacitorWebView{8022c81 VFEDHVC.. .F....I. 0,0-1080,2109 #7f0901c2 app:id/webview aid=1073741824}, caller=WV.ef.b:1 WV.fg.h:118 WV.fg.onDraw:7 com.android.webview.chromium.WebViewChromium.onDraw:35 android.webkit.WebView.onDraw:2959 
2025-11-01 13:36:48.293 19049-19049 Choreographer           com.udry.app                         I  Skipped 31 frames!  The application may be doing too much work on its main thread.
2025-11-01 13:36:48.613 19049-19049 View                    com.udry.app                         I  setRequestedFrameRate frameRate=-4.0, this=com.getcapacitor.CapacitorWebView{8022c81 VFEDHVC.. .F....I. 0,0-1080,2109 #7f0901c2 app:id/webview aid=1073741824}, caller=WV.ef.b:1 WV.fg.h:118 WV.fg.onDraw:7 com.android.webview.chromium.WebViewChromium.onDraw:35 android.webkit.WebView.onDraw:2959 
2025-11-01 13:36:48.646 19049-19049 Choreographer           com.udry.app                         I  Skipped 31 frames!  The application may be doing too much work on its main thread.
2025-11-01 13:36:48.967 19049-19049 View                    com.udry.app                         I  setRequestedFrameRate frameRate=-4.0, this=com.getcapacitor.CapacitorWebView{8022c81 VFEDHVC.. .F....I. 0,0-1080,2109 #7f0901c2 app:id/webview aid=1073741824}, caller=WV.ef.b:1 WV.fg.h:118 WV.fg.onDraw:7 com.android.webview.chromium.WebViewChromium.onDraw:35 android.webkit.WebView.onDraw:2959 
2025-11-01 13:36:49.008 19049-19049 Capacitor/Console       com.udry.app                         D  File: https://maps.googleapis.com/maps-api-v3/api/js/62/12c/intl/zh_hk/marker.js - Line 3 - Msg: Rendering was performed in a subtree hidden by content-visibility.
2025-11-01 13:36:49.008 19049-19049 Capacitor/Console       com.udry.app                         D  File: https://maps.googleapis.com/maps-api-v3/api/js/62/12c/intl/zh_hk/marker.js - Line 3 - Msg: Rendering was performed in a subtree hidden by content-visibility.
2025-11-01 13:36:49.008 19049-19049 Capacitor/Console       com.udry.app                         D  File: https://maps.googleapis.com/maps-api-v3/api/js/62/12c/intl/zh_hk/marker.js - Line 3 - Msg: Rendering was performed in a subtree hidden by content-visibility.
2025-11-01 13:36:49.008 19049-19049 Capacitor/Console       com.udry.app                         D  File: https://maps.googleapis.com/maps-api-v3/api/js/62/12c/intl/zh_hk/marker.js - Line 3 - Msg: Rendering was performed in a subtree hidden by content-visibility.
2025-11-01 13:36:49.008 19049-19049 Capacitor/Console       com.udry.app                         D  File: https://maps.googleapis.com/maps-api-v3/api/js/62/12c/intl/zh_hk/marker.js - Line 3 - Msg: Rendering was performed in a subtree hidden by content-visibility.
2025-11-01 13:36:49.008 19049-19049 Capacitor/Console       com.udry.app                         D  File: https://maps.googleapis.com/maps-api-v3/api/js/62/12c/intl/zh_hk/marker.js - Line 3 - Msg: Rendering was performed in a subtree hidden by content-visibility.
2025-11-01 13:36:49.008 19049-19049 Capacitor/Console       com.udry.app                         D  File: https://maps.googleapis.com/maps-api-v3/api/js/62/12c/intl/zh_hk/marker.js - Line 3 - Msg: Rendering was performed in a subtree hidden by content-visibility.
2025-11-01 13:36:49.008 19049-19049 Capacitor/Console       com.udry.app                         D  File: https://maps.googleapis.com/maps-api-v3/api/js/62/12c/intl/zh_hk/marker.js - Line 3 - Msg: Rendering was performed in a subtree hidden by content-visibility.
2025-11-01 13:36:49.009 19049-19049 Capacitor/Console       com.udry.app                         D  File: https://maps.googleapis.com/maps-api-v3/api/js/62/12c/intl/zh_hk/marker.js - Line 3 - Msg: Rendering was performed in a subtree hidden by content-visibility.
2025-11-01 13:36:49.009 19049-19049 Capacitor/Console       com.udry.app                         D  File: https://maps.googleapis.com/maps-api-v3/api/js/62/12c/intl/zh_hk/marker.js - Line 3 - Msg: Rendering was performed in a subtree hidden by content-visibility.
2025-11-01 13:36:49.009 19049-19049 Choreographer           com.udry.app                         I  Skipped 31 frames!  The application may be doing too much work on its main thread.
2025-11-01 13:36:49.010 19049-19083 cr_media                com.udry.app                         W  Requires MODIFY_AUDIO_SETTINGS and RECORD_AUDIO. No audio device will be available for recording
2025-11-01 13:36:49.328 19049-19049 View                    com.udry.app                         I  setRequestedFrameRate frameRate=-4.0, this=com.getcapacitor.CapacitorWebView{8022c81 VFEDHVC.. .F....I. 0,0-1080,2109 #7f0901c2 app:id/webview aid=1073741824}, caller=WV.ef.b:1 WV.fg.h:118 WV.fg.onDraw:7 com.android.webview.chromium.WebViewChromium.onDraw:35 android.webkit.WebView.onDraw:2959 
2025-11-01 13:36:49.370 19049-19049 Choreographer           com.udry.app                         I  Skipped 31 frames!  The application may be doing too much work on its main thread.
2025-11-01 13:36:49.690 19049-19049 View                    com.udry.app                         I  setRequestedFrameRate frameRate=-4.0, this=com.getcapacitor.CapacitorWebView{8022c81 VFEDHVC.. .F....I. 0,0-1080,2109 #7f0901c2 app:id/webview aid=1073741824}, caller=WV.ef.b:1 WV.fg.h:118 WV.fg.onDraw:7 com.android.webview.chromium.WebViewChromium.onDraw:35 android.webkit.WebView.onDraw:2959 
2025-11-01 13:36:49.731 19049-19049 Choreographer           com.udry.app                         I  Skipped 31 frames!  The application may be doing too much work on its main thread.
2025-11-01 13:36:50.050 19049-19049 View                    com.udry.app                         I  setRequestedFrameRate frameRate=-4.0, this=com.getcapacitor.CapacitorWebView{8022c81 VFEDHVC.. .F....I. 0,0-1080,2109 #7f0901c2 app:id/webview aid=1073741824}, caller=WV.ef.b:1 WV.fg.h:118 WV.fg.onDraw:7 com.android.webview.chromium.WebViewChromium.onDraw:35 android.webkit.WebView.onDraw:2959 
2025-11-01 13:36:50.092 19049-19049 Choreographer           com.udry.app                         I  Skipped 31 frames!  The application may be doing too much work on its main thread.
2025-11-01 13:36:50.412 19049-19049 View                    com.udry.app                         I  setRequestedFrameRate frameRate=-4.0, this=com.getcapacitor.CapacitorWebView{8022c81 VFEDHVC.. .F....I. 0,0-1080,2109 #7f0901c2 app:id/webview aid=1073741824}, caller=WV.ef.b:1 WV.fg.h:118 WV.fg.onDraw:7 com.android.webview.chromium.WebViewChromium.onDraw:35 android.webkit.WebView.onDraw:2959 
2025-11-01 13:36:50.454 19049-19049 Choreographer           com.udry.app                         I  Skipped 31 frames!  The application may be doing too much work on its main thread.
2025-11-01 13:36:50.774 19049-19049 View                    com.udry.app                         I  setRequestedFrameRate frameRate=-4.0, this=com.getcapacitor.CapacitorWebView{8022c81 VFEDHVC.. .F....I. 0,0-1080,2109 #7f0901c2 app:id/webview aid=1073741824}, caller=WV.ef.b:1 WV.fg.h:118 WV.fg.onDraw:7 com.android.webview.chromium.WebViewChromium.onDraw:35 android.webkit.WebView.onDraw:2959 
2025-11-01 13:36:50.816 19049-19049 Choreographer           com.udry.app                         I  Skipped 31 frames!  The application may be doing too much work on its main thread.
2025-11-01 13:36:51.136 19049-19049 View                    com.udry.app                         I  setRequestedFrameRate frameRate=-4.0, this=com.getcapacitor.CapacitorWebView{8022c81 VFEDHVC.. .F....I. 0,0-1080,2109 #7f0901c2 app:id/webview aid=1073741824}, caller=WV.ef.b:1 WV.fg.h:118 WV.fg.onDraw:7 com.android.webview.chromium.WebViewChromium.onDraw:35 android.webkit.WebView.onDraw:2959 
2025-11-01 13:36:51.177 19049-19049 Choreographer           com.udry.app                         I  Skipped 31 frames!  The application may be doing too much work on its main thread.
2025-11-01 13:36:51.497 19049-19049 View                    com.udry.app                         I  setRequestedFrameRate frameRate=-4.0, this=com.getcapacitor.CapacitorWebView{8022c81 VFEDHVC.. .F....I. 0,0-1080,2109 #7f0901c2 app:id/webview aid=1073741824}, caller=WV.ef.b:1 WV.fg.h:118 WV.fg.onDraw:7 com.android.webview.chromium.WebViewChromium.onDraw:35 android.webkit.WebView.onDraw:2959 
2025-11-01 13:36:51.539 19049-19049 VRI[MainAc...y]@445394d com.udry.app                         I  call setFrameRateCategory for touch hint category=no preference, reason=boost timeout, vri=VRI[MainActivity]@445394d
2025-11-01 13:36:51.539 19049-19049 Choreographer           com.udry.app                         I  Skipped 31 frames!  The application may be doing too much work on its main thread.
2025-11-01 13:36:51.859 19049-19049 View                    com.udry.app                         I  setRequestedFrameRate frameRate=-4.0, this=com.getcapacitor.CapacitorWebView{8022c81 VFEDHVC.. .F....I. 0,0-1080,2109 #7f0901c2 app:id/webview aid=1073741824}, caller=WV.ef.b:1 WV.fg.h:118 WV.fg.onDraw:7 com.android.webview.chromium.WebViewChromium.onDraw:35 android.webkit.WebView.onDraw:2959 
2025-11-01 13:36:51.900 19049-19049 Choreographer           com.udry.app                         I  Skipped 31 frames!  The application may be doing too much work on its main thread.
2025-11-01 13:36:52.220 19049-19049 View                    com.udry.app                         I  setRequestedFrameRate frameRate=-4.0, this=com.getcapacitor.CapacitorWebView{8022c81 VFEDHVC.. .F....I. 0,0-1080,2109 #7f0901c2 app:id/webview aid=1073741824}, caller=WV.ef.b:1 WV.fg.h:118 WV.fg.onDraw:7 com.android.webview.chromium.WebViewChromium.onDraw:35 android.webkit.WebView.onDraw:2959 
2025-11-01 13:36:52.263 19049-19049 Choreographer           com.udry.app                         I  Skipped 31 frames!  The application may be doing too much work on its main thread.
2025-11-01 13:36:52.583 19049-19049 View                    com.udry.app                         I  setRequestedFrameRate frameRate=-4.0, this=com.getcapacitor.CapacitorWebView{8022c81 VFEDHVC.. .F....I. 0,0-1080,2109 #7f0901c2 app:id/webview aid=1073741824}, caller=WV.ef.b:1 WV.fg.h:118 WV.fg.onDraw:7 com.android.webview.chromium.WebViewChromium.onDraw:35 android.webkit.WebView.onDraw:2959 
2025-11-01 13:36:52.625 19049-19049 Choreographer           com.udry.app                         I  Skipped 31 frames!  The application may be doing too much work on its main thread.
2025-11-01 13:36:52.947 19049-19049 View                    com.udry.app                         I  setRequestedFrameRate frameRate=-4.0, this=com.getcapacitor.CapacitorWebView{8022c81 VFEDHVC.. .F....I. 0,0-1080,2109 #7f0901c2 app:id/webview aid=1073741824}, caller=WV.ef.b:1 WV.fg.h:118 WV.fg.onDraw:7 com.android.webview.chromium.WebViewChromium.onDraw:35 android.webkit.WebView.onDraw:2959 
2025-11-01 13:36:52.987 19049-19049 Choreographer           com.udry.app                         I  Skipped 31 frames!  The application may be doing too much work on its main thread.
2025-11-01 13:36:53.308 19049-19049 View                    com.udry.app                         I  setRequestedFrameRate frameRate=-4.0, this=com.getcapacitor.CapacitorWebView{8022c81 VFEDHVC.. .F....I. 0,0-1080,2109 #7f0901c2 app:id/webview aid=1073741824}, caller=WV.ef.b:1 WV.fg.h:118 WV.fg.onDraw:7 com.android.webview.chromium.WebViewChromium.onDraw:35 android.webkit.WebView.onDraw:2959 
2025-11-01 13:36:53.349 19049-19049 Choreographer           com.udry.app                         I  Skipped 31 frames!  The application may be doing too much work on its main thread.
2025-11-01 13:36:53.669 19049-19049 View                    com.udry.app                         I  setRequestedFrameRate frameRate=-4.0, this=com.getcapacitor.CapacitorWebView{8022c81 VFEDHVC.. .F....I. 0,0-1080,2109 #7f0901c2 app:id/webview aid=1073741824}, caller=WV.ef.b:1 WV.fg.h:118 WV.fg.onDraw:7 com.android.webview.chromium.WebViewChromium.onDraw:35 android.webkit.WebView.onDraw:2959 
2025-11-01 13:36:53.710 19049-19049 Choreographer           com.udry.app                         I  Skipped 31 frames!  The application may be doing too much work on its main thread.
2025-11-01 13:36:54.030 19049-19049 View                    com.udry.app                         I  setRequestedFrameRate frameRate=-4.0, this=com.getcapacitor.CapacitorWebView{8022c81 VFEDHVC.. .F....I. 0,0-1080,2109 #7f0901c2 app:id/webview aid=1073741824}, caller=WV.ef.b:1 WV.fg.h:118 WV.fg.onDraw:7 com.android.webview.chromium.WebViewChromium.onDraw:35 android.webkit.WebView.onDraw:2959 
2025-11-01 13:36:54.071 19049-19049 Choreographer           com.udry.app                         I  Skipped 31 frames!  The application may be doing too much work on its main thread.
2025-11-01 13:36:54.093 19049-19059 CameraManagerGlobal     com.udry.app                         I  Camera 1 facing CAMERA_FACING_FRONT state now CAMERA_STATE_OPENING for client com.udry.app API Level 2 User Id 0Device Id 0
2025-11-01 13:36:54.097 19049-19059 CameraManagerGlobal     com.udry.app                         I  postSingleUpdate device: camera id 1 status STATUS_NOT_AVAILABLE
2025-11-01 13:36:54.142 19049-20652 cr_VideoCapture         com.udry.app                         E  CameraDevice.StateCallback onOpened
2025-11-01 13:36:54.145 19049-19059 CameraManagerGlobal     com.udry.app                         I  Camera 1 facing CAMERA_FACING_FRONT state now CAMERA_STATE_OPEN for client com.udry.app API Level 2 User Id 0Device Id 0
2025-11-01 13:36:54.243 19049-19493 CameraManagerGlobal     com.udry.app                         I  Camera 1 facing CAMERA_FACING_FRONT state now CAMERA_STATE_ACTIVE for client com.udry.app API Level 2 User Id 0Device Id 0
2025-11-01 13:36:54.402 19049-19049 View                    com.udry.app                         I  setRequestedFrameRate frameRate=-4.0, this=com.getcapacitor.CapacitorWebView{8022c81 VFEDHVC.. .F....I. 0,0-1080,2109 #7f0901c2 app:id/webview aid=1073741824}, caller=WV.ef.b:1 WV.fg.h:118 WV.fg.onDraw:7 com.android.webview.chromium.WebViewChromium.onDraw:35 android.webkit.WebView.onDraw:2959 
2025-11-01 13:36:54.448 19049-19049 Choreographer           com.udry.app                         I  Skipped 33 frames!  The application may be doing too much work on its main thread.
2025-11-01 13:36:54.771 19049-19049 View                    com.udry.app                         I  setRequestedFrameRate frameRate=-4.0, this=com.getcapacitor.CapacitorWebView{8022c81 VFEDHVC.. .F....I. 0,0-1080,2109 #7f0901c2 app:id/webview aid=1073741824}, caller=WV.ef.b:1 WV.fg.h:118 WV.fg.onDraw:7 com.android.webview.chromium.WebViewChromium.onDraw:35 android.webkit.WebView.onDraw:2959 
2025-11-01 13:36:54.818 19049-19049 VRI[MainAc...y]@445394d com.udry.app                         I  onDisplayChanged oldDisplayState=2 newDisplayState=2
2025-11-01 13:36:55.140 19049-19049 View                    com.udry.app                         I  setRequestedFrameRate frameRate=-4.0, this=com.getcapacitor.CapacitorWebView{8022c81 VFEDHVC.. .F....I. 0,0-1080,2109 #7f0901c2 app:id/webview aid=1073741824}, caller=WV.ef.b:1 WV.fg.h:118 WV.fg.onDraw:7 com.android.webview.chromium.WebViewChromium.onDraw:35 android.webkit.WebView.onDraw:2959 
2025-11-01 13:36:55.442 19049-19060 CameraManagerGlobal     com.udry.app                         I  Camera 1 facing CAMERA_FACING_FRONT state now CAMERA_STATE_IDLE for client com.udry.app API Level 2 User Id 0Device Id 0
2025-11-01 13:36:55.458 19049-19493 CameraManagerGlobal     com.udry.app                         I  postSingleUpdate device: camera id 1 status STATUS_PRESENT
2025-11-01 13:36:55.458 19049-19493 CameraManagerGlobal     com.udry.app                         I  Camera 1 facing CAMERA_FACING_FRONT state now CAMERA_STATE_CLOSED for client com.udry.app API Level 2 User Id 0Device Id 0
2025-11-01 13:36:55.510 19049-19049 View                    com.udry.app                         I  setRequestedFrameRate frameRate=-4.0, this=com.getcapacitor.CapacitorWebView{8022c81 VFEDHVC.. .F....I. 0,0-1080,2109 #7f0901c2 app:id/webview aid=1073741824}, caller=WV.ef.b:1 WV.fg.h:118 WV.fg.onDraw:7 com.android.webview.chromium.WebViewChromium.onDraw:35 android.webkit.WebView.onDraw:2959 
2025-11-01 13:36:55.874 19049-19049 View                    com.udry.app                         I  setRequestedFrameRate frameRate=-4.0, this=com.getcapacitor.CapacitorWebView{8022c81 VFEDHVC.. .F....I. 0,0-1080,2109 #7f0901c2 app:id/webview aid=1073741824}, caller=WV.ef.b:1 WV.fg.h:118 WV.fg.onDraw:7 com.android.webview.chromium.WebViewChromium.onDraw:35 android.webkit.WebView.onDraw:2959 
2025-11-01 13:36:55.917 19049-19049 VRI[MainAc...y]@445394d com.udry.app                         I  onDisplayChanged oldDisplayState=2 newDisplayState=2
2025-11-01 13:36:55.918 19049-19049 Choreographer           com.udry.app                         I  Skipped 32 frames!  The application may be doing too much work on its main thread.
2025-11-01 13:36:56.236 19049-19049 View                    com.udry.app                         I  setRequestedFrameRate frameRate=-4.0, this=com.getcapacitor.CapacitorWebView{8022c81 VFEDHVC.. .F....I. 0,0-1080,2109 #7f0901c2 app:id/webview aid=1073741824}, caller=WV.ef.b:1 WV.fg.h:118 WV.fg.onDraw:7 com.android.webview.chromium.WebViewChromium.onDraw:35 android.webkit.WebView.onDraw:2959 
2025-11-01 13:36:56.278 19049-19049 Choreographer           com.udry.app                         I  Skipped 31 frames!  The application may be doing too much work on its main thread.
2025-11-01 13:36:56.330 19049-19060 CameraManagerGlobal     com.udry.app                         I  Camera 2 facing CAMERA_FACING_BACK state now CAMERA_STATE_OPENING for client com.udry.app API Level 2 User Id 0Device Id 0
2025-11-01 13:36:56.333 19049-19060 CameraManagerGlobal     com.udry.app                         I  postSingleUpdate device: camera id 2 status STATUS_NOT_AVAILABLE
2025-11-01 13:36:56.383 19049-19060 CameraManagerGlobal     com.udry.app                         I  Camera 2 facing CAMERA_FACING_BACK state now CAMERA_STATE_OPEN for client com.udry.app API Level 2 User Id 0Device Id 0
2025-11-01 13:36:56.385 19049-20750 cr_VideoCapture         com.udry.app                         E  CameraDevice.StateCallback onOpened
2025-11-01 13:36:56.435 19049-19493 CameraManagerGlobal     com.udry.app                         I  Camera 2 facing CAMERA_FACING_BACK state now CAMERA_STATE_ACTIVE for client com.udry.app API Level 2 User Id 0Device Id 0
2025-11-01 13:36:56.483 19049-19049 VRI[MainAc...y]@445394d com.udry.app                         I  onDisplayChanged oldDisplayState=2 newDisplayState=2
2025-11-01 13:36:57.232 19049-19078 SensorManager           com.udry.app                         D  registerListener :: 1936159343, Samsung Game Rotation Vector Sensor, 16666, 0, 
2025-11-01 13:36:57.627 19049-19049 View                    com.udry.app                         I  setRequestedFrameRate frameRate=-4.0, this=com.getcapacitor.CapacitorWebView{8022c81 VFEDHVC.. .F....I. 0,0-1080,2109 #7f0901c2 app:id/webview aid=1073741824}, caller=WV.ef.b:1 WV.fg.h:118 WV.fg.onDraw:7 com.android.webview.chromium.WebViewChromium.onDraw:35 android.webkit.WebView.onDraw:2959 
2025-11-01 13:36:57.995 19049-19049 View                    com.udry.app                         I  setRequestedFrameRate frameRate=-4.0, this=com.getcapacitor.CapacitorWebView{8022c81 VFEDHVC.. .F....I. 0,0-1080,2109 #7f0901c2 app:id/webview aid=1073741824}, caller=WV.ef.b:1 WV.fg.h:118 WV.fg.onDraw:7 com.android.webview.chromium.WebViewChromium.onDraw:35 android.webkit.WebView.onDraw:2959 
2025-11-01 13:36:58.088 19049-19049 InsetsSourceConsumer    com.udry.app                         I  applyRequestedVisibilityToControl: visible=true, type=statusBars, host=com.udry.app/com.udry.app.MainActivity
2025-11-01 13:36:58.091 19049-19078 SensorManager           com.udry.app                         D  unregisterListener
2025-11-01 13:36:58.410 19049-19049 View                    com.udry.app                         I  setRequestedFrameRate frameRate=-4.0, this=com.getcapacitor.CapacitorWebView{8022c81 VFEDHVC.. .F....I. 0,0-1080,2109 #7f0901c2 app:id/webview aid=1073741824}, caller=WV.ef.b:1 WV.fg.h:118 WV.fg.onDraw:7 com.android.webview.chromium.WebViewChromium.onDraw:35 android.webkit.WebView.onDraw:2959 
2025-11-01 13:36:59.672 19049-19049 BLASTBufferQueue_Java   com.udry.app                         I  update, w= 1080 h= 2340 mName = VRI[MainActivity]@445394d mNativeObject= 0xb400007b4c0e1000 sc.mNativeObject= 0xb400007bd8a8e900 format= -1 caller= android.view.ViewRootImpl.updateBlastSurfaceIfNeeded:3386 android.view.ViewRootImpl.relayoutWindow:11361 android.view.ViewRootImpl.performTraversals:4544 android.view.ViewRootImpl.doTraversal:3708 android.view.ViewRootImpl$TraversalRunnable.run:12542 android.view.Choreographer$CallbackRecord.run:1751 
2025-11-01 13:36:59.672 19049-19049 VRI[MainAc...y]@445394d com.udry.app                         I  Relayout returned: old=(0,0,1080,2340) new=(0,0,1080,2340) relayoutAsync=false req=(1080,2340)0 dur=17 res=0x0 s={true 0xb400007b4bddd800} ch=false seqId=0
2025-11-01 13:37:01.035 19049-19049 VRI[MainAc...y]@445394d com.udry.app                         I  ViewPostIme key 0
2025-11-01 13:37:01.052 19049-19049 VRI[MainAc...y]@445394d com.udry.app                         I  ViewPostIme key 1
2025-11-01 13:37:01.228 19049-19049 VRI[MainAc...y]@445394d com.udry.app                         I  ViewPostIme key 1
2025-11-01 13:37:03.438 19049-19049 SmartClipD...ropperImpl com.udry.app                         D  doExtractSmartClipData : Extraction start! reqId = 18  Cropped area = Rect(540, 1170 - 541, 1171)  Package = com.udry.app
2025-11-01 13:37:03.438 19049-19049 SmartClipD...ropperImpl com.udry.app                         D  addAppMetaTag : package name is com.udry.app
2025-11-01 13:37:03.438 19049-19049 SmartClipD...ropperImpl com.udry.app                         D  sendExtractionResultToSmartClipService : -- Extracted SmartClip data information --
2025-11-01 13:37:03.439 19049-19049 SmartClipD...ropperImpl com.udry.app                         D  sendExtractionResultToSmartClipService : Request Id : 18
2025-11-01 13:37:03.439 19049-19049 SmartClipD...ropperImpl com.udry.app                         D  sendExtractionResultToSmartClipService : Extraction mode : 1
2025-11-01 13:37:03.439 19049-19049 SemSmartCl...Repository com.udry.app                         D  ----- Start of SmartClip repository informations -----
2025-11-01 13:37:03.439 19049-19049 SemSmartCl...Repository com.udry.app                         D  ** Content type : image
2025-11-01 13:37:03.439 19049-19049 SemSmartCl...Repository com.udry.app                         D  ** Meta area rect : Rect(0, 0 - 0, 0)
2025-11-01 13:37:03.439 19049-19049 SemSmartCl...Repository com.udry.app                         D  ** Captured image file path : null
2025-11-01 13:37:03.439 19049-19049 SemSmartCl...Repository com.udry.app                         D  ----- End of SmartClip repository informations -----
2025-11-01 13:37:03.440 19049-19049 SmartClipD...ropperImpl com.udry.app                         D  sendExtractionResultToSmartClipService : Elapsed = 2
2025-11-01 13:37:03.649 19049-19049 ImeFocusController      com.udry.app                         I  onPreWindowFocus: skipped hasWindowFocus=false mHasImeFocus=true
2025-11-01 13:37:03.649 19049-19049 ImeFocusController      com.udry.app                         I  onPostWindowFocus: skipped hasWindowFocus=false mHasImeFocus=true
2025-11-01 13:37:03.686 19049-19049 SmartClipR...Dispatcher com.udry.app                         D  dispatchScrollableAreaInfo : windowRect = Rect(0, 0 - 1080, 2340)
2025-11-01 13:37:03.687 19049-19049 SmartClipR...Dispatcher com.udry.app                         D  dispatchScrollableAreaInfo : Scrollable view count = 2
2025-11-01 13:37:03.687 19049-19049 SmartClipR...Dispatcher com.udry.app                         D  dispatchScrollableAreaInfo : Unscrollable view count = 0
2025-11-01 13:37:03.687 19049-19049 SmartClipR...Dispatcher com.udry.app                         D  dispatchScrollableAreaInfo : Pkg=com.udry.app Activity=null
2025-11-01 13:37:08.327 19049-19056 InputTransport          com.udry.app                         D  Input channel destroyed: 'ClientS', fd=348
2025-11-01 13:37:08.332 19049-19057 MessageQueue            com.udry.app                         W  Handler (android.os.Handler) {5593503} sending message to a Handler on a dead thread (Ask Gemini)
                                                                                                    java.lang.IllegalStateException: Handler (android.os.Handler) {5593503} sending message to a Handler on a dead thread
                                                                                                    	at android.os.MessageQueue.enqueueMessage(MessageQueue.java:600)
                                                                                                    	at android.os.Handler.enqueueMessage(Handler.java:787)
                                                                                                    	at android.os.Handler.sendMessageAtTime(Handler.java:736)
                                                                                                    	at android.os.Handler.sendMessageDelayed(Handler.java:706)
                                                                                                    	at android.os.Handler.post(Handler.java:436)
                                                                                                    	at android.hardware.camera2.impl.CameraDeviceImpl$CameraHandlerExecutor.execute(CameraDeviceImpl.java:2536)
                                                                                                    	at android.hardware.camera2.impl.CallbackProxies$SessionStateCallbackProxy.onClosed(CallbackProxies.java:104)
                                                                                                    	at android.hardware.camera2.impl.CameraCaptureSessionImpl.close(CameraCaptureSessionImpl.java:588)
                                                                                                    	at android.hardware.camera2.impl.CameraCaptureSessionImpl.finalize(CameraCaptureSessionImpl.java:894)
                                                                                                    	at java.lang.Daemons$FinalizerDaemon.doFinalize(Daemons.java:387)
                                                                                                    	at java.lang.Daemons$FinalizerDaemon.processReference(Daemons.java:367)
                                                                                                    	at java.lang.Daemons$FinalizerDaemon.runInternal(Daemons.java:339)
                                                                                                    	at java.lang.Daemons$Daemon.run(Daemons.java:132)
                                                                                                    	at java.lang.Thread.run(Thread.java:1119)
2025-11-01 13:37:08.333 19049-19057 MessageQueue            com.udry.app                         W  Handler (android.os.Handler) {13ca2b9} sending message to a Handler on a dead thread (Ask Gemini)
                                                                                                    java.lang.IllegalStateException: Handler (android.os.Handler) {13ca2b9} sending message to a Handler on a dead thread
                                                                                                    	at android.os.MessageQueue.enqueueMessage(MessageQueue.java:600)
                                                                                                    	at android.os.Handler.enqueueMessage(Handler.java:787)
                                                                                                    	at android.os.Handler.sendMessageAtTime(Handler.java:736)
                                                                                                    	at android.os.Handler.sendMessageDelayed(Handler.java:706)
                                                                                                    	at android.os.Handler.post(Handler.java:436)
                                                                                                    	at android.hardware.camera2.impl.CameraDeviceImpl$CameraHandlerExecutor.execute(CameraDeviceImpl.java:2536)
                                                                                                    	at android.hardware.camera2.impl.CallbackProxies$SessionStateCallbackProxy.onClosed(CallbackProxies.java:104)
                                                                                                    	at android.hardware.camera2.impl.CameraCaptureSessionImpl.close(CameraCaptureSessionImpl.java:588)
                                                                                                    	at android.hardware.camera2.impl.CameraCaptureSessionImpl.finalize(CameraCaptureSessionImpl.java:894)
                                                                                                    	at java.lang.Daemons$FinalizerDaemon.doFinalize(Daemons.java:387)
                                                                                                    	at java.lang.Daemons$FinalizerDaemon.processReference(Daemons.java:367)
                                                                                                    	at java.lang.Daemons$FinalizerDaemon.runInternal(Daemons.java:339)
                                                                                                    	at java.lang.Daemons$Daemon.run(Daemons.java:132)
                                                                                                    	at java.lang.Thread.run(Thread.java:1119)
2025-11-01 13:37:08.333 19049-19057 cr_HandleImpl           com.udry.app                         W  Handle was not closed.
2025-11-01 13:37:08.333 19049-19057 cr_HandleImpl           com.udry.app                         W  Handle was not closed.
2025-11-01 13:37:08.333 19049-19057 cr_HandleImpl           com.udry.app                         W  Handle was not closed.
2025-11-01 13:37:08.333 19049-19057 cr_HandleImpl           com.udry.app                         W  Handle was not closed.
2025-11-01 13:37:08.333 19049-19057 cr_HandleImpl           com.udry.app                         W  Handle was not closed.
2025-11-01 13:37:08.334 19049-19057 cr_HandleImpl           com.udry.app                         W  Handle was not closed.
2025-11-01 13:37:08.334 19049-19057 cr_HandleImpl           com.udry.app                         W  Handle was not closed.
2025-11-01 13:37:08.334 19049-19057 cr_HandleImpl           com.udry.app                         W  Handle was not closed.
2025-11-01 13:37:08.334 19049-19057 cr_HandleImpl           com.udry.app                         W  Handle was not closed.
2025-11-01 13:37:08.334 19049-19057 cr_HandleImpl           com.udry.app                         W  Handle was not closed.
2025-11-01 13:37:08.334 19049-19057 cr_HandleImpl           com.udry.app                         W  Handle was not closed.
2025-11-01 13:37:08.334 19049-19057 cr_HandleImpl           com.udry.app                         W  Handle was not closed.
2025-11-01 13:37:08.335 19049-19057 cr_HandleImpl           com.udry.app                         W  Handle was not closed.
2025-11-01 13:37:08.335 19049-19057 cr_HandleImpl           com.udry.app                         W  Handle was not closed.
2025-11-01 13:37:08.335 19049-19057 cr_HandleImpl           com.udry.app                         W  Handle was not closed.
2025-11-01 13:37:08.336 19049-19057 cr_HandleImpl           com.udry.app                         W  Handle was not closed.
2025-11-01 13:37:08.336 19049-19057 cr_HandleImpl           com.udry.app                         W  Handle was not closed.
2025-11-01 13:37:08.336 19049-19057 cr_HandleImpl           com.udry.app                         W  Handle was not closed.
2025-11-01 13:37:08.336 19049-19057 cr_HandleImpl           com.udry.app                         W  Handle was not closed.
2025-11-01 13:37:08.336 19049-19057 cr_HandleImpl           com.udry.app                         W  Handle was not closed.
2025-11-01 13:37:08.336 19049-19057 cr_HandleImpl           com.udry.app                         W  Handle was not closed.
2025-11-01 13:37:08.336 19049-19057 cr_HandleImpl           com.udry.app                         W  Handle was not closed.
2025-11-01 13:37:08.337 19049-19057 cr_HandleImpl           com.udry.app                         W  Handle was not closed.
2025-11-01 13:37:08.337 19049-19057 cr_HandleImpl           com.udry.app                         W  Handle was not closed.
2025-11-01 13:37:08.337 19049-19057 cr_HandleImpl           com.udry.app                         W  Handle was not closed.
2025-11-01 13:37:08.337 19049-19057 cr_HandleImpl           com.udry.app                         W  Handle was not closed.
2025-11-01 13:37:08.338 19049-19057 cr_HandleImpl           com.udry.app                         W  Handle was not closed.
2025-11-01 13:37:08.338 19049-19057 cr_HandleImpl           com.udry.app                         W  Handle was not closed.
2025-11-01 13:37:08.338 19049-19057 cr_HandleImpl           com.udry.app                         W  Handle was not closed.
2025-11-01 13:37:08.338 19049-19057 cr_HandleImpl           com.udry.app                         W  Handle was not closed.
2025-11-01 13:37:08.338 19049-19057 cr_HandleImpl           com.udry.app                         W  Handle was not closed.
2025-11-01 13:37:08.338 19049-19057 cr_HandleImpl           com.udry.app                         W  Handle was not closed.
2025-11-01 13:37:08.339 19049-19057 cr_HandleImpl           com.udry.app                         W  Handle was not closed.
2025-11-01 13:37:08.339 19049-19057 cr_HandleImpl           com.udry.app                         W  Handle was not closed.
2025-11-01 13:37:08.339 19049-19057 cr_HandleImpl           com.udry.app                         W  Handle was not closed.
2025-11-01 13:37:08.339 19049-19057 cr_HandleImpl           com.udry.app                         W  Handle was not closed.
2025-11-01 13:37:08.339 19049-19057 cr_HandleImpl           com.udry.app                         W  Handle was not closed.
2025-11-01 13:37:08.339 19049-19057 cr_HandleImpl           com.udry.app                         W  Handle was not closed.
2025-11-01 13:37:08.340 19049-19057 cr_HandleImpl           com.udry.app                         W  Handle was not closed.
2025-11-01 13:37:08.340 19049-19057 cr_HandleImpl           com.udry.app                         W  Handle was not closed.
2025-11-01 13:37:08.341 19049-19057 cr_HandleImpl           com.udry.app                         W  Handle was not closed.
2025-11-01 13:37:08.341 19049-19057 cr_HandleImpl           com.udry.app                         W  Handle was not closed.
2025-11-01 13:37:08.341 19049-19057 cr_HandleImpl           com.udry.app                         W  Handle was not closed.
2025-11-01 13:37:08.341 19049-19057 cr_HandleImpl           com.udry.app                         W  Handle was not closed.
2025-11-01 13:37:08.342 19049-19057 cr_HandleImpl           com.udry.app                         W  Handle was not closed.
2025-11-01 13:37:08.342 19049-19057 cr_HandleImpl           com.udry.app                         W  Handle was not closed.
2025-11-01 13:37:08.342 19049-19057 cr_HandleImpl           com.udry.app                         W  Handle was not closed.
2025-11-01 13:37:08.342 19049-19057 cr_HandleImpl           com.udry.app                         W  Handle was not closed.
2025-11-01 13:37:08.342 19049-19057 cr_HandleImpl           com.udry.app                         W  Handle was not closed.
2025-11-01 13:37:08.343 19049-19057 cr_HandleImpl           com.udry.app                         W  Handle was not closed.
2025-11-01 13:37:08.343 19049-19057 cr_HandleImpl           com.udry.app                         W  Handle was not closed.
2025-11-01 13:37:08.344 19049-19057 cr_HandleImpl           com.udry.app                         W  Handle was not closed.
2025-11-01 13:37:08.344 19049-19057 cr_HandleImpl           com.udry.app                         W  Handle was not closed.
2025-11-01 13:37:08.344 19049-19057 cr_HandleImpl           com.udry.app                         W  Handle was not closed.
2025-11-01 13:37:08.344 19049-19057 cr_HandleImpl           com.udry.app                         W  Handle was not closed.
2025-11-01 13:37:08.345 19049-19057 cr_HandleImpl           com.udry.app                         W  Handle was not closed.
2025-11-01 13:37:08.345 19049-19057 cr_HandleImpl           com.udry.app                         W  Handle was not closed.
2025-11-01 13:37:08.345 19049-19057 cr_HandleImpl           com.udry.app                         W  Handle was not closed.
2025-11-01 13:37:08.345 19049-19057 cr_HandleImpl           com.udry.app                         W  Handle was not closed.
2025-11-01 13:37:08.345 19049-19057 cr_HandleImpl           com.udry.app                         W  Handle was not closed.
2025-11-01 13:37:08.345 19049-19057 cr_HandleImpl           com.udry.app                         W  Handle was not closed.
2025-11-01 13:37:08.346 19049-19057 cr_HandleImpl           com.udry.app                         W  Handle was not closed.
2025-11-01 13:37:08.346 19049-19057 cr_HandleImpl           com.udry.app                         W  Handle was not closed.
2025-11-01 13:37:08.346 19049-19057 cr_HandleImpl           com.udry.app                         W  Handle was not closed.
2025-11-01 13:37:08.346 19049-19057 cr_HandleImpl           com.udry.app                         W  Handle was not closed.
2025-11-01 13:37:08.346 19049-19057 cr_HandleImpl           com.udry.app                         W  Handle was not closed.
2025-11-01 13:37:08.347 19049-19057 cr_HandleImpl           com.udry.app                         W  Handle was not closed.
2025-11-01 13:37:08.347 19049-19057 cr_HandleImpl           com.udry.app                         W  Handle was not closed.
2025-11-01 13:37:08.347 19049-19057 cr_HandleImpl           com.udry.app                         W  Handle was not closed.
2025-11-01 13:37:08.347 19049-19057 cr_HandleImpl           com.udry.app                         W  Handle was not closed.
2025-11-01 13:37:08.347 19049-19057 cr_HandleImpl           com.udry.app                         W  Handle was not closed.
2025-11-01 13:37:08.348 19049-19057 cr_HandleImpl           com.udry.app                         W  Handle was not closed.
2025-11-01 13:37:08.348 19049-19057 cr_HandleImpl           com.udry.app                         W  Handle was not closed.
2025-11-01 13:37:08.348 19049-19057 cr_HandleImpl           com.udry.app                         W  Handle was not closed.
2025-11-01 13:37:08.348 19049-19057 cr_HandleImpl           com.udry.app                         W  Handle was not closed.
2025-11-01 13:37:08.349 19049-19057 cr_HandleImpl           com.udry.app                         W  Handle was not closed.
2025-11-01 13:37:08.349 19049-19057 cr_HandleImpl           com.udry.app                         W  Handle was not closed.
2025-11-01 13:37:08.349 19049-19057 cr_HandleImpl           com.udry.app                         W  Handle was not closed.
2025-11-01 13:37:08.349 19049-19057 cr_HandleImpl           com.udry.app                         W  Handle was not closed.
2025-11-01 13:37:08.349 19049-19057 cr_HandleImpl           com.udry.app                         W  Handle was not closed.
2025-11-01 13:37:08.349 19049-19057 cr_HandleImpl           com.udry.app                         W  Handle was not closed.
2025-11-01 13:37:08.349 19049-19057 cr_HandleImpl           com.udry.app                         W  Handle was not closed.
2025-11-01 13:37:08.350 19049-19057 cr_HandleImpl           com.udry.app                         W  Handle was not closed.
2025-11-01 13:37:08.350 19049-19057 cr_HandleImpl           com.udry.app                         W  Handle was not closed.
2025-11-01 13:37:08.350 19049-19057 cr_HandleImpl           com.udry.app                         W  Handle was not closed.
2025-11-01 13:37:08.350 19049-19057 cr_HandleImpl           com.udry.app                         W  Handle was not closed.
2025-11-01 13:37:08.350 19049-19057 cr_HandleImpl           com.udry.app                         W  Handle was not closed.
2025-11-01 13:37:08.350 19049-19057 cr_HandleImpl           com.udry.app                         W  Handle was not closed.
2025-11-01 13:37:08.351 19049-19057 cr_HandleImpl           com.udry.app                         W  Handle was not closed.
2025-11-01 13:37:08.351 19049-19057 cr_HandleImpl           com.udry.app                         W  Handle was not closed.
2025-11-01 13:37:08.351 19049-19057 cr_HandleImpl           com.udry.app                         W  Handle was not closed.
2025-11-01 13:37:08.351 19049-19057 cr_HandleImpl           com.udry.app                         W  Handle was not closed.
2025-11-01 13:37:08.352 19049-19057 cr_HandleImpl           com.udry.app                         W  Handle was not closed.
2025-11-01 13:37:08.352 19049-19057 cr_HandleImpl           com.udry.app                         W  Handle was not closed.
2025-11-01 13:37:08.352 19049-19057 cr_HandleImpl           com.udry.app                         W  Handle was not closed.
2025-11-01 13:37:08.352 19049-19057 cr_HandleImpl           com.udry.app                         W  Handle was not closed.
2025-11-01 13:37:08.352 19049-19057 cr_HandleImpl           com.udry.app                         W  Handle was not closed.
2025-11-01 13:37:08.352 19049-19057 cr_HandleImpl           com.udry.app                         W  Handle was not closed.
2025-11-01 13:37:08.353 19049-19057 cr_HandleImpl           com.udry.app                         W  Handle was not closed.
2025-11-01 13:37:08.353 19049-19057 cr_HandleImpl           com.udry.app                         W  Handle was not closed.
2025-11-01 13:37:08.353 19049-19057 cr_HandleImpl           com.udry.app                         W  Handle was not closed.
2025-11-01 13:37:08.353 19049-19057 cr_HandleImpl           com.udry.app                         W  Handle was not closed.
2025-11-01 13:37:08.353 19049-19057 cr_HandleImpl           com.udry.app                         W  Handle was not closed.
2025-11-01 13:37:08.353 19049-19057 cr_HandleImpl           com.udry.app                         W  Handle was not closed.
2025-11-01 13:37:08.353 19049-19057 cr_HandleImpl           com.udry.app                         W  Handle was not closed.
2025-11-01 13:37:08.354 19049-19057 cr_HandleImpl           com.udry.app                         W  Handle was not closed.
2025-11-01 13:37:08.354 19049-19057 cr_HandleImpl           com.udry.app                         W  Handle was not closed.
2025-11-01 13:37:08.354 19049-19057 cr_HandleImpl           com.udry.app                         W  Handle was not closed.
2025-11-01 13:37:08.354 19049-19057 cr_HandleImpl           com.udry.app                         W  Handle was not closed.
2025-11-01 13:37:08.354 19049-19057 cr_HandleImpl           com.udry.app                         W  Handle was not closed.
2025-11-01 13:37:08.354 19049-19057 cr_HandleImpl           com.udry.app                         W  Handle was not closed.
2025-11-01 13:37:08.355 19049-19057 cr_HandleImpl           com.udry.app                         W  Handle was not closed.
2025-11-01 13:37:08.355 19049-19057 cr_HandleImpl           com.udry.app                         W  Handle was not closed.
2025-11-01 13:37:08.355 19049-19057 cr_HandleImpl           com.udry.app                         W  Handle was not closed.
2025-11-01 13:37:08.355 19049-19057 cr_HandleImpl           com.udry.app                         W  Handle was not closed.
2025-11-01 13:37:08.355 19049-19057 cr_HandleImpl           com.udry.app                         W  Handle was not closed.
2025-11-01 13:37:08.355 19049-19057 cr_HandleImpl           com.udry.app                         W  Handle was not closed.
2025-11-01 13:37:08.393 19049-19049 InsetsSourceConsumer    com.udry.app                         I  applyRequestedVisibilityToControl: visible=true, type=navigationBars, host=com.udry.app/com.udry.app.MainActivity
2025-11-01 13:37:08.394 19049-19049 InsetsSourceConsumer    com.udry.app                         I  applyRequestedVisibilityToControl: visible=true, type=statusBars, host=com.udry.app/com.udry.app.MainActivity
2025-11-01 13:37:08.421 19049-19049 InputMethodManagerUtils com.udry.app                         D  startInputInner - Id : 0
2025-11-01 13:37:08.422 19049-19049 InputMethodManager      com.udry.app                         I  startInputInner - IInputMethodManagerGlobalInvoker.startInputOrWindowGainedFocus
2025-11-01 13:37:08.429 19049-19493 InputTransport          com.udry.app                         D  Input channel constructed: 'ClientS', fd=255
2025-11-01 13:37:10.323 19049-19049 VRI[MainAc...y]@445394d com.udry.app                         I  ViewPostIme pointer 0
2025-11-01 13:37:10.325 19049-19049 VRI[MainAc...y]@445394d com.udry.app                         I  call setFrameRateCategory for touch hint category=high hint, reason=touch, vri=VRI[MainActivity]@445394d
2025-11-01 13:37:10.683 19049-19049 View                    com.udry.app                         I  setRequestedFrameRate frameRate=-4.0, this=com.getcapacitor.CapacitorWebView{8022c81 VFEDHVC.. .F....I. 0,0-1080,2109 #7f0901c2 app:id/webview aid=1073741824}, caller=WV.ef.b:1 WV.fg.h:118 WV.fg.onDraw:7 com.android.webview.chromium.WebViewChromium.onDraw:35 android.webkit.WebView.onDraw:2959 
2025-11-01 13:37:10.769 19049-19049 VRI[MainAc...y]@445394d com.udry.app                         I  ViewPostIme pointer 1
2025-11-01 13:37:11.092 19049-19049 View                    com.udry.app                         I  setRequestedFrameRate frameRate=-4.0, this=com.getcapacitor.CapacitorWebView{8022c81 VFEDHVC.. .F....I. 0,0-1080,2109 #7f0901c2 app:id/webview aid=1073741824}, caller=WV.ef.b:1 WV.fg.h:118 WV.fg.onDraw:7 com.android.webview.chromium.WebViewChromium.onDraw:35 android.webkit.WebView.onDraw:2959 
2025-11-01 13:37:11.405 19049-19060 CameraManagerGlobal     com.udry.app                         I  Camera 2 facing CAMERA_FACING_BACK state now CAMERA_STATE_IDLE for client com.udry.app API Level 2 User Id 0Device Id 0
2025-11-01 13:37:11.433 19049-19060 CameraManagerGlobal     com.udry.app                         I  postSingleUpdate device: camera id 2 status STATUS_PRESENT
2025-11-01 13:37:11.434 19049-19060 CameraManagerGlobal     com.udry.app                         I  Camera 2 facing CAMERA_FACING_BACK state now CAMERA_STATE_CLOSED for client com.udry.app API Level 2 User Id 0Device Id 0
