2025-11-01 15:46:42.708 32180-32180 View                    com.udry.app                         I  setRequestedFrameRate frameRate=9.083477, this=com.getcapacitor.CapacitorWebView{ba40fbd VFEDHVC.. .F...... 0,0-1080,2109 #7f0901c2 app:id/webview aid=1073741824}, caller=WV.ef.b:1 WV.fg.h:118 WV.fg.onDraw:7 com.android.webview.chromium.WebViewChromium.onDraw:35 android.webkit.WebView.onDraw:2959 
2025-11-01 15:46:42.840 32180-32180 View                    com.udry.app                         I  setRequestedFrameRate frameRate=9.083477, this=com.getcapacitor.CapacitorWebView{ba40fbd VFEDHVC.. .F...... 0,0-1080,2109 #7f0901c2 app:id/webview aid=1073741824}, caller=WV.ef.b:1 WV.fg.h:118 WV.fg.onDraw:7 com.android.webview.chromium.WebViewChromium.onDraw:35 android.webkit.WebView.onDraw:2959 
2025-11-01 15:46:42.940 32180-32180 View                    com.udry.app                         I  setRequestedFrameRate frameRate=9.083477, this=com.getcapacitor.CapacitorWebView{ba40fbd VFEDHVC.. .F...... 0,0-1080,2109 #7f0901c2 app:id/webview aid=1073741824}, caller=WV.ef.b:1 WV.fg.h:118 WV.fg.onDraw:7 com.android.webview.chromium.WebViewChromium.onDraw:35 android.webkit.WebView.onDraw:2959 
2025-11-01 15:46:43.074 32180-32180 View                    com.udry.app                         I  setRequestedFrameRate frameRate=9.083477, this=com.getcapacitor.CapacitorWebView{ba40fbd VFEDHVC.. .F...... 0,0-1080,2109 #7f0901c2 app:id/webview aid=1073741824}, caller=WV.ef.b:1 WV.fg.h:118 WV.fg.onDraw:7 com.android.webview.chromium.WebViewChromium.onDraw:35 android.webkit.WebView.onDraw:2959 
2025-11-01 15:46:43.176 32180-32180 VRI[MainAc...y]@4391d49 com.udry.app                         I  ViewPostIme pointer 0
2025-11-01 15:46:43.178 32180-32180 VRI[MainAc...y]@4391d49 com.udry.app                         I  call setFrameRateCategory for touch hint category=high hint, reason=touch, vri=VRI[MainActivity]@4391d49
2025-11-01 15:46:43.271 32180-32234 Capacitor               com.udry.app                         D  Handling local request: https://localhost/bluetooth-selection-guide.png
2025-11-01 15:46:43.271 32180-32180 BLASTBufferQueue_Java   com.udry.app                         I  update, w= 1080 h= 2340 mName = VRI[MainActivity]@4391d49 mNativeObject= 0xb400007bb10c7600 sc.mNativeObject= 0xb400007bb1033b40 format= -1 caller= android.view.ViewRootImpl.updateBlastSurfaceIfNeeded:3386 android.view.ViewRootImpl.relayoutWindow:11361 android.view.ViewRootImpl.performTraversals:4544 android.view.ViewRootImpl.doTraversal:3708 android.view.ViewRootImpl$TraversalRunnable.run:12542 android.view.Choreographer$CallbackRecord.run:1751 
2025-11-01 15:46:43.271 32180-32180 VRI[MainAc...y]@4391d49 com.udry.app                         I  Relayout returned: old=(0,0,1080,2340) new=(0,0,1080,2340) relayoutAsync=true req=(1080,2340)0 dur=1 res=0x0 s={true 0xb400007baa143800} ch=false seqId=0
2025-11-01 15:46:43.271 32180-32180 VRI[MainAc...y]@4391d49 com.udry.app                         I  registerCallbackForPendingTransactions
2025-11-01 15:46:43.271 32180-32180 View                    com.udry.app                         I  setRequestedFrameRate frameRate=8.328683, this=com.getcapacitor.CapacitorWebView{ba40fbd VFEDHVC.. .F...... 0,0-1080,2109 #7f0901c2 app:id/webview aid=1073741824}, caller=WV.ef.b:1 WV.fg.h:118 WV.fg.onDraw:7 com.android.webview.chromium.WebViewChromium.onDraw:35 android.webkit.WebView.onDraw:2959 
2025-11-01 15:46:43.272 32180-32334 VRI[MainAc...y]@4391d49 com.udry.app                         I  mWNT: t=0xb400007bb0f59b00 mBlastBufferQueue=0xb400007bb10c7600 fn= 320 HdrRenderState mRenderHdrSdrRatio=1.0 caller= android.view.ViewRootImpl$9.onFrameDraw:6276 android.view.ViewRootImpl$3.onFrameDraw:2440 android.view.ThreadedRenderer$1.onFrameDraw:761 
2025-11-01 15:46:43.288 32180-32180 View                    com.udry.app                         I  setRequestedFrameRate frameRate=8.328683, this=com.getcapacitor.CapacitorWebView{ba40fbd VFEDHVC.. .F...... 0,0-1080,2109 #7f0901c2 app:id/webview aid=1073741824}, caller=WV.ef.b:1 WV.fg.h:118 WV.fg.onDraw:7 com.android.webview.chromium.WebViewChromium.onDraw:35 android.webkit.WebView.onDraw:2959 
2025-11-01 15:46:43.306 32180-32180 View                    com.udry.app                         I  setRequestedFrameRate frameRate=8.328683, this=com.getcapacitor.CapacitorWebView{ba40fbd VFEDHVC.. .F...... 0,0-1080,2109 #7f0901c2 app:id/webview aid=1073741824}, caller=WV.ef.b:1 WV.fg.h:118 WV.fg.onDraw:7 com.android.webview.chromium.WebViewChromium.onDraw:35 android.webkit.WebView.onDraw:2959 
2025-11-01 15:46:43.317 32180-32234 Capacitor               com.udry.app                         D  Handling local request: https://localhost/account/terms/index.txt?_rsc=j28mt
2025-11-01 15:46:43.399 32180-32193 CameraManagerGlobal     com.udry.app                         I  Camera 2 facing CAMERA_FACING_BACK state now CAMERA_STATE_IDLE for client com.udry.app API Level 2 User Id 0Device Id 0
2025-11-01 15:46:43.422 32180-32180 VRI[MainAc...y]@4391d49 com.udry.app                         I  ViewPostIme pointer 1
2025-11-01 15:46:43.425 32180-32180 View                    com.udry.app                         I  setRequestedFrameRate frameRate=-4.0, this=com.getcapacitor.CapacitorWebView{ba40fbd VFEDHVC.. .F...... 0,0-1080,2109 #7f0901c2 app:id/webview aid=1073741824}, caller=WV.ef.b:1 WV.fg.h:118 WV.fg.onDraw:7 com.android.webview.chromium.WebViewChromium.onDraw:35 android.webkit.WebView.onDraw:2959 
2025-11-01 15:46:43.436 32180-32193 CameraManagerGlobal     com.udry.app                         I  postSingleUpdate device: camera id 2 status STATUS_PRESENT
2025-11-01 15:46:43.436 32180-32193 CameraManagerGlobal     com.udry.app                         I  Camera 2 facing CAMERA_FACING_BACK state now CAMERA_STATE_CLOSED for client com.udry.app API Level 2 User Id 0Device Id 0
2025-11-01 15:46:43.455 32180-32235 Capacitor               com.udry.app                         D  Handling local request: https://localhost/_next/static/chunks/app/(main)/account/terms/page-92144c07103f484a.js
2025-11-01 15:46:43.457 32180-32236 Capacitor               com.udry.app                         D  Handling local request: https://localhost/_next/static/chunks/5612-0df893b83f43caba.js
2025-11-01 15:46:43.472 32180-32180 View                    com.udry.app                         I  setRequestedFrameRate frameRate=-4.0, this=com.getcapacitor.CapacitorWebView{ba40fbd VFEDHVC.. .F...... 0,0-1080,2109 #7f0901c2 app:id/webview aid=1073741824}, caller=WV.ef.b:1 WV.fg.h:118 WV.fg.onDraw:7 com.android.webview.chromium.WebViewChromium.onDraw:35 android.webkit.WebView.onDraw:2959 
2025-11-01 15:46:43.510 32180-32180 VRI[MainAc...y]@4391d49 com.udry.app                         I  onDisplayChanged oldDisplayState=2 newDisplayState=2
2025-11-01 15:46:43.523 32180-32180 View                    com.udry.app                         I  setRequestedFrameRate frameRate=-4.0, this=com.getcapacitor.CapacitorWebView{ba40fbd VFEDHVC.. .F...... 0,0-1080,2109 #7f0901c2 app:id/webview aid=1073741824}, caller=WV.ef.b:1 WV.fg.h:118 WV.fg.onDraw:7 com.android.webview.chromium.WebViewChromium.onDraw:35 android.webkit.WebView.onDraw:2959 
2025-11-01 15:46:43.549 32180-32180 View                    com.udry.app                         I  setRequestedFrameRate frameRate=-4.0, this=com.getcapacitor.CapacitorWebView{ba40fbd VFEDHVC.. .F...... 0,0-1080,2109 #7f0901c2 app:id/webview aid=1073741824}, caller=WV.ef.b:1 WV.fg.h:118 WV.fg.onDraw:7 com.android.webview.chromium.WebViewChromium.onDraw:35 android.webkit.WebView.onDraw:2959 
2025-11-01 15:46:44.550 32180-32180 VRI[MainAc...y]@4391d49 com.udry.app                         I  ViewPostIme pointer 0
2025-11-01 15:46:44.651 32180-32180 VRI[MainAc...y]@4391d49 com.udry.app                         I  ViewPostIme pointer 1
2025-11-01 15:46:44.665 32180-32180 Capacitor/Console       com.udry.app                         I  File: https://localhost/_next/static/chunks/app/(main)/home/page-f97f18d3caf9ceaa.js - Line 1 - Msg: [DIAG_LOG 2025-11-01T07:46:44.664Z] [RENTAL_DIALOG] handleConnectAndRent: Function called. Beginning Bluetooth process.
2025-11-01 15:46:44.666 32180-32180 Capacitor/Console       com.udry.app                         I  File: https://localhost/_next/static/chunks/5533-63060eeb5b6dc4c1.js - Line 1 - Msg: [DIAG_LOG 2025-11-01T07:46:44.665Z] [AUTH_CONTEXT] logMachineEvent: Type: info, Message: "User initiated rental. Starting Bluetooth connection..."
2025-11-01 15:46:44.674 32180-32180 Capacitor/Plugin        com.udry.app                         V  To native (Capacitor plugin): callbackId: 130542421, pluginId: BluetoothLe, methodName: initialize
2025-11-01 15:46:44.675 32180-32180 Capacitor               com.udry.app                         V  callback: 130542421, pluginId: BluetoothLe, methodName: initialize, methodData: {}
2025-11-01 15:46:44.689 32180-32180 BluetoothAdapter        com.udry.app                         I  BluetoothAdapter() : com.udry.app
2025-11-01 15:46:44.697 32180-32180 View                    com.udry.app                         I  setRequestedFrameRate frameRate=-4.0, this=com.getcapacitor.CapacitorWebView{ba40fbd VFEDHVC.. .F...... 0,0-1080,2109 #7f0901c2 app:id/webview aid=1073741824}, caller=WV.ef.b:1 WV.fg.h:118 WV.fg.onDraw:7 com.android.webview.chromium.WebViewChromium.onDraw:35 android.webkit.WebView.onDraw:2959 
2025-11-01 15:46:44.703 32180-32180 Capacitor/Console       com.udry.app                         I  File:  - Line 350 - Msg: undefined
2025-11-01 15:46:44.704 32180-32180 Capacitor/Plugin        com.udry.app                         V  To native (Capacitor plugin): callbackId: 130542422, pluginId: BluetoothLe, methodName: requestDevice
2025-11-01 15:46:44.704 32180-32180 Capacitor               com.udry.app                         V  callback: 130542422, pluginId: BluetoothLe, methodName: requestDevice, methodData: {"services":["0000ffe0-0000-1000-8000-00805f9b34fb"]}
2025-11-01 15:46:44.712 32180-32268 DeviceScanner           com.udry.app                         D  Start scanning.
2025-11-01 15:46:44.712 32180-32268 BluetoothAdapter        com.udry.app                         D  isLeEnabled(): BLE_ON
2025-11-01 15:46:44.717 32180-32180 View                    com.udry.app                         I  setRequestedFrameRate frameRate=-4.0, this=com.getcapacitor.CapacitorWebView{ba40fbd VFEDHVC.. .F...... 0,0-1080,2109 #7f0901c2 app:id/webview aid=1073741824}, caller=WV.ef.b:1 WV.fg.h:118 WV.fg.onDraw:7 com.android.webview.chromium.WebViewChromium.onDraw:35 android.webkit.WebView.onDraw:2959 
2025-11-01 15:46:44.722 32180-32268 BluetoothLeScanner      com.udry.app                         D  Start Scan with callback
2025-11-01 15:46:44.735 32180-32180 View                    com.udry.app                         I  setRequestedFrameRate frameRate=-4.0, this=com.getcapacitor.CapacitorWebView{ba40fbd VFEDHVC.. .F...... 0,0-1080,2109 #7f0901c2 app:id/webview aid=1073741824}, caller=WV.ef.b:1 WV.fg.h:118 WV.fg.onDraw:7 com.android.webview.chromium.WebViewChromium.onDraw:35 android.webkit.WebView.onDraw:2959 
2025-11-01 15:46:44.740 32180-32321 BluetoothLeScanner      com.udry.app                         D  onScannerRegistered() - status=0 scannerId=8 mScannerId=0
2025-11-01 15:46:44.751 32180-32321 Binder                  com.udry.app                         W  Caught a RuntimeException from the binder stub implementation. (Ask Gemini)
                                                                                                    java.lang.SecurityException: Need BLUETOOTH PRIVILEGED permission: Neither user 10335 nor current process has android.permission.BLUETOOTH_PRIVILEGED.
                                                                                                    	at android.os.Parcel.createExceptionOrNull(Parcel.java:3257)
                                                                                                    	at android.os.Parcel.createException(Parcel.java:3241)
                                                                                                    	at android.os.Parcel.readException(Parcel.java:3224)
                                                                                                    	at android.os.Parcel.readException(Parcel.java:3166)
                                                                                                    	at android.bluetooth.IBluetoothGatt$Stub$Proxy.startScan(IBluetoothGatt.java:1695)
                                                                                                    	at android.bluetooth.le.BluetoothLeScanner$BleScanCallbackWrapper.onScannerRegistered(BluetoothLeScanner.java:637)
                                                                                                    	at android.bluetooth.le.IScannerCallback$Stub.onTransact(IScannerCallback.java:118)
                                                                                                    	at android.os.Binder.execTransactInternal(Binder.java:1541)
                                                                                                    	at android.os.Binder.execTransact(Binder.java:1480)
2025-11-01 15:46:44.766 32180-32180 View                    com.udry.app                         I  setRequestedFrameRate frameRate=-4.0, this=com.getcapacitor.CapacitorWebView{ba40fbd VFEDHVC.. .F...... 0,0-1080,2109 #7f0901c2 app:id/webview aid=1073741824}, caller=WV.ef.b:1 WV.fg.h:118 WV.fg.onDraw:7 com.android.webview.chromium.WebViewChromium.onDraw:35 android.webkit.WebView.onDraw:2959 
2025-11-01 15:46:44.778 32180-32180 View                    com.udry.app                         I  setRequestedFrameRate frameRate=-4.0, this=com.getcapacitor.CapacitorWebView{ba40fbd VFEDHVC.. .F...... 0,0-1080,2109 #7f0901c2 app:id/webview aid=1073741824}, caller=WV.ef.b:1 WV.fg.h:118 WV.fg.onDraw:7 com.android.webview.chromium.WebViewChromium.onDraw:35 android.webkit.WebView.onDraw:2959 
2025-11-01 15:46:44.791 32180-32180 View                    com.udry.app                         I  setRequestedFrameRate frameRate=-4.0, this=com.getcapacitor.CapacitorWebView{ba40fbd VFEDHVC.. .F...... 0,0-1080,2109 #7f0901c2 app:id/webview aid=1073741824}, caller=WV.ef.b:1 WV.fg.h:118 WV.fg.onDraw:7 com.android.webview.chromium.WebViewChromium.onDraw:35 android.webkit.WebView.onDraw:2959 
2025-11-01 15:46:44.804 32180-32180 View                    com.udry.app                         I  setRequestedFrameRate frameRate=-4.0, this=com.getcapacitor.CapacitorWebView{ba40fbd VFEDHVC.. .F...... 0,0-1080,2109 #7f0901c2 app:id/webview aid=1073741824}, caller=WV.ef.b:1 WV.fg.h:118 WV.fg.onDraw:7 com.android.webview.chromium.WebViewChromium.onDraw:35 android.webkit.WebView.onDraw:2959 
2025-11-01 15:46:44.826 32180-32180 View                    com.udry.app                         I  setRequestedFrameRate frameRate=-4.0, this=com.getcapacitor.CapacitorWebView{ba40fbd VFEDHVC.. .F...... 0,0-1080,2109 #7f0901c2 app:id/webview aid=1073741824}, caller=WV.ef.b:1 WV.fg.h:118 WV.fg.onDraw:7 com.android.webview.chromium.WebViewChromium.onDraw:35 android.webkit.WebView.onDraw:2959 
2025-11-01 15:46:44.838 32180-32180 View                    com.udry.app                         I  setRequestedFrameRate frameRate=-4.0, this=com.getcapacitor.CapacitorWebView{ba40fbd VFEDHVC.. .F...... 0,0-1080,2109 #7f0901c2 app:id/webview aid=1073741824}, caller=WV.ef.b:1 WV.fg.h:118 WV.fg.onDraw:7 com.android.webview.chromium.WebViewChromium.onDraw:35 android.webkit.WebView.onDraw:2959 
2025-11-01 15:46:44.849 32180-32180 View                    com.udry.app                         I  setRequestedFrameRate frameRate=-4.0, this=com.getcapacitor.CapacitorWebView{ba40fbd VFEDHVC.. .F...... 0,0-1080,2109 #7f0901c2 app:id/webview aid=1073741824}, caller=WV.ef.b:1 WV.fg.h:118 WV.fg.onDraw:7 com.android.webview.chromium.WebViewChromium.onDraw:35 android.webkit.WebView.onDraw:2959 
2025-11-01 15:46:44.861 32180-32180 View                    com.udry.app                         I  setRequestedFrameRate frameRate=-4.0, this=com.getcapacitor.CapacitorWebView{ba40fbd VFEDHVC.. .F...... 0,0-1080,2109 #7f0901c2 app:id/webview aid=1073741824}, caller=WV.ef.b:1 WV.fg.h:118 WV.fg.onDraw:7 com.android.webview.chromium.WebViewChromium.onDraw:35 android.webkit.WebView.onDraw:2959 
2025-11-01 15:46:44.887 32180-32180 View                    com.udry.app                         I  setRequestedFrameRate frameRate=-4.0, this=com.getcapacitor.CapacitorWebView{ba40fbd VFEDHVC.. .F...... 0,0-1080,2109 #7f0901c2 app:id/webview aid=1073741824}, caller=WV.ef.b:1 WV.fg.h:118 WV.fg.onDraw:7 com.android.webview.chromium.WebViewChromium.onDraw:35 android.webkit.WebView.onDraw:2959 
2025-11-01 15:46:44.893 32180-32180 View                    com.udry.app                         I  setRequestedFrameRate frameRate=-4.0, this=com.getcapacitor.CapacitorWebView{ba40fbd VFEDHVC.. .F...... 0,0-1080,2109 #7f0901c2 app:id/webview aid=1073741824}, caller=WV.ef.b:1 WV.fg.h:118 WV.fg.onDraw:7 com.android.webview.chromium.WebViewChromium.onDraw:35 android.webkit.WebView.onDraw:2959 
2025-11-01 15:46:44.907 32180-32180 View                    com.udry.app                         I  setRequestedFrameRate frameRate=-4.0, this=com.getcapacitor.CapacitorWebView{ba40fbd VFEDHVC.. .F...... 0,0-1080,2109 #7f0901c2 app:id/webview aid=1073741824}, caller=WV.ef.b:1 WV.fg.h:118 WV.fg.onDraw:7 com.android.webview.chromium.WebViewChromium.onDraw:35 android.webkit.WebView.onDraw:2959 
2025-11-01 15:46:44.919 32180-32180 View                    com.udry.app                         I  setRequestedFrameRate frameRate=-4.0, this=com.getcapacitor.CapacitorWebView{ba40fbd VFEDHVC.. .F...... 0,0-1080,2109 #7f0901c2 app:id/webview aid=1073741824}, caller=WV.ef.b:1 WV.fg.h:118 WV.fg.onDraw:7 com.android.webview.chromium.WebViewChromium.onDraw:35 android.webkit.WebView.onDraw:2959 
2025-11-01 15:46:44.931 32180-32180 View                    com.udry.app                         I  setRequestedFrameRate frameRate=-4.0, this=com.getcapacitor.CapacitorWebView{ba40fbd VFEDHVC.. .F...... 0,0-1080,2109 #7f0901c2 app:id/webview aid=1073741824}, caller=WV.ef.b:1 WV.fg.h:118 WV.fg.onDraw:7 com.android.webview.chromium.WebViewChromium.onDraw:35 android.webkit.WebView.onDraw:2959 
2025-11-01 15:46:44.941 32180-32180 View                    com.udry.app                         I  setRequestedFrameRate frameRate=-4.0, this=com.getcapacitor.CapacitorWebView{ba40fbd VFEDHVC.. .F...... 0,0-1080,2109 #7f0901c2 app:id/webview aid=1073741824}, caller=WV.ef.b:1 WV.fg.h:118 WV.fg.onDraw:7 com.android.webview.chromium.WebViewChromium.onDraw:35 android.webkit.WebView.onDraw:2959 
2025-11-01 15:46:44.960 32180-32180 View                    com.udry.app                         I  setRequestedFrameRate frameRate=-4.0, this=com.getcapacitor.CapacitorWebView{ba40fbd VFEDHVC.. .F...... 0,0-1080,2109 #7f0901c2 app:id/webview aid=1073741824}, caller=WV.ef.b:1 WV.fg.h:118 WV.fg.onDraw:7 com.android.webview.chromium.WebViewChromium.onDraw:35 android.webkit.WebView.onDraw:2959 
2025-11-01 15:46:44.972 32180-32180 View                    com.udry.app                         I  setRequestedFrameRate frameRate=-4.0, this=com.getcapacitor.CapacitorWebView{ba40fbd VFEDHVC.. .F...... 0,0-1080,2109 #7f0901c2 app:id/webview aid=1073741824}, caller=WV.ef.b:1 WV.fg.h:118 WV.fg.onDraw:7 com.android.webview.chromium.WebViewChromium.onDraw:35 android.webkit.WebView.onDraw:2959 
2025-11-01 15:46:44.983 32180-32180 View                    com.udry.app                         I  setRequestedFrameRate frameRate=-4.0, this=com.getcapacitor.CapacitorWebView{ba40fbd VFEDHVC.. .F...... 0,0-1080,2109 #7f0901c2 app:id/webview aid=1073741824}, caller=WV.ef.b:1 WV.fg.h:118 WV.fg.onDraw:7 com.android.webview.chromium.WebViewChromium.onDraw:35 android.webkit.WebView.onDraw:2959 
2025-11-01 15:46:44.994 32180-32180 View                    com.udry.app                         I  setRequestedFrameRate frameRate=-4.0, this=com.getcapacitor.CapacitorWebView{ba40fbd VFEDHVC.. .F...... 0,0-1080,2109 #7f0901c2 app:id/webview aid=1073741824}, caller=WV.ef.b:1 WV.fg.h:118 WV.fg.onDraw:7 com.android.webview.chromium.WebViewChromium.onDraw:35 android.webkit.WebView.onDraw:2959 
2025-11-01 15:46:45.006 32180-32180 View                    com.udry.app                         I  setRequestedFrameRate frameRate=-4.0, this=com.getcapacitor.CapacitorWebView{ba40fbd VFEDHVC.. .F...... 0,0-1080,2109 #7f0901c2 app:id/webview aid=1073741824}, caller=WV.ef.b:1 WV.fg.h:118 WV.fg.onDraw:7 com.android.webview.chromium.WebViewChromium.onDraw:35 android.webkit.WebView.onDraw:2959 
2025-11-01 15:46:45.017 32180-32180 View                    com.udry.app                         I  setRequestedFrameRate frameRate=-4.0, this=com.getcapacitor.CapacitorWebView{ba40fbd VFEDHVC.. .F...... 0,0-1080,2109 #7f0901c2 app:id/webview aid=1073741824}, caller=WV.ef.b:1 WV.fg.h:118 WV.fg.onDraw:7 com.android.webview.chromium.WebViewChromium.onDraw:35 android.webkit.WebView.onDraw:2959 
2025-11-01 15:46:45.029 32180-32180 View                    com.udry.app                         I  setRequestedFrameRate frameRate=-4.0, this=com.getcapacitor.CapacitorWebView{ba40fbd VFEDHVC.. .F...... 0,0-1080,2109 #7f0901c2 app:id/webview aid=1073741824}, caller=WV.ef.b:1 WV.fg.h:118 WV.fg.onDraw:7 com.android.webview.chromium.WebViewChromium.onDraw:35 android.webkit.WebView.onDraw:2959 
2025-11-01 15:46:45.040 32180-32180 View                    com.udry.app                         I  setRequestedFrameRate frameRate=-4.0, this=com.getcapacitor.CapacitorWebView{ba40fbd VFEDHVC.. .F...... 0,0-1080,2109 #7f0901c2 app:id/webview aid=1073741824}, caller=WV.ef.b:1 WV.fg.h:118 WV.fg.onDraw:7 com.android.webview.chromium.WebViewChromium.onDraw:35 android.webkit.WebView.onDraw:2959 
2025-11-01 15:46:45.052 32180-32180 View                    com.udry.app                         I  setRequestedFrameRate frameRate=-4.0, this=com.getcapacitor.CapacitorWebView{ba40fbd VFEDHVC.. .F...... 0,0-1080,2109 #7f0901c2 app:id/webview aid=1073741824}, caller=WV.ef.b:1 WV.fg.h:118 WV.fg.onDraw:7 com.android.webview.chromium.WebViewChromium.onDraw:35 android.webkit.WebView.onDraw:2959 
2025-11-01 15:46:45.062 32180-32180 View                    com.udry.app                         I  setRequestedFrameRate frameRate=-4.0, this=com.getcapacitor.CapacitorWebView{ba40fbd VFEDHVC.. .F...... 0,0-1080,2109 #7f0901c2 app:id/webview aid=1073741824}, caller=WV.ef.b:1 WV.fg.h:118 WV.fg.onDraw:7 com.android.webview.chromium.WebViewChromium.onDraw:35 android.webkit.WebView.onDraw:2959 
2025-11-01 15:46:45.083 32180-32180 View                    com.udry.app                         I  setRequestedFrameRate frameRate=-4.0, this=com.getcapacitor.CapacitorWebView{ba40fbd VFEDHVC.. .F...... 0,0-1080,2109 #7f0901c2 app:id/webview aid=1073741824}, caller=WV.ef.b:1 WV.fg.h:118 WV.fg.onDraw:7 com.android.webview.chromium.WebViewChromium.onDraw:35 android.webkit.WebView.onDraw:2959 
2025-11-01 15:46:45.093 32180-32180 View                    com.udry.app                         I  setRequestedFrameRate frameRate=-4.0, this=com.getcapacitor.CapacitorWebView{ba40fbd VFEDHVC.. .F...... 0,0-1080,2109 #7f0901c2 app:id/webview aid=1073741824}, caller=WV.ef.b:1 WV.fg.h:118 WV.fg.onDraw:7 com.android.webview.chromium.WebViewChromium.onDraw:35 android.webkit.WebView.onDraw:2959 
2025-11-01 15:46:45.104 32180-32180 View                    com.udry.app                         I  setRequestedFrameRate frameRate=-4.0, this=com.getcapacitor.CapacitorWebView{ba40fbd VFEDHVC.. .F...... 0,0-1080,2109 #7f0901c2 app:id/webview aid=1073741824}, caller=WV.ef.b:1 WV.fg.h:118 WV.fg.onDraw:7 com.android.webview.chromium.WebViewChromium.onDraw:35 android.webkit.WebView.onDraw:2959 
2025-11-01 15:46:45.116 32180-32180 View                    com.udry.app                         I  setRequestedFrameRate frameRate=-4.0, this=com.getcapacitor.CapacitorWebView{ba40fbd VFEDHVC.. .F...... 0,0-1080,2109 #7f0901c2 app:id/webview aid=1073741824}, caller=WV.ef.b:1 WV.fg.h:118 WV.fg.onDraw:7 com.android.webview.chromium.WebViewChromium.onDraw:35 android.webkit.WebView.onDraw:2959 
2025-11-01 15:46:45.127 32180-32180 View                    com.udry.app                         I  setRequestedFrameRate frameRate=-4.0, this=com.getcapacitor.CapacitorWebView{ba40fbd VFEDHVC.. .F...... 0,0-1080,2109 #7f0901c2 app:id/webview aid=1073741824}, caller=WV.ef.b:1 WV.fg.h:118 WV.fg.onDraw:7 com.android.webview.chromium.WebViewChromium.onDraw:35 android.webkit.WebView.onDraw:2959 
2025-11-01 15:46:45.139 32180-32180 View                    com.udry.app                         I  setRequestedFrameRate frameRate=-4.0, this=com.getcapacitor.CapacitorWebView{ba40fbd VFEDHVC.. .F...... 0,0-1080,2109 #7f0901c2 app:id/webview aid=1073741824}, caller=WV.ef.b:1 WV.fg.h:118 WV.fg.onDraw:7 com.android.webview.chromium.WebViewChromium.onDraw:35 android.webkit.WebView.onDraw:2959 
2025-11-01 15:46:45.150 32180-32180 View                    com.udry.app                         I  setRequestedFrameRate frameRate=-4.0, this=com.getcapacitor.CapacitorWebView{ba40fbd VFEDHVC.. .F...... 0,0-1080,2109 #7f0901c2 app:id/webview aid=1073741824}, caller=WV.ef.b:1 WV.fg.h:118 WV.fg.onDraw:7 com.android.webview.chromium.WebViewChromium.onDraw:35 android.webkit.WebView.onDraw:2959 
2025-11-01 15:46:45.160 32180-32180 View                    com.udry.app                         I  setRequestedFrameRate frameRate=-4.0, this=com.getcapacitor.CapacitorWebView{ba40fbd VFEDHVC.. .F...... 0,0-1080,2109 #7f0901c2 app:id/webview aid=1073741824}, caller=WV.ef.b:1 WV.fg.h:118 WV.fg.onDraw:7 com.android.webview.chromium.WebViewChromium.onDraw:35 android.webkit.WebView.onDraw:2959 
2025-11-01 15:46:45.172 32180-32180 View                    com.udry.app                         I  setRequestedFrameRate frameRate=-4.0, this=com.getcapacitor.CapacitorWebView{ba40fbd VFEDHVC.. .F...... 0,0-1080,2109 #7f0901c2 app:id/webview aid=1073741824}, caller=WV.ef.b:1 WV.fg.h:118 WV.fg.onDraw:7 com.android.webview.chromium.WebViewChromium.onDraw:35 android.webkit.WebView.onDraw:2959 
2025-11-01 15:46:45.183 32180-32180 View                    com.udry.app                         I  setRequestedFrameRate frameRate=-4.0, this=com.getcapacitor.CapacitorWebView{ba40fbd VFEDHVC.. .F...... 0,0-1080,2109 #7f0901c2 app:id/webview aid=1073741824}, caller=WV.ef.b:1 WV.fg.h:118 WV.fg.onDraw:7 com.android.webview.chromium.WebViewChromium.onDraw:35 android.webkit.WebView.onDraw:2959 
2025-11-01 15:46:45.195 32180-32180 View                    com.udry.app                         I  setRequestedFrameRate frameRate=-4.0, this=com.getcapacitor.CapacitorWebView{ba40fbd VFEDHVC.. .F...... 0,0-1080,2109 #7f0901c2 app:id/webview aid=1073741824}, caller=WV.ef.b:1 WV.fg.h:118 WV.fg.onDraw:7 com.android.webview.chromium.WebViewChromium.onDraw:35 android.webkit.WebView.onDraw:2959 
2025-11-01 15:46:45.205 32180-32180 View                    com.udry.app                         I  setRequestedFrameRate frameRate=-4.0, this=com.getcapacitor.CapacitorWebView{ba40fbd VFEDHVC.. .F...... 0,0-1080,2109 #7f0901c2 app:id/webview aid=1073741824}, caller=WV.ef.b:1 WV.fg.h:118 WV.fg.onDraw:7 com.android.webview.chromium.WebViewChromium.onDraw:35 android.webkit.WebView.onDraw:2959 
2025-11-01 15:46:45.217 32180-32180 View                    com.udry.app                         I  setRequestedFrameRate frameRate=-4.0, this=com.getcapacitor.CapacitorWebView{ba40fbd VFEDHVC.. .F...... 0,0-1080,2109 #7f0901c2 app:id/webview aid=1073741824}, caller=WV.ef.b:1 WV.fg.h:118 WV.fg.onDraw:7 com.android.webview.chromium.WebViewChromium.onDraw:35 android.webkit.WebView.onDraw:2959 
2025-11-01 15:46:45.227 32180-32180 View                    com.udry.app                         I  setRequestedFrameRate frameRate=-4.0, this=com.getcapacitor.CapacitorWebView{ba40fbd VFEDHVC.. .F...... 0,0-1080,2109 #7f0901c2 app:id/webview aid=1073741824}, caller=WV.ef.b:1 WV.fg.h:118 WV.fg.onDraw:7 com.android.webview.chromium.WebViewChromium.onDraw:35 android.webkit.WebView.onDraw:2959 
2025-11-01 15:46:45.239 32180-32180 View                    com.udry.app                         I  setRequestedFrameRate frameRate=-4.0, this=com.getcapacitor.CapacitorWebView{ba40fbd VFEDHVC.. .F...... 0,0-1080,2109 #7f0901c2 app:id/webview aid=1073741824}, caller=WV.ef.b:1 WV.fg.h:118 WV.fg.onDraw:7 com.android.webview.chromium.WebViewChromium.onDraw:35 android.webkit.WebView.onDraw:2959 
2025-11-01 15:46:45.251 32180-32180 View                    com.udry.app                         I  setRequestedFrameRate frameRate=-4.0, this=com.getcapacitor.CapacitorWebView{ba40fbd VFEDHVC.. .F...... 0,0-1080,2109 #7f0901c2 app:id/webview aid=1073741824}, caller=WV.ef.b:1 WV.fg.h:118 WV.fg.onDraw:7 com.android.webview.chromium.WebViewChromium.onDraw:35 android.webkit.WebView.onDraw:2959 
2025-11-01 15:46:45.262 32180-32180 View                    com.udry.app                         I  setRequestedFrameRate frameRate=-4.0, this=com.getcapacitor.CapacitorWebView{ba40fbd VFEDHVC.. .F...... 0,0-1080,2109 #7f0901c2 app:id/webview aid=1073741824}, caller=WV.ef.b:1 WV.fg.h:118 WV.fg.onDraw:7 com.android.webview.chromium.WebViewChromium.onDraw:35 android.webkit.WebView.onDraw:2959 
2025-11-01 15:46:45.272 32180-32180 View                    com.udry.app                         I  setRequestedFrameRate frameRate=-4.0, this=com.getcapacitor.CapacitorWebView{ba40fbd VFEDHVC.. .F...... 0,0-1080,2109 #7f0901c2 app:id/webview aid=1073741824}, caller=WV.ef.b:1 WV.fg.h:118 WV.fg.onDraw:7 com.android.webview.chromium.WebViewChromium.onDraw:35 android.webkit.WebView.onDraw:2959 
2025-11-01 15:46:45.283 32180-32180 View                    com.udry.app                         I  setRequestedFrameRate frameRate=-4.0, this=com.getcapacitor.CapacitorWebView{ba40fbd VFEDHVC.. .F...... 0,0-1080,2109 #7f0901c2 app:id/webview aid=1073741824}, caller=WV.ef.b:1 WV.fg.h:118 WV.fg.onDraw:7 com.android.webview.chromium.WebViewChromium.onDraw:35 android.webkit.WebView.onDraw:2959 
2025-11-01 15:46:45.293 32180-32180 View                    com.udry.app                         I  setRequestedFrameRate frameRate=-4.0, this=com.getcapacitor.CapacitorWebView{ba40fbd VFEDHVC.. .F...... 0,0-1080,2109 #7f0901c2 app:id/webview aid=1073741824}, caller=WV.ef.b:1 WV.fg.h:118 WV.fg.onDraw:7 com.android.webview.chromium.WebViewChromium.onDraw:35 android.webkit.WebView.onDraw:2959 
2025-11-01 15:46:45.304 32180-32180 View                    com.udry.app                         I  setRequestedFrameRate frameRate=-4.0, this=com.getcapacitor.CapacitorWebView{ba40fbd VFEDHVC.. .F...... 0,0-1080,2109 #7f0901c2 app:id/webview aid=1073741824}, caller=WV.ef.b:1 WV.fg.h:118 WV.fg.onDraw:7 com.android.webview.chromium.WebViewChromium.onDraw:35 android.webkit.WebView.onDraw:2959 
2025-11-01 15:46:45.316 32180-32180 View                    com.udry.app                         I  setRequestedFrameRate frameRate=-4.0, this=com.getcapacitor.CapacitorWebView{ba40fbd VFEDHVC.. .F...... 0,0-1080,2109 #7f0901c2 app:id/webview aid=1073741824}, caller=WV.ef.b:1 WV.fg.h:118 WV.fg.onDraw:7 com.android.webview.chromium.WebViewChromium.onDraw:35 android.webkit.WebView.onDraw:2959 
2025-11-01 15:46:45.328 32180-32180 View                    com.udry.app                         I  setRequestedFrameRate frameRate=-4.0, this=com.getcapacitor.CapacitorWebView{ba40fbd VFEDHVC.. .F...... 0,0-1080,2109 #7f0901c2 app:id/webview aid=1073741824}, caller=WV.ef.b:1 WV.fg.h:118 WV.fg.onDraw:7 com.android.webview.chromium.WebViewChromium.onDraw:35 android.webkit.WebView.onDraw:2959 
2025-11-01 15:46:45.340 32180-32180 View                    com.udry.app                         I  setRequestedFrameRate frameRate=-4.0, this=com.getcapacitor.CapacitorWebView{ba40fbd VFEDHVC.. .F...... 0,0-1080,2109 #7f0901c2 app:id/webview aid=1073741824}, caller=WV.ef.b:1 WV.fg.h:118 WV.fg.onDraw:7 com.android.webview.chromium.WebViewChromium.onDraw:35 android.webkit.WebView.onDraw:2959 
2025-11-01 15:46:45.349 32180-32180 View                    com.udry.app                         I  setRequestedFrameRate frameRate=-4.0, this=com.getcapacitor.CapacitorWebView{ba40fbd VFEDHVC.. .F...... 0,0-1080,2109 #7f0901c2 app:id/webview aid=1073741824}, caller=WV.ef.b:1 WV.fg.h:118 WV.fg.onDraw:7 com.android.webview.chromium.WebViewChromium.onDraw:35 android.webkit.WebView.onDraw:2959 
2025-11-01 15:46:45.360 32180-32180 View                    com.udry.app                         I  setRequestedFrameRate frameRate=-4.0, this=com.getcapacitor.CapacitorWebView{ba40fbd VFEDHVC.. .F...... 0,0-1080,2109 #7f0901c2 app:id/webview aid=1073741824}, caller=WV.ef.b:1 WV.fg.h:118 WV.fg.onDraw:7 com.android.webview.chromium.WebViewChromium.onDraw:35 android.webkit.WebView.onDraw:2959 
2025-11-01 15:46:45.372 32180-32180 View                    com.udry.app                         I  setRequestedFrameRate frameRate=-4.0, this=com.getcapacitor.CapacitorWebView{ba40fbd VFEDHVC.. .F...... 0,0-1080,2109 #7f0901c2 app:id/webview aid=1073741824}, caller=WV.ef.b:1 WV.fg.h:118 WV.fg.onDraw:7 com.android.webview.chromium.WebViewChromium.onDraw:35 android.webkit.WebView.onDraw:2959 
2025-11-01 15:46:45.383 32180-32180 View                    com.udry.app                         I  setRequestedFrameRate frameRate=-4.0, this=com.getcapacitor.CapacitorWebView{ba40fbd VFEDHVC.. .F...... 0,0-1080,2109 #7f0901c2 app:id/webview aid=1073741824}, caller=WV.ef.b:1 WV.fg.h:118 WV.fg.onDraw:7 com.android.webview.chromium.WebViewChromium.onDraw:35 android.webkit.WebView.onDraw:2959 
2025-11-01 15:46:45.394 32180-32180 View                    com.udry.app                         I  setRequestedFrameRate frameRate=-4.0, this=com.getcapacitor.CapacitorWebView{ba40fbd VFEDHVC.. .F...... 0,0-1080,2109 #7f0901c2 app:id/webview aid=1073741824}, caller=WV.ef.b:1 WV.fg.h:118 WV.fg.onDraw:7 com.android.webview.chromium.WebViewChromium.onDraw:35 android.webkit.WebView.onDraw:2959 
2025-11-01 15:46:45.404 32180-32180 View                    com.udry.app                         I  setRequestedFrameRate frameRate=-4.0, this=com.getcapacitor.CapacitorWebView{ba40fbd VFEDHVC.. .F...... 0,0-1080,2109 #7f0901c2 app:id/webview aid=1073741824}, caller=WV.ef.b:1 WV.fg.h:118 WV.fg.onDraw:7 com.android.webview.chromium.WebViewChromium.onDraw:35 android.webkit.WebView.onDraw:2959 
2025-11-01 15:46:45.416 32180-32180 View                    com.udry.app                         I  setRequestedFrameRate frameRate=-4.0, this=com.getcapacitor.CapacitorWebView{ba40fbd VFEDHVC.. .F...... 0,0-1080,2109 #7f0901c2 app:id/webview aid=1073741824}, caller=WV.ef.b:1 WV.fg.h:118 WV.fg.onDraw:7 com.android.webview.chromium.WebViewChromium.onDraw:35 android.webkit.WebView.onDraw:2959 
2025-11-01 15:46:45.427 32180-32180 View                    com.udry.app                         I  setRequestedFrameRate frameRate=-4.0, this=com.getcapacitor.CapacitorWebView{ba40fbd VFEDHVC.. .F...... 0,0-1080,2109 #7f0901c2 app:id/webview aid=1073741824}, caller=WV.ef.b:1 WV.fg.h:118 WV.fg.onDraw:7 com.android.webview.chromium.WebViewChromium.onDraw:35 android.webkit.WebView.onDraw:2959 
2025-11-01 15:46:45.438 32180-32180 View                    com.udry.app                         I  setRequestedFrameRate frameRate=-4.0, this=com.getcapacitor.CapacitorWebView{ba40fbd VFEDHVC.. .F...... 0,0-1080,2109 #7f0901c2 app:id/webview aid=1073741824}, caller=WV.ef.b:1 WV.fg.h:118 WV.fg.onDraw:7 com.android.webview.chromium.WebViewChromium.onDraw:35 android.webkit.WebView.onDraw:2959 
2025-11-01 15:46:45.450 32180-32180 View                    com.udry.app                         I  setRequestedFrameRate frameRate=-4.0, this=com.getcapacitor.CapacitorWebView{ba40fbd VFEDHVC.. .F...... 0,0-1080,2109 #7f0901c2 app:id/webview aid=1073741824}, caller=WV.ef.b:1 WV.fg.h:118 WV.fg.onDraw:7 com.android.webview.chromium.WebViewChromium.onDraw:35 android.webkit.WebView.onDraw:2959 
2025-11-01 15:46:45.460 32180-32180 View                    com.udry.app                         I  setRequestedFrameRate frameRate=-4.0, this=com.getcapacitor.CapacitorWebView{ba40fbd VFEDHVC.. .F...... 0,0-1080,2109 #7f0901c2 app:id/webview aid=1073741824}, caller=WV.ef.b:1 WV.fg.h:118 WV.fg.onDraw:7 com.android.webview.chromium.WebViewChromium.onDraw:35 android.webkit.WebView.onDraw:2959 
2025-11-01 15:46:45.472 32180-32180 View                    com.udry.app                         I  setRequestedFrameRate frameRate=-4.0, this=com.getcapacitor.CapacitorWebView{ba40fbd VFEDHVC.. .F...... 0,0-1080,2109 #7f0901c2 app:id/webview aid=1073741824}, caller=WV.ef.b:1 WV.fg.h:118 WV.fg.onDraw:7 com.android.webview.chromium.WebViewChromium.onDraw:35 android.webkit.WebView.onDraw:2959 
2025-11-01 15:46:45.483 32180-32180 View                    com.udry.app                         I  setRequestedFrameRate frameRate=-4.0, this=com.getcapacitor.CapacitorWebView{ba40fbd VFEDHVC.. .F...... 0,0-1080,2109 #7f0901c2 app:id/webview aid=1073741824}, caller=WV.ef.b:1 WV.fg.h:118 WV.fg.onDraw:7 com.android.webview.chromium.WebViewChromium.onDraw:35 android.webkit.WebView.onDraw:2959 
2025-11-01 15:46:45.494 32180-32180 View                    com.udry.app                         I  setRequestedFrameRate frameRate=-4.0, this=com.getcapacitor.CapacitorWebView{ba40fbd VFEDHVC.. .F...... 0,0-1080,2109 #7f0901c2 app:id/webview aid=1073741824}, caller=WV.ef.b:1 WV.fg.h:118 WV.fg.onDraw:7 com.android.webview.chromium.WebViewChromium.onDraw:35 android.webkit.WebView.onDraw:2959 
2025-11-01 15:46:45.504 32180-32180 View                    com.udry.app                         I  setRequestedFrameRate frameRate=-4.0, this=com.getcapacitor.CapacitorWebView{ba40fbd VFEDHVC.. .F...... 0,0-1080,2109 #7f0901c2 app:id/webview aid=1073741824}, caller=WV.ef.b:1 WV.fg.h:118 WV.fg.onDraw:7 com.android.webview.chromium.WebViewChromium.onDraw:35 android.webkit.WebView.onDraw:2959 
2025-11-01 15:46:45.516 32180-32180 View                    com.udry.app                         I  setRequestedFrameRate frameRate=-4.0, this=com.getcapacitor.CapacitorWebView{ba40fbd VFEDHVC.. .F...... 0,0-1080,2109 #7f0901c2 app:id/webview aid=1073741824}, caller=WV.ef.b:1 WV.fg.h:118 WV.fg.onDraw:7 com.android.webview.chromium.WebViewChromium.onDraw:35 android.webkit.WebView.onDraw:2959 
2025-11-01 15:46:45.526 32180-32180 View                    com.udry.app                         I  setRequestedFrameRate frameRate=-4.0, this=com.getcapacitor.CapacitorWebView{ba40fbd VFEDHVC.. .F...... 0,0-1080,2109 #7f0901c2 app:id/webview aid=1073741824}, caller=WV.ef.b:1 WV.fg.h:118 WV.fg.onDraw:7 com.android.webview.chromium.WebViewChromium.onDraw:35 android.webkit.WebView.onDraw:2959 
2025-11-01 15:46:45.538 32180-32180 View                    com.udry.app                         I  setRequestedFrameRate frameRate=-4.0, this=com.getcapacitor.CapacitorWebView{ba40fbd VFEDHVC.. .F...... 0,0-1080,2109 #7f0901c2 app:id/webview aid=1073741824}, caller=WV.ef.b:1 WV.fg.h:118 WV.fg.onDraw:7 com.android.webview.chromium.WebViewChromium.onDraw:35 android.webkit.WebView.onDraw:2959 
2025-11-01 15:46:45.550 32180-32180 View                    com.udry.app                         I  setRequestedFrameRate frameRate=-4.0, this=com.getcapacitor.CapacitorWebView{ba40fbd VFEDHVC.. .F...... 0,0-1080,2109 #7f0901c2 app:id/webview aid=1073741824}, caller=WV.ef.b:1 WV.fg.h:118 WV.fg.onDraw:7 com.android.webview.chromium.WebViewChromium.onDraw:35 android.webkit.WebView.onDraw:2959 
2025-11-01 15:46:45.561 32180-32180 View                    com.udry.app                         I  setRequestedFrameRate frameRate=-4.0, this=com.getcapacitor.CapacitorWebView{ba40fbd VFEDHVC.. .F...... 0,0-1080,2109 #7f0901c2 app:id/webview aid=1073741824}, caller=WV.ef.b:1 WV.fg.h:118 WV.fg.onDraw:7 com.android.webview.chromium.WebViewChromium.onDraw:35 android.webkit.WebView.onDraw:2959 
2025-11-01 15:46:45.571 32180-32180 View                    com.udry.app                         I  setRequestedFrameRate frameRate=-4.0, this=com.getcapacitor.CapacitorWebView{ba40fbd VFEDHVC.. .F...... 0,0-1080,2109 #7f0901c2 app:id/webview aid=1073741824}, caller=WV.ef.b:1 WV.fg.h:118 WV.fg.onDraw:7 com.android.webview.chromium.WebViewChromium.onDraw:35 android.webkit.WebView.onDraw:2959 
2025-11-01 15:46:45.583 32180-32180 View                    com.udry.app                         I  setRequestedFrameRate frameRate=-4.0, this=com.getcapacitor.CapacitorWebView{ba40fbd VFEDHVC.. .F...... 0,0-1080,2109 #7f0901c2 app:id/webview aid=1073741824}, caller=WV.ef.b:1 WV.fg.h:118 WV.fg.onDraw:7 com.android.webview.chromium.WebViewChromium.onDraw:35 android.webkit.WebView.onDraw:2959 
2025-11-01 15:46:45.594 32180-32180 View                    com.udry.app                         I  setRequestedFrameRate frameRate=-4.0, this=com.getcapacitor.CapacitorWebView{ba40fbd VFEDHVC.. .F...... 0,0-1080,2109 #7f0901c2 app:id/webview aid=1073741824}, caller=WV.ef.b:1 WV.fg.h:118 WV.fg.onDraw:7 com.android.webview.chromium.WebViewChromium.onDraw:35 android.webkit.WebView.onDraw:2959 
2025-11-01 15:46:45.606 32180-32180 View                    com.udry.app                         I  setRequestedFrameRate frameRate=-4.0, this=com.getcapacitor.CapacitorWebView{ba40fbd VFEDHVC.. .F...... 0,0-1080,2109 #7f0901c2 app:id/webview aid=1073741824}, caller=WV.ef.b:1 WV.fg.h:118 WV.fg.onDraw:7 com.android.webview.chromium.WebViewChromium.onDraw:35 android.webkit.WebView.onDraw:2959 
2025-11-01 15:46:45.618 32180-32180 View                    com.udry.app                         I  setRequestedFrameRate frameRate=-4.0, this=com.getcapacitor.CapacitorWebView{ba40fbd VFEDHVC.. .F...... 0,0-1080,2109 #7f0901c2 app:id/webview aid=1073741824}, caller=WV.ef.b:1 WV.fg.h:118 WV.fg.onDraw:7 com.android.webview.chromium.WebViewChromium.onDraw:35 android.webkit.WebView.onDraw:2959 
2025-11-01 15:46:45.629 32180-32180 View                    com.udry.app                         I  setRequestedFrameRate frameRate=-4.0, this=com.getcapacitor.CapacitorWebView{ba40fbd VFEDHVC.. .F...... 0,0-1080,2109 #7f0901c2 app:id/webview aid=1073741824}, caller=WV.ef.b:1 WV.fg.h:118 WV.fg.onDraw:7 com.android.webview.chromium.WebViewChromium.onDraw:35 android.webkit.WebView.onDraw:2959 
2025-11-01 15:46:45.649 32180-32180 View                    com.udry.app                         I  setRequestedFrameRate frameRate=-4.0, this=com.getcapacitor.CapacitorWebView{ba40fbd VFEDHVC.. .F...... 0,0-1080,2109 #7f0901c2 app:id/webview aid=1073741824}, caller=WV.ef.b:1 WV.fg.h:118 WV.fg.onDraw:7 com.android.webview.chromium.WebViewChromium.onDraw:35 android.webkit.WebView.onDraw:2959 
2025-11-01 15:46:45.660 32180-32180 View                    com.udry.app                         I  setRequestedFrameRate frameRate=-4.0, this=com.getcapacitor.CapacitorWebView{ba40fbd VFEDHVC.. .F...... 0,0-1080,2109 #7f0901c2 app:id/webview aid=1073741824}, caller=WV.ef.b:1 WV.fg.h:118 WV.fg.onDraw:7 com.android.webview.chromium.WebViewChromium.onDraw:35 android.webkit.WebView.onDraw:2959 
2025-11-01 15:46:45.671 32180-32180 View                    com.udry.app                         I  setRequestedFrameRate frameRate=-4.0, this=com.getcapacitor.CapacitorWebView{ba40fbd VFEDHVC.. .F...... 0,0-1080,2109 #7f0901c2 app:id/webview aid=1073741824}, caller=WV.ef.b:1 WV.fg.h:118 WV.fg.onDraw:7 com.android.webview.chromium.WebViewChromium.onDraw:35 android.webkit.WebView.onDraw:2959 
2025-11-01 15:46:45.683 32180-32180 View                    com.udry.app                         I  setRequestedFrameRate frameRate=-4.0, this=com.getcapacitor.CapacitorWebView{ba40fbd VFEDHVC.. .F...... 0,0-1080,2109 #7f0901c2 app:id/webview aid=1073741824}, caller=WV.ef.b:1 WV.fg.h:118 WV.fg.onDraw:7 com.android.webview.chromium.WebViewChromium.onDraw:35 android.webkit.WebView.onDraw:2959 
2025-11-01 15:46:45.694 32180-32180 View                    com.udry.app                         I  setRequestedFrameRate frameRate=-4.0, this=com.getcapacitor.CapacitorWebView{ba40fbd VFEDHVC.. .F...... 0,0-1080,2109 #7f0901c2 app:id/webview aid=1073741824}, caller=WV.ef.b:1 WV.fg.h:118 WV.fg.onDraw:7 com.android.webview.chromium.WebViewChromium.onDraw:35 android.webkit.WebView.onDraw:2959 
2025-11-01 15:46:45.705 32180-32180 View                    com.udry.app                         I  setRequestedFrameRate frameRate=-4.0, this=com.getcapacitor.CapacitorWebView{ba40fbd VFEDHVC.. .F...... 0,0-1080,2109 #7f0901c2 app:id/webview aid=1073741824}, caller=WV.ef.b:1 WV.fg.h:118 WV.fg.onDraw:7 com.android.webview.chromium.WebViewChromium.onDraw:35 android.webkit.WebView.onDraw:2959 
2025-11-01 15:46:45.716 32180-32180 View                    com.udry.app                         I  setRequestedFrameRate frameRate=-4.0, this=com.getcapacitor.CapacitorWebView{ba40fbd VFEDHVC.. .F...... 0,0-1080,2109 #7f0901c2 app:id/webview aid=1073741824}, caller=WV.ef.b:1 WV.fg.h:118 WV.fg.onDraw:7 com.android.webview.chromium.WebViewChromium.onDraw:35 android.webkit.WebView.onDraw:2959 
2025-11-01 15:46:45.728 32180-32180 View                    com.udry.app                         I  setRequestedFrameRate frameRate=-4.0, this=com.getcapacitor.CapacitorWebView{ba40fbd VFEDHVC.. .F...... 0,0-1080,2109 #7f0901c2 app:id/webview aid=1073741824}, caller=WV.ef.b:1 WV.fg.h:118 WV.fg.onDraw:7 com.android.webview.chromium.WebViewChromium.onDraw:35 android.webkit.WebView.onDraw:2959 
2025-11-01 15:46:45.739 32180-32180 View                    com.udry.app                         I  setRequestedFrameRate frameRate=-4.0, this=com.getcapacitor.CapacitorWebView{ba40fbd VFEDHVC.. .F...... 0,0-1080,2109 #7f0901c2 app:id/webview aid=1073741824}, caller=WV.ef.b:1 WV.fg.h:118 WV.fg.onDraw:7 com.android.webview.chromium.WebViewChromium.onDraw:35 android.webkit.WebView.onDraw:2959 
2025-11-01 15:46:45.749 32180-32180 View                    com.udry.app                         I  setRequestedFrameRate frameRate=-4.0, this=com.getcapacitor.CapacitorWebView{ba40fbd VFEDHVC.. .F...... 0,0-1080,2109 #7f0901c2 app:id/webview aid=1073741824}, caller=WV.ef.b:1 WV.fg.h:118 WV.fg.onDraw:7 com.android.webview.chromium.WebViewChromium.onDraw:35 android.webkit.WebView.onDraw:2959 
2025-11-01 15:46:45.760 32180-32180 View                    com.udry.app                         I  setRequestedFrameRate frameRate=-4.0, this=com.getcapacitor.CapacitorWebView{ba40fbd VFEDHVC.. .F...... 0,0-1080,2109 #7f0901c2 app:id/webview aid=1073741824}, caller=WV.ef.b:1 WV.fg.h:118 WV.fg.onDraw:7 com.android.webview.chromium.WebViewChromium.onDraw:35 android.webkit.WebView.onDraw:2959 
2025-11-01 15:46:45.771 32180-32180 View                    com.udry.app                         I  setRequestedFrameRate frameRate=-4.0, this=com.getcapacitor.CapacitorWebView{ba40fbd VFEDHVC.. .F...... 0,0-1080,2109 #7f0901c2 app:id/webview aid=1073741824}, caller=WV.ef.b:1 WV.fg.h:118 WV.fg.onDraw:7 com.android.webview.chromium.WebViewChromium.onDraw:35 android.webkit.WebView.onDraw:2959 
2025-11-01 15:46:45.783 32180-32180 View                    com.udry.app                         I  setRequestedFrameRate frameRate=-4.0, this=com.getcapacitor.CapacitorWebView{ba40fbd VFEDHVC.. .F...... 0,0-1080,2109 #7f0901c2 app:id/webview aid=1073741824}, caller=WV.ef.b:1 WV.fg.h:118 WV.fg.onDraw:7 com.android.webview.chromium.WebViewChromium.onDraw:35 android.webkit.WebView.onDraw:2959 
2025-11-01 15:46:45.793 32180-32180 View                    com.udry.app                         I  setRequestedFrameRate frameRate=-4.0, this=com.getcapacitor.CapacitorWebView{ba40fbd VFEDHVC.. .F...... 0,0-1080,2109 #7f0901c2 app:id/webview aid=1073741824}, caller=WV.ef.b:1 WV.fg.h:118 WV.fg.onDraw:7 com.android.webview.chromium.WebViewChromium.onDraw:35 android.webkit.WebView.onDraw:2959 
2025-11-01 15:46:45.805 32180-32180 View                    com.udry.app                         I  setRequestedFrameRate frameRate=-4.0, this=com.getcapacitor.CapacitorWebView{ba40fbd VFEDHVC.. .F...... 0,0-1080,2109 #7f0901c2 app:id/webview aid=1073741824}, caller=WV.ef.b:1 WV.fg.h:118 WV.fg.onDraw:7 com.android.webview.chromium.WebViewChromium.onDraw:35 android.webkit.WebView.onDraw:2959 
2025-11-01 15:46:45.815 32180-32180 View                    com.udry.app                         I  setRequestedFrameRate frameRate=-4.0, this=com.getcapacitor.CapacitorWebView{ba40fbd VFEDHVC.. .F...... 0,0-1080,2109 #7f0901c2 app:id/webview aid=1073741824}, caller=WV.ef.b:1 WV.fg.h:118 WV.fg.onDraw:7 com.android.webview.chromium.WebViewChromium.onDraw:35 android.webkit.WebView.onDraw:2959 
2025-11-01 15:46:45.827 32180-32180 View                    com.udry.app                         I  setRequestedFrameRate frameRate=-4.0, this=com.getcapacitor.CapacitorWebView{ba40fbd VFEDHVC.. .F...... 0,0-1080,2109 #7f0901c2 app:id/webview aid=1073741824}, caller=WV.ef.b:1 WV.fg.h:118 WV.fg.onDraw:7 com.android.webview.chromium.WebViewChromium.onDraw:35 android.webkit.WebView.onDraw:2959 
2025-11-01 15:46:45.838 32180-32180 View                    com.udry.app                         I  setRequestedFrameRate frameRate=-4.0, this=com.getcapacitor.CapacitorWebView{ba40fbd VFEDHVC.. .F...... 0,0-1080,2109 #7f0901c2 app:id/webview aid=1073741824}, caller=WV.ef.b:1 WV.fg.h:118 WV.fg.onDraw:7 com.android.webview.chromium.WebViewChromium.onDraw:35 android.webkit.WebView.onDraw:2959 
