2025-11-02 12:41:54.780  1027-2137  WindowManager           system_server                        V  Requesting StartTransition: TransitionRecord{3ed0bd6 id=562 type=OPEN flags=0x0}, caller=com.android.server.wm.ActivityStarter.handleStartResult:677 com.android.server.wm.ActivityStarter.startActivityUnchecked:653 com.android.server.wm.ActivityStarter.executeRequest:3397 com.android.server.wm.ActivityStarter.execute:1122 com.android.server.wm.ActivityTaskManagerService.startActivityAsUser:88 
2025-11-02 12:41:54.781  1027-2137  Pageboost               system_server                        I  stop alp
2025-11-02 12:41:54.781  1027-2137  ActivityTaskManager     system_server                        I  START u0 {act=android.intent.action.VIEW dat=https://checkout.stripe.com/... cmp=com.android.chrome/com.google.android.apps.chrome.IntentDispatcher} with LAUNCH_MULTIPLE from uid 10338 (BAL_ALLOW_VISIBLE_WINDOW) result code=0
2025-11-02 12:41:54.781  2660-2660  pageboostd              pageboostd                           E  Received HALT command code 2
2025-11-02 12:41:54.782  1502-1715  WindowManagerShell      com.android.systemui                 V  Transition requested (#562): android.os.BinderProxy@f3b2c7 TransitionRequestInfo { type = OPEN, triggerTask = TaskInfo{userId=0 taskId=441 displayId=0 isRunning=true baseIntent=Intent { act=android.intent.action.MAIN cat=[android.intent.category.LAUNCHER] flg=0x10000000 cmp=com.udry.app/.MainActivity } baseActivity=ComponentInfo{com.udry.app/com.udry.app.MainActivity} topActivity=ComponentInfo{com.android.chrome/org.chromium.chrome.browser.document.ChromeLauncherActivity} origActivity=null realActivity=ComponentInfo{com.udry.app/com.udry.app.MainActivity} numActivities=2 lastActiveTime=391952190 supportsMultiWindow=true resizeMode=1 isResizeable=true minWidth=-1 minHeight=-1 maxWidth=-1 maxHeight=-1 defaultMinSize=220 token=WCT{android.window.IWindowContainerToken$Stub$Proxy@525f0f4} topActivityType=1 pictureInPictureParams=null shouldDockBigOverlays=false launchIntoPipHostTaskId=-1 lastParentTaskIdBeforePip=-1 displayCutoutSafeInsets=Rect(0, 96 - 0, 0) topActivityInfo=ActivityInfo{14a201d com.google.android.apps.chrome.IntentDispatcher} launchCookies=[android.os.BinderProxy@3e43491] positionInParent=Point(0, 0) parentTaskId=-1 isFocused=true isVisible=true isVisibleRequested=true isSleeping=false topActivityInSizeCompat=false locusId=null displayAreaFeatureId=1 isTopActivityTransparent=true isTopActivityStyleFloating=false appCompatTaskInfo=AppCompatTaskInfo { topActivityInSizeCompat=false eligibleForLetterboxEducation= false isLetterboxEducationEnabled= false isLetterboxDoubleTapEnabled= false eligibleForUserAspectRatioButton= false topActivityBoundsLetterboxed= false isFromLetterboxDoubleTap= false topActivityLetterboxVerticalPosition= -1 topActivityLetterboxHorizontalPosition= -1 topActivityLetterboxWidth=1080 topActivityLetterboxHeight=2340 topActivityLetterboxAppWidth=1080 topActivityLetterboxAppHeight=2109 isUserFullscreenOverrideEnabled=false isSystemFullscreenOverrideEnabled=false hasMinAspectRatioOverride=false cameraCompatTaskInfo=CameraCompatTaskInfo { freeformCameraCompatMode=inactive} topActivityBounds=null topActivityInDisplayCompat=false} originallySupportedMultiWindow=true hasWallpaper=false rootAffinity=10338:com.udry.app isTopTaskInStage=false topActivityUiMode=17 CoverLauncherWidgetTask=false isAllowedSeamlessRotation=false isTopTransparentActivity=false snappingGuideBounds=null isAliasManaged=false hasConfigChanged=false isAiKeyRemoveAppTask=false}, pipTask = null, remoteTransition = null, displayChange = null, flags = 0, debugId = 562 }
2025-11-02 12:41:54.785  1027-3640  WindowManager           system_server                        V  Starting Transition 562, caller=com.android.server.wm.WindowOrganizerController.startTransition:37 com.android.server.wm.WindowOrganizerController.startTransition:1 android.window.IWindowOrganizerController$Stub.onTransact:271 
2025-11-02 12:41:54.786 29447-29447 View                    com.udry.app                         I  setRequestedFrameRate frameRate=-4.0, this=com.getcapacitor.CapacitorWebView{16d4505 VFEDHVC.. .F...... 0,0-1080,2205 #7f0901cb app:id/webview aid=1073741824}, caller=WV.ef.b:1 WV.fg.h:118 WV.fg.onDraw:7 com.android.webview.chromium.WebViewChromium.onDraw:35 android.webkit.WebView.onDraw:2959 
2025-11-02 12:41:54.789 29447-29447 Capacitor/AppPlugin     com.udry.app                         V  Notifying listeners for event pause
2025-11-02 12:41:54.789 29447-29447 Capacitor/AppPlugin     com.udry.app                         D  No listeners found for event pause
2025-11-02 12:41:54.790   765-765   SurfaceFlinger          surfaceflinger                       I  [ActivityRecord{e4c2f98 u0 com.android.chrome/com.google.android.apps.chrome.IntentDispatcher t441}#6795] attach to parent LayerHierarchy{RequestedLayerState{Task=441#6745 parentId=11 z=10} 2 children}
2025-11-02 12:41:54.792 29447-29447 Capacitor               com.udry.app                         D  App paused
2025-11-02 12:41:54.794  1027-2262  WindowManager           system_server                        V  Collecting in transition 562: ActivityRecord{e4c2f98 u0 com.android.chrome/com.google.android.apps.chrome.IntentDispatcher t441}, caller=com.android.server.wm.TransitionController.collect:7 com.android.server.wm.ActivityRecord.setVisibility:189 com.android.server.wm.EnsureActivitiesVisibleHelper.process:561 com.android.server.wm.TaskFragment.updateActivityVisibilities:12 com.android.server.wm.Task$$ExternalSyntheticLambda3.accept:399 
2025-11-02 12:41:54.795  1027-2262  WindowManager           system_server                        V  Computed rotation=ROTATION_0 (0) for display id=0 based on lastOrientation=SCREEN_ORIENTATION_UNSPECIFIED (-1) and oldRotation=ROTATION_0 (0), caller=com.android.server.wm.DisplayRotation.updateOrientation:25 com.android.server.wm.DisplayContent.updateOrientation:65 com.android.server.wm.DisplayContent.updateOrientation:11 com.android.server.wm.RootWindowContainer.ensureVisibilityAndConfig:7 com.android.server.wm.ActivityTaskSupervisor.realStartActivityLocked:209 com.android.server.wm.ActivityTaskSupervisor.startSpecificActivity:27 
2025-11-02 12:41:54.796  1027-2262  WindowManager           system_server                        V  Collecting in transition 562: ActivityRecord{e4c2f98 u0 com.android.chrome/com.google.android.apps.chrome.IntentDispatcher t441}, caller=com.android.server.wm.TransitionController.collect:7 com.android.server.wm.ActivityRecord.setVisibility:189 com.android.server.wm.ActivityTaskSupervisor.realStartActivityLocked:230 com.android.server.wm.ActivityTaskSupervisor.startSpecificActivity:27 com.android.server.wm.TaskFragment.resumeTopActivity:2187 
2025-11-02 12:41:54.797  1027-2262  SGM:FgCheckThread       system_server                        D  notifyAppCreated(), packageName: com.android.chrome, userId: 0, sendRet: true
2025-11-02 12:41:54.797  1027-1281  SGM:FgCheckThread       system_server                        D  onLooperPrepared(), msg: MSG_APP_CREATE, pkgName: com.android.chrome, userId: 0
2025-11-02 12:41:54.798  1027-2262  InputDispatcher         system_server                        D  Focused application(0): ActivityRecord{e4c2f98 u0 com.android.chrome/com.google.android.apps.chrome.IntentDispatcher t441}
2025-11-02 12:41:54.799  1027-2262  WindowManager           system_server                        D  Changing focus from Window{500d174 u0 com.udry.app/com.udry.app.MainActivity} to null displayId=0 Callers=com.android.server.wm.ActivityTaskManagerService.setLastResumedActivityUncheckLocked:264 com.android.server.wm.ActivityTaskSupervisor.updateTopResumedActivityIfNeeded:50 com.android.server.wm.TaskFragment.setResumedActivity:29 com.android.server.wm.ActivityRecord.setState:104 
2025-11-02 12:41:54.799  1027-2262  SystemKeyManager        system_server                        V  updateFocusedWindow() is called, 
2025-11-02 12:41:54.799  1027-2262  ActivityTaskManager     system_server                        D  scheduleTopResumedActivityChanged, onTop=true, r=ActivityRecord{e4c2f98 u0 com.android.chrome/com.google.android.apps.chrome.IntentDispatcher t441}, caller=com.android.server.wm.ActivityTaskSupervisor.updateTopResumedActivityIfNeeded:62 com.android.server.wm.TaskFragment.setResumedActivity:29 com.android.server.wm.ActivityRecord.setState:104 com.android.server.wm.ActivityTaskSupervisor.realStartActivityLocked:945 com.android.server.wm.ActivityTaskSupervisor.startSpecificActivity:27 com.android.server.wm.TaskFragment.resumeTopActivity:2187 
2025-11-02 12:41:54.800  1027-2262  BLASTSyncEngine         system_server                        D  SyncGroup 562:  Unfinished container: ActivityRecord{e4c2f98 u0 com.android.chrome/com.google.android.apps.chrome.IntentDispatcher t441} mSyncState=2
2025-11-02 12:41:54.803  1027-1111  SGM:FgCheckThread       system_server                        D  notePauseComponent(), received pkgName: com.udry.app, userId: 0
2025-11-02 12:41:54.803  1027-1111  SGM:FgCheckThread       system_server                        D  notePauseComponent(), received pkgName: com.udry.app, userId: 0
2025-11-02 12:41:54.803  1027-1111  SGM:FgCheckThread       system_server                        D  notifyFocusInOut(). of pkg: com.udry.app, type: 20, isSecGameFamily: false, userId: 0
2025-11-02 12:41:54.803  1027-2262  GraphicsStatsService    system_server                        D  requestRenderEngineFor(com.android.chrome)
2025-11-02 12:41:54.803 25179-25179 ActivityThread          com.android.chrome                   D  com.android.chrome will use render engine as VK
2025-11-02 12:41:54.804 29447-29447 View                    com.udry.app                         I  setRequestedFrameRate frameRate=-4.0, this=com.getcapacitor.CapacitorWebView{16d4505 VFEDHVC.. .F...... 0,0-1080,2205 #7f0901cb app:id/webview aid=1073741824}, caller=WV.ef.b:1 WV.fg.h:118 WV.fg.onDraw:7 com.android.webview.chromium.WebViewChromium.onDraw:35 android.webkit.WebView.onDraw:2959 
2025-11-02 12:41:54.805  1027-1377  CocktailBa...eContainer system_server                        I  handleMessage: entry what = 6
2025-11-02 12:41:54.805  1027-1377  CocktailBa...erviceImpl system_server                        I  notePauseComponent : no active host
2025-11-02 12:41:54.805  1027-1111  SGM:GameManager         system_server                        D  identifyGamePackage. com.udry.app, mCurrentUserId: 0, callerUserId: 0, callingMethodInfo: com.samsung.android.game.SemGameManager.isGamePackage(SemGameManager.java:105)
2025-11-02 12:41:54.806  1027-1111  SGM:SemGameManager      system_server                        D  isGamePackage(), pkgName=com.udry.app, ret=false
2025-11-02 12:41:54.806  1027-1111  SGM:FgCheckThread       system_server                        D    notifyFocusInOut(). unexpected type. 20
2025-11-02 12:41:54.809  1027-1111  ActivityManager         system_server                        I  Changes in 90039 15 to 3, 0 to 56
2025-11-02 12:41:54.809  1027-1111  ActivityManager         system_server                        I  Changes in 90034 15 to 3, 0 to 56
2025-11-02 12:41:54.809  1027-1111  ActivityManager         system_server                        I  Changes in 10219 15 to 2, 0 to 127
2025-11-02 12:41:54.809  1027-1111  ActivityManager         system_server                        I  Changes in 10214 15 to 3, 0 to 56
2025-11-02 12:41:54.811 25179-25179 cr_SUCFiltersObserver   com.android.chrome                   I  setting=browser_content_filters_enabled discarding false
2025-11-02 12:41:54.811 25179-25179 cr_SUCFiltersObserver   com.android.chrome                   I  setting=search_content_filters_enabled discarding false
2025-11-02 12:41:54.813 25179-25179 ConnectivityManager     com.android.chrome                   D  StackLog: [android.net.ConnectivityManager.sendRequestForNetwork(ConnectivityManager.java:4736)] [android.net.ConnectivityManager.registerDefaultNetworkCallbackForUid(ConnectivityManager.java:5461)] [android.net.ConnectivityManager.registerDefaultNetworkCallback(ConnectivityManager.java:5428)] [e7f.c(chromium-TrichromeChromeGoogle6432.aab-stable-739012333:37)] [m2j.i(chromium-TrichromeChromeGoogle6432.aab-stable-739012333:7)] [org.chromium.base.ApplicationStatus.f(chromium-TrichromeChromeGoogle6432.aab-stable-739012333:241)] [po0.onActivityCreated(chromium-TrichromeChromeGoogle6432.aab-stable-739012333:44)] [android.app.Application.dispatchActivityCreated(Application.java:387)] [android.app.Activity.dispatchActivityCreated(Activity.java:1579)] [android.app.Activity.onCreate(Activity.java:1889)] [org.chromium.chrome.browser.document.ChromeLauncherActivity.onCreate(chromium-TrichromeChromeGoogle6432.aab-stable-739012333:7)] [android.app.Activity.performCreate(Activity.java:9363)] [android.app.Activity.performCreate(Activity.java:9332)] [android.app.Instrumentation.callActivityOnCreate(Instrumentation.java:1526)] [android.app.ActivityThread.performLaunchActivity(ActivityThread.java:4440)] [android.app.ActivityThread.handleLaunchActivity(ActivityThread.java:4689)] [android.app.servertransaction.LaunchActivityItem.execute(LaunchActivityItem.java:112)] [android.app.servertransaction.TransactionExecutor.executeNonLifecycleItem(TransactionExecutor.java:174)] [android.app.servertransaction.TransactionExecutor.executeTransactionItems(TransactionExecutor.java:109)] [android.app.servertransaction.TransactionExecutor.execute(TransactionExecutor.java:81)] [android.app.ActivityThread$H.handleMessage(ActivityThread.java:2899)]
2025-11-02 12:41:54.813  1027-4109  ConnectivityService     system_server                        D  requestNetwork for uid/pid:10219/25179 activeRequest: null callbackRequest: 3729 [NetworkRequest [ REQUEST id=3730, [ Capabilities: INTERNET&NOT_RESTRICTED&TRUSTED&NOT_VCN_MANAGED&NOT_BANDWIDTH_CONSTRAINED Uid: 10219 RequestorUid: 10219 RequestorPkg: com.android.chrome UnderlyingNetworks: Null] ]] callback flags: 0 order: 2147483647 isUidTracked: false declaredMethods: AVAIL|LOST|NC|LP
2025-11-02 12:41:54.814   765-765   BpBinder                surfaceflinger                       I  onLastStrongRef automatically unlinking death recipients: 
2025-11-02 12:41:54.815 29447-29447 View                    com.udry.app                         I  setRequestedFrameRate frameRate=-4.0, this=com.getcapacitor.CapacitorWebView{16d4505 VFEDHVC.. .F...... 0,0-1080,2205 #7f0901cb app:id/webview aid=1073741824}, caller=WV.ef.b:1 WV.fg.h:118 WV.fg.onDraw:7 com.android.webview.chromium.WebViewChromium.onDraw:35 android.webkit.WebView.onDraw:2959 
2025-11-02 12:41:54.815 25179-25179 ConnectivityManager     com.android.chrome                   D  StackLog: [android.net.ConnectivityManager.sendRequestForNetwork(ConnectivityManager.java:4736)] [android.net.ConnectivityManager.sendRequestForNetwork(ConnectivityManager.java:4904)] [android.net.ConnectivityManager.registerNetworkCallback(ConnectivityManager.java:5321)] [e7f.c(chromium-TrichromeChromeGoogle6432.aab-stable-739012333:79)] [m2j.i(chromium-TrichromeChromeGoogle6432.aab-stable-739012333:7)] [org.chromium.base.ApplicationStatus.f(chromium-TrichromeChromeGoogle6432.aab-stable-739012333:241)] [po0.onActivityCreated(chromium-TrichromeChromeGoogle6432.aab-stable-739012333:44)] [android.app.Application.dispatchActivityCreated(Application.java:387)] [android.app.Activity.dispatchActivityCreated(Activity.java:1579)] [android.app.Activity.onCreate(Activity.java:1889)] [org.chromium.chrome.browser.document.ChromeLauncherActivity.onCreate(chromium-TrichromeChromeGoogle6432.aab-stable-739012333:7)] [android.app.Activity.performCreate(Activity.java:9363)] [android.app.Activity.performCreate(Activity.java:9332)] [android.app.Instrumentation.callActivityOnCreate(Instrumentation.java:1526)] [android.app.ActivityThread.performLaunchActivity(ActivityThread.java:4440)] [android.app.ActivityThread.handleLaunchActivity(ActivityThread.java:4689)] [android.app.servertransaction.LaunchActivityItem.execute(LaunchActivityItem.java:112)] [android.app.servertransaction.TransactionExecutor.executeNonLifecycleItem(TransactionExecutor.java:174)] [android.app.servertransaction.TransactionExecutor.executeTransactionItems(TransactionExecutor.java:109)] [android.app.servertransaction.TransactionExecutor.execute(TransactionExecutor.java:81)] [android.app.ActivityThread$H.handleMessage(ActivityThread.java:2899)]
2025-11-02 12:41:54.816  1027-1325  ConnectivityService     system_server                        D     accepting network in place of null for NetworkRequest [ REQUEST id=3730, [ Capabilities: INTERNET&NOT_RESTRICTED&TRUSTED&NOT_VCN_MANAGED&NOT_BANDWIDTH_CONSTRAINED Uid: 10219 RequestorUid: 10219 RequestorPkg: com.android.chrome UnderlyingNetworks: Null] ]
2025-11-02 12:41:54.817   765-845   SurfaceFlinger          surfaceflinger                       D  [input] setFocusedWindow: <null>
2025-11-02 12:41:54.818 25179-25179 cr_OfflineDetector      com.android.chrome                   I  Running updateState mConnectivityDetectorInitialized: true, mTimeWhenLastForegrounded: 391952230, getElapsedTime: 391952230, mTimeWhenLastOfflineNotificationReceived: 0, mTimeWhenLastOnline: 340001018, mTimeWhenAirplaneModeToggledOff: 0 mApplicationState: 1, mIsOfflineLastReportedByConnectivityDetector: false, mInAirplaneMode: false mIsEffectivelyOffline: false
2025-11-02 12:41:54.818 25179-25179 cr_OfflineDetector      com.android.chrome                   I  updateState(): timeSinceLastForeground: 0, timeSinceOfflineNotificationReceived: 391952230, timeSinceLastOnline: 51951212, timeNeededForForeground: 2000, timeNeededForOffline: -391950230 timeSinceAirplaneModeToggledOff: 391952230 timeNeededAfterConnectionChangeFromOnlineToOffline: -51941212 timeNeededAfterConnectionChangeFromAirplaneToOffline: 0
2025-11-02 12:41:54.818  1027-2262  InputDispatcher         system_server                        D  Once focus requested (0): <null>
2025-11-02 12:41:54.818  1027-2262  InputDispatcher         system_server                        D  Focus request (0): <null> but waiting because NO_WINDOW
2025-11-02 12:41:54.818  1027-2262  InputDispatcher         system_server                        D  Focus left window (0): 500d174 com.udry.app/com.udry.app.MainActivity
2025-11-02 12:41:54.818  1027-1111  SGM:GameManager         system_server                        D  identifyGamePackage. com.android.chrome, mCurrentUserId: 0, callerUserId: 0, callingMethodInfo: com.samsung.android.game.SemGameManager.isGamePackage(SemGameManager.java:105)
2025-11-02 12:41:54.818  1027-1111  SGM:SemGameManager      system_server                        D  isGamePackage(), pkgName=com.android.chrome, ret=false
2025-11-02 12:41:54.820  1027-1325  ConnectivityService     system_server                        D  Rematched networks [computed 0ms] [applied 1ms] [issued 3]
2025-11-02 12:41:54.820  1027-1325  ConnectivityService     system_server                        D  NetworkReassignment :
                                                                                                      3730 : null  214
2025-11-02 12:41:54.820  1027-1309  WifiNetworkFactory      system_server                        D  got request NetworkRequest [ REQUEST id=3730, [ Capabilities: INTERNET&NOT_RESTRICTED&TRUSTED&NOT_VCN_MANAGED&NOT_BANDWIDTH_CONSTRAINED Uid: 10219 RequestorUid: 10219 RequestorPkg: com.android.chrome UnderlyingNetworks: Null] ]
2025-11-02 12:41:54.821  1027-1309  UntrustedW...orkFactory system_server                        D  got request NetworkRequest [ REQUEST id=3730, [ Capabilities: INTERNET&NOT_RESTRICTED&TRUSTED&NOT_VCN_MANAGED&NOT_BANDWIDTH_CONSTRAINED Uid: 10219 RequestorUid: 10219 RequestorPkg: com.android.chrome UnderlyingNetworks: Null] ]
2025-11-02 12:41:54.821  2598-2665  RequestManager_FLP      com.sec.location.nsflp2              I  onOpChanged, op=0 / packageName=com.android.chrome
2025-11-02 12:41:54.821  1027-1309  OemPaidWif...orkFactory system_server                        D  got request NetworkRequest [ REQUEST id=3730, [ Capabilities: INTERNET&NOT_RESTRICTED&TRUSTED&NOT_VCN_MANAGED&NOT_BANDWIDTH_CONSTRAINED Uid: 10219 RequestorUid: 10219 RequestorPkg: com.android.chrome UnderlyingNetworks: Null] ]
2025-11-02 12:41:54.821  1027-1309  MultiInter...orkFactory system_server                        D  got request NetworkRequest [ REQUEST id=3730, [ Capabilities: INTERNET&NOT_RESTRICTED&TRUSTED&NOT_VCN_MANAGED&NOT_BANDWIDTH_CONSTRAINED Uid: 10219 RequestorUid: 10219 RequestorPkg: com.android.chrome UnderlyingNetworks: Null] ]
2025-11-02 12:41:54.821  1027-1377  CocktailBa...eContainer system_server                        I  handleMessage: entry what = 5
2025-11-02 12:41:54.821  1027-1377  CocktailBa...erviceImpl system_server                        I  noteResumeComponent : no active host
2025-11-02 12:41:54.822 29447-29447 ImeFocusController      com.udry.app                         I  onPreWindowFocus: skipped hasWindowFocus=false mHasImeFocus=true
2025-11-02 12:41:54.823 29447-29447 ImeFocusController      com.udry.app                         I  onPostWindowFocus: skipped hasWindowFocus=false mHasImeFocus=true
2025-11-02 12:41:54.824  1027-1325  ConnectivityService     system_server                        D  Rematched networks [computed 0ms] [applied 1ms] [issued 2]
2025-11-02 12:41:54.824  1027-1325  ConnectivityService     system_server                        D  NetworkReassignment : no changes
2025-11-02 12:41:54.826 25179-25179 cr_ActivityDispatcher   com.android.chrome                   W  CustomTabsIntent#shouldAlwaysUseBrowserUI() = false
2025-11-02 12:41:54.826 25179-25179 cr_ActivityDispatcher   com.android.chrome                   W  CustomTabsIntent#shouldAlwaysUseBrowserUI() = false
2025-11-02 12:41:54.828  1027-1109  PkgPredict...erviceImpl system_server                        D  onForegroundActivitiesChanged pid:25179 uid:10219
2025-11-02 12:41:54.828  1027-1109  NetworkPolicy           system_server                        D  already checked 10219
2025-11-02 12:41:54.829 29447-29447 View                    com.udry.app                         I  setRequestedFrameRate frameRate=-4.0, this=com.getcapacitor.CapacitorWebView{16d4505 VFEDHVC.. .F...... 0,0-1080,2205 #7f0901cb app:id/webview aid=1073741824}, caller=WV.ef.b:1 WV.fg.h:118 WV.fg.onDraw:7 com.android.webview.chromium.WebViewChromium.onDraw:35 android.webkit.WebView.onDraw:2959 
2025-11-02 12:41:54.832  1027-1707  BaseRestrictionMgr      system_server                        D  Package: com.sec.android.app.chromecustomizations, userid: 0, hostingType: provider is allowed by freecess, caller is: com.android.chrome
2025-11-02 12:41:54.832  1027-2137  ActivityTaskManager     system_server                        D  startActivityAsUser: callingPid=25179, callingUid=10219, caller=com.android.server.wm.ActivityTaskManagerService.startActivity:120 android.app.IActivityTaskManager$Stub.onTransact:1356 com.android.server.wm.ActivityTaskManagerService.onTransact:1 android.os.Binder.execTransactInternal:1536 android.os.Binder.execTransact:1480 <bottom of call stack> <bottom of call stack> 
2025-11-02 12:41:54.832  1027-1707  ActivityManager         system_server                        I  Changes in 10143 19 to 3, 0 to 16
2025-11-02 12:41:54.832  1027-2137  ActivityTaskManager     system_server                        D  TaskLaunchParamsModifier:task=null activity=null display-area-from-source=DefaultTaskDisplayArea_d0@243727128 display-id=0 task-display-area-windowing-mode=1 suggested-display-area=DefaultTaskDisplayArea_d0@243727128
2025-11-02 12:41:54.833  1027-2137  OptProp                 system_server                        W  Cannot read opt property android.window.PROPERTY_COMPAT_ALLOW_ORIENTATION_OVERRIDE
2025-11-02 12:41:54.833  7504-7555  Rubin                   com.samsung.android.rubin.app        I  [159] U9.b.A(Unknown Source) : Notify com.samsung.android.rubin.inferenceengine.contextanalytics.engine.loggers.AppUsageLogger's database is updated.
2025-11-02 12:41:54.833  1027-2137  Grammatica...ctionUtils system_server                        V  AttributionSource: AttributionSource { uid = 10219, packageName = null, attributionTag = null, token = android.os.Binder@1b379, deviceId = 0, next = null } does not have READ_SYSTEM_GRAMMATICAL_GENDER permission.
2025-11-02 12:41:54.833  1027-2137  OptProp                 system_server                        W  Cannot read opt property android.window.PROPERTY_COMPAT_ALLOW_RESIZEABLE_ACTIVITY_OVERRIDES
2025-11-02 12:41:54.833  1027-2137  OptProp                 system_server                        W  Cannot read opt property android.window.PROPERTY_COMPAT_ALLOW_MIN_ASPECT_RATIO_OVERRIDE
2025-11-02 12:41:54.834  1027-2137  WindowManager           system_server                        V  Collecting in transition 562: ActivityRecord{d02ad0e u0 com.android.chrome/org.chromium.chrome.browser.ChromeTabbedActivity, caller=com.android.server.wm.TransitionController.collect:7 com.android.server.wm.ActivityStarter.startActivityUnchecked:626 com.android.server.wm.ActivityStarter.executeRequest:3397 com.android.server.wm.ActivityStarter.execute:1122 com.android.server.wm.ActivityTaskManagerService.startActivityAsUser:88 
2025-11-02 12:41:54.834  1027-2137  ActivityTaskManager     system_server                        D  TaskLaunchParamsModifier:task=null activity=ActivityRecord{d02ad0e u0 com.android.chrome/org.chromium.chrome.browser.ChromeTabbedActivity t-1} display-area-from-source=DefaultTaskDisplayArea_d0@243727128 display-id=0 task-display-area-windowing-mode=1 suggested-display-area=DefaultTaskDisplayArea_d0@243727128
2025-11-02 12:41:54.835  1027-1111  SGM:FgCheckThread       system_server                        D  noteResumeComponent(), received pkgName: com.android.chrome, userId: 0
2025-11-02 12:41:54.835  1027-2137  ActivityTaskManager     system_server                        D  TaskLaunchParamsModifier:task=Task{9e9b3bc #370 type=standard A=10219:com.android.chrome} activity=ActivityRecord{d02ad0e u0 com.android.chrome/org.chromium.chrome.browser.ChromeTabbedActivity t-1} display-area-from-source=DefaultTaskDisplayArea_d0@243727128 display-id=0 task-display-area-windowing-mode=1 suggested-display-area=DefaultTaskDisplayArea_d0@243727128 inherit-from-source=fullscreen non-freeform-task-display-area display-area=DefaultTaskDisplayArea_d0@243727128 default-portrait freeform-size-mismatch=Rect(81, 565 - 999, 1735)
2025-11-02 12:41:54.835   901-5944  CameraService           cameraserver                         I  onUidStateChanged: uid=10219, procState is changed. (15 -> 2)
2025-11-02 12:41:54.836  1027-2137  WindowManager           system_server                        V  Collecting in transition 562: ActivityRecord{88523af u0 com.android.chrome/com.google.android.apps.chrome.Main t370}, caller=com.android.server.wm.TransitionController.collect:7 com.android.server.wm.ActivityStarter.startActivityInner:1824 com.android.server.wm.ActivityStarter.startActivityUnchecked:639 com.android.server.wm.ActivityStarter.executeRequest:3397 com.android.server.wm.ActivityStarter.execute:1122 
2025-11-02 12:41:54.836  1027-2137  WindowManager           system_server                        D  prepareSync <SYNC_STATE_WAITING_FOR_DRAW>, mPrepareSyncSeqId=0, win=Window{bd9988f u0 com.android.chrome/com.google.android.apps.chrome.Main}
2025-11-02 12:41:54.836  3493-18414 SDHMS:l                 com.sec.android.sdhms                I  handleResumeComponent : put = com.android.chrome, userid = 0 instanceid =51211863
2025-11-02 12:41:54.836  1027-2137  Pageboost               system_server                        I  moveTaskToFront : 10219:com.android.chrome
2025-11-02 12:41:54.836  1027-2137  ActivityTaskManager     system_server                        D  scheduleTopResumedActivityChanged, onTop=false, r=ActivityRecord{e4c2f98 u0 com.android.chrome/com.google.android.apps.chrome.IntentDispatcher t441}, caller=com.android.server.wm.ActivityTaskSupervisor.scheduleTopResumedActivityStateLossIfNeeded:11 com.android.server.wm.ActivityTaskSupervisor.updateTopResumedActivityIfNeeded:19 com.android.server.wm.TaskDisplayArea.positionChildAt:259 com.android.server.wm.Task.moveToFront:365 com.android.server.wm.ActivityRecord.moveFocusableActivityToTop:259 com.android.server.wm.Task.moveTaskToFront:196 
2025-11-02 12:41:54.837  1027-2137  WindowManager           system_server                        V  Checking theme of starting window: 0x7f1506bf
2025-11-02 12:41:54.837  1027-2137  WindowManager           system_server                        V  Translucent=false Floating=false ShowWallpaper=false Disable=false
2025-11-02 12:41:54.837  1027-2137  ActivityTaskManager     system_server                        D  addStartingWindow: type=0 typeParameter=56
2025-11-02 12:41:54.837  1027-2137  WindowManager           system_server                        V  Collecting in transition 562: ActivityRecord{d02ad0e u0 com.android.chrome/org.chromium.chrome.browser.ChromeTabbedActivity t-1}, caller=com.android.server.wm.Transition.collectExistenceChange:42 com.android.server.wm.ActivityStarter.handleStartResult:523 com.android.server.wm.ActivityStarter.startActivityUnchecked:653 com.android.server.wm.ActivityStarter.executeRequest:3397 com.android.server.wm.ActivityStarter.execute:1122 
2025-11-02 12:41:54.839  2660-2660  pageboostd              pageboostd                           E  Received HALT command code 2
2025-11-02 12:41:54.839  1027-4109  SGM:GameManager         system_server                        D  identifyForegroundApp. com.udry.app, mCurrentUserId: 0, callerUserId: 0
2025-11-02 12:41:54.839  1027-2137  Pageboost               system_server                        I  stop alp
2025-11-02 12:41:54.839  1027-2137  ActivityTaskManager     system_server                        I  START u0 {act=android.intent.action.VIEW dat=https://checkout.stripe.com/... flg=0x14002000 cmp=com.android.chrome/org.chromium.chrome.browser.ChromeTabbedActivity (has extras)} with LAUNCH_SINGLE_INSTANCE_PER_TASK from uid 10219 (BAL_ALLOW_VISIBLE_WINDOW) result code=2
2025-11-02 12:41:54.840  1027-4109  WindowManager           system_server                        V  Collecting in transition 562: ActivityRecord{e4c2f98 u0 com.android.chrome/com.google.android.apps.chrome.IntentDispatcher t441 f}}, caller=com.android.server.wm.Transition.collectExistenceChange:42 com.android.server.wm.Transition.collectClose:7 com.android.server.wm.ActivityRecord.finishIfPossible:43 com.android.server.wm.ActivityClientController.finishActivity:225 android.app.IActivityClientController$Stub.onTransact:822 
2025-11-02 12:41:54.841  1027-2595  ActivityManager         system_server                        D  unpendingScheduleServiceRestart: u=10143, drop=false
2025-11-02 12:41:54.842 25179-25179 DecorView               com.android.chrome                   I  setWindowBackground: isPopOver=false color=fff1f1f3 d=null
2025-11-02 12:41:54.843  1027-2262  SGM:GameManager         system_server                        D  identifyGamePackage. com.udry.app, mCurrentUserId: 0, callerUserId: 0, callingMethodInfo: com.samsung.android.game.IGameManagerService$Stub.onTransact(IGameManagerService.java:228)
2025-11-02 12:41:54.844  7504-7555  Rubin                   com.samsung.android.rubin.app        I  [159] com.samsung.android.rubin.inferenceengine.contextanalytics.engine.monitors.moment.exercise.ExercisingWithCalendarMonitor.isSatisfiedByCalendarEvent(Unknown Source) : isSatisfiedByCalendarEvent is false
2025-11-02 12:41:54.845  7504-7555  Rubin                   com.samsung.android.rubin.app        I  [159] com.samsung.android.rubin.inferenceengine.contextanalytics.engine.monitors.moment.exercise.ExercisingWithCmhMonitor.isSatisfiedByCmh(Unknown Source) : isSatisfiedByCmh is false
2025-11-02 12:41:54.845  2660-2660  pageboostd              pageboostd                           E  Received HALT command code 2
2025-11-02 12:41:54.845  1027-4109  UserManagerService      system_server                        W  Requested status bar icon for non-badged user 0
2025-11-02 12:41:54.845  1027-1111  ChimeraSys...ntListener system_server                        I  appLaunchIntent package name is: com.android.chrome
2025-11-02 12:41:54.846  1027-1059  WindowManager           system_server                        V  Collecting in transition 562: ActivityRecord{e4c2f98 u0 com.android.chrome/com.google.android.apps.chrome.IntentDispatcher t441 f}}, caller=com.android.server.wm.TransitionController.collect:7 com.android.server.wm.ActivityRecord.setVisibility:189 com.android.server.wm.TaskFragment.resumeTopActivity:1600 com.android.server.wm.Task.resumeTopActivityInnerLocked:98 com.android.server.wm.Task.resumeTopActivityUncheckedLocked:23 
2025-11-02 12:41:54.846  1027-1059  WindowManager           system_server                        V  Collecting in transition 562: ActivityRecord{88523af u0 com.android.chrome/com.google.android.apps.chrome.Main t370}, caller=com.android.server.wm.TransitionController.collect:7 com.android.server.wm.ActivityRecord.setVisibility:189 com.android.server.wm.TaskFragment.resumeTopActivity:1718 com.android.server.wm.Task.resumeTopActivityInnerLocked:98 com.android.server.wm.Task.resumeTopActivityUncheckedLocked:23 
2025-11-02 12:41:54.846  1027-1059  WindowManager           system_server                        V  Setting visibility of Window{bd9988f u0 com.android.chrome/com.google.android.apps.chrome.Main}: true, caller=com.android.server.wm.WindowContainer.sendAppVisibilityToClients:19 com.android.server.wm.WindowToken.setClientVisible:49 com.android.server.wm.ActivityRecord.setVisibility:392 com.android.server.wm.TaskFragment.resumeTopActivity:1718 com.android.server.wm.Task.resumeTopActivityInnerLocked:98 
2025-11-02 12:41:54.847  1027-1059  SGM:FgCheckThread       system_server                        D  TaskStackListener.onTaskFocusChanged(), taskId=441, focused=false
2025-11-02 12:41:54.847  1027-1059  SGM:FgCheckThread       system_server                        D  TaskStackListener.onTaskFocusChanged(), taskId=370, focused=true
2025-11-02 12:41:54.847  1027-1059  SGM:FgCheckThread       system_server                        D    sendRunningComponentFocus(), pkgName: com.android.chrome, userId: 0
2025-11-02 12:41:54.847 29447-29447 View                    com.udry.app                         I  setRequestedFrameRate frameRate=-4.0, this=com.getcapacitor.CapacitorWebView{16d4505 VFEDHVC.. .F...... 0,0-1080,2205 #7f0901cb app:id/webview aid=1073741824}, caller=WV.ef.b:1 WV.fg.h:118 WV.fg.onDraw:7 com.android.webview.chromium.WebViewChromium.onDraw:35 android.webkit.WebView.onDraw:2959 
2025-11-02 12:41:54.847  1027-1059  InputDispatcher         system_server                        D  Focused application(0): ActivityRecord{88523af u0 com.android.chrome/com.google.android.apps.chrome.Main t370}
2025-11-02 12:41:54.847  1027-1059  ActivityTaskManager     system_server                        D  scheduleTopResumedActivityChanged, onTop=true, r=ActivityRecord{88523af u0 com.android.chrome/com.google.android.apps.chrome.Main t370}, caller=com.android.server.wm.ActivityTaskSupervisor.updateTopResumedActivityIfNeeded:62 com.android.server.wm.TaskFragment.setResumedActivity:29 com.android.server.wm.ActivityRecord.setState:104 com.android.server.wm.TaskFragment.resumeTopActivity:1800 com.android.server.wm.Task.resumeTopActivityInnerLocked:98 com.android.server.wm.Task.resumeTopActivityUncheckedLocked:23 
2025-11-02 12:41:54.847  1027-1281  SGM:FgCheckThread       system_server                        D  onLooperPrepared(), msg: MSG_TASK_FOCUSED, pkgName: com.android.chrome, userId: 0
2025-11-02 12:41:54.848  1027-1281  SGM:FgCheckThread       system_server                        D  handleTaskFocused().
2025-11-02 12:41:54.848  1027-1281  SGM:FgCheckThread       system_server                        D    handleTaskFocused(), pkgName: com.android.chrome, userID:0
2025-11-02 12:41:54.848  1027-1281  SGM:FgCheckThread       system_server                        D  handleResume().
2025-11-02 12:41:54.848  1027-1281  SGM:FgCheckThread       system_server                        D  sendFocusOutConditionally() - mPrevNotiPkg: (unknown), userId: 0
2025-11-02 12:41:54.848  1027-1059  WindowManager           system_server                        V  Collecting in transition 562: ActivityRecord{ec0f1d6 u0 com.udry.app/.MainActivity t441}, caller=com.android.server.wm.TransitionController.collect:7 com.android.server.wm.ActivityRecord.setVisibility:189 com.android.server.wm.ActivityRecord.makeInvisible:39 com.android.server.wm.EnsureActivitiesVisibleHelper.process:637 com.android.server.wm.TaskFragment.updateActivityVisibilities:12 
2025-11-02 12:41:54.848  1027-1281  SGM:FgCheckThread       system_server                        D    handleResume(). pkgName: com.android.chrome, userId: 0, category: non-game
2025-11-02 12:41:54.848  1027-1281  SGM:FgCheckThread       system_server                        D  notifyFocusInOut(). of pkg: com.android.chrome, type: 4, isSecGameFamily: false, userId: 0
2025-11-02 12:41:54.848  1027-1281  SGM:FgCheckThread       system_server                        D    notifyFocusInOut(). unexpected mPrevNotiType: -1
2025-11-02 12:41:54.848  1027-1281  SGM:SystemHelper        system_server                        D  callReleaseBlock needReleaseBlock:false
2025-11-02 12:41:54.848  1027-1059  WindowManager           system_server                        V  rotationForOrientation(orient=SCREEN_ORIENTATION_UNSPECIFIED (-1), last=ROTATION_0 (0)); user=ROTATION_0 (0) USER_ROTATION_LOCKED
2025-11-02 12:41:54.848  1027-1059  WindowManager           system_server                        D  rotationForOrientation, orientationSource=ActivityRecord{88523af u0 com.android.chrome/com.google.android.apps.chrome.Main t370}
2025-11-02 12:41:54.848  1027-1059  WindowManager           system_server                        V  Computed rotation=ROTATION_0 (0) for display id=0 based on lastOrientation=SCREEN_ORIENTATION_UNSPECIFIED (-1) and oldRotation=ROTATION_0 (0), caller=com.android.server.wm.DisplayRotation.updateOrientation:25 com.android.server.wm.DisplayContent.updateOrientation:65 com.android.server.wm.DisplayContent.updateOrientation:11 com.android.server.wm.RootWindowContainer.ensureVisibilityAndConfig:7 com.android.server.wm.TaskFragment.resumeTopActivity:1819 com.android.server.wm.Task.resumeTopActivityInnerLocked:98 
2025-11-02 12:41:54.849  1027-1351  AS.MultiSoundManager    system_server                        D  mForegroundUid = 10219
2025-11-02 12:41:54.849  1027-1059  WindowManagerServiceExt system_server                        D  updateTaskbarTargetIfNeeded: cn=ComponentInfo{com.android.chrome/com.google.android.apps.chrome.Main} occludesParent=true isInSplitScreenMode=false styleFloating=false
2025-11-02 12:41:54.850  1027-1059  BLASTSyncEngine         system_server                        D  SyncGroup 562:  Unfinished container: ActivityRecord{88523af u0 com.android.chrome/com.google.android.apps.chrome.Main t370} mSyncState=2
2025-11-02 12:41:54.851 25179-25179 VRI[Main]@95c91f7       com.android.chrome                   I  handleAppVisibility mAppVisible = false visible = true
2025-11-02 12:41:54.851 25179-25179 VRI[Main]@95c91f7       com.android.chrome                   I  stopped(false) old = true
2025-11-02 12:41:54.851 25179-25179 VRI[Main]@95c91f7       com.android.chrome                   D  WindowStopped on com.android.chrome/com.google.android.apps.chrome.Main set to false
2025-11-02 12:41:54.851  2153-2328  HoneySpace...TaskSource com.sec.android.app.launcher         I  onTaskMovedToFront : taskId = 370, displayId = 0
2025-11-02 12:41:54.853  1502-1715  WindowManagerShell      com.android.systemui                 D  onActivityRestartAttempt: ComponentInfo{com.android.chrome/org.chromium.chrome.browser.ChromeTabbedActivity}
2025-11-02 12:41:54.853  1027-1111  SGM:FgCheckThread       system_server                        D  notePauseComponent(), received pkgName: com.android.chrome, userId: 0
2025-11-02 12:41:54.853  1027-1111  SGM:FgCheckThread       system_server                        D  notePauseComponent(), received pkgName: com.android.chrome, userId: 0
2025-11-02 12:41:54.853  1027-1111  SGM:FgCheckThread       system_server                        D  notifyFocusInOut(). of pkg: com.android.chrome, type: 20, isSecGameFamily: false, userId: 0
2025-11-02 12:41:54.853  1027-1377  CocktailBa...eContainer system_server                        I  handleMessage: entry what = 6
2025-11-02 12:41:54.853  1027-1377  CocktailBa...erviceImpl system_server                        I  notePauseComponent : no active host
2025-11-02 12:41:54.853  2153-2330  HoneySpace...askUseCase com.sec.android.app.launcher         I  topTaskId 370, DisplayId : 0
2025-11-02 12:41:54.854 25179-25179 JobInfo                 com.android.chrome                   W  Job 'com.android.chrome/org.chromium.components.background_task_scheduler.internal.BackgroundTaskJobService#112' has a deadline with no functional constraints. The deadline won't improve job execution latency. Consider removing the deadline.
2025-11-02 12:41:54.855  1027-1111  SGM:GameManager         system_server                        D  identifyGamePackage. com.android.chrome, mCurrentUserId: 0, callerUserId: 0, callingMethodInfo: com.samsung.android.game.SemGameManager.isGamePackage(SemGameManager.java:105)
2025-11-02 12:41:54.855  1027-1111  SGM:SemGameManager      system_server                        D  isGamePackage(), pkgName=com.android.chrome, ret=false
2025-11-02 12:41:54.855  1027-1111  SGM:FgCheckThread       system_server                        D    notifyFocusInOut(). unexpected type. 20
2025-11-02 12:41:54.855  2153-28251 HoneySpace.RecentTasks  com.sec.android.app.launcher         I  onRecentTasksChanged
2025-11-02 12:41:54.855 25179-25179 cr_ActivityDispatcher   com.android.chrome                   W  CustomTabsIntent#shouldAlwaysUseBrowserUI() = false
2025-11-02 12:41:54.860  1027-1377  CocktailBa...eContainer system_server                        I  handleMessage: entry what = 5
2025-11-02 12:41:54.860 25179-25179 cr_ChromeActivity       com.android.chrome                   I  onNewIntentWithNative: exiting picture in picture if needed
2025-11-02 12:41:54.860 25179-25179 cr_VideoPersist         com.android.chrome                   I  Framework exited picture in picture
2025-11-02 12:41:54.860 25179-25179 cr_VideoPersist         com.android.chrome                   I  Exited picture in picture with reason: 0
2025-11-02 12:41:54.860  1027-1377  CocktailBa...erviceImpl system_server                        I  noteResumeComponent : no active host
2025-11-02 12:41:54.861 25179-25179 cr_Tab                  com.android.chrome                   E  Tab couldn't be loaded because Context was null.
2025-11-02 12:41:54.861  1027-1707  CoreBackPreview         system_server                        D  Window{bd9988f u0 com.android.chrome/com.google.android.apps.chrome.Main}: Setting back callback OnBackInvokedCallbackInfo{mCallback=android.window.IOnBackInvokedCallback$Stub$Proxy@4eb7d3c, mPriority=0, mIsAnimationCallback=true}
2025-11-02 12:41:54.862  2153-2328  HoneySpace...TaskSource com.sec.android.app.launcher         I  onTaskFocusChanged(): taskId = 370
2025-11-02 12:41:54.862  2153-2328  HoneySpace...TaskSource com.sec.android.app.launcher         I  onTaskMovedToFront : taskId = 370, displayId = 0
2025-11-02 12:41:54.866  1027-2072  ActivityManager         system_server                        I  Changes in 10246 19 to 3, 0 to 56
2025-11-02 12:41:54.866  1502-1502  {OngoingAc...ontroller} com.android.systemui                 I  onTaskFocusChanged focused:false, baseActivity:ComponentInfo{com.udry.app/com.udry.app.MainActivity}
2025-11-02 12:41:54.873  1502-1502  {OngoingAc...ontroller} com.android.systemui                 I  onTaskFocusChanged focused:true, baseActivity:ComponentInfo{com.android.chrome/org.chromium.chrome.browser.ChromeTabbedActivity}
2025-11-02 12:41:54.875  1027-2595  ActivityManager         system_server                        D  unpendingScheduleServiceRestart: u=10246, drop=false
2025-11-02 12:41:54.879  5417-5417  BoundBrokerSvc          com.google.android.gms               D  onBind: Intent { act=com.google.android.gms.chromesync.service.firstparty.START dat=chimera-action:/... cmp=com.google.android.gms/.chimera.GmsApiService }
2025-11-02 12:41:54.879  5417-5417  BoundBrokerSvc          com.google.android.gms               D  Loading bound service for intent: Intent { act=com.google.android.gms.chromesync.service.firstparty.START dat=chimera-action:/... cmp=com.google.android.gms/.chimera.GmsApiService }
2025-11-02 12:41:54.880 25179-25179 InputMethodManager      com.android.chrome                   I  invalidateInput
2025-11-02 12:41:54.881 29447-29447 View                    com.udry.app                         I  setRequestedFrameRate frameRate=-4.0, this=com.getcapacitor.CapacitorWebView{16d4505 VFEDHVC.. .F...... 0,0-1080,2205 #7f0901cb app:id/webview aid=1073741824}, caller=WV.ef.b:1 WV.fg.h:118 WV.fg.onDraw:7 com.android.webview.chromium.WebViewChromium.onDraw:35 android.webkit.WebView.onDraw:2959 
2025-11-02 12:41:54.885  2153-28251 HoneySpace...5375@OneUI com.sec.android.app.launcher         I  Illegal access. Unknown type. skip load history items
2025-11-02 12:41:54.887 25179-25179 InputMethodManager      com.android.chrome                   I  invalidateInput
2025-11-02 12:41:54.888  1027-2262  ActivityManager         system_server                        I  Changes in 90034 3 to 17, 56 to 0
2025-11-02 12:41:54.892 25179-25179 cr_VideoPersist         com.android.chrome                   I  Dismiss activity with reason 4
2025-11-02 12:41:54.893  1502-1502  {OngoingAc...ataHelper} com.android.systemui                 I  setBaseActivityComponentName:ComponentInfo{com.android.chrome/org.chromium.chrome.browser.ChromeTabbedActivity}
2025-11-02 12:41:54.895 25179-25179 cr_A11yState            com.android.chrome                   I  Enabled accessibility services list updated. []
2025-11-02 12:41:54.896  1027-1111  SGM:FgCheckThread       system_server                        D  noteResumeComponent(), received pkgName: com.android.chrome, userId: 0
2025-11-02 12:41:54.897  1027-1281  SGM:FgCheckThread       system_server                        D  onLooperPrepared(), msg: MSG_APP_RESUME, pkgName: com.android.chrome, userid: 0
2025-11-02 12:41:54.897  1027-1281  SGM:FgCheckThread       system_server                        D  handleResume().
2025-11-02 12:41:54.897  3493-17002 SDHMS:l                 com.sec.android.sdhms                I  handleResumeComponent : put = com.android.chrome, userid = 0 instanceid =212664133
2025-11-02 12:41:54.897  1027-1281  SGM:FgCheckThread       system_server                        D  sendFocusOutConditionally() - mPrevNotiPkg: (unknown), userId: 0
2025-11-02 12:41:54.897  1027-1281  SGM:FgCheckThread       system_server                        D    handleResume(). pkgName: com.android.chrome, userId: 0, category: non-game
2025-11-02 12:41:54.897  1027-1281  SGM:FgCheckThread       system_server                        D  notifyFocusInOut(). of pkg: com.android.chrome, type: 4, isSecGameFamily: false, userId: 0
2025-11-02 12:41:54.897  1027-1281  SGM:FgCheckThread       system_server                        D    notifyFocusInOut(). unexpected mPrevNotiType: -1
2025-11-02 12:41:54.897  1027-1281  SGM:SystemHelper        system_server                        D  callReleaseBlock needReleaseBlock:false
2025-11-02 12:41:54.898 29447-29447 View                    com.udry.app                         I  setRequestedFrameRate frameRate=-4.0, this=com.getcapacitor.CapacitorWebView{16d4505 VFEDHVC.. .F...... 0,0-1080,2205 #7f0901cb app:id/webview aid=1073741824}, caller=WV.ef.b:1 WV.fg.h:118 WV.fg.onDraw:7 com.android.webview.chromium.WebViewChromium.onDraw:35 android.webkit.WebView.onDraw:2959 
2025-11-02 12:41:54.899 25179-25179 cr_A11yState            com.android.chrome                   I  Informing listeners of changes.
2025-11-02 12:41:54.899 25179-25179 cr_A11yState            com.android.chrome                   I  New AccessibilityState: State{isComplexUserInteractionServiceEnabled=false, isTouchExplorationEnabled=false, isPerformGesturesEnabled=false, isAnyAccessibilityServiceEnabled=false, isAccessibilityToolPresent=false, isTextShowPasswordEnabled=false, isOnlyAutofillRunning=false, isOnlyPasswordManagersEnabled=false, isKnownScreenReaderEnabled=false}
2025-11-02 12:41:54.902  5417-5417  BoundBrokerSvc          com.google.android.gms               D  onBind: Intent { act=com.google.android.gms.safebrowsing.SafeBrowsingService.START dat=chimera-action:/... cmp=com.google.android.gms/.chimera.GmsBoundBrokerService }
2025-11-02 12:41:54.902  5417-5417  BoundBrokerSvc          com.google.android.gms               D  Loading bound service for intent: Intent { act=com.google.android.gms.safebrowsing.SafeBrowsingService.START dat=chimera-action:/... cmp=com.google.android.gms/.chimera.GmsBoundBrokerService }
2025-11-02 12:41:54.913  1027-4109  ActivityManager         system_server                        I  Changes in 90041 8 to 3, 0 to 56
2025-11-02 12:41:54.913  1027-1461  NetdEventL...nerService system_server                        D  DNS Requested by 214, 10219(com.android.chrome), SUCCESS, 78ms
2025-11-02 12:41:54.917 29447-29447 View                    com.udry.app                         I  setRequestedFrameRate frameRate=-4.0, this=com.getcapacitor.CapacitorWebView{16d4505 VFEDHVC.. .F...... 0,0-1080,2205 #7f0901cb app:id/webview aid=1073741824}, caller=WV.ef.b:1 WV.fg.h:118 WV.fg.onDraw:7 com.android.webview.chromium.WebViewChromium.onDraw:35 android.webkit.WebView.onDraw:2959 
