2025-10-09 23:01:46.225   638-944   ConnectivityService     system_server                        D  requestNetwork for uid/pid:10169/3505 activeRequest: null callbackRequest: 136 [NetworkRequest [ REQUEST id=137, [ Capabilities: INTERNET&NOT_RESTRICTED&TRUSTED&NOT_VCN_MANAGED&NOT_BANDWIDTH_CONSTRAINED Uid: 10169 RequestorUid: 10169 RequestorPkg: com.google.android.apps.photos UnderlyingNetworks: Null] ]] callback flags: 0 order: 2147483647 isUidTracked: false declaredMethods: AVAIL|LOST|NC
2025-10-09 23:01:46.239  3241-3369  gs.intelligence         com...android.settings.intelligence  I  AssetManager2(0xb400007065719b58) locale list changing from [] to [en-US]
2025-10-09 23:01:46.248  3241-3369  gs.intelligence         com...android.settings.intelligence  I  AssetManager2(0xb400007065718898) locale list changing from [] to [en-US]
2025-10-09 23:01:46.258  1510-2082  43-ServiceEntitlementIn com.google.android.gms               I  (REDACTED) [%s] onCreate
2025-10-09 23:01:46.260  3241-3369  gs.intelligence         com...android.settings.intelligence  I  AssetManager2(0xb40000706571b138) locale list changing from [] to [en-US]
2025-10-09 23:01:46.261  3241-3369  gs.intelligence         com...android.settings.intelligence  I  AssetManager2(0xb4000070657175d8) locale list changing from [] to [en-US]
2025-10-09 23:01:46.261   638-803   WifiNetworkFactory      system_server                        D  got request NetworkRequest [ REQUEST id=137, [ Capabilities: INTERNET&NOT_RESTRICTED&TRUSTED&NOT_VCN_MANAGED&NOT_BANDWIDTH_CONSTRAINED Uid: 10169 RequestorUid: 10169 RequestorPkg: com.google.android.apps.photos UnderlyingNetworks: Null] ]
2025-10-09 23:01:46.261   638-803   UntrustedW...orkFactory system_server                        D  got request NetworkRequest [ REQUEST id=137, [ Capabilities: INTERNET&NOT_RESTRICTED&TRUSTED&NOT_VCN_MANAGED&NOT_BANDWIDTH_CONSTRAINED Uid: 10169 RequestorUid: 10169 RequestorPkg: com.google.android.apps.photos UnderlyingNetworks: Null] ]
2025-10-09 23:01:46.263   638-803   OemPaidWif...orkFactory system_server                        D  got request NetworkRequest [ REQUEST id=137, [ Capabilities: INTERNET&NOT_RESTRICTED&TRUSTED&NOT_VCN_MANAGED&NOT_BANDWIDTH_CONSTRAINED Uid: 10169 RequestorUid: 10169 RequestorPkg: com.google.android.apps.photos UnderlyingNetworks: Null] ]
2025-10-09 23:01:46.259  1510-2082  43-ServiceEntitlementIn com.google.android.gms               I  (REDACTED) [Ts.43-IntentOperation] Action : %s
2025-10-09 23:01:46.265  3241-3369  gs.intelligence         com...android.settings.intelligence  I  AssetManager2(0xb40000706571aaf8) locale list changing from [] to [en-US]
2025-10-09 23:01:46.265  1510-2082  43-ServiceEntitlementIn com.google.android.gms               I  (REDACTED) [%s] Action : %s
2025-10-09 23:01:46.265  1510-2082  43-ServiceEntitlementIn com.google.android.gms               I  (REDACTED) [%s] onDestroy
2025-10-09 23:01:46.273   638-1839  Grammatica...ctionUtils system_server                        V  AttributionSource: android.content.AttributionSource@119e9124 does not have READ_SYSTEM_GRAMMATICAL_GENDER permission.
2025-10-09 23:01:46.282   638-853   Background...rolService system_server                        D  Package event received: 0
2025-10-09 23:01:46.282   638-803   MultiInter...orkFactory system_server                        D  got request NetworkRequest [ REQUEST id=137, [ Capabilities: INTERNET&NOT_RESTRICTED&TRUSTED&NOT_VCN_MANAGED&NOT_BANDWIDTH_CONSTRAINED Uid: 10169 RequestorUid: 10169 RequestorPkg: com.google.android.apps.photos UnderlyingNetworks: Null] ]
2025-10-09 23:01:46.285  3241-3619  RemoteCallableBase      com...android.settings.intelligence  W  Null cursor. Cannot add index data for Uri: content://com.android.traceur/settings/dynamic_indexables_raw
2025-10-09 23:01:46.292  3241-3369  gs.intelligence         com...android.settings.intelligence  I  AssetManager2(0xb400007065719e78) locale list changing from [] to [en-US]
2025-10-09 23:01:46.295   407-407   Zygote                  zygote64                             D  Forked child process 3626
2025-10-09 23:01:46.300   638-809   ConnectivityService     system_server                        D  NetReassign [137 : null → 100] [c 0] [a 12] [i 31]
2025-10-09 23:01:46.326  1229-1428  .gms.persistent         com.google.android.gms.persistent    I  AssetManager2(0xb40000706571ca38) locale list changing from [] to [en-US]
2025-10-09 23:01:46.339  3241-3369  gs.intelligence         com...android.settings.intelligence  I  AssetManager2(0xb400007065716638) locale list changing from [] to [en-US]
2025-10-09 23:01:46.365  3241-3369  System                  com...android.settings.intelligence  W  ClassLoader referenced unknown path: 
2025-10-09 23:01:46.365  3241-3369  nativeloader            com...android.settings.intelligence  D  Configuring clns-10 for other apk . target_sdk_version=36, uses_libraries=, library_path=/data/app/~~gBfKnh7SxOSt8oBf7ZLDKQ==/com.google.android.gms-bilqgNqPa0BqQmvV7nS3fQ==/lib/arm64:/data/app/~~gBfKnh7SxOSt8oBf7ZLDKQ==/com.google.android.gms-bilqgNqPa0BqQmvV7nS3fQ==/base.apk!/lib/arm64-v8a, permitted_path=/data:/mnt/expand:/data/user/0/com.google.android.gms
2025-10-09 23:01:46.379  2428-2438  ashmem                  com.android.traceur                  E  Pinning is deprecated since Android Q. Please use trim or other methods.
2025-10-09 23:01:46.389   638-853   Background...rolService system_server                        D  Package event received: 0
2025-10-09 23:01:46.421  3241-3369  gs.intelligence         com...android.settings.intelligence  I  AssetManager2(0xb400007065715ff8) locale list changing from [] to [en-US]
2025-10-09 23:01:46.428   638-1748  ContentProviderHelper   system_server                        W  Slow operation: 58ms so far, now at getContentProviderImpl: after updateOomAdj
2025-10-09 23:01:46.429   638-1748  ContentProviderHelper   system_server                        W  Slow operation: 59ms so far, now at getContentProviderImpl: done!
2025-10-09 23:01:46.447  3241-3369  gs.intelligence         com...android.settings.intelligence  I  AssetManager2(0xb400007065719518) locale list changing from [] to [en-US]
2025-10-09 23:01:46.448  3241-3621  RemoteCallableBase      com...android.settings.intelligence  W  Null cursor. Cannot add index data for Uri: content://com.google.android.apps.messaging.settings.search/settings/dynamic_indexables_raw
2025-10-09 23:01:46.449  2232-2250  Bugle                   com.google.android.apps.messaging    I  MessagesSearchIndexablesProvider: Querying NonIndexableKeys.
2025-10-09 23:01:46.476  3241-3369  gs.intelligence         com...android.settings.intelligence  I  AssetManager2(0xb400007065718bb8) locale list changing from [] to [en-US]
2025-10-09 23:01:46.486  2232-2316  WM-GreedyScheduler      com.google.android.apps.messaging    D  Cancelling work ID dced9cba-a14e-487e-96ba-7189e1288108
2025-10-09 23:01:46.499  2232-2316  WM-GreedyScheduler      com.google.android.apps.messaging    D  Ignoring {WorkSpec: 9ee25f89-c634-453b-ab8f-8b52427b039c}. Requires device idle.
2025-10-09 23:01:46.504  2232-2316  WM-GreedyScheduler      com.google.android.apps.messaging    D  Ignoring {WorkSpec: f7ebbbeb-a124-4bd8-bc41-7bc7c3d61a3f}. Requires device idle.
2025-10-09 23:01:46.504  2232-2316  WM-GreedyScheduler      com.google.android.apps.messaging    D  Ignoring {WorkSpec: 53b9077f-310d-413b-bd2a-7dc8cd24e43d}. Requires device idle.
2025-10-09 23:01:46.504  2232-2316  WM-GreedyScheduler      com.google.android.apps.messaging    D  Starting tracking for 586d1200-1c73-4b84-b0d6-4c482b00c8e0,23f94686-13a6-408a-bf9a-b6513be79a72,f137a96f-f291-4875-b6b1-e2a6a8a6c39c,b920c374-62b2-4d2b-a8ec-8ad4ef404cb6
2025-10-09 23:01:46.513  1510-2820  NearbyDiscovery         com.google.android.gms               I  (REDACTED) grantSlicePermissionForAllUris: success for package %s
2025-10-09 23:01:46.517   638-692   ActivityManager         system_server                        W  Slow operation: 244ms so far, now at startProcess: done updating battery stats
2025-10-09 23:01:46.517   638-692   ActivityManager         system_server                        W  Slow operation: 244ms so far, now at startProcess: building log message
2025-10-09 23:01:46.517   638-692   ActivityManager         system_server                        I  Start proc 3626:com.google.android.accessibility.switchaccess/u0a166 for content provider {com.google.android.accessibility.switchaccess/com.google.android.accessibility.switchaccess.systemsettings.search.SwitchAccessSearchIndexablesProvider}
2025-10-09 23:01:46.517   638-692   ActivityManager         system_server                        W  Slow operation: 244ms so far, now at startProcess: starting to update pids map
2025-10-09 23:01:46.517   638-692   ActivityManager         system_server                        I  ProcessObserver broadcast disabled
2025-10-09 23:01:46.517   638-692   ActivityManager         system_server                        W  Slow operation: 244ms so far, now at startProcess: done updating pids map
2025-10-09 23:01:46.539  3241-3623  RemoteCallableBase      com...android.settings.intelligence  W  Null cursor. Cannot add index data for Uri: content://com.google.android.apps.safetyhub.platformsettings.searchindexablesprovider/settings/dynamic_indexables_raw
2025-10-09 23:01:46.543  1229-1229  BoundBrokerSvc          com.google.android.gms.persistent    D  onBind: Intent { act=com.google.android.gms.nearby.presence.service.START xflg=0x4 cmp=com.google.android.gms/.chimera.PersistentApiServiceNoInstantApps }
2025-10-09 23:01:46.543  1229-1229  BoundBrokerSvc          com.google.android.gms.persistent    D  Loading bound service for intent: Intent { act=com.google.android.gms.nearby.presence.service.START xflg=0x4 cmp=com.google.android.gms/.chimera.PersistentApiServiceNoInstantApps }
2025-10-09 23:01:46.570  3241-3625  RemoteCallableBase      com...android.settings.intelligence  W  Null cursor. Cannot add index data for Uri: content://com.google.android.apps.wellbeing/settings/dynamic_indexables_raw
2025-10-09 23:01:46.582  3241-3627  RemoteCallableBase      com...android.settings.intelligence  W  Null cursor. Cannot add index data for Uri: content://com.android.cellbroadcastreceiver/settings/dynamic_indexables_raw
2025-10-09 23:01:46.590   638-853   Background...rolService system_server                        D  Package event received: 0
2025-10-09 23:01:46.591   638-809   InetDiagMessage         system_server                        D  Destroyed 0 sockets, proto=IPPROTO_TCP, family=AF_INET, states=14
2025-10-09 23:01:46.608   638-809   InetDiagMessage         system_server                        D  Destroyed 0 sockets, proto=IPPROTO_TCP, family=AF_INET6, states=14
2025-10-09 23:01:46.609   638-809   InetDiagMessage         system_server                        D  Destroyed live tcp sockets for uids={10168} in 40ms
2025-10-09 23:01:46.617  3241-3400  RemoteCallableBase      com...android.settings.intelligence  W  Null cursor. Cannot add index data for Uri: content://com.android.healthconnect.controller/settings/dynamic_indexables_raw
2025-10-09 23:01:46.625  3241-3394  RemoteCallableBase      com...android.settings.intelligence  W  Null cursor. Cannot add index data for Uri: content://com.google.android.googlequicksearchbox.settings.search/settings/dynamic_indexables_raw
2025-10-09 23:01:46.628   638-853   Background...rolService system_server                        D  Package event received: 0
2025-10-09 23:01:46.633  1229-1229  BoundBrokerSvc          com.google.android.gms.persistent    D  onUnbind: Intent { act=com.google.android.gms.common.telemetry.service.START dat=chimera-action:/... xflg=0x4 cmp=com.google.android.gms/.chimera.PersistentApiService }
2025-10-09 23:01:46.636  3252-3252  binder:3252_4           com.google.android.gms.unstable      W  type=1400 audit(0.0:129): avc:  denied  { read } for  name="u:object_r:system_adbd_prop:s0" dev="tmpfs" ino=325 scontext=u:r:gmscore_app:s0:c512,c768 tcontext=u:object_r:system_adbd_prop:s0 tclass=file permissive=0 app=com.google.android.gms
2025-10-09 23:01:46.639  1510-2082  43-ServiceEntitlementIn com.google.android.gms               I  (REDACTED) [%s] onCreate
2025-10-09 23:01:46.641  1510-2082  43-ServiceEntitlementIn com.google.android.gms               I  (REDACTED) [Ts.43-IntentOperation] Action : %s
2025-10-09 23:01:46.642  1229-2477  Nearby                  com.google.android.gms.persistent    I  (REDACTED) is blocked device type %s, isAuto=%s, isIot=%s, isLatchsky=%s, isChinaWearable=%s, isTv=%s, isWearable=%s (supportWearOs=%s), isChromeOsDevice=%s (supportChromeOs=%s)
2025-10-09 23:01:46.642  1510-2082  43-ServiceEntitlementIn com.google.android.gms               I  (REDACTED) [%s] Action : %s
2025-10-09 23:01:46.642  1510-2082  43-ServiceEntitlementIn com.google.android.gms               I  (REDACTED) [%s] onDestroy
2025-10-09 23:01:46.644  1510-1827  gle.android.gms         com.google.android.gms               I  AssetManager2(0xb400007065718258) locale list changing from [] to [en-US]
2025-10-09 23:01:46.647  1229-1229  BoundBrokerSvc          com.google.android.gms.persistent    D  onRebind: Intent { act=com.google.android.gms.nearby.presence.service.START dat=chimera-action:/... xflg=0x4 cmp=com.google.android.gms/.chimera.PersistentApiServiceNoInstantApps }
2025-10-09 23:01:46.647   638-691   Grammatica...ctionUtils system_server                        V  AttributionSource: android.content.AttributionSource@f6510734 does not have READ_SYSTEM_GRAMMATICAL_GENDER permission.
2025-10-09 23:01:46.648  3252-3467  libc                    com.google.android.gms.unstable      W  Access denied finding property "persist.adb.tls_server.enable"
2025-10-09 23:01:46.679  3574-3574  ashmem                  com.google.android.packageinstaller  E  Pinning is deprecated since Android Q. Please use trim or other methods.
2025-10-09 23:01:46.681  3241-3397  RemoteCallableBase      com...android.settings.intelligence  W  Null cursor. Cannot add index data for Uri: content://com.google.android.apps.search.assistant.surfaces.settings.search/settings/dynamic_indexables_raw
2025-10-09 23:01:46.682  1510-2820  NearbyDiscovery         com.google.android.gms               I  (REDACTED) grantSlicePermissionForAllUris: success for package %s
2025-10-09 23:01:46.685  1510-2820  NearbyDiscovery         com.google.android.gms               I  (REDACTED) grantSlicePermissionForAllUris: success for package %s
2025-10-09 23:01:46.693  1510-2820  NearbyDiscovery         com.google.android.gms               I  (REDACTED) grantSlicePermissionForAllUris: success for package %s
2025-10-09 23:01:46.701   407-407   Zygote                  zygote64                             D  Forked child process 3642
2025-10-09 23:01:46.713   638-692   ActivityManager         system_server                        W  Slow operation: 128ms so far, now at startProcess: returned from zygote!
2025-10-09 23:01:46.714  3626-3626  ty.switchaccess         zygote64                             I  Using CollectorTypeCMC GC.
2025-10-09 23:01:46.719  3642-3642  .android.gms.ui         zygote64                             I  Using CollectorTypeCMC GC.
2025-10-09 23:01:46.722   638-934   JobScheduler.JobStatus  system_server                        E  App com.google.android.apps.photos became active but still in NEVER bucket
2025-10-09 23:01:46.723  2934-2945  Safetyhub....esProvider com.google.android.apps.safetyhub    W  Error getting setting item searchables
                                                                                                    java.util.concurrent.ExecutionException: java.lang.IllegalStateException: No account, cannot provide search indexables
                                                                                                    	at rdm.h(PG:21)
                                                                                                    	at rdu.s(PG:23)
                                                                                                    	at rdm.get(PG:1)
                                                                                                    	at kyd.a(PG:165)
                                                                                                    	at com.google.android.apps.safetyhub.platformsettings.search.EmergencySearchIndexablesProvider.a(PG:51)
                                                                                                    	at com.google.android.apps.safetyhub.platformsettings.search.EmergencySearchIndexablesProvider.queryNonIndexableKeys(PG:62)
                                                                                                    	at android.provider.SearchIndexablesProvider.query(SearchIndexablesProvider.java:127)
                                                                                                    	at android.content.ContentProvider.query(ContentProvider.java:1625)
                                                                                                    	at android.content.ContentProvider.query(ContentProvider.java:1721)
                                                                                                    	at android.content.ContentProvider$Transport.query(ContentProvider.java:296)
                                                                                                    	at android.content.ContentProviderNative.onTransact(ContentProviderNative.java:107)
                                                                                                    	at android.os.Binder.execTransactInternal(Binder.java:1421)
                                                                                                    	at android.os.Binder.execTransact(Binder.java:1365)
                                                                                                    Caused by: java.lang.IllegalStateException: No account, cannot provide search indexables
                                                                                                    	at jad.a(PG:527)
                                                                                                    	at rej.a(PG:57)
                                                                                                    	at rdw.d(PG:3)
                                                                                                    	at rdy.run(PG:38)
                                                                                                    	at a.h(PG:1)
                                                                                                    	at rex.execute(PG:1)
                                                                                                    	at rdm.f(PG:1)
                                                                                                    	at rdm.c(PG:42)
                                                                                                    	at uox.c(PG:3)
                                                                                                    	at rdy.g(PG:10)
                                                                                                    	at qgj.aj(PG:5)
                                                                                                    	at com.google.android.apps.safetyhub.platformsettings.search.EmergencySearchIndexablesProvider.a(PG:47)
                                                                                                    	... 8 more
2025-10-09 23:01:46.724  3626-3626  ty.switchaccess         zygote64                             E  Not starting debugger since process cannot load the jdwp agent.
2025-10-09 23:01:46.725  3642-3642  .android.gms.ui         zygote64                             E  Not starting debugger since process cannot load the jdwp agent.
2025-10-09 23:01:46.728   638-638   Looper                  system_server                        W  Slow dispatch took 276ms main app=system_server main=true group=FOREGROUND h=android.app.ActivityThread$H c=android.app.LoadedApk$ReceiverDispatcher$Args$$ExternalSyntheticLambda0@1b3ed5c m=0
2025-10-09 23:01:46.736   638-638   Looper                  system_server                        W  Slow delivery took 501ms main app=system_server main=true group=FOREGROUND h=com.android.server.power.Notifier$NotifierHandler c=null m=7
2025-10-09 23:01:46.740  1510-2820  NearbyDiscovery         com.google.android.gms               I  (REDACTED) grantSlicePermissionForAllUris: success for package %s
2025-10-09 23:01:46.746  3642-3642  nativeloader            com.google.android.gms.ui            D  Load libframework-connectivity-tiramisu-jni.so using APEX ns com_android_tethering for caller /apex/com.android.tethering/javalib/framework-connectivity-t.jar: ok
2025-10-09 23:01:46.748   638-692   ActivityManager         system_server                        W  Slow operation: 163ms so far, now at startProcess: done updating battery stats
2025-10-09 23:01:46.748   638-692   ActivityManager         system_server                        W  Slow operation: 163ms so far, now at startProcess: building log message
2025-10-09 23:01:46.748   638-692   ActivityManager         system_server                        I  Start proc 3642:com.google.android.gms.ui/u0a148 for content provider {com.google.android.gms/com.google.android.gms.app.search.GmsSearchIndexablesProvider}
2025-10-09 23:01:46.748   638-692   ActivityManager         system_server                        W  Slow operation: 163ms so far, now at startProcess: starting to update pids map
2025-10-09 23:01:46.759   638-692   ActivityManager         system_server                        I  ProcessObserver broadcast disabled
2025-10-09 23:01:46.759   638-692   ActivityManager         system_server                        W  Slow operation: 174ms so far, now at startProcess: done updating pids map
2025-10-09 23:01:46.760   638-692   ActivityManager         system_server                        W  Slow operation: 113ms so far, now at startProcess: asking zygote to start proc
2025-10-09 23:01:46.766  1510-2820  NearbyDiscovery         com.google.android.gms               I  (REDACTED) grantSlicePermissionForAllUris: success for package %s
2025-10-09 23:01:46.777   407-407   Zygote                  zygote64                             D  Forked child process 3669
2025-10-09 23:01:46.781  3669-3669  .android.chrome         zygote64                             I  Using CollectorTypeCMC GC.
2025-10-09 23:01:46.783  3669-3669  .android.chrome         zygote64                             E  Not starting debugger since process cannot load the jdwp agent.
2025-10-09 23:01:46.784   638-692   ActivityManager         system_server                        W  Slow operation: 137ms so far, now at startProcess: returned from zygote!
2025-10-09 23:01:46.785  1510-2820  NearbyDiscovery         com.google.android.gms               I  (REDACTED) grantSlicePermissionForAllUris: success for package %s
2025-10-09 23:01:46.787  3241-3622  RemoteCallableBase      com...android.settings.intelligence  W  Null cursor. Cannot add index data for Uri: content://com.google.android.apps.nexuslauncher/settings/dynamic_indexables_raw
2025-10-09 23:01:46.790   638-692   ActivityManager         system_server                        W  Slow operation: 143ms so far, now at startProcess: done updating battery stats
2025-10-09 23:01:46.791   638-692   ActivityManager         system_server                        W  Slow operation: 143ms so far, now at startProcess: building log message
2025-10-09 23:01:46.791   638-692   ActivityManager         system_server                        I  Start proc 3669:com.android.chrome/u0a150 for broadcast {com.android.chrome/com.google.android.apps.chrome.rlz.RevenueStatsConfigurationUpdateReceiver}
2025-10-09 23:01:46.794   638-692   ActivityManager         system_server                        W  Slow operation: 147ms so far, now at startProcess: starting to update pids map
2025-10-09 23:01:46.794   638-692   ActivityManager         system_server                        I  ProcessObserver broadcast disabled
2025-10-09 23:01:46.794   638-692   ActivityManager         system_server                        W  Slow operation: 147ms so far, now at startProcess: done updating pids map
2025-10-09 23:01:46.796  2232-2300  BugleDataModel          com.google.android.apps.messaging    I  SubscriptionsTracker#refreshSelfParticipantList([1])
2025-10-09 23:01:46.798  3669-3669  nativeloader            com.android.chrome                   D  Load libframework-connectivity-tiramisu-jni.so using APEX ns com_android_tethering for caller /apex/com.android.tethering/javalib/framework-connectivity-t.jar: ok
2025-10-09 23:01:46.801  3241-3396  RemoteCallableBase      com...android.settings.intelligence  W  Null cursor. Cannot add index data for Uri: content://com.google.android.apps.gsa.opa.AssistantSettingsProvider/settings/dynamic_indexables_raw
2025-10-09 23:01:46.805  1229-1563  MagicTether             com.google.android.gms.persistent    I  (REDACTED) [NotificationPresenter] cancelNotification: %d
2025-10-09 23:01:46.812  3626-3626  nativeloader            com...id.accessibility.switchaccess  D  Load libframework-connectivity-tiramisu-jni.so using APEX ns com_android_tethering for caller /apex/com.android.tethering/javalib/framework-connectivity-t.jar: ok
2025-10-09 23:01:46.821  1355-1390  CellBroadcastSettings   com...android.cellbroadcastreceiver  D  isShowFullScreenMessageVisible : false
2025-10-09 23:01:46.822  1229-2114  MagicTether             com.google.android.gms.persistent    I  [ClientOrchestrator] No previously connected network. [CONTEXT service_id=276 ]
2025-10-09 23:01:46.825  1510-2820  NearbyDiscovery         com.google.android.gms               I  (REDACTED) grantSlicePermissionForAllUris: success for package %s
2025-10-09 23:01:46.826  1510-2820  NearbyDiscovery         com.google.android.gms               I  (REDACTED) grantSlicePermissionForAllUris: success for package %s
2025-10-09 23:01:46.829  1510-2261  43-MatcherDataGenerator com.google.android.gms               I  (REDACTED) Matcher data to be registered: %s
2025-10-09 23:01:46.830  1510-2261  43-CredManRegistrationM com.google.android.gms               I  (REDACTED) [%s] Data length [%d] to register
2025-10-09 23:01:46.834  1510-2261  43-CredManRegistrationM com.google.android.gms               I  (REDACTED) [%s] register #1
2025-10-09 23:01:46.834  1510-2261  43-CredManRegistrationM com.google.android.gms               I  (REDACTED) [%s] register credential
2025-10-09 23:01:46.834  1510-2261  43-CredManRegistrationM com.google.android.gms               I  (REDACTED) [%s] register #2
2025-10-09 23:01:46.834  1510-2261  43-CredManRegistrationM com.google.android.gms               I  (REDACTED) [%s] register credential
2025-10-09 23:01:46.834  1510-2261  43-CredManRegistrationM com.google.android.gms               I  (REDACTED) [%s] start to register
2025-10-09 23:01:46.839   638-1960  JobScheduler.JobStatus  system_server                        E  App com.google.android.apps.photos became active but still in NEVER bucket
2025-10-09 23:01:46.846  1510-3554  gle.android.gms         com.google.android.gms               I  AssetManager2(0xb40000706571efb8) locale list changing from [] to [en-US]
2025-10-09 23:01:46.864   638-934   JobScheduler.JobStatus  system_server                        E  App com.google.android.apps.photos became active but still in NEVER bucket
2025-10-09 23:01:46.868  1229-2361  Nearby                  com.google.android.gms.persistent    I  (REDACTED) is blocked device type %s, isAuto=%s, isIot=%s, isLatchsky=%s, isChinaWearable=%s, isTv=%s, isWearable=%s (supportWearOs=%s), isChromeOsDevice=%s (supportChromeOs=%s)
2025-10-09 23:01:46.869   638-638   Looper                  system_server                        W  Drained
2025-10-09 23:01:46.886   638-1330  JobScheduler.JobStatus  system_server                        E  App com.google.android.apps.photos became active but still in NEVER bucket
2025-10-09 23:01:46.895   638-1960  FileUtils               system_server                        D  Rounded bytes from 2070859776 to 4000000000
2025-10-09 23:01:46.935  1229-2361  NearbyDiscovery         com.google.android.gms.persistent    I  (REDACTED) DiscoveryController, showNotification, itemSize=%s
2025-10-09 23:01:46.935  1229-2361  NearbyDiscovery         com.google.android.gms.persistent    I  (REDACTED) Show notifications: %d total, no changes since last shown, no-op.
2025-10-09 23:01:46.939  1229-2102  LSRAlertsHandler        com.google.android.gms.persistent    I  Geofence optimization for location alerts disabled [CONTEXT service_id=277 ]
2025-10-09 23:01:46.940  1229-2449  LSR                     com.google.android.gms.persistent    I  Cancelling periodic location reporting maintenance task [CONTEXT service_id=277 ]
2025-10-09 23:01:46.947  1510-2820  NearbyDiscovery         com.google.android.gms               I  (REDACTED) grantSlicePermissionForAllUris: success for package %s
2025-10-09 23:01:46.948  1510-2261  43-MatcherDataGenerator com.google.android.gms               I  (REDACTED) Configuration version : %s
2025-10-09 23:01:46.949  1510-2082  43-ServiceEntitlementIn com.google.android.gms               I  (REDACTED) [%s] onCreate
2025-10-09 23:01:46.950  1510-1893  NearbySharing           com.google.android.gms               I  onBindSlice failed since shareTargets is empty
2025-10-09 23:01:46.951  1510-3598  43-ServiceEntitlementIn com.google.android.gms               I  (REDACTED) [Ts.43-IntentOperation] Action : %s
2025-10-09 23:01:46.958  1510-3598  43-ServiceEntitlementIn com.google.android.gms               I  (REDACTED) [%s] Action : %s
2025-10-09 23:01:46.958  1510-3598  43-ServiceEntitlementIn com.google.android.gms               I  (REDACTED) [%s] onDestroy
2025-10-09 23:01:46.961  1510-2820  NearbyDiscovery         com.google.android.gms               I  (REDACTED) grantSlicePermissionForAllUris: success for package %s
2025-10-09 23:01:46.992  1510-2820  NearbyDiscovery         com.google.android.gms               I  (REDACTED) grantSlicePermissionForAllUris: success for package %s
2025-10-09 23:01:47.005  1510-2261  43-MatcherDataGenerator com.google.android.gms               I  (REDACTED) Matcher data to be registered: %s
2025-10-09 23:01:47.020  1510-2820  NearbyDiscovery         com.google.android.gms               I  (REDACTED) grantSlicePermissionForAllUris: success for package %s
2025-10-09 23:01:47.021  1510-2261  43-CredManRegistrationM com.google.android.gms               I  (REDACTED) [%s] Data length [%d] to register
2025-10-09 23:01:47.021  1510-2261  43-CredManRegistrationM com.google.android.gms               I  (REDACTED) [%s] register #1
2025-10-09 23:01:47.021  1510-2261  43-CredManRegistrationM com.google.android.gms               I  (REDACTED) [%s] register credential
2025-10-09 23:01:47.021  1510-2261  43-CredManRegistrationM com.google.android.gms               I  (REDACTED) [%s] register #2
2025-10-09 23:01:47.021  1510-2261  43-CredManRegistrationM com.google.android.gms               I  (REDACTED) [%s] register credential
2025-10-09 23:01:47.021  1510-2261  43-CredManRegistrationM com.google.android.gms               I  (REDACTED) [%s] start to register
2025-10-09 23:01:47.033  1510-3598  43-ServiceEntitlementIn com.google.android.gms               I  (REDACTED) [%s] onCreate
2025-10-09 23:01:47.034  1510-3598  43-ServiceEntitlementIn com.google.android.gms               I  (REDACTED) [Ts.43-IntentOperation] Action : %s
2025-10-09 23:01:47.034  1510-3598  43-ServiceEntitlementIn com.google.android.gms               I  (REDACTED) [%s] Action : %s
2025-10-09 23:01:47.034  1510-3598  43-ServiceEntitlementIn com.google.android.gms               I  (REDACTED) [%s] onDestroy
2025-10-09 23:01:47.041  1510-2820  NearbyDiscovery         com.google.android.gms               I  (REDACTED) grantSlicePermissionForAllUris: success for package %s
2025-10-09 23:01:47.043  1510-2820  libc                    com.google.android.gms               W  Access denied finding property "ro.hardware.chipname"
2025-10-09 23:01:47.043  1510-2820  ChipsetHelper           com.google.android.gms               W  Unknown chipset! [CONTEXT service_id=301 ]
2025-10-09 23:01:47.043  1510-2820  NnApiDriverManager      com.google.android.gms               I  (REDACTED) Registering application with chipset '%s'
2025-10-09 23:01:47.046  1510-2261  43-MatcherDataGenerator com.google.android.gms               I  (REDACTED) Configuration version : %s
2025-10-09 23:01:47.051  3626-3626  ApplicationLoaders      com...id.accessibility.switchaccess  D  Returning zygote-cached class loader: /system_ext/framework/androidx.window.extensions.jar
2025-10-09 23:01:47.052  3626-3626  ApplicationLoaders      com...id.accessibility.switchaccess  D  Returning zygote-cached class loader: /system_ext/framework/androidx.window.sidecar.jar
2025-10-09 23:01:47.057  1510-1893  NearbySharing           com.google.android.gms               I  Granted slice and uri permissions to android
2025-10-09 23:01:47.061  3642-3642  ApplicationLoaders      com.google.android.gms.ui            D  Returning zygote-cached class loader: /system/framework/org.apache.http.legacy.jar
2025-10-09 23:01:47.062  1229-1563  MagicTether             com.google.android.gms.persistent    I  (REDACTED) [NotificationPresenter] cancelNotification: %d
2025-10-09 23:01:47.063  1510-2261  43-MatcherDataGenerator com.google.android.gms               I  (REDACTED) Matcher data to be registered: %s
2025-10-09 23:01:47.064   638-728   BroadcastQueue          system_server                        I  BOOT_COMPLETED_BROADCAST_COMPLETION_LATENCY_REPORTED action:android.intent.action.BOOT_COMPLETED dispatchLatency:112 completeLatency:31481 dispatchRealLatency:112 completeRealLatency:31481 receiversSize:118 userId:0 userType:android.os.usertype.full.SYSTEM
2025-10-09 23:01:47.065  3642-3642  ApplicationLoaders      com.google.android.gms.ui            D  Returning zygote-cached class loader: /system/framework/com.android.media.remotedisplay.jar
2025-10-09 23:01:47.066  3642-3642  ApplicationLoaders      com.google.android.gms.ui            D  Returning zygote-cached class loader: /system/framework/com.android.location.provider.jar
2025-10-09 23:01:47.067  3642-3642  ApplicationLoaders      com.google.android.gms.ui            D  Returning zygote-cached class loader: /system_ext/framework/androidx.window.extensions.jar
2025-10-09 23:01:47.067  3642-3642  ApplicationLoaders      com.google.android.gms.ui            D  Returning zygote-cached class loader: /system_ext/framework/androidx.window.sidecar.jar
2025-10-09 23:01:47.069   638-638   Looper                  system_server                        W  Slow dispatch took 144ms main app=system_server main=true group=FOREGROUND h=android.app.ActivityThread$H c=android.app.LoadedApk$ReceiverDispatcher$Args$$ExternalSyntheticLambda0@7f7029d m=0
2025-10-09 23:01:47.071  3669-3669  .android.chrome         com.android.chrome                   W  Failed to find entry 'classes.dex': Entry not found
2025-10-09 23:01:47.072   638-682   ActivityManager         system_server                        I  Finished processing BOOT_COMPLETED for u0
2025-10-09 23:01:47.073  1510-2261  43-CredManRegistrationM com.google.android.gms               I  (REDACTED) [%s] Data length [%d] to register
2025-10-09 23:01:47.074  1510-2261  43-CredManRegistrationM com.google.android.gms               I  (REDACTED) [%s] register #1
2025-10-09 23:01:47.074  1510-2261  43-CredManRegistrationM com.google.android.gms               I  (REDACTED) [%s] register credential
2025-10-09 23:01:47.074  1510-2261  43-CredManRegistrationM com.google.android.gms               I  (REDACTED) [%s] register #2
2025-10-09 23:01:47.074  1510-2261  43-CredManRegistrationM com.google.android.gms               I  (REDACTED) [%s] register credential
2025-10-09 23:01:47.074  1510-2261  43-CredManRegistrationM com.google.android.gms               I  (REDACTED) [%s] start to register
2025-10-09 23:01:47.077  1510-1893  NearbySharing           com.google.android.gms               I  Granted slice and uri permissions to com.google.android.apps.nbu.files
2025-10-09 23:01:47.078   638-809   InetDiagMessage         system_server                        D  Destroyed 0 sockets, proto=IPPROTO_TCP, family=AF_INET, states=14
2025-10-09 23:01:47.079  3669-3669  nativeloader            com.android.chrome                   D  Configuring clns-9 for other apk /data/app/~~XdvlzfymHL4691EOk6n2mg==/com.google.android.trichromelibrary_733920733-BLjUExRm7gM0ufWduZwv6w==/base.apk. target_sdk_version=36, uses_libraries=ALL, library_path=/data/app/~~piRcYNL7oH6GT6FzUwyy3w==/com.android.chrome-wl214Z6--OHHM6QsYDZhag==/lib/arm64:/data/app/~~piRcYNL7oH6GT6FzUwyy3w==/com.android.chrome-wl214Z6--OHHM6QsYDZhag==/base.apk!/lib/arm64-v8a:/data/app/~~XdvlzfymHL4691EOk6n2mg==/com.google.android.trichromelibrary_733920733-BLjUExRm7gM0ufWduZwv6w==/base.apk!/lib/arm64-v8a, permitted_path=/data:/mnt/expand:/data/user/0/com.android.chrome
2025-10-09 23:01:47.081  1510-2082  43-ServiceEntitlementIn com.google.android.gms               I  (REDACTED) [%s] onCreate
2025-10-09 23:01:47.087   638-809   InetDiagMessage         system_server                        D  Destroyed 0 sockets, proto=IPPROTO_TCP, family=AF_INET6, states=14
2025-10-09 23:01:47.090  1229-1563  MagicTether             com.google.android.gms.persistent    I  [LaunchUtils] No accounts found for enabling Instant Wifi. [CONTEXT service_id=276 ]
2025-10-09 23:01:47.090  1510-3598  43-ServiceEntitlementIn com.google.android.gms               I  (REDACTED) [Ts.43-IntentOperation] Action : %s
2025-10-09 23:01:47.091   638-809   InetDiagMessage         system_server                        D  Destroyed live tcp sockets for uids={10142} in 22ms
2025-10-09 23:01:47.093   638-809   InetDiagMessage         system_server                        D  Destroyed 0 sockets, proto=IPPROTO_TCP, family=AF_INET, states=14
2025-10-09 23:01:47.093  1510-3598  43-ServiceEntitlementIn com.google.android.gms               I  (REDACTED) [%s] Action : %s
2025-10-09 23:01:47.093  1510-3598  43-ServiceEntitlementIn com.google.android.gms               I  (REDACTED) [%s] onDestroy
2025-10-09 23:01:47.097  1510-1893  NearbySharing           com.google.android.gms               I  com.google.android.gms.nearby.sharing.receive.SamsungQrCodeActivity enable=false
2025-10-09 23:01:47.097  1510-2261  43-MatcherDataGenerator com.google.android.gms               I  (REDACTED) Configuration version : %s
2025-10-09 23:01:47.100   638-809   InetDiagMessage         system_server                        D  Destroyed 0 sockets, proto=IPPROTO_TCP, family=AF_INET6, states=14
2025-10-09 23:01:47.104   638-809   InetDiagMessage         system_server                        D  Destroyed live tcp sockets for uids={20142} in 11ms
2025-10-09 23:01:47.106  3669-3669  ApplicationLoaders      com.android.chrome                   D  Returning zygote-cached class loader: /system_ext/framework/androidx.window.extensions.jar
2025-10-09 23:01:47.108  1510-3554  FA-SVC                  com.google.android.gms               I  App measurement initialized, version: 253434
2025-10-09 23:01:47.109  3669-3669  ApplicationLoaders      com.android.chrome                   D  Returning zygote-cached class loader: /system_ext/framework/androidx.window.sidecar.jar
2025-10-09 23:01:47.114  3241-3369  gs.intelligence         com...android.settings.intelligence  I  AssetManager2(0xb400007065716958) locale list changing from [] to [en-US]
2025-10-09 23:01:47.122  3241-3369  gs.intelligence         com...android.settings.intelligence  I  AssetManager2(0xb40000706571ae18) locale list changing from [] to [en-US]
2025-10-09 23:01:47.139  3241-3369  gs.intelligence         com...android.settings.intelligence  I  AssetManager2(0xb40000706571a198) locale list changing from [] to [en-US]
2025-10-09 23:01:47.141   638-1960  TextClassi...gerService system_server                        D  Binding to ComponentInfo{com.google.android.ext.services/com.android.textclassifier.DefaultTextClassifierService}
2025-10-09 23:01:47.147  3241-3400  RemoteCallableBase      com...android.settings.intelligence  W  Null cursor. Cannot add index data for Uri: content://com.google.android.settings.intelligence.modules.battery.impl.chargingoptimization.searchprovider/settings/dynamic_indexables_raw
2025-10-09 23:01:47.148  3241-3394  RemoteCallableBase      com...android.settings.intelligence  W  Null cursor. Cannot add index data for Uri: content://com.google.android.settings.intelligence.routines.impl/settings/dynamic_indexables_raw
2025-10-09 23:01:47.149  3241-3400  RemoteCallableBase      com...android.settings.intelligence  W  Null cursor. Cannot add index data for Uri: content://com.google.android.settings.intelligence.provider.search/settings/dynamic_indexables_raw
2025-10-09 23:01:47.154  1510-2261  43-MatcherDataGenerator com.google.android.gms               I  (REDACTED) Matcher data to be registered: %s
2025-10-09 23:01:47.154  1510-2261  43-CredManRegistrationM com.google.android.gms               I  (REDACTED) [%s] Data length [%d] to register
2025-10-09 23:01:47.155  1510-2261  43-CredManRegistrationM com.google.android.gms               I  (REDACTED) [%s] register #1
2025-10-09 23:01:47.155  1510-2261  43-CredManRegistrationM com.google.android.gms               I  (REDACTED) [%s] register credential
2025-10-09 23:01:47.155  1510-2261  43-CredManRegistrationM com.google.android.gms               I  (REDACTED) [%s] register #2
2025-10-09 23:01:47.155  1510-2261  43-CredManRegistrationM com.google.android.gms               I  (REDACTED) [%s] register credential
2025-10-09 23:01:47.155  1510-2261  43-CredManRegistrationM com.google.android.gms               I  (REDACTED) [%s] start to register
2025-10-09 23:01:47.169   638-1938  Grammatica...ctionUtils system_server                        V  AttributionSource: android.content.AttributionSource@1d907d7d does not have READ_SYSTEM_GRAMMATICAL_GENDER permission.
2025-10-09 23:01:47.171  1510-3598  43-ServiceEntitlementIn com.google.android.gms               I  (REDACTED) [%s] onCreate
2025-10-09 23:01:47.178  3626-3626  ty.switchaccess         com...id.accessibility.switchaccess  W  Failed to find entry 'classes.dex': Entry not found
2025-10-09 23:01:47.179  1510-1892  43-ServiceEntitlementIn com.google.android.gms               I  (REDACTED) [Ts.43-IntentOperation] Action : %s
2025-10-09 23:01:47.179  1510-1892  43-ServiceEntitlementIn com.google.android.gms               I  (REDACTED) [%s] Action : %s
2025-10-09 23:01:47.179  1510-1892  43-ServiceEntitlementIn com.google.android.gms               I  (REDACTED) [%s] onDestroy
2025-10-09 23:01:47.191   638-853   Background...rolService system_server                        D  Package event received: 0
2025-10-09 23:01:47.193   407-407   Zygote                  zygote64                             D  Forked child process 3709
2025-10-09 23:01:47.205  3241-3398  RemoteCallableBase      com...android.settings.intelligence  W  Null cursor. Cannot add index data for Uri: content://com.google.android.inputmethod.latin/settings/dynamic_indexables_raw
2025-10-09 23:01:47.213  3709-3709  marvin.talkback         zygote64                             I  Using CollectorTypeCMC GC.
2025-10-09 23:01:47.219  3709-3709  marvin.talkback         zygote64                             E  Not starting debugger since process cannot load the jdwp agent.
2025-10-09 23:01:47.225  1510-2820  NnApiDriverManager      com.google.android.gms               I  (REDACTED) Registering application with GPU '%s' by '%s'
2025-10-09 23:01:47.235  3626-3626  nativeloader            com...id.accessibility.switchaccess  D  Configuring clns-9 for other apk /data/app/~~WEb1g_uftp4-pRhb3XjbOQ==/com.google.android.accessibility.switchaccess-SVa-34auOzo9Ob8DofHXEg==/base.apk:/data/app/~~WEb1g_uftp4-pRhb3XjbOQ==/com.google.android.accessibility.switchaccess-SVa-34auOzo9Ob8DofHXEg==/split_config.arm64_v8a.apk. target_sdk_version=36, uses_libraries=, library_path=/data/app/~~WEb1g_uftp4-pRhb3XjbOQ==/com.google.android.accessibility.switchaccess-SVa-34auOzo9Ob8DofHXEg==/lib/arm64:/data/app/~~WEb1g_uftp4-pRhb3XjbOQ==/com.google.android.accessibility.switchaccess-SVa-34auOzo9Ob8DofHXEg==/base.apk!/lib/arm64-v8a:/data/app/~~WEb1g_uftp4-pRhb3XjbOQ==/com.google.android.accessibility.switchaccess-SVa-34auOzo9Ob8DofHXEg==/split_config.arm64_v8a.apk!/lib/arm64-v8a, permitted_path=/data:/mnt/expand:/data/user/0/com.google.android.accessibility.switchaccess
2025-10-09 23:01:47.239  1494-3516  SettingsSe...esProvider com...gle.android.inputmethod.latin  W  SettingsSearchIndexablesProvider.queryNonIndexableKeys():183 Settings search is disabled, unlocked=true, flag=false
2025-10-09 23:01:47.252  3714-3714  dumpsys                 dumpsys                              W  Thread Pool max thread count is 0. Cannot cache binder as linkToDeath cannot be implemented. serviceName: window
2025-10-09 23:01:47.256  1494-3516  ExportedFlags           com...gle.android.inputmethod.latin  E  android.os.flagging.AconfigStorageReadException: ERROR_PACKAGE_NOT_FOUND: package com.android.settingslib.widget.theme.flags cannot be found on the device
2025-10-09 23:01:47.261  1229-1563  MagicTether             com.google.android.gms.persistent    I  [LaunchUtils] No accounts found for enabling Instant Wifi. [CONTEXT service_id=276 ]
2025-10-09 23:01:47.268   638-853   Background...rolService system_server                        D  Package event received: 0
2025-10-09 23:01:47.275  3241-3621  RemoteCallableBase      com...android.settings.intelligence  W  Null cursor. Cannot add index data for Uri: content://com.android.permissioncontroller.role/settings/dynamic_indexables_raw
2025-10-09 23:01:47.309   638-692   ActivityManager         system_server                        W  Slow operation: 140ms so far, now at startProcess: done updating battery stats
2025-10-09 23:01:47.309   638-692   ActivityManager         system_server                        W  Slow operation: 140ms so far, now at startProcess: building log message
2025-10-09 23:01:47.309   638-692   ActivityManager         system_server                        I  Start proc 3709:com.google.android.marvin.talkback/u0a173 for content provider {com.google.android.marvin.talkback/com.google.android.accessibility.talkback.preference.search.TalkBackSearchIndexablesProvider}
2025-10-09 23:01:47.309   638-692   ActivityManager         system_server                        W  Slow operation: 140ms so far, now at startProcess: starting to update pids map
2025-10-09 23:01:47.312   638-692   ActivityManager         system_server                        I  ProcessObserver broadcast disabled
2025-10-09 23:01:47.312   638-692   ActivityManager         system_server                        W  Slow operation: 143ms so far, now at startProcess: done updating pids map
2025-10-09 23:01:47.319  1229-1229  NearbySharing           com.google.android.gms.persistent    I  ReceiveSurfaceService started
2025-10-09 23:01:47.324  3709-3709  nativeloader            com.google.android.marvin.talkback   D  Load libframework-connectivity-tiramisu-jni.so using APEX ns com_android_tethering for caller /apex/com.android.tethering/javalib/framework-connectivity-t.jar: ok
2025-10-09 23:01:47.325  3241-3619  RemoteCallableBase      com...android.settings.intelligence  W  Null cursor. Cannot add index data for Uri: content://com.android.permissioncontroller/settings/dynamic_indexables_raw
2025-10-09 23:01:47.329  3241-3623  RemoteCallableBase      com...android.settings.intelligence  W  Null cursor. Cannot add index data for Uri: content://com.android.permissioncontroller.safetycenter/settings/dynamic_indexables_raw
2025-10-09 23:01:47.335  1510-2261  43-MatcherDataGenerator com.google.android.gms               I  (REDACTED) Configuration version : %s
2025-10-09 23:01:47.423  3736-3736  dumpsys                 dumpsys                              W  Thread Pool max thread count is 0. Cannot cache binder as linkToDeath cannot be implemented. serviceName: user
2025-10-09 23:01:47.437  1229-1229  NearbySharing           com.google.android.gms.persistent    I  SendSurfaceService started
2025-10-09 23:01:47.460  3669-3669  nativeloader            com.android.chrome                   D  Configuring clns-10 for other apk /data/app/~~piRcYNL7oH6GT6FzUwyy3w==/com.android.chrome-wl214Z6--OHHM6QsYDZhag==/base.apk. target_sdk_version=36, uses_libraries=, library_path=/data/app/~~piRcYNL7oH6GT6FzUwyy3w==/com.android.chrome-wl214Z6--OHHM6QsYDZhag==/lib/arm64:/data/app/~~piRcYNL7oH6GT6FzUwyy3w==/com.android.chrome-wl214Z6--OHHM6QsYDZhag==/base.apk!/lib/arm64-v8a:/data/app/~~XdvlzfymHL4691EOk6n2mg==/com.google.android.trichromelibrary_733920733-BLjUExRm7gM0ufWduZwv6w==/base.apk!/lib/arm64-v8a, permitted_path=/data:/mnt/expand:/data/user/0/com.android.chrome
2025-10-09 23:01:47.519  3626-3626  ty.switchaccess         com...id.accessibility.switchaccess  I  AssetManager2(0xb400007065715058) locale list changing from [] to [en-US]
2025-10-09 23:01:47.535   638-1834  libc                    system_server                        W  Access denied finding property "persist.debug.user_mode_emulation"
2025-10-09 23:01:47.532   638-638   binder:638_14           system_server                        W  type=1400 audit(0.0:130): avc:  denied  { read } for  name="u:object_r:system_user_mode_emulation_prop:s0" dev="tmpfs" ino=333 scontext=u:r:system_server:s0 tcontext=u:object_r:system_user_mode_emulation_prop:s0 tclass=file permissive=0
