--------- beginning of main
2025-11-02 12:41:50.875  1027-1325  InetDiagMessage         system_server                        D  Destroyed 0 sockets, proto=IPPROTO_TCP, family=AF_INET, states=14
2025-11-02 12:41:50.880  1027-1325  InetDiagMessage         system_server                        D  Destroyed 0 sockets, proto=IPPROTO_TCP, family=AF_INET6, states=14
2025-11-02 12:41:50.881  1027-1325  InetDiagMessage         system_server                        D  Destroyed live tcp sockets for uids={10246} in 10ms
2025-11-02 12:41:50.884  1027-1325  InetDiagMessage         system_server                        D  Destroyed 0 sockets, proto=IPPROTO_TCP, family=AF_INET, states=14
2025-11-02 12:41:50.887  1027-1325  InetDiagMessage         system_server                        D  Destroyed 0 sockets, proto=IPPROTO_TCP, family=AF_INET6, states=14
2025-11-02 12:41:50.887  1027-1325  InetDiagMessage         system_server                        D  Destroyed live tcp sockets for uids={20246} in 6ms
2025-11-02 12:41:50.913   765-2504  NativeSemDvfsManager    surfaceflinger                       D  acquire:: timeout = 2000 mIsAcquired = 1  mTagName : SurfaceFlinger 
2025-11-02 12:41:50.914   765-2504  NativeCust...ncyManager surfaceflinger                       E  [NativeCFMS] BpCustomFrequencyManager::acquire()
--------- beginning of system
2025-11-02 12:41:50.914   695-780   HYPER-HAL               ven...amsung.hardware.hyper-service  I  [RequestManager.cpp]acquire(): Acquired ID : 1559495  [765 / 1000]    HINT : SF_GPU_MINLOCK    list : [TIMEOUT / 2000] 
2025-11-02 12:41:51.124   465-465   io_stats                iod                                  D  !@   8,0 r 3743938 79716579 w 1824414 30560340 d 283159 120254236 f 79393 242209 iot 3043516 0 th 0 0 0 pt 0 inp 0 0 89823.098
2025-11-02 12:41:51.195  1027-2884  SemWifiUsa...atsMonitor system_server                        D  onWifiUsabilityStats - seqNum 7493, isSameBssidAndFreq true
2025-11-02 12:41:51.204  1502-1761  Tile.WifiTile           com.android.systemui                 D  handleUpdateState isTransient=false transientEnabling =false cb.isTransient=false state.state = 2 mStateBeforeClick.value =false enabled =true
2025-11-02 12:41:51.212   765-830   VSyncReactor            surfaceflinger                       I  Current= 90, Period= 90, hwcPeriod= 90
2025-11-02 12:41:52.343  3493-4624  SDHMS:x                 com.sec.android.sdhms                I  SIOP:: AP:354 BAT:320 USB:322 CHG:350 PA:344 CP:343 WIFI:348 CF:341 BLK:0 SUBBAT:0 SKIN:341 SKINF:339 SKINB:341 LRP:341 LRP2:341 LRF2:339 LRB2:341 SPK:329 AP2:341 CHG2:337 MEM2:339 WIFI2:341 SPK2:316 DNSPK:319 VAP:371 AVGCUR:0 AVGSYS:0 POWER:0
2025-11-02 12:41:52.799  1027-1461  NetdEventL...nerService system_server                        D  DNS Requested by 214, 10219(com.android.chrome), 4(FAIL), isBlocked=true, 0ms
2025-11-02 12:41:52.820  1027-1461  NetdEventL...nerService system_server                        D  DNS Requested by 214, 10219(com.android.chrome), 4(FAIL), isBlocked=true, 0ms
2025-11-02 12:41:52.916   695-30127 HYPER-HAL               ven...amsung.hardware.hyper-service  I  [RequestManager.cpp]releaseLocked(): Released ID : 1559495
2025-11-02 12:41:53.126   465-465   io_stats                iod                                  D  !@   8,0 r 3743941 79716591 w 1824421 30560368 d 283159 120254236 f 79393 242209 iot 3043540 0 th 0 0 0 pt 0 inp 0 0 89825.100
2025-11-02 12:41:53.127   465-465   io_stats                iod                                  D  !@ Read_top(KB): ndroid.systemui(1502) 16 .gms.persistent(15286) 8 kworker/3:1H(18840) 4
2025-11-02 12:41:53.127   465-465   io_stats                iod                                  D  !@ Write_top(KB): kworker/u16:13(10070) 28
2025-11-02 12:41:53.575 15286-30114 NearbyMediums           com.google.android.gms.persistent    I  Found Fast Ble Advertisements :
                                                                                                    BleAdvertisement { version=2, socketVersion=2, isFast=true, serviceIdHash=null, data=[ 0x23 0x47 0x4a 0x54 0x4a 0x11 0x32 0xfa 0x7c 0x0f 0xd2 0xe6 0x07 0xf9 0x98 0xea 0x59 0x30 0x61 0x62 0x91 0x26 0x33 ], deviceToken=[ 0xde 0xfd ], rxAdvertisement=null } : 1 times.
                                                                                                    Total 1 fast advertisements from 1 unique advertisers.
2025-11-02 12:41:53.575 15286-30114 NearbyMediums           com.google.android.gms.persistent    I  Current Tracked Scanning Clients are : {NearbyConnections.EnvironmentMonitor, NearbySharing, NearbyConnections.TxAdvertisement}
2025-11-02 12:41:53.704  1027-1251  InputReader             system_server                        D  Btn_touch(3): value=1 when=89825.677832
2025-11-02 12:41:53.705  1027-1251  InputReader             system_server                        I  Touch event's action is 0x0 (id=4, t=0) [pCnt=1, s=0.1932 ] when=89825.677832
2025-11-02 12:41:53.706  1027-2608  FreecessController      system_server                        D  com.udry.app(10338) is important[12]
2025-11-02 12:41:53.708  1027-1250  InputDispatcher         system_server                        I  Delivering touch to (1502): action: 0x4, f=0x0, d=0, 'ccbc14c', t=1 
2025-11-02 12:41:53.708  1027-1250  InputDispatcher         system_server                        I  Delivering touch to (29447): action: 0x0, f=0x0, d=0, '500d174', t=1 
2025-11-02 12:41:53.709  1027-1250  PowerManagerService     system_server                        D  [api] userActivityFromNative : touch displayId=0 eventTime=89825677
2025-11-02 12:41:53.709 29447-29447 VRI[MainAc...y]@c9f7e76 com.udry.app                         I  ViewPostIme pointer 0
2025-11-02 12:41:53.710  1027-1109  GestureDetector         system_server                        I  obtain mCurrentDownEvent. id: 1049410549 caller: com.android.server.wm.SystemGesturesPointerEventListener.onPointerEvent:17 com.android.server.wm.PointerEventDispatcher.onInputEvent:51 android.view.InputEventReceiver.dispatchInputEvent:385 
2025-11-02 12:41:53.711  1027-1250  PowerManagerService     system_server                        D  UserActivityStateListenerState: 1
2025-11-02 12:41:53.711  1027-1109  GestureDetector         system_server                        I  obtain mCurrentDownEvent. id: 1049410549 caller: com.android.server.wm.SystemPerformancePointerEventListener.onPointerEvent:13 com.android.server.wm.PointerEventDispatcher.onInputEvent:51 android.view.InputEventReceiver.dispatchInputEvent:385 
2025-11-02 12:41:53.712 29447-29447 VRI[MainAc...y]@c9f7e76 com.udry.app                         I  call setFrameRateCategory for touch hint category=high hint, reason=touch, vri=VRI[MainActivity]@c9f7e76
2025-11-02 12:41:53.712  3493-3493  SemDvfsHyPerManager     com.sec.android.sdhms                I  acquire hyper - TATouchBoost/3493@21, type = -999
2025-11-02 12:41:53.713   765-830   VSyncReactor            surfaceflinger                       I  Current= 90, Period= 90, hwcPeriod= 90
2025-11-02 12:41:53.713   695-780   HYPER-HAL               ven...amsung.hardware.hyper-service  I  [RequestManager.cpp]acquire(): Acquired ID : 6175876  [3493 / 21]    HINT :      list : [TABoost / 1] [TIMEOUT / 1500] 
2025-11-02 12:41:53.715  1027-1109  GestureDetector         system_server                        I  obtain mCurrentMotionEventRaw. action: 2 id: 627341490
2025-11-02 12:41:53.715  1027-1109  GestureDetector         system_server                        I  obtain mCurrentMotionEventRaw. action: 2 id: 627341490
2025-11-02 12:41:53.723   765-765   SurfaceFlinger          surfaceflinger                       I  [com.udry.app/com.udry.app.MainActivity$_29447#6788] setFrameRateCategory: HighHint
2025-11-02 12:41:53.759  1027-1251  InputReader             system_server                        D  Btn_touch(3): value=0 when=89825.733272
2025-11-02 12:41:53.759  1027-1251  InputReader             system_server                        I  Touch event's action is 0x1 (id=4, t=0) [pCnt=1, s=] when=89825.733272
2025-11-02 12:41:53.760  1027-1250  InputDispatcher         system_server                        I  Delivering touch to (29447): action: 0x1, f=0x0, d=0, '500d174', t=1 
2025-11-02 12:41:53.761 29447-29447 VRI[MainAc...y]@c9f7e76 com.udry.app                         I  ViewPostIme pointer 1
2025-11-02 12:41:53.792 29447-29447 View                    com.udry.app                         I  setRequestedFrameRate frameRate=-4.0, this=com.getcapacitor.CapacitorWebView{16d4505 VFEDHVC.. .F...... 0,0-1080,2205 #7f0901cb app:id/webview aid=1073741824}, caller=WV.ef.b:1 WV.fg.h:118 WV.fg.onDraw:7 com.android.webview.chromium.WebViewChromium.onDraw:35 android.webkit.WebView.onDraw:2959 
2025-11-02 12:41:53.795  1027-1461  NetdEventL...nerService system_server                        D  DNS Requested by 214, 10338(com.udry.app), SUCCESS, 3ms
2025-11-02 12:41:53.803 29447-29447 View                    com.udry.app                         I  setRequestedFrameRate frameRate=-4.0, this=com.getcapacitor.CapacitorWebView{16d4505 VFEDHVC.. .F...... 0,0-1080,2205 #7f0901cb app:id/webview aid=1073741824}, caller=WV.ef.b:1 WV.fg.h:118 WV.fg.onDraw:7 com.android.webview.chromium.WebViewChromium.onDraw:35 android.webkit.WebView.onDraw:2959 
2025-11-02 12:41:53.835 29447-29447 View                    com.udry.app                         I  setRequestedFrameRate frameRate=-4.0, this=com.getcapacitor.CapacitorWebView{16d4505 VFEDHVC.. .F...... 0,0-1080,2205 #7f0901cb app:id/webview aid=1073741824}, caller=WV.ef.b:1 WV.fg.h:118 WV.fg.onDraw:7 com.android.webview.chromium.WebViewChromium.onDraw:35 android.webkit.WebView.onDraw:2959 
2025-11-02 12:41:53.838   765-765   RefreshRateSelector     surfaceflinger                       E  Can't find HRR max refresh rate by policy with the same group 0
2025-11-02 12:41:53.850 29447-29447 View                    com.udry.app                         I  setRequestedFrameRate frameRate=-4.0, this=com.getcapacitor.CapacitorWebView{16d4505 VFEDHVC.. .F...... 0,0-1080,2205 #7f0901cb app:id/webview aid=1073741824}, caller=WV.ef.b:1 WV.fg.h:118 WV.fg.onDraw:7 com.android.webview.chromium.WebViewChromium.onDraw:35 android.webkit.WebView.onDraw:2959 
2025-11-02 12:41:53.860 29447-29447 View                    com.udry.app                         I  setRequestedFrameRate frameRate=-4.0, this=com.getcapacitor.CapacitorWebView{16d4505 VFEDHVC.. .F...... 0,0-1080,2205 #7f0901cb app:id/webview aid=1073741824}, caller=WV.ef.b:1 WV.fg.h:118 WV.fg.onDraw:7 com.android.webview.chromium.WebViewChromium.onDraw:35 android.webkit.WebView.onDraw:2959 
2025-11-02 12:41:53.872 29447-29447 View                    com.udry.app                         I  setRequestedFrameRate frameRate=-4.0, this=com.getcapacitor.CapacitorWebView{16d4505 VFEDHVC.. .F...... 0,0-1080,2205 #7f0901cb app:id/webview aid=1073741824}, caller=WV.ef.b:1 WV.fg.h:118 WV.fg.onDraw:7 com.android.webview.chromium.WebViewChromium.onDraw:35 android.webkit.WebView.onDraw:2959 
2025-11-02 12:41:53.885 29447-29447 View                    com.udry.app                         I  setRequestedFrameRate frameRate=-4.0, this=com.getcapacitor.CapacitorWebView{16d4505 VFEDHVC.. .F...... 0,0-1080,2205 #7f0901cb app:id/webview aid=1073741824}, caller=WV.ef.b:1 WV.fg.h:118 WV.fg.onDraw:7 com.android.webview.chromium.WebViewChromium.onDraw:35 android.webkit.WebView.onDraw:2959 
2025-11-02 12:41:53.897 29447-29447 View                    com.udry.app                         I  setRequestedFrameRate frameRate=-4.0, this=com.getcapacitor.CapacitorWebView{16d4505 VFEDHVC.. .F...... 0,0-1080,2205 #7f0901cb app:id/webview aid=1073741824}, caller=WV.ef.b:1 WV.fg.h:118 WV.fg.onDraw:7 com.android.webview.chromium.WebViewChromium.onDraw:35 android.webkit.WebView.onDraw:2959 
2025-11-02 12:41:53.905 29447-29447 View                    com.udry.app                         I  setRequestedFrameRate frameRate=-4.0, this=com.getcapacitor.CapacitorWebView{16d4505 VFEDHVC.. .F...... 0,0-1080,2205 #7f0901cb app:id/webview aid=1073741824}, caller=WV.ef.b:1 WV.fg.h:118 WV.fg.onDraw:7 com.android.webview.chromium.WebViewChromium.onDraw:35 android.webkit.WebView.onDraw:2959 
2025-11-02 12:41:53.918 29447-29447 View                    com.udry.app                         I  setRequestedFrameRate frameRate=-4.0, this=com.getcapacitor.CapacitorWebView{16d4505 VFEDHVC.. .F...... 0,0-1080,2205 #7f0901cb app:id/webview aid=1073741824}, caller=WV.ef.b:1 WV.fg.h:118 WV.fg.onDraw:7 com.android.webview.chromium.WebViewChromium.onDraw:35 android.webkit.WebView.onDraw:2959 
2025-11-02 12:41:53.927 29447-29447 View                    com.udry.app                         I  setRequestedFrameRate frameRate=-4.0, this=com.getcapacitor.CapacitorWebView{16d4505 VFEDHVC.. .F...... 0,0-1080,2205 #7f0901cb app:id/webview aid=1073741824}, caller=WV.ef.b:1 WV.fg.h:118 WV.fg.onDraw:7 com.android.webview.chromium.WebViewChromium.onDraw:35 android.webkit.WebView.onDraw:2959 
2025-11-02 12:41:53.936 29447-29447 View                    com.udry.app                         I  setRequestedFrameRate frameRate=-4.0, this=com.getcapacitor.CapacitorWebView{16d4505 VFEDHVC.. .F...... 0,0-1080,2205 #7f0901cb app:id/webview aid=1073741824}, caller=WV.ef.b:1 WV.fg.h:118 WV.fg.onDraw:7 com.android.webview.chromium.WebViewChromium.onDraw:35 android.webkit.WebView.onDraw:2959 
2025-11-02 12:41:53.949 29447-29447 View                    com.udry.app                         I  setRequestedFrameRate frameRate=-4.0, this=com.getcapacitor.CapacitorWebView{16d4505 VFEDHVC.. .F...... 0,0-1080,2205 #7f0901cb app:id/webview aid=1073741824}, caller=WV.ef.b:1 WV.fg.h:118 WV.fg.onDraw:7 com.android.webview.chromium.WebViewChromium.onDraw:35 android.webkit.WebView.onDraw:2959 
2025-11-02 12:41:53.961 29447-29447 View                    com.udry.app                         I  setRequestedFrameRate frameRate=-4.0, this=com.getcapacitor.CapacitorWebView{16d4505 VFEDHVC.. .F...... 0,0-1080,2205 #7f0901cb app:id/webview aid=1073741824}, caller=WV.ef.b:1 WV.fg.h:118 WV.fg.onDraw:7 com.android.webview.chromium.WebViewChromium.onDraw:35 android.webkit.WebView.onDraw:2959 
2025-11-02 12:41:53.970 29447-29447 View                    com.udry.app                         I  setRequestedFrameRate frameRate=-4.0, this=com.getcapacitor.CapacitorWebView{16d4505 VFEDHVC.. .F...... 0,0-1080,2205 #7f0901cb app:id/webview aid=1073741824}, caller=WV.ef.b:1 WV.fg.h:118 WV.fg.onDraw:7 com.android.webview.chromium.WebViewChromium.onDraw:35 android.webkit.WebView.onDraw:2959 
2025-11-02 12:41:53.981 29447-29447 View                    com.udry.app                         I  setRequestedFrameRate frameRate=-4.0, this=com.getcapacitor.CapacitorWebView{16d4505 VFEDHVC.. .F...... 0,0-1080,2205 #7f0901cb app:id/webview aid=1073741824}, caller=WV.ef.b:1 WV.fg.h:118 WV.fg.onDraw:7 com.android.webview.chromium.WebViewChromium.onDraw:35 android.webkit.WebView.onDraw:2959 
2025-11-02 12:41:53.992 29447-29447 View                    com.udry.app                         I  setRequestedFrameRate frameRate=-4.0, this=com.getcapacitor.CapacitorWebView{16d4505 VFEDHVC.. .F...... 0,0-1080,2205 #7f0901cb app:id/webview aid=1073741824}, caller=WV.ef.b:1 WV.fg.h:118 WV.fg.onDraw:7 com.android.webview.chromium.WebViewChromium.onDraw:35 android.webkit.WebView.onDraw:2959 
2025-11-02 12:41:54.003 29447-29447 View                    com.udry.app                         I  setRequestedFrameRate frameRate=-4.0, this=com.getcapacitor.CapacitorWebView{16d4505 VFEDHVC.. .F...... 0,0-1080,2205 #7f0901cb app:id/webview aid=1073741824}, caller=WV.ef.b:1 WV.fg.h:118 WV.fg.onDraw:7 com.android.webview.chromium.WebViewChromium.onDraw:35 android.webkit.WebView.onDraw:2959 
2025-11-02 12:41:54.010  1027-1109  GestureDetector         system_server                        I  handleMessage TAP
2025-11-02 12:41:54.011  1027-1027  GestureDetector         system_server                        I  handleMessage TAP
2025-11-02 12:41:54.015 29447-29447 View                    com.udry.app                         I  setRequestedFrameRate frameRate=-4.0, this=com.getcapacitor.CapacitorWebView{16d4505 VFEDHVC.. .F...... 0,0-1080,2205 #7f0901cb app:id/webview aid=1073741824}, caller=WV.ef.b:1 WV.fg.h:118 WV.fg.onDraw:7 com.android.webview.chromium.WebViewChromium.onDraw:35 android.webkit.WebView.onDraw:2959 
2025-11-02 12:41:54.026 29447-29447 View                    com.udry.app                         I  setRequestedFrameRate frameRate=-4.0, this=com.getcapacitor.CapacitorWebView{16d4505 VFEDHVC.. .F...... 0,0-1080,2205 #7f0901cb app:id/webview aid=1073741824}, caller=WV.ef.b:1 WV.fg.h:118 WV.fg.onDraw:7 com.android.webview.chromium.WebViewChromium.onDraw:35 android.webkit.WebView.onDraw:2959 
2025-11-02 12:41:54.037 29447-29447 View                    com.udry.app                         I  setRequestedFrameRate frameRate=-4.0, this=com.getcapacitor.CapacitorWebView{16d4505 VFEDHVC.. .F...... 0,0-1080,2205 #7f0901cb app:id/webview aid=1073741824}, caller=WV.ef.b:1 WV.fg.h:118 WV.fg.onDraw:7 com.android.webview.chromium.WebViewChromium.onDraw:35 android.webkit.WebView.onDraw:2959 
2025-11-02 12:41:54.048 29447-29447 View                    com.udry.app                         I  setRequestedFrameRate frameRate=-4.0, this=com.getcapacitor.CapacitorWebView{16d4505 VFEDHVC.. .F...... 0,0-1080,2205 #7f0901cb app:id/webview aid=1073741824}, caller=WV.ef.b:1 WV.fg.h:118 WV.fg.onDraw:7 com.android.webview.chromium.WebViewChromium.onDraw:35 android.webkit.WebView.onDraw:2959 
2025-11-02 12:41:54.059 29447-29447 View                    com.udry.app                         I  setRequestedFrameRate frameRate=-4.0, this=com.getcapacitor.CapacitorWebView{16d4505 VFEDHVC.. .F...... 0,0-1080,2205 #7f0901cb app:id/webview aid=1073741824}, caller=WV.ef.b:1 WV.fg.h:118 WV.fg.onDraw:7 com.android.webview.chromium.WebViewChromium.onDraw:35 android.webkit.WebView.onDraw:2959 
2025-11-02 12:41:54.070 29447-29447 View                    com.udry.app                         I  setRequestedFrameRate frameRate=-4.0, this=com.getcapacitor.CapacitorWebView{16d4505 VFEDHVC.. .F...... 0,0-1080,2205 #7f0901cb app:id/webview aid=1073741824}, caller=WV.ef.b:1 WV.fg.h:118 WV.fg.onDraw:7 com.android.webview.chromium.WebViewChromium.onDraw:35 android.webkit.WebView.onDraw:2959 
2025-11-02 12:41:54.092 29447-29447 View                    com.udry.app                         I  setRequestedFrameRate frameRate=-4.0, this=com.getcapacitor.CapacitorWebView{16d4505 VFEDHVC.. .F...... 0,0-1080,2205 #7f0901cb app:id/webview aid=1073741824}, caller=WV.ef.b:1 WV.fg.h:118 WV.fg.onDraw:7 com.android.webview.chromium.WebViewChromium.onDraw:35 android.webkit.WebView.onDraw:2959 
2025-11-02 12:41:54.104 29447-29447 View                    com.udry.app                         I  setRequestedFrameRate frameRate=-4.0, this=com.getcapacitor.CapacitorWebView{16d4505 VFEDHVC.. .F...... 0,0-1080,2205 #7f0901cb app:id/webview aid=1073741824}, caller=WV.ef.b:1 WV.fg.h:118 WV.fg.onDraw:7 com.android.webview.chromium.WebViewChromium.onDraw:35 android.webkit.WebView.onDraw:2959 
2025-11-02 12:41:54.114 29447-29447 View                    com.udry.app                         I  setRequestedFrameRate frameRate=-4.0, this=com.getcapacitor.CapacitorWebView{16d4505 VFEDHVC.. .F...... 0,0-1080,2205 #7f0901cb app:id/webview aid=1073741824}, caller=WV.ef.b:1 WV.fg.h:118 WV.fg.onDraw:7 com.android.webview.chromium.WebViewChromium.onDraw:35 android.webkit.WebView.onDraw:2959 
2025-11-02 12:41:54.126 29447-29447 View                    com.udry.app                         I  setRequestedFrameRate frameRate=-4.0, this=com.getcapacitor.CapacitorWebView{16d4505 VFEDHVC.. .F...... 0,0-1080,2205 #7f0901cb app:id/webview aid=1073741824}, caller=WV.ef.b:1 WV.fg.h:118 WV.fg.onDraw:7 com.android.webview.chromium.WebViewChromium.onDraw:35 android.webkit.WebView.onDraw:2959 
2025-11-02 12:41:54.148 29447-29447 View                    com.udry.app                         I  setRequestedFrameRate frameRate=-4.0, this=com.getcapacitor.CapacitorWebView{16d4505 VFEDHVC.. .F...... 0,0-1080,2205 #7f0901cb app:id/webview aid=1073741824}, caller=WV.ef.b:1 WV.fg.h:118 WV.fg.onDraw:7 com.android.webview.chromium.WebViewChromium.onDraw:35 android.webkit.WebView.onDraw:2959 
2025-11-02 12:41:54.160 29447-29447 View                    com.udry.app                         I  setRequestedFrameRate frameRate=-4.0, this=com.getcapacitor.CapacitorWebView{16d4505 VFEDHVC.. .F...... 0,0-1080,2205 #7f0901cb app:id/webview aid=1073741824}, caller=WV.ef.b:1 WV.fg.h:118 WV.fg.onDraw:7 com.android.webview.chromium.WebViewChromium.onDraw:35 android.webkit.WebView.onDraw:2959 
2025-11-02 12:41:54.180 29447-29447 View                    com.udry.app                         I  setRequestedFrameRate frameRate=-4.0, this=com.getcapacitor.CapacitorWebView{16d4505 VFEDHVC.. .F...... 0,0-1080,2205 #7f0901cb app:id/webview aid=1073741824}, caller=WV.ef.b:1 WV.fg.h:118 WV.fg.onDraw:7 com.android.webview.chromium.WebViewChromium.onDraw:35 android.webkit.WebView.onDraw:2959 
2025-11-02 12:41:54.194 29447-29447 View                    com.udry.app                         I  setRequestedFrameRate frameRate=-4.0, this=com.getcapacitor.CapacitorWebView{16d4505 VFEDHVC.. .F...... 0,0-1080,2205 #7f0901cb app:id/webview aid=1073741824}, caller=WV.ef.b:1 WV.fg.h:118 WV.fg.onDraw:7 com.android.webview.chromium.WebViewChromium.onDraw:35 android.webkit.WebView.onDraw:2959 
2025-11-02 12:41:54.203 29447-29447 View                    com.udry.app                         I  setRequestedFrameRate frameRate=-4.0, this=com.getcapacitor.CapacitorWebView{16d4505 VFEDHVC.. .F...... 0,0-1080,2205 #7f0901cb app:id/webview aid=1073741824}, caller=WV.ef.b:1 WV.fg.h:118 WV.fg.onDraw:7 com.android.webview.chromium.WebViewChromium.onDraw:35 android.webkit.WebView.onDraw:2959 
2025-11-02 12:41:54.210  1027-2884  SemWifiUsa...atsMonitor system_server                        D  onWifiUsabilityStats - seqNum 7494, isSameBssidAndFreq true
2025-11-02 12:41:54.215 29447-29447 View                    com.udry.app                         I  setRequestedFrameRate frameRate=-4.0, this=com.getcapacitor.CapacitorWebView{16d4505 VFEDHVC.. .F...... 0,0-1080,2205 #7f0901cb app:id/webview aid=1073741824}, caller=WV.ef.b:1 WV.fg.h:118 WV.fg.onDraw:7 com.android.webview.chromium.WebViewChromium.onDraw:35 android.webkit.WebView.onDraw:2959 
2025-11-02 12:41:54.225 29447-29447 View                    com.udry.app                         I  setRequestedFrameRate frameRate=-4.0, this=com.getcapacitor.CapacitorWebView{16d4505 VFEDHVC.. .F...... 0,0-1080,2205 #7f0901cb app:id/webview aid=1073741824}, caller=WV.ef.b:1 WV.fg.h:118 WV.fg.onDraw:7 com.android.webview.chromium.WebViewChromium.onDraw:35 android.webkit.WebView.onDraw:2959 
2025-11-02 12:41:54.237 29447-29447 View                    com.udry.app                         I  setRequestedFrameRate frameRate=-4.0, this=com.getcapacitor.CapacitorWebView{16d4505 VFEDHVC.. .F...... 0,0-1080,2205 #7f0901cb app:id/webview aid=1073741824}, caller=WV.ef.b:1 WV.fg.h:118 WV.fg.onDraw:7 com.android.webview.chromium.WebViewChromium.onDraw:35 android.webkit.WebView.onDraw:2959 
2025-11-02 12:41:54.248 29447-29447 View                    com.udry.app                         I  setRequestedFrameRate frameRate=-4.0, this=com.getcapacitor.CapacitorWebView{16d4505 VFEDHVC.. .F...... 0,0-1080,2205 #7f0901cb app:id/webview aid=1073741824}, caller=WV.ef.b:1 WV.fg.h:118 WV.fg.onDraw:7 com.android.webview.chromium.WebViewChromium.onDraw:35 android.webkit.WebView.onDraw:2959 
2025-11-02 12:41:54.270 29447-29447 View                    com.udry.app                         I  setRequestedFrameRate frameRate=-4.0, this=com.getcapacitor.CapacitorWebView{16d4505 VFEDHVC.. .F...... 0,0-1080,2205 #7f0901cb app:id/webview aid=1073741824}, caller=WV.ef.b:1 WV.fg.h:118 WV.fg.onDraw:7 com.android.webview.chromium.WebViewChromium.onDraw:35 android.webkit.WebView.onDraw:2959 
2025-11-02 12:41:54.283 29447-29447 View                    com.udry.app                         I  setRequestedFrameRate frameRate=-4.0, this=com.getcapacitor.CapacitorWebView{16d4505 VFEDHVC.. .F...... 0,0-1080,2205 #7f0901cb app:id/webview aid=1073741824}, caller=WV.ef.b:1 WV.fg.h:118 WV.fg.onDraw:7 com.android.webview.chromium.WebViewChromium.onDraw:35 android.webkit.WebView.onDraw:2959 
2025-11-02 12:41:54.292 29447-29447 View                    com.udry.app                         I  setRequestedFrameRate frameRate=-4.0, this=com.getcapacitor.CapacitorWebView{16d4505 VFEDHVC.. .F...... 0,0-1080,2205 #7f0901cb app:id/webview aid=1073741824}, caller=WV.ef.b:1 WV.fg.h:118 WV.fg.onDraw:7 com.android.webview.chromium.WebViewChromium.onDraw:35 android.webkit.WebView.onDraw:2959 
2025-11-02 12:41:54.304 29447-29447 View                    com.udry.app                         I  setRequestedFrameRate frameRate=-4.0, this=com.getcapacitor.CapacitorWebView{16d4505 VFEDHVC.. .F...... 0,0-1080,2205 #7f0901cb app:id/webview aid=1073741824}, caller=WV.ef.b:1 WV.fg.h:118 WV.fg.onDraw:7 com.android.webview.chromium.WebViewChromium.onDraw:35 android.webkit.WebView.onDraw:2959 
2025-11-02 12:41:54.314 29447-29447 View                    com.udry.app                         I  setRequestedFrameRate frameRate=-4.0, this=com.getcapacitor.CapacitorWebView{16d4505 VFEDHVC.. .F...... 0,0-1080,2205 #7f0901cb app:id/webview aid=1073741824}, caller=WV.ef.b:1 WV.fg.h:118 WV.fg.onDraw:7 com.android.webview.chromium.WebViewChromium.onDraw:35 android.webkit.WebView.onDraw:2959 
2025-11-02 12:41:54.326 29447-29447 View                    com.udry.app                         I  setRequestedFrameRate frameRate=-4.0, this=com.getcapacitor.CapacitorWebView{16d4505 VFEDHVC.. .F...... 0,0-1080,2205 #7f0901cb app:id/webview aid=1073741824}, caller=WV.ef.b:1 WV.fg.h:118 WV.fg.onDraw:7 com.android.webview.chromium.WebViewChromium.onDraw:35 android.webkit.WebView.onDraw:2959 
2025-11-02 12:41:54.336 29447-29447 View                    com.udry.app                         I  setRequestedFrameRate frameRate=-4.0, this=com.getcapacitor.CapacitorWebView{16d4505 VFEDHVC.. .F...... 0,0-1080,2205 #7f0901cb app:id/webview aid=1073741824}, caller=WV.ef.b:1 WV.fg.h:118 WV.fg.onDraw:7 com.android.webview.chromium.WebViewChromium.onDraw:35 android.webkit.WebView.onDraw:2959 
2025-11-02 12:41:54.348 29447-29447 View                    com.udry.app                         I  setRequestedFrameRate frameRate=-4.0, this=com.getcapacitor.CapacitorWebView{16d4505 VFEDHVC.. .F...... 0,0-1080,2205 #7f0901cb app:id/webview aid=1073741824}, caller=WV.ef.b:1 WV.fg.h:118 WV.fg.onDraw:7 com.android.webview.chromium.WebViewChromium.onDraw:35 android.webkit.WebView.onDraw:2959 
2025-11-02 12:41:54.359 29447-29447 View                    com.udry.app                         I  setRequestedFrameRate frameRate=-4.0, this=com.getcapacitor.CapacitorWebView{16d4505 VFEDHVC.. .F...... 0,0-1080,2205 #7f0901cb app:id/webview aid=1073741824}, caller=WV.ef.b:1 WV.fg.h:118 WV.fg.onDraw:7 com.android.webview.chromium.WebViewChromium.onDraw:35 android.webkit.WebView.onDraw:2959 
2025-11-02 12:41:54.370 29447-29447 View                    com.udry.app                         I  setRequestedFrameRate frameRate=-4.0, this=com.getcapacitor.CapacitorWebView{16d4505 VFEDHVC.. .F...... 0,0-1080,2205 #7f0901cb app:id/webview aid=1073741824}, caller=WV.ef.b:1 WV.fg.h:118 WV.fg.onDraw:7 com.android.webview.chromium.WebViewChromium.onDraw:35 android.webkit.WebView.onDraw:2959 
2025-11-02 12:41:54.381 29447-29447 View                    com.udry.app                         I  setRequestedFrameRate frameRate=-4.0, this=com.getcapacitor.CapacitorWebView{16d4505 VFEDHVC.. .F...... 0,0-1080,2205 #7f0901cb app:id/webview aid=1073741824}, caller=WV.ef.b:1 WV.fg.h:118 WV.fg.onDraw:7 com.android.webview.chromium.WebViewChromium.onDraw:35 android.webkit.WebView.onDraw:2959 
2025-11-02 12:41:54.393 29447-29447 View                    com.udry.app                         I  setRequestedFrameRate frameRate=-4.0, this=com.getcapacitor.CapacitorWebView{16d4505 VFEDHVC.. .F...... 0,0-1080,2205 #7f0901cb app:id/webview aid=1073741824}, caller=WV.ef.b:1 WV.fg.h:118 WV.fg.onDraw:7 com.android.webview.chromium.WebViewChromium.onDraw:35 android.webkit.WebView.onDraw:2959 
2025-11-02 12:41:54.414 29447-29447 View                    com.udry.app                         I  setRequestedFrameRate frameRate=-4.0, this=com.getcapacitor.CapacitorWebView{16d4505 VFEDHVC.. .F...... 0,0-1080,2205 #7f0901cb app:id/webview aid=1073741824}, caller=WV.ef.b:1 WV.fg.h:118 WV.fg.onDraw:7 com.android.webview.chromium.WebViewChromium.onDraw:35 android.webkit.WebView.onDraw:2959 
2025-11-02 12:41:54.426 29447-29447 View                    com.udry.app                         I  setRequestedFrameRate frameRate=-4.0, this=com.getcapacitor.CapacitorWebView{16d4505 VFEDHVC.. .F...... 0,0-1080,2205 #7f0901cb app:id/webview aid=1073741824}, caller=WV.ef.b:1 WV.fg.h:118 WV.fg.onDraw:7 com.android.webview.chromium.WebViewChromium.onDraw:35 android.webkit.WebView.onDraw:2959 
2025-11-02 12:41:54.436 29447-29447 View                    com.udry.app                         I  setRequestedFrameRate frameRate=-4.0, this=com.getcapacitor.CapacitorWebView{16d4505 VFEDHVC.. .F...... 0,0-1080,2205 #7f0901cb app:id/webview aid=1073741824}, caller=WV.ef.b:1 WV.fg.h:118 WV.fg.onDraw:7 com.android.webview.chromium.WebViewChromium.onDraw:35 android.webkit.WebView.onDraw:2959 
2025-11-02 12:41:54.448 29447-29447 View                    com.udry.app                         I  setRequestedFrameRate frameRate=-4.0, this=com.getcapacitor.CapacitorWebView{16d4505 VFEDHVC.. .F...... 0,0-1080,2205 #7f0901cb app:id/webview aid=1073741824}, caller=WV.ef.b:1 WV.fg.h:118 WV.fg.onDraw:7 com.android.webview.chromium.WebViewChromium.onDraw:35 android.webkit.WebView.onDraw:2959 
2025-11-02 12:41:54.460 29447-29447 View                    com.udry.app                         I  setRequestedFrameRate frameRate=-4.0, this=com.getcapacitor.CapacitorWebView{16d4505 VFEDHVC.. .F...... 0,0-1080,2205 #7f0901cb app:id/webview aid=1073741824}, caller=WV.ef.b:1 WV.fg.h:118 WV.fg.onDraw:7 com.android.webview.chromium.WebViewChromium.onDraw:35 android.webkit.WebView.onDraw:2959 
2025-11-02 12:41:54.470 29447-29447 View                    com.udry.app                         I  setRequestedFrameRate frameRate=-4.0, this=com.getcapacitor.CapacitorWebView{16d4505 VFEDHVC.. .F...... 0,0-1080,2205 #7f0901cb app:id/webview aid=1073741824}, caller=WV.ef.b:1 WV.fg.h:118 WV.fg.onDraw:7 com.android.webview.chromium.WebViewChromium.onDraw:35 android.webkit.WebView.onDraw:2959 
2025-11-02 12:41:54.491 29447-29447 View                    com.udry.app                         I  setRequestedFrameRate frameRate=-4.0, this=com.getcapacitor.CapacitorWebView{16d4505 VFEDHVC.. .F...... 0,0-1080,2205 #7f0901cb app:id/webview aid=1073741824}, caller=WV.ef.b:1 WV.fg.h:118 WV.fg.onDraw:7 com.android.webview.chromium.WebViewChromium.onDraw:35 android.webkit.WebView.onDraw:2959 
2025-11-02 12:41:54.505 29447-29447 View                    com.udry.app                         I  setRequestedFrameRate frameRate=-4.0, this=com.getcapacitor.CapacitorWebView{16d4505 VFEDHVC.. .F...... 0,0-1080,2205 #7f0901cb app:id/webview aid=1073741824}, caller=WV.ef.b:1 WV.fg.h:118 WV.fg.onDraw:7 com.android.webview.chromium.WebViewChromium.onDraw:35 android.webkit.WebView.onDraw:2959 
2025-11-02 12:41:54.514 29447-29447 View                    com.udry.app                         I  setRequestedFrameRate frameRate=-4.0, this=com.getcapacitor.CapacitorWebView{16d4505 VFEDHVC.. .F...... 0,0-1080,2205 #7f0901cb app:id/webview aid=1073741824}, caller=WV.ef.b:1 WV.fg.h:118 WV.fg.onDraw:7 com.android.webview.chromium.WebViewChromium.onDraw:35 android.webkit.WebView.onDraw:2959 
2025-11-02 12:41:54.537 29447-29447 View                    com.udry.app                         I  setRequestedFrameRate frameRate=-4.0, this=com.getcapacitor.CapacitorWebView{16d4505 VFEDHVC.. .F...... 0,0-1080,2205 #7f0901cb app:id/webview aid=1073741824}, caller=WV.ef.b:1 WV.fg.h:118 WV.fg.onDraw:7 com.android.webview.chromium.WebViewChromium.onDraw:35 android.webkit.WebView.onDraw:2959 
2025-11-02 12:41:54.548 29447-29447 View                    com.udry.app                         I  setRequestedFrameRate frameRate=-4.0, this=com.getcapacitor.CapacitorWebView{16d4505 VFEDHVC.. .F...... 0,0-1080,2205 #7f0901cb app:id/webview aid=1073741824}, caller=WV.ef.b:1 WV.fg.h:118 WV.fg.onDraw:7 com.android.webview.chromium.WebViewChromium.onDraw:35 android.webkit.WebView.onDraw:2959 
2025-11-02 12:41:54.569 29447-29447 View                    com.udry.app                         I  setRequestedFrameRate frameRate=-4.0, this=com.getcapacitor.CapacitorWebView{16d4505 VFEDHVC.. .F...... 0,0-1080,2205 #7f0901cb app:id/webview aid=1073741824}, caller=WV.ef.b:1 WV.fg.h:118 WV.fg.onDraw:7 com.android.webview.chromium.WebViewChromium.onDraw:35 android.webkit.WebView.onDraw:2959 
2025-11-02 12:41:54.583 29447-29447 View                    com.udry.app                         I  setRequestedFrameRate frameRate=-4.0, this=com.getcapacitor.CapacitorWebView{16d4505 VFEDHVC.. .F...... 0,0-1080,2205 #7f0901cb app:id/webview aid=1073741824}, caller=WV.ef.b:1 WV.fg.h:118 WV.fg.onDraw:7 com.android.webview.chromium.WebViewChromium.onDraw:35 android.webkit.WebView.onDraw:2959 
2025-11-02 12:41:54.594 29447-29447 View                    com.udry.app                         I  setRequestedFrameRate frameRate=-4.0, this=com.getcapacitor.CapacitorWebView{16d4505 VFEDHVC.. .F...... 0,0-1080,2205 #7f0901cb app:id/webview aid=1073741824}, caller=WV.ef.b:1 WV.fg.h:118 WV.fg.onDraw:7 com.android.webview.chromium.WebViewChromium.onDraw:35 android.webkit.WebView.onDraw:2959 
2025-11-02 12:41:54.615 29447-29447 View                    com.udry.app                         I  setRequestedFrameRate frameRate=-4.0, this=com.getcapacitor.CapacitorWebView{16d4505 VFEDHVC.. .F...... 0,0-1080,2205 #7f0901cb app:id/webview aid=1073741824}, caller=WV.ef.b:1 WV.fg.h:118 WV.fg.onDraw:7 com.android.webview.chromium.WebViewChromium.onDraw:35 android.webkit.WebView.onDraw:2959 
2025-11-02 12:41:54.626 29447-29447 View                    com.udry.app                         I  setRequestedFrameRate frameRate=-4.0, this=com.getcapacitor.CapacitorWebView{16d4505 VFEDHVC.. .F...... 0,0-1080,2205 #7f0901cb app:id/webview aid=1073741824}, caller=WV.ef.b:1 WV.fg.h:118 WV.fg.onDraw:7 com.android.webview.chromium.WebViewChromium.onDraw:35 android.webkit.WebView.onDraw:2959 
2025-11-02 12:41:54.637 29447-29447 View                    com.udry.app                         I  setRequestedFrameRate frameRate=-4.0, this=com.getcapacitor.CapacitorWebView{16d4505 VFEDHVC.. .F...... 0,0-1080,2205 #7f0901cb app:id/webview aid=1073741824}, caller=WV.ef.b:1 WV.fg.h:118 WV.fg.onDraw:7 com.android.webview.chromium.WebViewChromium.onDraw:35 android.webkit.WebView.onDraw:2959 
2025-11-02 12:41:54.648 29447-29447 View                    com.udry.app                         I  setRequestedFrameRate frameRate=-4.0, this=com.getcapacitor.CapacitorWebView{16d4505 VFEDHVC.. .F...... 0,0-1080,2205 #7f0901cb app:id/webview aid=1073741824}, caller=WV.ef.b:1 WV.fg.h:118 WV.fg.onDraw:7 com.android.webview.chromium.WebViewChromium.onDraw:35 android.webkit.WebView.onDraw:2959 
2025-11-02 12:41:54.659 29447-29447 View                    com.udry.app                         I  setRequestedFrameRate frameRate=-4.0, this=com.getcapacitor.CapacitorWebView{16d4505 VFEDHVC.. .F...... 0,0-1080,2205 #7f0901cb app:id/webview aid=1073741824}, caller=WV.ef.b:1 WV.fg.h:118 WV.fg.onDraw:7 com.android.webview.chromium.WebViewChromium.onDraw:35 android.webkit.WebView.onDraw:2959 
2025-11-02 12:41:54.670 29447-29447 View                    com.udry.app                         I  setRequestedFrameRate frameRate=-4.0, this=com.getcapacitor.CapacitorWebView{16d4505 VFEDHVC.. .F...... 0,0-1080,2205 #7f0901cb app:id/webview aid=1073741824}, caller=WV.ef.b:1 WV.fg.h:118 WV.fg.onDraw:7 com.android.webview.chromium.WebViewChromium.onDraw:35 android.webkit.WebView.onDraw:2959 
2025-11-02 12:41:54.692 29447-29447 View                    com.udry.app                         I  setRequestedFrameRate frameRate=-4.0, this=com.getcapacitor.CapacitorWebView{16d4505 VFEDHVC.. .F...... 0,0-1080,2205 #7f0901cb app:id/webview aid=1073741824}, caller=WV.ef.b:1 WV.fg.h:118 WV.fg.onDraw:7 com.android.webview.chromium.WebViewChromium.onDraw:35 android.webkit.WebView.onDraw:2959 
2025-11-02 12:41:54.704 29447-29447 View                    com.udry.app                         I  setRequestedFrameRate frameRate=-4.0, this=com.getcapacitor.CapacitorWebView{16d4505 VFEDHVC.. .F...... 0,0-1080,2205 #7f0901cb app:id/webview aid=1073741824}, caller=WV.ef.b:1 WV.fg.h:118 WV.fg.onDraw:7 com.android.webview.chromium.WebViewChromium.onDraw:35 android.webkit.WebView.onDraw:2959 
2025-11-02 12:41:54.709 15869-15912 CpEventLog(u0)          android.process.acore                V  cp_state: [                 contacts = {contacts=1, raw_contacts=1, data=5, account={secphone(1)=0, google(2)=1, sim(3)=0, sim2(4)=0, agg(5)=0, duo(6)=0, samsung(7)=0, mobileservice(8)=0, whatsapp(9)=0, google(10)=0}, trash=0, trash_acc={}, trash_sync=0, database=contacts2.db} ]
                                                                                                    cp_state: [               aggregated = {[2]=1} ]
                                                                                                    cp_state: [                  request = {} ]
                                                                                                    cp_state: [                    calls = {types={[100]=1, [1000]=54}, database=calllog.db} ]
                                                                                                    cp_state: [                  profile = {contacts=0, raw_contacts=0, data=0, account={secphone(1)=0, google(2)=0, sim(3)=0, sim2(4)=0, agg(5)=0, duo(6)=0, samsung(7)=0, mobileservice(8)=0, whatsapp(9)=0, google(10)=0}, trash=0, trash_acc={}, trash_sync=0, database=profile.db} ]
                                                                                                    cp_state: [               sa_profile = {contacts=1, raw_contacts=1, data=2, account={secphone(1)=1, google(2)=0, sim(3)=0, sim2(4)=0, agg(5)=0, duo(6)=0, samsung(7)=0, mobileservice(8)=0, whatsapp(9)=0, google(10)=0}, trash=0, trash_acc={}, trash_sync=0, database=profile_sa.db} ]
                                                                                                    cp_state: [                      etc = {binders=0, country_iso=HK, version=15.4.34, db_version=1901, csc=TGY/TGY, sec_enabled=false, is_roaming=false} ]
                                                                                                    cp_state: ------------------------------------------------------------------------------
2025-11-02 12:41:54.725 29447-29447 View                    com.udry.app                         I  setRequestedFrameRate frameRate=-4.0, this=com.getcapacitor.CapacitorWebView{16d4505 VFEDHVC.. .F...... 0,0-1080,2205 #7f0901cb app:id/webview aid=1073741824}, caller=WV.ef.b:1 WV.fg.h:118 WV.fg.onDraw:7 com.android.webview.chromium.WebViewChromium.onDraw:35 android.webkit.WebView.onDraw:2959 
2025-11-02 12:41:54.737 29447-29447 View                    com.udry.app                         I  setRequestedFrameRate frameRate=-4.0, this=com.getcapacitor.CapacitorWebView{16d4505 VFEDHVC.. .F...... 0,0-1080,2205 #7f0901cb app:id/webview aid=1073741824}, caller=WV.ef.b:1 WV.fg.h:118 WV.fg.onDraw:7 com.android.webview.chromium.WebViewChromium.onDraw:35 android.webkit.WebView.onDraw:2959 
2025-11-02 12:41:54.756  1027-2137  ActivityTaskManager     system_server                        D  startActivityAsUser: callingPid=29447, callingUid=10338, caller=com.android.server.wm.ActivityTaskManagerService.startActivity:120 android.app.IActivityTaskManager$Stub.onTransact:1356 com.android.server.wm.ActivityTaskManagerService.onTransact:1 android.os.Binder.execTransactInternal:1536 android.os.Binder.execTransact:1480 <bottom of call stack> <bottom of call stack> 
2025-11-02 12:41:54.756  1027-1111  ChimeraSys...ntListener system_server                        I  Not an effective intent: Intent { act=android.intent.action.VIEW dat=https://checkout.stripe.com/... }
2025-11-02 12:41:54.764  1027-2137  ActivityTaskManager     system_server                        D  TaskLaunchParamsModifier:task=null activity=null display-area-from-source=DefaultTaskDisplayArea_d0@243727128 display-id=0 task-display-area-windowing-mode=1 suggested-display-area=DefaultTaskDisplayArea_d0@243727128
2025-11-02 12:41:54.766  1027-2137  OptProp                 system_server                        W  Cannot read opt property android.window.PROPERTY_COMPAT_ALLOW_ORIENTATION_OVERRIDE
2025-11-02 12:41:54.767  1027-2137  ActivityTaskManager     system_server                        D  Non-opaque activity is created, styleTranslucent=true, styleFloating=false, r=ActivityRecord{e4c2f98 u0 com.android.chrome/com.google.android.apps.chrome.IntentDispatcher
2025-11-02 12:41:54.767  1027-2137  Grammatica...ctionUtils system_server                        V  AttributionSource: AttributionSource { uid = 10219, packageName = null, attributionTag = null, token = android.os.Binder@1b379, deviceId = 0, next = null } does not have READ_SYSTEM_GRAMMATICAL_GENDER permission.
2025-11-02 12:41:54.768  1027-2137  OptProp                 system_server                        W  Cannot read opt property android.window.PROPERTY_COMPAT_ALLOW_RESIZEABLE_ACTIVITY_OVERRIDES
2025-11-02 12:41:54.768  1027-2137  OptProp                 system_server                        W  Cannot read opt property android.window.PROPERTY_COMPAT_ALLOW_MIN_ASPECT_RATIO_OVERRIDE
2025-11-02 12:41:54.770  1027-2137  WindowManager           system_server                        D  Transition is created, t=TransitionRecord{3ed0bd6 id=-1 type=OPEN flags=0x0}, caller=com.android.server.wm.Transition.<init>:170 com.android.server.wm.ActivityStarter.startActivityUnchecked:330 com.android.server.wm.ActivityStarter.executeRequest:3397 com.android.server.wm.ActivityStarter.execute:1122 com.android.server.wm.ActivityTaskManagerService.startActivityAsUser:88 
2025-11-02 12:41:54.771  1027-2137  BLASTSyncEngine         system_server                        D  SyncGroup is created, id=562, name=Transition-OPEN, caller=com.android.server.wm.BLASTSyncEngine$SyncGroup.<init>:51 com.android.server.wm.TransitionController.moveToCollecting:78 com.android.server.wm.ActivityStarter.startActivityUnchecked:333 com.android.server.wm.ActivityStarter.executeRequest:3397 com.android.server.wm.ActivityStarter.execute:1122 com.android.server.wm.ActivityTaskManagerService.startActivityAsUser:88 com.android.server.wm.ActivityTaskManagerService.startActivity:120 
2025-11-02 12:41:54.771  1027-2137  BLASTSyncEngine         system_server                        W  setSyncMethod, id=562, method=0, caller=com.android.server.wm.TransitionController.moveToCollecting:90 com.android.server.wm.ActivityStarter.startActivityUnchecked:333 com.android.server.wm.ActivityStarter.executeRequest:3397 
2025-11-02 12:41:54.771  1027-2137  WindowManager           system_server                        V  Start collecting in Transition: TransitionRecord{3ed0bd6 id=562 type=OPEN flags=0x0}, caller=com.android.server.wm.ActivityStarter.startActivityUnchecked:333 com.android.server.wm.ActivityStarter.executeRequest:3397 com.android.server.wm.ActivityStarter.execute:1122 com.android.server.wm.ActivityTaskManagerService.startActivityAsUser:88 com.android.server.wm.ActivityTaskManagerService.startActivity:120 
2025-11-02 12:41:54.772  1027-2137  WindowManager           system_server                        V  Collecting in transition 562: ActivityRecord{e4c2f98 u0 com.android.chrome/com.google.android.apps.chrome.IntentDispatcher t-1}, caller=com.android.server.wm.TransitionController.collect:7 com.android.server.wm.ActivityStarter.startActivityUnchecked:626 com.android.server.wm.ActivityStarter.executeRequest:3397 com.android.server.wm.ActivityStarter.execute:1122 com.android.server.wm.ActivityTaskManagerService.startActivityAsUser:88 
2025-11-02 12:41:54.772  1027-2137  ActivityTaskManager     system_server                        D  TaskLaunchParamsModifier:task=null activity=ActivityRecord{e4c2f98 u0 com.android.chrome/com.google.android.apps.chrome.IntentDispatcher t-1} display-area-from-source=DefaultTaskDisplayArea_d0@243727128 display-id=0 task-display-area-windowing-mode=1 suggested-display-area=DefaultTaskDisplayArea_d0@243727128
2025-11-02 12:41:54.773  1027-2137  ActivityTaskManager     system_server                        D  TaskLaunchParamsModifier:task=Task{35a5c57 #441 type=standard A=10338:com.udry.app} activity=ActivityRecord{e4c2f98 u0 com.android.chrome/com.google.android.apps.chrome.IntentDispatcher t-1} display-area-from-source=DefaultTaskDisplayArea_d0@243727128 display-id=0 task-display-area-windowing-mode=1 suggested-display-area=DefaultTaskDisplayArea_d0@243727128 inherit-from-source=fullscreen non-freeform-task-display-area display-area=DefaultTaskDisplayArea_d0@243727128 default-portrait freeform-size-mismatch=Rect(81, 565 - 999, 1735)
2025-11-02 12:41:54.774  1027-2137  WindowManager           system_server                        V  Collecting in transition 562: ActivityRecord{ec0f1d6 u0 com.udry.app/.MainActivity t441}, caller=com.android.server.wm.TransitionController.collect:7 com.android.server.wm.ActivityStarter.startActivityInner:1824 com.android.server.wm.ActivityStarter.startActivityUnchecked:639 com.android.server.wm.ActivityStarter.executeRequest:3397 com.android.server.wm.ActivityStarter.execute:1122 
2025-11-02 12:41:54.774  1027-2063  SemDvfsHyPerManager     system_server                        I  acquire hyper - AMS_APP_SWITCH/1027@15, type = -999
2025-11-02 12:41:54.774  1027-2137  WindowManager           system_server                        D  prepareSync <SYNC_STATE_WAITING_FOR_DRAW>, mPrepareSyncSeqId=0, win=Window{500d174 u0 com.udry.app/com.udry.app.MainActivity}
2025-11-02 12:41:54.775   695-780   HYPER-HAL               ven...amsung.hardware.hyper-service  I  [RequestManager.cpp]acquire(): Acquired ID : 543418  [1027 / 15]    HINT : AMS_APP_SWITCH    list : 
2025-11-02 12:41:54.776   765-860   SurfaceFlinger          surfaceflinger                       I  id=6795 createSurf, flag=84004, ActivityRecord{e4c2f98 u0 com.android.chrome/com.google.android.apps.chrome.IntentDispatcher t441}#6795
2025-11-02 12:41:54.776  3493-3493  SemDvfsHyPerManager     com.sec.android.sdhms                I  acquire hyper - APP_START_SHORT/3493@14, type = -999
2025-11-02 12:41:54.776  1027-2063  ActivityMa...erformance system_server                        D  AMP_acquire() APP_SWITCH
2025-11-02 12:41:54.776  1027-2608  FreecessController      system_server                        D  restrictJobsByOlaf: restrict=true, uid=10219
2025-11-02 12:41:54.776  3493-3493  N0                      com.sec.android.sdhms                I  limitCPUFreq:: freq = -1
2025-11-02 12:41:54.777   695-780   HYPER-HAL               ven...amsung.hardware.hyper-service  I  [RequestManager.cpp]acquire(): Acquired ID : 6151292  [3493 / 14]    HINT : APP_START    list : [TIMEOUT / 1500] 
2025-11-02 12:41:54.777  1027-2137  WindowManager           system_server                        V  Checking theme of starting window: 0x7f150244
2025-11-02 12:41:54.777  1027-2137  WindowManager           system_server                        V  Translucent=true Floating=false ShowWallpaper=false Disable=true
2025-11-02 12:41:54.777  1027-2137  ActivityTaskManager     system_server                        D  addStartingWindow: type=0 typeParameter=2c
2025-11-02 12:41:54.777  1027-2137  ActivityTaskManager     system_server                        D  scheduleTopResumedActivityChanged, onTop=false, r=ActivityRecord{ec0f1d6 u0 com.udry.app/.MainActivity t441}, caller=com.android.server.wm.ActivityTaskSupervisor.scheduleTopResumedActivityStateLossIfNeeded:11 com.android.server.wm.ActivityTaskSupervisor.updateTopResumedActivityIfNeeded:19 com.android.server.wm.TaskFragment.setResumedActivity:29 com.android.server.wm.ActivityRecord.setState:95 com.android.server.wm.TaskFragment.startPausing$1:210 com.android.server.wm.TaskFragment.resumeTopActivity:681 
2025-11-02 12:41:54.778   695-780   HYPER-HAL               ven...amsung.hardware.hyper-service  I  [RequestManager.cpp]releaseLocked(): Released ID : 6109262
2025-11-02 12:41:54.779  1027-1027  OlafRestriction         system_server                        D   olaf state update: state=true
2025-11-02 12:41:54.779  1027-1027  OlafRestriction         system_server                        D   trigger onRestrictionStateChanged.
2025-11-02 12:41:54.780  1027-2137  WindowManager           system_server                        V  Collecting in transition 562: ActivityRecord{e4c2f98 u0 com.android.chrome/com.google.android.apps.chrome.IntentDispatcher t441}, caller=com.android.server.wm.Transition.collectExistenceChange:42 com.android.server.wm.ActivityStarter.handleStartResult:523 com.android.server.wm.ActivityStarter.startActivityUnchecked:653 com.android.server.wm.ActivityStarter.executeRequest:3397 com.android.server.wm.ActivityStarter.execute:1122 
