2025-10-09 22:52:23.881  2242-4273  Finsky                  com.android.vending                  I  [137] SCH: jobFinished: 10-73. TimeElapsed: 15ms.
2025-10-09 22:52:23.882  2242-4273  Finsky                  com.android.vending                  I  [137] WM::SCH: Logging work end for 10-73
2025-10-09 22:52:23.887  2242-2242  Finsky                  com.android.vending                  I  [2] SCH: Job 10-82 starting
2025-10-09 22:52:23.887  2242-2242  Finsky                  com.android.vending                  I  [2] WM::SCH: Logging work start for 10-82
2025-10-09 22:52:23.897  2242-2522  Finsky                  com.android.vending                  I  [60] App not installed com.android.hardware.threadnetwork
2025-10-09 22:52:23.897  2242-2522  Finsky                  com.android.vending                  W  [60] Frosting: Failed to get Frosting Creation Time for com.android.hardware.threadnetwork. Error: com.android.hardware.threadnetwork
2025-10-09 22:52:23.909   421-2351  android.ha...mpl.ranchu android.hardware.audio.service       D  threadLoop: entering standby, frames: 298112
2025-10-09 22:52:23.910   421-2351  android.ha...mpl.ranchu android.hardware.audio.service       D  ~TinyalsaSink: joining consumeThread
2025-10-09 22:52:23.911   421-4229  android.ha...mpl.ranchu android.hardware.audio.service       D  consumeThread: exiting
2025-10-09 22:52:23.911   421-2351  android.ha...mpl.ranchu android.hardware.audio.service       D  ~TinyalsaSink: stopping PCM stream
2025-10-09 22:52:23.960  2242-2242  Finsky                  com.android.vending                  I  [2] SCH: Job 10-87 starting
2025-10-09 22:52:23.960  2242-2242  Finsky                  com.android.vending                  I  [2] WM::SCH: Logging work start for 10-87
2025-10-09 22:52:23.960  2242-2242  Finsky                  com.android.vending                  I  [2] [PLUS] Hygiene sync job starting...
2025-10-09 22:52:23.981  2242-2504  Finsky                  com.android.vending                  I  [56] [PLUS] Adding payload case=22
2025-10-09 22:52:23.983  1469-1734  .apps.wellbeing         com.google.android.apps.wellbeing    I  AssetManager2(0xb400007c944145d8) locale list changing from [] to [en-US]
2025-10-09 22:52:23.983  2578-2848  nativeloader            com.google.android.gms.unstable      D  Load /data/user/0/com.google.android.gms/app_dg_cache/D5583938AC07AB01341C09B59F6EB0390B43134F/the.apk!/libd89AA30D1D435.so using isolated ns clns-15 (caller=/data/user/0/com.google.android.gms/app_dg_cache/D5583938AC07AB01341C09B59F6EB0390B43134F/the.apk): ok
2025-10-09 22:52:23.993  1516-2403  MediaProvider           com...ndroid.providers.media.module  I  Scanned internal due to REASON_MOUNTED, found 227 items in 32754ms, 0 inserts 7 updates 0 deletes
2025-10-09 22:52:23.996  1230-1323  NearbyConnections       com.google.android.gms.persistent    I  Client (101274232) 0p:com.google.android.gms.magictether.nearby disconnecting
2025-10-09 22:52:24.020  1469-1734  .apps.wellbeing         com.google.android.apps.wellbeing    I  AssetManager2(0xb400007c944174b8) locale list changing from [] to [en-US]
2025-10-09 22:52:24.021  1230-1323  Nearby                  com.google.android.gms.persistent    I  (REDACTED) Successfully shutdown executor %s.
2025-10-09 22:52:24.027  1469-1734  .apps.wellbeing         com.google.android.apps.wellbeing    I  AssetManager2(0xb400007c94413958) locale list changing from [] to [en-US]
2025-10-09 22:52:24.068  1722-2444  Icing                   com.google.android.gms               I  Indexing done com.google.android.gms-apps
2025-10-09 22:52:24.082  1230-1864  NearbyConnections       com.google.android.gms.persistent    I  Because they unbound from our service, all state for client 101274232 will now be cleaned up.
2025-10-09 22:52:24.085  1469-1734  .apps.wellbeing         com.google.android.apps.wellbeing    I  AssetManager2(0xb400007c944161f8) locale list changing from [] to [en-US]
2025-10-09 22:52:24.088  1469-1734  .apps.wellbeing         com.google.android.apps.wellbeing    I  AssetManager2(0xb400007c94423998) locale list changing from [] to [en-US]
2025-10-09 22:52:24.093  1469-1734  .apps.wellbeing         com.google.android.apps.wellbeing    I  AssetManager2(0xb400007c94425298) locale list changing from [] to [en-US]
2025-10-09 22:52:24.097  1469-1734  .apps.wellbeing         com.google.android.apps.wellbeing    I  AssetManager2(0xb400007c944223b8) locale list changing from [] to [en-US]
2025-10-09 22:52:24.099  1469-1734  .apps.wellbeing         com.google.android.apps.wellbeing    I  AssetManager2(0xb400007c944210f8) locale list changing from [] to [en-US]
2025-10-09 22:52:24.099  1469-1734  .apps.wellbeing         com.google.android.apps.wellbeing    I  AssetManager2(0xb400007c94412698) locale list changing from [] to [en-US]
2025-10-09 22:52:24.100  2242-2522  Finsky                  com.android.vending                  I  [60] App not installed com.android.hardware.vibrator
2025-10-09 22:52:24.100  2242-2522  Finsky                  com.android.vending                  W  [60] Frosting: Failed to get Frosting Creation Time for com.android.hardware.vibrator. Error: com.android.hardware.vibrator
2025-10-09 22:52:24.102  1469-1734  .apps.wellbeing         com.google.android.apps.wellbeing    I  AssetManager2(0xb400007c94427b38) locale list changing from [] to [en-US]
2025-10-09 22:52:24.102  1722-1727  gle.android.gms         com.google.android.gms               W  Suspending all threads took: 207.236ms
2025-10-09 22:52:24.105  1722-1722  43-CredManRegistrationM com.google.android.gms               I  (REDACTED) [%s][%s] Success to register credentials
2025-10-09 22:52:24.106  1722-2444  Icing                   com.google.android.gms               I  Indexing com.google.android.gms-apps from com.google.android.gms
2025-10-09 22:52:24.114  1469-1734  .apps.wellbeing         com.google.android.apps.wellbeing    I  AssetManager2(0xb400007c94412378) locale list changing from [] to [en-US]
2025-10-09 22:52:24.130  1469-1734  .apps.wellbeing         com.google.android.apps.wellbeing    I  AssetManager2(0xb400007c9440db98) locale list changing from [] to [en-US]
2025-10-09 22:52:24.133  1469-1734  .apps.wellbeing         com.google.android.apps.wellbeing    I  AssetManager2(0xb400007c94418138) locale list changing from [] to [en-US]
2025-10-09 22:52:24.134  1722-3972  gle.android.gms         com.google.android.gms               W  Weak pointer dereference blocked for 27 milliseconds.
2025-10-09 22:52:24.135  1469-1734  .apps.wellbeing         com.google.android.apps.wellbeing    I  AssetManager2(0xb400007c94411d38) locale list changing from [] to [en-US]
2025-10-09 22:52:24.143  1469-1734  .apps.wellbeing         com.google.android.apps.wellbeing    I  AssetManager2(0xb400007c94412ff8) locale list changing from [] to [en-US]
2025-10-09 22:52:24.152  1469-1734  .apps.wellbeing         com.google.android.apps.wellbeing    I  AssetManager2(0xb400007c94415258) locale list changing from [] to [en-US]
2025-10-09 22:52:24.154  2242-2522  Finsky                  com.android.vending                  I  [60] App not installed com.google.android.widevine.nonupdatable
2025-10-09 22:52:24.154  2242-2522  Finsky                  com.android.vending                  W  [60] Frosting: Failed to get Frosting Creation Time for com.google.android.widevine.nonupdatable. Error: com.google.android.widevine.nonupdatable
2025-10-09 22:52:24.158  1469-1734  .apps.wellbeing         com.google.android.apps.wellbeing    I  AssetManager2(0xb400007c94419718) locale list changing from [] to [en-US]
2025-10-09 22:52:24.166  1469-1734  .apps.wellbeing         com.google.android.apps.wellbeing    I  AssetManager2(0xb400007c94417e18) locale list changing from [] to [en-US]
2025-10-09 22:52:24.172  1469-1734  .apps.wellbeing         com.google.android.apps.wellbeing    I  AssetManager2(0xb400007c9441c918) locale list changing from [] to [en-US]
2025-10-09 22:52:24.177  2242-2504  EGL_emulation           com.android.vending                  I  Opening libGLESv1_CM_emulation.so
2025-10-09 22:52:24.177  1722-2444  Icing                   com.google.android.gms               I  Indexing done com.google.android.gms-apps
2025-10-09 22:52:24.178  1516-2403  MediaProvider           com...ndroid.providers.media.module  V  attachVolume() called for external_primary with state:null
2025-10-09 22:52:24.179  2242-2504  EGL_emulation           com.android.vending                  I  Opening libGLESv2_emulation.so
2025-10-09 22:52:24.187  1722-2294  Configuration           com.google.android.gms               V  Updating configuration, locales updated from [] to [en_US]
2025-10-09 22:52:24.189  1722-2294  gle.android.gms         com.google.android.gms               I  AssetManager2(0xb400007c94428ad8) locale list changing from [] to [en-US]
2025-10-09 22:52:24.225  1469-1734  .apps.wellbeing         com.google.android.apps.wellbeing    I  AssetManager2(0xb400007c94415578) locale list changing from [] to [en-US]
2025-10-09 22:52:24.248  1469-1734  .apps.wellbeing         com.google.android.apps.wellbeing    I  AssetManager2(0xb400007c9441c5f8) locale list changing from [] to [en-US]
2025-10-09 22:52:24.277   634-1932  FileUtils               system_server                        D  Rounded bytes from 2070859776 to 4000000000
2025-10-09 22:52:24.285  1469-1734  .apps.wellbeing         com.google.android.apps.wellbeing    I  AssetManager2(0xb400007c9441bfb8) locale list changing from [] to [en-US]
2025-10-09 22:52:24.301  1469-1734  .apps.wellbeing         com.google.android.apps.wellbeing    I  AssetManager2(0xb400007c9441b338) locale list changing from [] to [en-US]
2025-10-09 22:52:24.313  1469-1734  .apps.wellbeing         com.google.android.apps.wellbeing    I  AssetManager2(0xb400007c9441cf58) locale list changing from [] to [en-US]
2025-10-09 22:52:24.315  1469-1734  .apps.wellbeing         com.google.android.apps.wellbeing    I  AssetManager2(0xb400007c9441b978) locale list changing from [] to [en-US]
2025-10-09 22:52:24.321  1469-1734  .apps.wellbeing         com.google.android.apps.wellbeing    I  AssetManager2(0xb400007c9441def8) locale list changing from [] to [en-US]
2025-10-09 22:52:24.329  1230-4034  .gms.persistent         com.google.android.gms.persistent    W  Verification of void m.bx.<clinit>() took 289.864ms (103.50 bytecodes/s) (0B arena alloc)
2025-10-09 22:52:24.343  1469-1734  .apps.wellbeing         com.google.android.apps.wellbeing    I  AssetManager2(0xb400007c94421418) locale list changing from [] to [en-US]
2025-10-09 22:52:24.349  1469-1734  .apps.wellbeing         com.google.android.apps.wellbeing    I  AssetManager2(0xb400007c9441f7f8) locale list changing from [] to [en-US]
2025-10-09 22:52:24.365  1469-1734  .apps.wellbeing         com.google.android.apps.wellbeing    I  AssetManager2(0xb400007c9441e218) locale list changing from [] to [en-US]
2025-10-09 22:52:24.379  1469-1734  .apps.wellbeing         com.google.android.apps.wellbeing    I  AssetManager2(0xb400007c9441d8b8) locale list changing from [] to [en-US]
2025-10-09 22:52:24.384  1469-1734  .apps.wellbeing         com.google.android.apps.wellbeing    I  AssetManager2(0xb400007c94420478) locale list changing from [] to [en-US]
2025-10-09 22:52:24.385  1469-1734  .apps.wellbeing         com.google.android.apps.wellbeing    I  AssetManager2(0xb400007c9441e538) locale list changing from [] to [en-US]
2025-10-09 22:52:24.388  1722-2294  Configuration           com.google.android.gms               V  Updating configuration, locales updated from [] to [en_US]
2025-10-09 22:52:24.390  1469-1734  .apps.wellbeing         com.google.android.apps.wellbeing    I  AssetManager2(0xb400007c9441f1b8) locale list changing from [] to [en-US]
2025-10-09 22:52:24.391  1722-2294  gle.android.gms         com.google.android.gms               I  AssetManager2(0xb400007c9441acf8) locale list changing from [] to [en-US]
2025-10-09 22:52:24.394  1469-1734  .apps.wellbeing         com.google.android.apps.wellbeing    I  AssetManager2(0xb400007c94420798) locale list changing from [] to [en-US]
2025-10-09 22:52:24.394  1469-1734  .apps.wellbeing         com.google.android.apps.wellbeing    I  AssetManager2(0xb400007c9441dbd8) locale list changing from [] to [en-US]
2025-10-09 22:52:24.399  1469-1734  .apps.wellbeing         com.google.android.apps.wellbeing    I  AssetManager2(0xb400007c9441b018) locale list changing from [] to [en-US]
2025-10-09 22:52:24.404  1469-1734  .apps.wellbeing         com.google.android.apps.wellbeing    I  AssetManager2(0xb400007c9441acf8) locale list changing from [] to [en-US]
2025-10-09 22:52:24.411  1469-1734  .apps.wellbeing         com.google.android.apps.wellbeing    I  AssetManager2(0xb400007c9441f4d8) locale list changing from [] to [en-US]
2025-10-09 22:52:24.420  1469-1734  .apps.wellbeing         com.google.android.apps.wellbeing    I  AssetManager2(0xb400007c9441c2d8) locale list changing from [] to [en-US]
2025-10-09 22:52:24.424  1469-1734  .apps.wellbeing         com.google.android.apps.wellbeing    I  AssetManager2(0xb400007c94420ab8) locale list changing from [] to [en-US]
2025-10-09 22:52:24.541  4282-4282  dumpsys                 dumpsys                              W  Thread Pool max thread count is 0. Cannot cache binder as linkToDeath cannot be implemented. serviceName: window
2025-10-09 22:52:24.551  1469-1734  .apps.wellbeing         com.google.android.apps.wellbeing    I  AssetManager2(0xb400007c944229f8) locale list changing from [] to [en-US]
2025-10-09 22:52:24.552  1469-1734  .apps.wellbeing         com.google.android.apps.wellbeing    I  AssetManager2(0xb400007c94427818) locale list changing from [] to [en-US]
2025-10-09 22:52:24.566  1469-1734  .apps.wellbeing         com.google.android.apps.wellbeing    I  AssetManager2(0xb400007c94424c58) locale list changing from [] to [en-US]
2025-10-09 22:52:24.570  2242-2525  Finsky                  com.android.vending                  I  [62] [PLUS] Adding payload case=9
2025-10-09 22:52:24.570  2242-2525  Finsky                  com.android.vending                  I  [62] [PLUS] Adding payload case=8
2025-10-09 22:52:24.570  2242-2525  Finsky                  com.android.vending                  I  [62] [PLUS] Adding payload case=10
2025-10-09 22:52:24.571  2242-2525  Finsky                  com.android.vending                  I  [62] [PLUS] Adding payload case=11
2025-10-09 22:52:24.571  2242-2525  Finsky                  com.android.vending                  I  [62] [PLUS] Adding payload case=12
2025-10-09 22:52:24.571  2242-2525  Finsky                  com.android.vending                  I  [62] [PLUS] Adding payload case=13
2025-10-09 22:52:24.571  2242-2525  Finsky                  com.android.vending                  I  [62] [PLUS] Adding payload case=14
2025-10-09 22:52:24.571  2242-2525  Finsky                  com.android.vending                  I  [62] [PLUS] Adding payload case=15
2025-10-09 22:52:24.571  2242-2525  Finsky                  com.android.vending                  I  [62] [PLUS] Adding payload case=16
2025-10-09 22:52:24.571  2242-2525  Finsky                  com.android.vending                  I  [62] [PLUS] Adding payload case=17
2025-10-09 22:52:24.571  2242-2525  Finsky                  com.android.vending                  I  [62] [PLUS] Adding payload case=18
2025-10-09 22:52:24.571  2242-2525  Finsky                  com.android.vending                  I  [62] [PLUS] Adding payload case=19
2025-10-09 22:52:24.571  2242-2525  Finsky                  com.android.vending                  I  [62] [PLUS] Adding payload case=20
2025-10-09 22:52:24.571  2242-2525  Finsky                  com.android.vending                  I  [62] [PLUS] Adding payload case=21
2025-10-09 22:52:24.571  2242-2525  Finsky                  com.android.vending                  I  [62] [PLUS] Adding payload case=24
2025-10-09 22:52:24.571  2242-2525  Finsky                  com.android.vending                  I  [62] [PLUS] Adding payload case=34
2025-10-09 22:52:24.585  2242-2525  Finsky                  com.android.vending                  I  [62] [PLUS] Syncing for users with urgency above: HYGIENE
2025-10-09 22:52:24.609  2242-2525  Finsky                  com.android.vending                  I  [62] [PLUS] Syncing 1 train(s)
2025-10-09 22:52:24.612  2578-3816  libc                    com.google.android.gms.unstable      W  Access denied finding property "persist.adb.tls_server.enable"
2025-10-09 22:52:24.625  1469-1734  .apps.wellbeing         com.google.android.apps.wellbeing    I  AssetManager2(0xb400007c94423cb8) locale list changing from [] to [en-US]
2025-10-09 22:52:24.608  2578-2578  binder:2578_5           com.google.android.gms.unstable      W  type=1400 audit(0.0:135): avc:  denied  { read } for  name="u:object_r:system_adbd_prop:s0" dev="tmpfs" ino=325 scontext=u:r:gmscore_app:s0:c512,c768 tcontext=u:object_r:system_adbd_prop:s0 tclass=file permissive=0 app=com.google.android.gms
2025-10-09 22:52:24.636  2242-2525  Finsky                  com.android.vending                  I  [62] [PLUS] Sending payloads for account: [2fKVkThB4QBVOwc88U06EJ4S6Yyqenathz2XlaLEUMg]
2025-10-09 22:52:24.647  4286-4286  dumpsys                 dumpsys                              W  Thread Pool max thread count is 0. Cannot cache binder as linkToDeath cannot be implemented. serviceName: user
2025-10-09 22:52:24.666  1469-1734  .apps.wellbeing         com.google.android.apps.wellbeing    I  AssetManager2(0xb400007c94422d18) locale list changing from [] to [en-US]
2025-10-09 22:52:24.672  1722-1722  BoundBrokerSvc          com.google.android.gms               D  onUnbind: Intent { act=com.google.android.mobstore.service.START xflg=0x4 pkg=com.google.android.gms }
2025-10-09 22:52:24.684   634-1696  libc                    system_server                        W  Access denied finding property "persist.debug.user_mode_emulation"
2025-10-09 22:52:24.680   634-634   binder:634_12           system_server                        W  type=1400 audit(0.0:136): avc:  denied  { read } for  name="u:object_r:system_user_mode_emulation_prop:s0" dev="tmpfs" ino=333 scontext=u:r:system_server:s0 tcontext=u:object_r:system_user_mode_emulation_prop:s0 tclass=file permissive=0
2025-10-09 22:52:24.690  2242-2522  Finsky                  com.android.vending                  I  [60] App not installed com.android.hardware.contexthub
2025-10-09 22:52:24.690  2242-2522  Finsky                  com.android.vending                  W  [60] Frosting: Failed to get Frosting Creation Time for com.android.hardware.contexthub. Error: com.android.hardware.contexthub
2025-10-09 22:52:24.695   634-1696  UserSystem...eInstaller system_server                        V  dumpPackageWhitelistProblems(): using mode d
2025-10-09 22:52:24.699  1230-4034  .gms.persistent         com.google.android.gms.persistent    W  Verification of void m.bx.<init>(m.bx) took 282.751ms (608.31 bytecodes/s) (0B arena alloc)
2025-10-09 22:52:24.704  1469-1734  .apps.wellbeing         com.google.android.apps.wellbeing    I  AssetManager2(0xb400007c94424f78) locale list changing from [] to [en-US]
2025-10-09 22:52:24.716  2242-2522  Finsky                  com.android.vending                  I  [60] App not installed com.android.hardware.authsecret
2025-10-09 22:52:24.716  2242-2522  Finsky                  com.android.vending                  W  [60] Frosting: Failed to get Frosting Creation Time for com.android.hardware.authsecret. Error: com.android.hardware.authsecret
2025-10-09 22:52:24.717  1469-1734  .apps.wellbeing         com.google.android.apps.wellbeing    I  AssetManager2(0xb400007c94426eb8) locale list changing from [] to [en-US]
2025-10-09 22:52:24.724   634-653   IPCThreadState          system_server                        W  Sending oneway calls to frozen process.
2025-10-09 22:52:24.739   634-653   IPCThreadState          system_server                        W  Sending oneway calls to frozen process.
2025-10-09 22:52:24.740   634-653   IPCThreadState          system_server                        W  Sending oneway calls to frozen process.
2025-10-09 22:52:24.741  1230-1230  GservicesProvider       com.google.android.gms.persistent    I  override update completed
2025-10-09 22:52:24.770  1722-1722  ChimeraProxyRslvr       com.google.android.gms               W  No registered Chimera impl for com.google.android.gms.backup.GmsBackupStatusChangeReceiver
2025-10-09 22:52:24.770  1722-1722  ChimeraRcvrProxy        com.google.android.gms               E  com.google.android.gms.backup.GmsBackupStatusChangeReceiver dropping broadcast com.google.gservices.intent.action.GSERVICES_CHANGED
2025-10-09 22:52:24.771  3247-3247  JobInfo                 com.google.android.partnersetup      W  Job 'com.google.android.partnersetup/.AppHidingJobService#12288' has a deadline with no functional constraints. The deadline won't improve job execution latency. Consider removing the deadline.
2025-10-09 22:52:24.771   634-1696  JobInfo                 system_server                        W  Job 'com.google.android.partnersetup/.AppHidingJobService#12288' has a deadline with no functional constraints. The deadline won't improve job execution latency. Consider removing the deadline.
2025-10-09 22:52:24.773  1469-1734  .apps.wellbeing         com.google.android.apps.wellbeing    I  AssetManager2(0xb400007c944258d8) locale list changing from [] to [en-US]
2025-10-09 22:52:24.776  3247-3247  JobInfo                 com.google.android.partnersetup      W  Job 'com.google.android.partnersetup/.ClientIdJobService#8192' has a deadline with no functional constraints. The deadline won't improve job execution latency. Consider removing the deadline.
2025-10-09 22:52:24.776   634-917   JobInfo                 system_server                        W  Job 'com.google.android.partnersetup/.ClientIdJobService#8192' has a deadline with no functional constraints. The deadline won't improve job execution latency. Consider removing the deadline.
2025-10-09 22:52:24.780  2001-4288  stetho                  com.google.android.apps.messaging    W  I/O error: java.io.IOException: No matching handler, firstByte=71
2025-10-09 22:52:24.782  1722-2294  Configuration           com.google.android.gms               V  Updating configuration, locales updated from [] to [en_US]
2025-10-09 22:52:24.782  1722-2294  gle.android.gms         com.google.android.gms               I  AssetManager2(0xb400007c94421a58) locale list changing from [] to [en-US]
2025-10-09 22:52:24.784  1469-1734  .apps.wellbeing         com.google.android.apps.wellbeing    I  AssetManager2(0xb400007c94423358) locale list changing from [] to [en-US]
2025-10-09 22:52:24.791  2001-4289  stetho                  com.google.android.apps.messaging    W  I/O error: java.io.IOException: No matching handler, firstByte=71
2025-10-09 22:52:24.799  1469-1734  .apps.wellbeing         com.google.android.apps.wellbeing    I  AssetManager2(0xb400007c94421738) locale list changing from [] to [en-US]
2025-10-09 22:52:24.810  1469-1734  .apps.wellbeing         com.google.android.apps.wellbeing    I  AssetManager2(0xb400007c94424618) locale list changing from [] to [en-US]
2025-10-09 22:52:24.814  1469-1734  .apps.wellbeing         com.google.android.apps.wellbeing    I  AssetManager2(0xb400007c94428498) locale list changing from [] to [en-US]
2025-10-09 22:52:24.815  1469-1734  .apps.wellbeing         com.google.android.apps.wellbeing    I  AssetManager2(0xb400007c94428178) locale list changing from [] to [en-US]
2025-10-09 22:52:24.816  1469-1734  .apps.wellbeing         com.google.android.apps.wellbeing    I  AssetManager2(0xb400007c94423038) locale list changing from [] to [en-US]
2025-10-09 22:52:24.816  1469-1734  .apps.wellbeing         com.google.android.apps.wellbeing    I  AssetManager2(0xb400007c94428ad8) locale list changing from [] to [en-US]
2025-10-09 22:52:24.818  1469-1734  .apps.wellbeing         com.google.android.apps.wellbeing    I  AssetManager2(0xb400007c94428df8) locale list changing from [] to [en-US]
2025-10-09 22:52:24.822  1469-1734  .apps.wellbeing         com.google.android.apps.wellbeing    I  AssetManager2(0xb400007c94421d78) locale list changing from [] to [en-US]
2025-10-09 22:52:24.822   634-1691  JobScheduler            system_server                        W  Job didn't exist in JobStore: fcbc2d0 #u0a140/8192 com.google.android.partnersetup/.ClientIdJobService
2025-10-09 22:52:24.826  1469-1734  .apps.wellbeing         com.google.android.apps.wellbeing    I  AssetManager2(0xb400007c944242f8) locale list changing from [] to [en-US]
2025-10-09 22:52:24.835  1469-1734  .apps.wellbeing         com.google.android.apps.wellbeing    I  AssetManager2(0xb400007c944271d8) locale list changing from [] to [en-US]
2025-10-09 22:52:24.841  1469-1734  .apps.wellbeing         com.google.android.apps.wellbeing    I  AssetManager2(0xb400007c94423678) locale list changing from [] to [en-US]
2025-10-09 22:52:24.853  2242-2478  Finsky                  com.android.vending                  I  [49] SCH: jobFinished: 10-82. TimeElapsed: 966ms.
2025-10-09 22:52:24.853  2242-2478  Finsky                  com.android.vending                  I  [49] WM::SCH: Logging work end for 10-82
2025-10-09 22:52:24.855  1469-1734  .apps.wellbeing         com.google.android.apps.wellbeing    I  AssetManager2(0xb400007c944255b8) locale list changing from [] to [en-US]
2025-10-09 22:52:24.858  2242-2522  Finsky                  com.android.vending                  I  [60] App not installed com.android.apex.cts.shim
2025-10-09 22:52:24.858  2242-2522  Finsky                  com.android.vending                  W  [60] Frosting: Failed to get Frosting Creation Time for com.android.apex.cts.shim. Error: com.android.apex.cts.shim
2025-10-09 22:52:24.888  2242-2242  Finsky                  com.android.vending                  I  [2] SCH: Job 10-98 starting
2025-10-09 22:52:24.888  2242-2242  Finsky                  com.android.vending                  I  [2] WM::SCH: Logging work start for 10-98
2025-10-09 22:52:24.893  2242-4294  Finsky                  com.android.vending                  I  [138] SCH: jobFinished: 10-98. TimeElapsed: 4ms.
2025-10-09 22:52:24.893  2242-4294  Finsky                  com.android.vending                  I  [138] WM::SCH: Logging work end for 10-98
2025-10-09 22:52:24.907  2242-2242  Finsky                  com.android.vending                  I  [2] SCH: Job 10-107 starting
2025-10-09 22:52:24.908  2242-2242  Finsky                  com.android.vending                  I  [2] WM::SCH: Logging work start for 10-107
2025-10-09 22:52:24.910  2242-2242  Finsky                  com.android.vending                  I  [2] Running reliable app usage stats job
2025-10-09 22:52:24.918  2242-2522  Finsky                  com.android.vending                  I  [60] App not installed com.android.hardware.thermal
2025-10-09 22:52:24.918  2242-2522  Finsky                  com.android.vending                  W  [60] Frosting: Failed to get Frosting Creation Time for com.android.hardware.thermal. Error: com.android.hardware.thermal
2025-10-09 22:52:24.927  1230-3869  Auth                    com.google.android.gms.persistent    I  [AuthManaged, PasswordComplexityHelperImpl] Updating password complexity components state.
2025-10-09 22:52:24.927  1230-3869  Auth                    com.google.android.gms.persistent    I  [AuthManaged, PasswordComplexityHelperImpl] Disabling com.google.android.gms.auth.managed.admin.DeviceAdminReceiver
2025-10-09 22:52:24.930  1230-3869  Auth                    com.google.android.gms.persistent    I  [AuthManaged, PasswordComplexityHelperImpl] Disabling com.google.android.gms.auth.managed.ui.SetNewPasswordActivity
2025-10-09 22:52:24.955  1722-1722  43-CredManRegistrationM com.google.android.gms               I  (REDACTED) [%s][%s] Success to register credentials
2025-10-09 22:52:24.958   634-1927  Configuration           system_server                        V  Updating configuration, locales updated from [] to [en_US]
2025-10-09 22:52:24.959   634-1927  Configuration           system_server                        V  Updating configuration, locales updated from [] to [en_US]
2025-10-09 22:52:24.959   634-1927  Configuration           system_server                        V  Updating configuration, locales updated from [] to [en_US]
2025-10-09 22:52:24.960   634-1927  IntervalStats           system_server                        D  Unable to parse usage stats packages: [232]
2025-10-09 22:52:25.009  1590-4290  stetho                  com...le.android.apps.messaging:rcs  W  I/O error: java.io.IOException: No matching handler, firstByte=71
2025-10-09 22:52:25.018   634-1651  TaskPersister           system_server                        E  File error accessing recents directory (directory doesn't exist?).
2025-10-09 22:52:25.018  2242-2242  Finsky                  com.android.vending                  I  [2] [PLUS] Received response
2025-10-09 22:52:25.028  2242-2479  Finsky                  com.android.vending                  I  [50] [PLUS] Successfully updated PayloadValueStore
2025-10-09 22:52:25.029  2242-2504  Finsky                  com.android.vending                  I  [56] [PLUS] Sync complete, number synced: 1, number failed: 0
2025-10-09 22:52:25.031  2242-2504  Finsky                  com.android.vending                  E  [56] [Counters] attempted to use a non-positive increment for: 3703
2025-10-09 22:52:25.031  2242-2504  Finsky                  com.android.vending                  I  [56] [PLUS] Hygiene sync job success.
2025-10-09 22:52:25.031  2242-2504  Finsky                  com.android.vending                  I  [56] SCH: jobFinished: 10-87. TimeElapsed: 1071ms.
2025-10-09 22:52:25.031  2242-2504  Finsky                  com.android.vending                  I  [56] WM::SCH: Logging work end for 10-87
2025-10-09 22:52:25.039  1590-4297  stetho                  com...le.android.apps.messaging:rcs  W  I/O error: java.io.IOException: No matching handler, firstByte=71
2025-10-09 22:52:25.045  1516-1522  FuseDaemon              com...ndroid.providers.media.module  W  Suspending all threads took: 7.960ms
2025-10-09 22:52:25.046  1469-1734  .apps.wellbeing         com.google.android.apps.wellbeing    I  AssetManager2(0xb400007c94429118) locale list changing from [] to [en-US]
2025-10-09 22:52:25.053  2242-2242  Finsky                  com.android.vending                  I  [2] SCH: Job 10-113 starting
2025-10-09 22:52:25.054  2242-2242  Finsky                  com.android.vending                  I  [2] WM::SCH: Logging work start for 10-113
2025-10-09 22:52:25.066  1469-1734  .apps.wellbeing         com.google.android.apps.wellbeing    I  AssetManager2(0xb400007c944274f8) locale list changing from [] to [en-US]
2025-10-09 22:52:25.068  1230-1864  Nearby                  com.google.android.gms.persistent    I  (REDACTED) Successfully shutdown executor %s.
2025-10-09 22:52:25.070  1536-1545  ogle.android.as         com.google.android.as                W  Suspending all threads took: 1.344s
2025-10-09 22:52:25.080  1469-1734  .apps.wellbeing         com.google.android.apps.wellbeing    I  AssetManager2(0xb400007c94425bf8) locale list changing from [] to [en-US]
2025-10-09 22:52:25.081  2242-2504  Finsky                  com.android.vending                  I  [56] SCH: jobFinished: 10-113. TimeElapsed: 27ms.
2025-10-09 22:52:25.081  2242-2504  Finsky                  com.android.vending                  I  [56] WM::SCH: Logging work end for 10-113
2025-10-09 22:52:25.086  2242-2525  Finsky                  com.android.vending                  I  [62] Finished reliable app usage stats job
2025-10-09 22:52:25.088  1722-1727  gle.android.gms         com.google.android.gms               W  Suspending all threads took: 50.463ms
2025-10-09 22:52:25.091  2242-2525  Finsky                  com.android.vending                  I  [62] SCH: jobFinished: 10-107. TimeElapsed: 182ms.
2025-10-09 22:52:25.095  2242-2525  Finsky                  com.android.vending                  I  [62] WM::SCH: Logging work end for 10-107
2025-10-09 22:52:25.099  1469-1734  .apps.wellbeing         com.google.android.apps.wellbeing    I  AssetManager2(0xb400007c94422098) locale list changing from [] to [en-US]
2025-10-09 22:52:25.106  1722-2294  Configuration           com.google.android.gms               V  Updating configuration, locales updated from [] to [en_US]
2025-10-09 22:52:25.109  1230-1632  GLSUser                 com.google.android.gms.persistent    W  [DeviceKeyStore] Cannot load key: Device key file not found.
2025-10-09 22:52:25.110  2242-2242  Finsky                  com.android.vending                  I  [2] SCH: Job 10-116 starting
2025-10-09 22:52:25.111  2242-2242  Finsky                  com.android.vending                  I  [2] WM::SCH: Logging work start for 10-116
2025-10-09 22:52:25.112  1469-1734  .apps.wellbeing         com.google.android.apps.wellbeing    I  AssetManager2(0xb400007c9442b698) locale list changing from [] to [en-US]
2025-10-09 22:52:25.113  2242-2242  Finsky                  com.android.vending                  I  [2] DSC:getDownloads()
2025-10-09 22:52:25.121  2612-2742  Finsky:background       com.android.vending:background       I  [55] DS: getDownloads()
2025-10-09 22:52:25.140  2242-2242  Finsky                  com.android.vending                  I  [2] SCH: Job 10-122 starting
2025-10-09 22:52:25.140  2242-2242  Finsky                  com.android.vending                  I  [2] WM::SCH: Logging work start for 10-122
2025-10-09 22:52:25.141  1469-1734  .apps.wellbeing         com.google.android.apps.wellbeing    I  AssetManager2(0xb400007c9442d2b8) locale list changing from [] to [en-US]
2025-10-09 22:52:25.149  1722-1722  43-CredManRegistrationM com.google.android.gms               I  (REDACTED) [%s][%s] Success to register credentials
2025-10-09 22:52:25.149  1722-2294  gle.android.gms         com.google.android.gms               I  AssetManager2(0xb400007c94419d58) locale list changing from [] to [en-US]
2025-10-09 22:52:25.156   634-726   ActivityManager         system_server                        D  freezing 3042 com.google.android.apps.restore
2025-10-09 22:52:25.157   634-791   InetDiagMessage         system_server                        D  Destroyed 0 sockets, proto=IPPROTO_TCP, family=AF_INET, states=14
2025-10-09 22:52:25.157   634-791   InetDiagMessage         system_server                        D  Destroyed 0 sockets, proto=IPPROTO_TCP, family=AF_INET6, states=14
2025-10-09 22:52:25.157   634-791   InetDiagMessage         system_server                        D  Destroyed live tcp sockets for uids={10137} in 0ms
2025-10-09 22:52:25.165  1469-1734  .apps.wellbeing         com.google.android.apps.wellbeing    I  AssetManager2(0xb400007c9442c958) locale list changing from [] to [en-US]
2025-10-09 22:52:25.169  2242-2595  Finsky                  com.android.vending                  I  [96] SCH: jobFinished: 10-116. TimeElapsed: 59ms.
2025-10-09 22:52:25.171  2242-2595  Finsky                  com.android.vending                  I  [96] WM::SCH: Logging work end for 10-116
2025-10-09 22:52:25.180  1230-2514  .gms.persistent         com.google.android.gms.persistent    I  AssetManager2(0xb400007c9441dbd8) locale list changing from [] to [en-US]
2025-10-09 22:52:25.181  1722-1722  43-CredManRegistrationM com.google.android.gms               I  (REDACTED) [%s][%s] Success to register credentials
2025-10-09 22:52:25.186   634-1771  BiometricService        system_server                        D  Sensor ID(0), oemStrength: 15, updatedStrength: 15, modality 2, state: 0, cookie: 0, sensorId 0, hasEnrollments: false cannot participate in Keystore operations
2025-10-09 22:52:25.186  2242-2242  Finsky                  com.android.vending                  I  [2] SCH: Job 10-127 starting
2025-10-09 22:52:25.186  2242-2242  Finsky                  com.android.vending                  I  [2] WM::SCH: Logging work start for 10-127
2025-10-09 22:52:25.186  2242-2242  Finsky                  com.android.vending                  I  [2] Start swapping the Market Deeplink handling activity.
2025-10-09 22:52:25.191  2242-2504  Finsky                  com.android.vending                  I  [56] Set component com.android.vending/com.google.android.finsky.activities.MarketDeepLinkHandlerActivity enabled state to 0
2025-10-09 22:52:25.194  1230-1864  Nearby                  com.google.android.gms.persistent    I  (REDACTED) Successfully shutdown executor %s.
2025-10-09 22:52:25.195  2242-2504  Finsky                  com.android.vending                  I  [56] Set component com.android.vending/com.google.android.finsky.transparentmainactivity.TransparentMainActivity enabled state to 0
2025-10-09 22:52:25.202  2242-2504  Finsky                  com.android.vending                  I  [56] SCH: jobFinished: 10-127. TimeElapsed: 16ms.
2025-10-09 22:52:25.205  1469-1734  .apps.wellbeing         com.google.android.apps.wellbeing    I  AssetManager2(0xb400007c9442d8f8) locale list changing from [] to [en-US]
2025-10-09 22:52:25.208  2242-2504  Finsky                  com.android.vending                  I  [56] WM::SCH: Logging work end for 10-127
2025-10-09 22:52:25.211  2242-2460  Finsky                  com.android.vending                  I  [41] SCH: jobFinished: 10-122. TimeElapsed: 70ms.
2025-10-09 22:52:25.212  2242-2460  Finsky                  com.android.vending                  I  [41] WM::SCH: Logging work end for 10-122
2025-10-09 22:52:25.228  2242-2242  Finsky                  com.android.vending                  I  [2] SCH: Job 10-130 starting
2025-10-09 22:52:25.230  2242-2242  Finsky                  com.android.vending                  I  [2] SCH: Job 10-131 starting
2025-10-09 22:52:25.230  2242-2242  Finsky                  com.android.vending                  I  [2] WM::SCH: Logging work start for 10-130
2025-10-09 22:52:25.233  2242-2525  Finsky                  com.android.vending                  I  [62] Gservices Disk: calling write to disk
2025-10-09 22:52:25.233  2242-2242  Finsky                  com.android.vending                  I  [2] WM::SCH: Logging work start for 10-131
2025-10-09 22:52:25.240  1469-1734  .apps.wellbeing         com.google.android.apps.wellbeing    I  AssetManager2(0xb400007c9442bcd8) locale list changing from [] to [en-US]
2025-10-09 22:52:25.245  2242-2504  Finsky                  com.android.vending                  I  [56] Running play integrity cleaner.
2025-10-09 22:52:25.247  2242-2479  Finsky                  com.android.vending                  I  [50] Old intermediate tokens deleted successfully.
2025-10-09 22:52:25.247  2242-2504  Finsky                  com.android.vending                  I  [56] SCH: jobFinished: 10-131. TimeElapsed: 14ms.
2025-10-09 22:52:25.247  2242-2504  Finsky                  com.android.vending                  I  [56] WM::SCH: Logging work end for 10-131
2025-10-09 22:52:25.249  1722-2294  Configuration           com.google.android.gms               V  Updating configuration, locales updated from [] to [en_US]
2025-10-09 22:52:25.250  1722-2294  gle.android.gms         com.google.android.gms               I  AssetManager2(0xb400007c9442d8f8) locale list changing from [] to [en-US]
2025-10-09 22:52:25.252  1469-1734  .apps.wellbeing         com.google.android.apps.wellbeing    I  AssetManager2(0xb400007c94429758) locale list changing from [] to [en-US]
2025-10-09 22:52:25.262  2242-2525  Finsky                  com.android.vending                  I  [62] SCH: jobFinished: 10-130. TimeElapsed: 32ms.
2025-10-09 22:52:25.262  2242-2525  Finsky                  com.android.vending                  I  [62] WM::SCH: Logging work end for 10-130
2025-10-09 22:52:25.267  2242-2242  Finsky                  com.android.vending                  I  [2] SCH: Job 10-135 starting
2025-10-09 22:52:25.267  2242-2242  Finsky                  com.android.vending                  I  [2] WM::SCH: Logging work start for 10-135
2025-10-09 22:52:25.267  2242-2242  Finsky                  com.android.vending                  I  [2] SUHJ: self-update hygiene task started
2025-10-09 22:52:25.270  1469-1734  .apps.wellbeing         com.google.android.apps.wellbeing    I  AssetManager2(0xb400007c9442f1f8) locale list changing from [] to [en-US]
2025-10-09 22:52:25.282  2242-2242  Finsky                  com.android.vending                  I  [2] SCH: Job 10-139 starting
2025-10-09 22:52:25.282  2242-2242  Finsky                  com.android.vending                  I  [2] WM::SCH: Logging work start for 10-139
2025-10-09 22:52:25.282  2242-2242  Finsky                  com.android.vending                  I  [2] [WM] Starting Hygiene job.
2025-10-09 22:52:25.289  1469-1734  .apps.wellbeing         com.google.android.apps.wellbeing    I  AssetManager2(0xb400007c9442e258) locale list changing from [] to [en-US]
2025-10-09 22:52:25.290  2242-2242  AdvertisingIdClient     com.android.vending                  I  getting error as 17: API: ClientTelemetry.API is not available on this device. Connection failed with: ConnectionResult{statusCode=API_DISABLED_FOR_CONNECTION, resolution=null, message=null, clientMethodKey=null}
2025-10-09 22:52:25.297  1230-1230  BoundBrokerSvc          com.google.android.gms.persistent    D  onBind: Intent { act=com.google.android.gms.apperrors.service.START_APP_ERROR dat=chimera-action:/... xflg=0x4 cmp=com.google.android.gms/.chimera.PersistentApiService }
2025-10-09 22:52:25.297  1230-1230  BoundBrokerSvc          com.google.android.gms.persistent    D  Loading bound service for intent: Intent { act=com.google.android.gms.apperrors.service.START_APP_ERROR dat=chimera-action:/... xflg=0x4 cmp=com.google.android.gms/.chimera.PersistentApiService }
2025-10-09 22:52:25.299  2242-4301  Finsky                  com.android.vending                  I  [139] [WM] Flush complete with 1 successes and 0 failures.
2025-10-09 22:52:25.300  2242-4301  Finsky                  com.android.vending                  I  [139] SCH: jobFinished: 10-139. TimeElapsed: 18ms.
2025-10-09 22:52:25.300  2242-4301  Finsky                  com.android.vending                  I  [139] WM::SCH: Logging work end for 10-139
2025-10-09 22:52:25.305  2242-2262  android.vending         com.android.vending                  W  Missing inline cache for java.lang.Object nkr.apply(java.lang.Object)
2025-10-09 22:52:25.306  2242-2262  android.vending         com.android.vending                  W  Missing inline cache for java.lang.Object nkr.apply(java.lang.Object)
2025-10-09 22:52:25.306  2242-2262  android.vending         com.android.vending                  W  Missing inline cache for java.lang.Object nkr.apply(java.lang.Object)
2025-10-09 22:52:25.306  2242-2262  android.vending         com.android.vending                  W  Missing inline cache for java.lang.Object nkr.apply(java.lang.Object)
2025-10-09 22:52:25.306  2242-2262  android.vending         com.android.vending                  W  Missing inline cache for java.lang.Object nkr.apply(java.lang.Object)
2025-10-09 22:52:25.306  2242-2262  android.vending         com.android.vending                  W  Missing inline cache for java.lang.Object nkr.apply(java.lang.Object)
2025-10-09 22:52:25.306  2242-2262  android.vending         com.android.vending                  W  Missing inline cache for java.lang.Object nkr.apply(java.lang.Object)
2025-10-09 22:52:25.306  2242-2262  android.vending         com.android.vending                  W  Missing inline cache for java.lang.Object nkr.apply(java.lang.Object)
2025-10-09 22:52:25.308  2242-2242  Finsky                  com.android.vending                  I  [2] SCH: Job 10-142 starting
2025-10-09 22:52:25.308  2242-2242  Finsky                  com.android.vending                  I  [2] WM::SCH: Logging work start for 10-142
2025-10-09 22:52:25.308  2242-2242  Finsky                  com.android.vending                  I  [2] [SD] Pruning expired sku details cache entries.
2025-10-09 22:52:25.317  1230-1864  Nearby                  com.google.android.gms.persistent    I  (REDACTED) Successfully shutdown executor %s.
2025-10-09 22:52:25.317  1230-1864  Nearby                  com.google.android.gms.persistent    I  (REDACTED) Successfully shutdown executor %s.
2025-10-09 22:52:25.317  1230-1864  Nearby                  com.google.android.gms.persistent    I  (REDACTED) Successfully shutdown executor %s.
2025-10-09 22:52:25.317  1230-1864  Nearby                  com.google.android.gms.persistent    I  (REDACTED) Successfully shutdown executor %s.
2025-10-09 22:52:25.317  1230-1864  Nearby                  com.google.android.gms.persistent    I  (REDACTED) Successfully shutdown executor %s.
2025-10-09 22:52:25.317  1230-1864  Nearby                  com.google.android.gms.persistent    I  (REDACTED) Successfully shutdown executor %s.
2025-10-09 22:52:25.317  1230-1864  Nearby                  com.google.android.gms.persistent    I  (REDACTED) Successfully shutdown executor %s.
2025-10-09 22:52:25.324  1469-1734  .apps.wellbeing         com.google.android.apps.wellbeing    I  AssetManager2(0xb400007c9442e578) locale list changing from [] to [en-US]
2025-10-09 22:52:25.328  1469-1734  .apps.wellbeing         com.google.android.apps.wellbeing    I  AssetManager2(0xb400007c9442b058) locale list changing from [] to [en-US]
2025-10-09 22:52:25.335  1469-1734  .apps.wellbeing         com.google.android.apps.wellbeing    I  AssetManager2(0xb400007c9442f518) locale list changing from [] to [en-US]
2025-10-09 22:52:25.344  1469-1734  .apps.wellbeing         com.google.android.apps.wellbeing    I  AssetManager2(0xb400007c9442bff8) locale list changing from [] to [en-US]
2025-10-09 22:52:25.348  1469-1734  .apps.wellbeing         com.google.android.apps.wellbeing    I  AssetManager2(0xb400007c9442cf98) locale list changing from [] to [en-US]
2025-10-09 22:52:25.351  2242-2504  Finsky                  com.android.vending                  I  [56] [SD] Finished pruning expired sku details cache entries.
2025-10-09 22:52:25.353  2242-2522  Finsky                  com.android.vending                  I  [60] App not installed com.android.hardware.uwb
2025-10-09 22:52:25.353  2242-2522  Finsky                  com.android.vending                  W  [60] Frosting: Failed to get Frosting Creation Time for com.android.hardware.uwb. Error: com.android.hardware.uwb
2025-10-09 22:52:25.357  2242-2504  Finsky                  com.android.vending                  I  [56] SCH: jobFinished: 10-142. TimeElapsed: 49ms.
2025-10-09 22:52:25.360  2242-2504  Finsky                  com.android.vending                  I  [56] WM::SCH: Logging work end for 10-142
2025-10-09 22:52:25.360  1469-1734  .apps.wellbeing         com.google.android.apps.wellbeing    I  AssetManager2(0xb400007c9442b378) locale list changing from [] to [en-US]
2025-10-09 22:52:25.371  2242-2242  Finsky                  com.android.vending                  I  [2] SCH: Job 10-146 starting
2025-10-09 22:52:25.371  2242-2242  Finsky                  com.android.vending                  I  [2] WM::SCH: Logging work start for 10-146
2025-10-09 22:52:25.373  2242-2525  Finsky                  com.android.vending                  I  [62] SCH: jobFinished: 10-146. TimeElapsed: 1ms.
2025-10-09 22:52:25.375  2242-2525  Finsky                  com.android.vending                  I  [62] WM::SCH: Logging work end for 10-146
2025-10-09 22:52:25.380  1469-1734  .apps.wellbeing         com.google.android.apps.wellbeing    I  AssetManager2(0xb400007c94429d98) locale list changing from [] to [en-US]
2025-10-09 22:52:25.386  2242-2242  Finsky                  com.android.vending                  I  [2] SCH: Job 10-152 starting
2025-10-09 22:52:25.386  2242-2242  Finsky                  com.android.vending                  I  [2] WM::SCH: Logging work start for 10-152
2025-10-09 22:52:25.386  2242-2242  Finsky                  com.android.vending                  I  [2] Running cubes cleanup hygeine job.
2025-10-09 22:52:25.390   634-1114  FileUtils               system_server                        D  Rounded bytes from 2070859776 to 4000000000
2025-10-09 22:52:25.393  2242-2525  Finsky                  com.android.vending                  I  [62] Device not eligible for Cubes or not an active user. Skipping cubes cleanup hygiene job.
2025-10-09 22:52:25.395  2242-2525  Finsky                  com.android.vending                  I  [62] Finished cubes cleanup hygeine job.
2025-10-09 22:52:25.395  2242-2525  Finsky                  com.android.vending                  I  [62] SCH: jobFinished: 10-152. TimeElapsed: 10ms.
2025-10-09 22:52:25.395  2242-2525  Finsky                  com.android.vending                  I  [62] WM::SCH: Logging work end for 10-152
2025-10-09 22:52:25.400  1722-2294  Configuration           com.google.android.gms               V  Updating configuration, locales updated from [] to [en_US]
2025-10-09 22:52:25.405  2242-2242  Finsky                  com.android.vending                  I  [2] SCH: Job 10-162 starting
2025-10-09 22:52:25.405  2242-2242  Finsky                  com.android.vending                  I  [2] WM::SCH: Logging work start for 10-162
2025-10-09 22:52:25.405  2242-2242  Finsky                  com.android.vending                  I  [2] IQ::HLD: Check if we have an active install holdoff we should resolve.
2025-10-09 22:52:25.405  2242-2242  Finsky                  com.android.vending                  I  [2] IQ::HLD: Get the following profiles from PauseUpdatesProfilesValueStore [].
2025-10-09 22:52:25.406  2242-2242  Finsky                  com.android.vending                  I  [2] IQ::HLD: No holdoff check needed - no pausing profiles on device.
