2025-11-01 15:26:00.906 24942-24942 View                    com.udry.app                         I  setRequestedFrameRate frameRate=24.921497, this=com.getcapacitor.CapacitorWebView{4391d49 VFEDHVC.. .F...... 0,0-1080,2109 #7f0901c2 app:id/webview aid=1073741824}, caller=WV.ef.b:1 WV.fg.h:118 WV.fg.onDraw:7 com.android.webview.chromium.WebViewChromium.onDraw:35 android.webkit.WebView.onDraw:2959 
2025-11-01 15:26:00.956 24942-24942 View                    com.udry.app                         I  setRequestedFrameRate frameRate=24.921497, this=com.getcapacitor.CapacitorWebView{4391d49 VFEDHVC.. .F...... 0,0-1080,2109 #7f0901c2 app:id/webview aid=1073741824}, caller=WV.ef.b:1 WV.fg.h:118 WV.fg.onDraw:7 com.android.webview.chromium.WebViewChromium.onDraw:35 android.webkit.WebView.onDraw:2959 
2025-11-01 15:26:00.991 24942-24942 View                    com.udry.app                         I  setRequestedFrameRate frameRate=24.921497, this=com.getcapacitor.CapacitorWebView{4391d49 VFEDHVC.. .F...... 0,0-1080,2109 #7f0901c2 app:id/webview aid=1073741824}, caller=WV.ef.b:1 WV.fg.h:118 WV.fg.onDraw:7 com.android.webview.chromium.WebViewChromium.onDraw:35 android.webkit.WebView.onDraw:2959 
2025-11-01 15:26:01.038 24942-24942 View                    com.udry.app                         I  setRequestedFrameRate frameRate=24.921497, this=com.getcapacitor.CapacitorWebView{4391d49 VFEDHVC.. .F...... 0,0-1080,2109 #7f0901c2 app:id/webview aid=1073741824}, caller=WV.ef.b:1 WV.fg.h:118 WV.fg.onDraw:7 com.android.webview.chromium.WebViewChromium.onDraw:35 android.webkit.WebView.onDraw:2959 
2025-11-01 15:26:01.072 24942-24942 View                    com.udry.app                         I  setRequestedFrameRate frameRate=24.921497, this=com.getcapacitor.CapacitorWebView{4391d49 VFEDHVC.. .F...... 0,0-1080,2109 #7f0901c2 app:id/webview aid=1073741824}, caller=WV.ef.b:1 WV.fg.h:118 WV.fg.onDraw:7 com.android.webview.chromium.WebViewChromium.onDraw:35 android.webkit.WebView.onDraw:2959 
2025-11-01 15:26:01.106 24942-24942 View                    com.udry.app                         I  setRequestedFrameRate frameRate=24.921497, this=com.getcapacitor.CapacitorWebView{4391d49 VFEDHVC.. .F...... 0,0-1080,2109 #7f0901c2 app:id/webview aid=1073741824}, caller=WV.ef.b:1 WV.fg.h:118 WV.fg.onDraw:7 com.android.webview.chromium.WebViewChromium.onDraw:35 android.webkit.WebView.onDraw:2959 
2025-11-01 15:26:01.156 24942-24942 View                    com.udry.app                         I  setRequestedFrameRate frameRate=24.921497, this=com.getcapacitor.CapacitorWebView{4391d49 VFEDHVC.. .F...... 0,0-1080,2109 #7f0901c2 app:id/webview aid=1073741824}, caller=WV.ef.b:1 WV.fg.h:118 WV.fg.onDraw:7 com.android.webview.chromium.WebViewChromium.onDraw:35 android.webkit.WebView.onDraw:2959 
2025-11-01 15:26:01.190 24942-24942 View                    com.udry.app                         I  setRequestedFrameRate frameRate=24.921497, this=com.getcapacitor.CapacitorWebView{4391d49 VFEDHVC.. .F...... 0,0-1080,2109 #7f0901c2 app:id/webview aid=1073741824}, caller=WV.ef.b:1 WV.fg.h:118 WV.fg.onDraw:7 com.android.webview.chromium.WebViewChromium.onDraw:35 android.webkit.WebView.onDraw:2959 
2025-11-01 15:26:01.240 24942-24942 View                    com.udry.app                         I  setRequestedFrameRate frameRate=24.921497, this=com.getcapacitor.CapacitorWebView{4391d49 VFEDHVC.. .F...... 0,0-1080,2109 #7f0901c2 app:id/webview aid=1073741824}, caller=WV.ef.b:1 WV.fg.h:118 WV.fg.onDraw:7 com.android.webview.chromium.WebViewChromium.onDraw:35 android.webkit.WebView.onDraw:2959 
2025-11-01 15:26:01.272 24942-24942 View                    com.udry.app                         I  setRequestedFrameRate frameRate=24.921497, this=com.getcapacitor.CapacitorWebView{4391d49 VFEDHVC.. .F...... 0,0-1080,2109 #7f0901c2 app:id/webview aid=1073741824}, caller=WV.ef.b:1 WV.fg.h:118 WV.fg.onDraw:7 com.android.webview.chromium.WebViewChromium.onDraw:35 android.webkit.WebView.onDraw:2959 
2025-11-01 15:26:01.321 24942-24942 View                    com.udry.app                         I  setRequestedFrameRate frameRate=24.921497, this=com.getcapacitor.CapacitorWebView{4391d49 VFEDHVC.. .F...... 0,0-1080,2109 #7f0901c2 app:id/webview aid=1073741824}, caller=WV.ef.b:1 WV.fg.h:118 WV.fg.onDraw:7 com.android.webview.chromium.WebViewChromium.onDraw:35 android.webkit.WebView.onDraw:2959 
2025-11-01 15:26:01.372 24942-24942 View                    com.udry.app                         I  setRequestedFrameRate frameRate=24.921497, this=com.getcapacitor.CapacitorWebView{4391d49 VFEDHVC.. .F...... 0,0-1080,2109 #7f0901c2 app:id/webview aid=1073741824}, caller=WV.ef.b:1 WV.fg.h:118 WV.fg.onDraw:7 com.android.webview.chromium.WebViewChromium.onDraw:35 android.webkit.WebView.onDraw:2959 
2025-11-01 15:26:01.423 24942-24942 View                    com.udry.app                         I  setRequestedFrameRate frameRate=24.921497, this=com.getcapacitor.CapacitorWebView{4391d49 VFEDHVC.. .F...... 0,0-1080,2109 #7f0901c2 app:id/webview aid=1073741824}, caller=WV.ef.b:1 WV.fg.h:118 WV.fg.onDraw:7 com.android.webview.chromium.WebViewChromium.onDraw:35 android.webkit.WebView.onDraw:2959 
2025-11-01 15:26:01.472 24942-24942 View                    com.udry.app                         I  setRequestedFrameRate frameRate=19.954504, this=com.getcapacitor.CapacitorWebView{4391d49 VFEDHVC.. .F...... 0,0-1080,2109 #7f0901c2 app:id/webview aid=1073741824}, caller=WV.ef.b:1 WV.fg.h:118 WV.fg.onDraw:7 com.android.webview.chromium.WebViewChromium.onDraw:35 android.webkit.WebView.onDraw:2959 
2025-11-01 15:26:01.522 24942-24942 View                    com.udry.app                         I  setRequestedFrameRate frameRate=19.954504, this=com.getcapacitor.CapacitorWebView{4391d49 VFEDHVC.. .F...... 0,0-1080,2109 #7f0901c2 app:id/webview aid=1073741824}, caller=WV.ef.b:1 WV.fg.h:118 WV.fg.onDraw:7 com.android.webview.chromium.WebViewChromium.onDraw:35 android.webkit.WebView.onDraw:2959 
2025-11-01 15:26:01.574 24942-24942 View                    com.udry.app                         I  setRequestedFrameRate frameRate=19.954504, this=com.getcapacitor.CapacitorWebView{4391d49 VFEDHVC.. .F...... 0,0-1080,2109 #7f0901c2 app:id/webview aid=1073741824}, caller=WV.ef.b:1 WV.fg.h:118 WV.fg.onDraw:7 com.android.webview.chromium.WebViewChromium.onDraw:35 android.webkit.WebView.onDraw:2959 
2025-11-01 15:26:01.622 24942-24942 View                    com.udry.app                         I  setRequestedFrameRate frameRate=24.920256, this=com.getcapacitor.CapacitorWebView{4391d49 VFEDHVC.. .F...... 0,0-1080,2109 #7f0901c2 app:id/webview aid=1073741824}, caller=WV.ef.b:1 WV.fg.h:118 WV.fg.onDraw:7 com.android.webview.chromium.WebViewChromium.onDraw:35 android.webkit.WebView.onDraw:2959 
2025-11-01 15:26:01.673 24942-24942 View                    com.udry.app                         I  setRequestedFrameRate frameRate=24.920256, this=com.getcapacitor.CapacitorWebView{4391d49 VFEDHVC.. .F...... 0,0-1080,2109 #7f0901c2 app:id/webview aid=1073741824}, caller=WV.ef.b:1 WV.fg.h:118 WV.fg.onDraw:7 com.android.webview.chromium.WebViewChromium.onDraw:35 android.webkit.WebView.onDraw:2959 
2025-11-01 15:26:01.723 24942-24942 View                    com.udry.app                         I  setRequestedFrameRate frameRate=24.920256, this=com.getcapacitor.CapacitorWebView{4391d49 VFEDHVC.. .F...... 0,0-1080,2109 #7f0901c2 app:id/webview aid=1073741824}, caller=WV.ef.b:1 WV.fg.h:118 WV.fg.onDraw:7 com.android.webview.chromium.WebViewChromium.onDraw:35 android.webkit.WebView.onDraw:2959 
2025-11-01 15:26:01.773 24942-24942 View                    com.udry.app                         I  setRequestedFrameRate frameRate=19.954105, this=com.getcapacitor.CapacitorWebView{4391d49 VFEDHVC.. .F...... 0,0-1080,2109 #7f0901c2 app:id/webview aid=1073741824}, caller=WV.ef.b:1 WV.fg.h:118 WV.fg.onDraw:7 com.android.webview.chromium.WebViewChromium.onDraw:35 android.webkit.WebView.onDraw:2959 
2025-11-01 15:26:01.807 24942-24942 BLASTBufferQueue_Java   com.udry.app                         I  update, w= 1080 h= 2340 mName = VRI[MainActivity]@e83e19b mNativeObject= 0xb400007bb11c0600 sc.mNativeObject= 0xb400007bb1053b40 format= -1 caller= android.view.ViewRootImpl.updateBlastSurfaceIfNeeded:3386 android.view.ViewRootImpl.relayoutWindow:11361 android.view.ViewRootImpl.performTraversals:4544 android.view.ViewRootImpl.doTraversal:3708 android.view.ViewRootImpl$TraversalRunnable.run:12542 android.view.Choreographer$CallbackRecord.run:1751 
2025-11-01 15:26:01.808 24942-24942 VRI[MainAc...y]@e83e19b com.udry.app                         I  Relayout returned: old=(0,0,1080,2340) new=(0,0,1080,2340) relayoutAsync=true req=(1080,2340)0 dur=1 res=0x0 s={true 0xb400007baa159800} ch=false seqId=0
2025-11-01 15:26:01.822 24942-24942 VRI[MainAc...y]@e83e19b com.udry.app                         I  registerCallbackForPendingTransactions
2025-11-01 15:26:01.823 24942-24942 View                    com.udry.app                         I  setRequestedFrameRate frameRate=19.954105, this=com.getcapacitor.CapacitorWebView{4391d49 VFEDHVC.. .F...... 0,0-1080,2109 #7f0901c2 app:id/webview aid=1073741824}, caller=WV.ef.b:1 WV.fg.h:118 WV.fg.onDraw:7 com.android.webview.chromium.WebViewChromium.onDraw:35 android.webkit.WebView.onDraw:2959 
2025-11-01 15:26:01.826 24942-25083 VRI[MainAc...y]@e83e19b com.udry.app                         I  mWNT: t=0xb400007a7f18e600 mBlastBufferQueue=0xb400007bb11c0600 fn= 7733 HdrRenderState mRenderHdrSdrRatio=1.0 caller= android.view.ViewRootImpl$9.onFrameDraw:6276 android.view.ViewRootImpl$3.onFrameDraw:2440 android.view.ThreadedRenderer$1.onFrameDraw:761 
2025-11-01 15:26:01.873 24942-24942 View                    com.udry.app                         I  setRequestedFrameRate frameRate=19.954105, this=com.getcapacitor.CapacitorWebView{4391d49 VFEDHVC.. .F...... 0,0-1080,2109 #7f0901c2 app:id/webview aid=1073741824}, caller=WV.ef.b:1 WV.fg.h:118 WV.fg.onDraw:7 com.android.webview.chromium.WebViewChromium.onDraw:35 android.webkit.WebView.onDraw:2959 
2025-11-01 15:26:01.922 24942-24942 View                    com.udry.app                         I  setRequestedFrameRate frameRate=19.954105, this=com.getcapacitor.CapacitorWebView{4391d49 VFEDHVC.. .F...... 0,0-1080,2109 #7f0901c2 app:id/webview aid=1073741824}, caller=WV.ef.b:1 WV.fg.h:118 WV.fg.onDraw:7 com.android.webview.chromium.WebViewChromium.onDraw:35 android.webkit.WebView.onDraw:2959 
2025-11-01 15:26:01.990 24942-24942 View                    com.udry.app                         I  setRequestedFrameRate frameRate=19.954105, this=com.getcapacitor.CapacitorWebView{4391d49 VFEDHVC.. .F...... 0,0-1080,2109 #7f0901c2 app:id/webview aid=1073741824}, caller=WV.ef.b:1 WV.fg.h:118 WV.fg.onDraw:7 com.android.webview.chromium.WebViewChromium.onDraw:35 android.webkit.WebView.onDraw:2959 
2025-11-01 15:26:02.023 24942-24942 View                    com.udry.app                         I  setRequestedFrameRate frameRate=19.954105, this=com.getcapacitor.CapacitorWebView{4391d49 VFEDHVC.. .F...... 0,0-1080,2109 #7f0901c2 app:id/webview aid=1073741824}, caller=WV.ef.b:1 WV.fg.h:118 WV.fg.onDraw:7 com.android.webview.chromium.WebViewChromium.onDraw:35 android.webkit.WebView.onDraw:2959 
2025-11-01 15:26:02.072 24942-24942 View                    com.udry.app                         I  setRequestedFrameRate frameRate=19.954105, this=com.getcapacitor.CapacitorWebView{4391d49 VFEDHVC.. .F...... 0,0-1080,2109 #7f0901c2 app:id/webview aid=1073741824}, caller=WV.ef.b:1 WV.fg.h:118 WV.fg.onDraw:7 com.android.webview.chromium.WebViewChromium.onDraw:35 android.webkit.WebView.onDraw:2959 
2025-11-01 15:26:02.122 24942-24942 View                    com.udry.app                         I  setRequestedFrameRate frameRate=19.954105, this=com.getcapacitor.CapacitorWebView{4391d49 VFEDHVC.. .F...... 0,0-1080,2109 #7f0901c2 app:id/webview aid=1073741824}, caller=WV.ef.b:1 WV.fg.h:118 WV.fg.onDraw:7 com.android.webview.chromium.WebViewChromium.onDraw:35 android.webkit.WebView.onDraw:2959 
2025-11-01 15:26:02.173 24942-24942 View                    com.udry.app                         I  setRequestedFrameRate frameRate=19.954105, this=com.getcapacitor.CapacitorWebView{4391d49 VFEDHVC.. .F...... 0,0-1080,2109 #7f0901c2 app:id/webview aid=1073741824}, caller=WV.ef.b:1 WV.fg.h:118 WV.fg.onDraw:7 com.android.webview.chromium.WebViewChromium.onDraw:35 android.webkit.WebView.onDraw:2959 
2025-11-01 15:26:02.223 24942-24942 View                    com.udry.app                         I  setRequestedFrameRate frameRate=19.954105, this=com.getcapacitor.CapacitorWebView{4391d49 VFEDHVC.. .F...... 0,0-1080,2109 #7f0901c2 app:id/webview aid=1073741824}, caller=WV.ef.b:1 WV.fg.h:118 WV.fg.onDraw:7 com.android.webview.chromium.WebViewChromium.onDraw:35 android.webkit.WebView.onDraw:2959 
2025-11-01 15:26:02.272 24942-24942 View                    com.udry.app                         I  setRequestedFrameRate frameRate=19.954105, this=com.getcapacitor.CapacitorWebView{4391d49 VFEDHVC.. .F...... 0,0-1080,2109 #7f0901c2 app:id/webview aid=1073741824}, caller=WV.ef.b:1 WV.fg.h:118 WV.fg.onDraw:7 com.android.webview.chromium.WebViewChromium.onDraw:35 android.webkit.WebView.onDraw:2959 
2025-11-01 15:26:02.322 24942-24942 View                    com.udry.app                         I  setRequestedFrameRate frameRate=19.954105, this=com.getcapacitor.CapacitorWebView{4391d49 VFEDHVC.. .F...... 0,0-1080,2109 #7f0901c2 app:id/webview aid=1073741824}, caller=WV.ef.b:1 WV.fg.h:118 WV.fg.onDraw:7 com.android.webview.chromium.WebViewChromium.onDraw:35 android.webkit.WebView.onDraw:2959 
2025-11-01 15:26:02.373 24942-24942 View                    com.udry.app                         I  setRequestedFrameRate frameRate=19.954105, this=com.getcapacitor.CapacitorWebView{4391d49 VFEDHVC.. .F...... 0,0-1080,2109 #7f0901c2 app:id/webview aid=1073741824}, caller=WV.ef.b:1 WV.fg.h:118 WV.fg.onDraw:7 com.android.webview.chromium.WebViewChromium.onDraw:35 android.webkit.WebView.onDraw:2959 
2025-11-01 15:26:02.423 24942-24942 View                    com.udry.app                         I  setRequestedFrameRate frameRate=19.954105, this=com.getcapacitor.CapacitorWebView{4391d49 VFEDHVC.. .F...... 0,0-1080,2109 #7f0901c2 app:id/webview aid=1073741824}, caller=WV.ef.b:1 WV.fg.h:118 WV.fg.onDraw:7 com.android.webview.chromium.WebViewChromium.onDraw:35 android.webkit.WebView.onDraw:2959 
2025-11-01 15:26:02.490 24942-24942 View                    com.udry.app                         I  setRequestedFrameRate frameRate=19.954105, this=com.getcapacitor.CapacitorWebView{4391d49 VFEDHVC.. .F...... 0,0-1080,2109 #7f0901c2 app:id/webview aid=1073741824}, caller=WV.ef.b:1 WV.fg.h:118 WV.fg.onDraw:7 com.android.webview.chromium.WebViewChromium.onDraw:35 android.webkit.WebView.onDraw:2959 
2025-11-01 15:26:02.556 24942-24942 View                    com.udry.app                         I  setRequestedFrameRate frameRate=19.954105, this=com.getcapacitor.CapacitorWebView{4391d49 VFEDHVC.. .F...... 0,0-1080,2109 #7f0901c2 app:id/webview aid=1073741824}, caller=WV.ef.b:1 WV.fg.h:118 WV.fg.onDraw:7 com.android.webview.chromium.WebViewChromium.onDraw:35 android.webkit.WebView.onDraw:2959 
2025-11-01 15:26:02.605 24942-24942 View                    com.udry.app                         I  setRequestedFrameRate frameRate=16.639765, this=com.getcapacitor.CapacitorWebView{4391d49 VFEDHVC.. .F...... 0,0-1080,2109 #7f0901c2 app:id/webview aid=1073741824}, caller=WV.ef.b:1 WV.fg.h:118 WV.fg.onDraw:7 com.android.webview.chromium.WebViewChromium.onDraw:35 android.webkit.WebView.onDraw:2959 
2025-11-01 15:26:02.673 24942-24942 View                    com.udry.app                         I  setRequestedFrameRate frameRate=16.639765, this=com.getcapacitor.CapacitorWebView{4391d49 VFEDHVC.. .F...... 0,0-1080,2109 #7f0901c2 app:id/webview aid=1073741824}, caller=WV.ef.b:1 WV.fg.h:118 WV.fg.onDraw:7 com.android.webview.chromium.WebViewChromium.onDraw:35 android.webkit.WebView.onDraw:2959 
2025-11-01 15:26:02.741 24942-24942 View                    com.udry.app                         I  setRequestedFrameRate frameRate=16.639765, this=com.getcapacitor.CapacitorWebView{4391d49 VFEDHVC.. .F...... 0,0-1080,2109 #7f0901c2 app:id/webview aid=1073741824}, caller=WV.ef.b:1 WV.fg.h:118 WV.fg.onDraw:7 com.android.webview.chromium.WebViewChromium.onDraw:35 android.webkit.WebView.onDraw:2959 
2025-11-01 15:26:02.806 24942-24942 View                    com.udry.app                         I  setRequestedFrameRate frameRate=16.639765, this=com.getcapacitor.CapacitorWebView{4391d49 VFEDHVC.. .F...... 0,0-1080,2109 #7f0901c2 app:id/webview aid=1073741824}, caller=WV.ef.b:1 WV.fg.h:118 WV.fg.onDraw:7 com.android.webview.chromium.WebViewChromium.onDraw:35 android.webkit.WebView.onDraw:2959 
2025-11-01 15:26:02.857 24942-24942 View                    com.udry.app                         I  setRequestedFrameRate frameRate=16.639765, this=com.getcapacitor.CapacitorWebView{4391d49 VFEDHVC.. .F...... 0,0-1080,2109 #7f0901c2 app:id/webview aid=1073741824}, caller=WV.ef.b:1 WV.fg.h:118 WV.fg.onDraw:7 com.android.webview.chromium.WebViewChromium.onDraw:35 android.webkit.WebView.onDraw:2959 
2025-11-01 15:26:02.906 24942-24942 View                    com.udry.app                         I  setRequestedFrameRate frameRate=16.639765, this=com.getcapacitor.CapacitorWebView{4391d49 VFEDHVC.. .F...... 0,0-1080,2109 #7f0901c2 app:id/webview aid=1073741824}, caller=WV.ef.b:1 WV.fg.h:118 WV.fg.onDraw:7 com.android.webview.chromium.WebViewChromium.onDraw:35 android.webkit.WebView.onDraw:2959 
2025-11-01 15:26:02.972 24942-24942 View                    com.udry.app                         I  setRequestedFrameRate frameRate=16.639765, this=com.getcapacitor.CapacitorWebView{4391d49 VFEDHVC.. .F...... 0,0-1080,2109 #7f0901c2 app:id/webview aid=1073741824}, caller=WV.ef.b:1 WV.fg.h:118 WV.fg.onDraw:7 com.android.webview.chromium.WebViewChromium.onDraw:35 android.webkit.WebView.onDraw:2959 
2025-11-01 15:26:03.022 24942-24942 View                    com.udry.app                         I  setRequestedFrameRate frameRate=16.639765, this=com.getcapacitor.CapacitorWebView{4391d49 VFEDHVC.. .F...... 0,0-1080,2109 #7f0901c2 app:id/webview aid=1073741824}, caller=WV.ef.b:1 WV.fg.h:118 WV.fg.onDraw:7 com.android.webview.chromium.WebViewChromium.onDraw:35 android.webkit.WebView.onDraw:2959 
2025-11-01 15:26:03.090 24942-24942 View                    com.udry.app                         I  setRequestedFrameRate frameRate=16.639765, this=com.getcapacitor.CapacitorWebView{4391d49 VFEDHVC.. .F...... 0,0-1080,2109 #7f0901c2 app:id/webview aid=1073741824}, caller=WV.ef.b:1 WV.fg.h:118 WV.fg.onDraw:7 com.android.webview.chromium.WebViewChromium.onDraw:35 android.webkit.WebView.onDraw:2959 
2025-11-01 15:26:03.156 24942-24942 View                    com.udry.app                         I  setRequestedFrameRate frameRate=16.639765, this=com.getcapacitor.CapacitorWebView{4391d49 VFEDHVC.. .F...... 0,0-1080,2109 #7f0901c2 app:id/webview aid=1073741824}, caller=WV.ef.b:1 WV.fg.h:118 WV.fg.onDraw:7 com.android.webview.chromium.WebViewChromium.onDraw:35 android.webkit.WebView.onDraw:2959 
2025-11-01 15:26:03.224 24942-24942 View                    com.udry.app                         I  setRequestedFrameRate frameRate=16.639765, this=com.getcapacitor.CapacitorWebView{4391d49 VFEDHVC.. .F...... 0,0-1080,2109 #7f0901c2 app:id/webview aid=1073741824}, caller=WV.ef.b:1 WV.fg.h:118 WV.fg.onDraw:7 com.android.webview.chromium.WebViewChromium.onDraw:35 android.webkit.WebView.onDraw:2959 
2025-11-01 15:26:03.306 24942-24942 View                    com.udry.app                         I  setRequestedFrameRate frameRate=16.639765, this=com.getcapacitor.CapacitorWebView{4391d49 VFEDHVC.. .F...... 0,0-1080,2109 #7f0901c2 app:id/webview aid=1073741824}, caller=WV.ef.b:1 WV.fg.h:118 WV.fg.onDraw:7 com.android.webview.chromium.WebViewChromium.onDraw:35 android.webkit.WebView.onDraw:2959 
2025-11-01 15:26:03.392 24942-24942 View                    com.udry.app                         I  setRequestedFrameRate frameRate=16.639765, this=com.getcapacitor.CapacitorWebView{4391d49 VFEDHVC.. .F...... 0,0-1080,2109 #7f0901c2 app:id/webview aid=1073741824}, caller=WV.ef.b:1 WV.fg.h:118 WV.fg.onDraw:7 com.android.webview.chromium.WebViewChromium.onDraw:35 android.webkit.WebView.onDraw:2959 
2025-11-01 15:26:03.473 24942-24942 View                    com.udry.app                         I  setRequestedFrameRate frameRate=14.266353, this=com.getcapacitor.CapacitorWebView{4391d49 VFEDHVC.. .F...... 0,0-1080,2109 #7f0901c2 app:id/webview aid=1073741824}, caller=WV.ef.b:1 WV.fg.h:118 WV.fg.onDraw:7 com.android.webview.chromium.WebViewChromium.onDraw:35 android.webkit.WebView.onDraw:2959 
2025-11-01 15:26:03.522 24942-24942 View                    com.udry.app                         I  setRequestedFrameRate frameRate=14.266353, this=com.getcapacitor.CapacitorWebView{4391d49 VFEDHVC.. .F...... 0,0-1080,2109 #7f0901c2 app:id/webview aid=1073741824}, caller=WV.ef.b:1 WV.fg.h:118 WV.fg.onDraw:7 com.android.webview.chromium.WebViewChromium.onDraw:35 android.webkit.WebView.onDraw:2959 
2025-11-01 15:26:03.607 24942-24942 View                    com.udry.app                         I  setRequestedFrameRate frameRate=12.487668, this=com.getcapacitor.CapacitorWebView{4391d49 VFEDHVC.. .F...... 0,0-1080,2109 #7f0901c2 app:id/webview aid=1073741824}, caller=WV.ef.b:1 WV.fg.h:118 WV.fg.onDraw:7 com.android.webview.chromium.WebViewChromium.onDraw:35 android.webkit.WebView.onDraw:2959 
2025-11-01 15:26:03.690 24942-24942 View                    com.udry.app                         I  setRequestedFrameRate frameRate=12.487668, this=com.getcapacitor.CapacitorWebView{4391d49 VFEDHVC.. .F...... 0,0-1080,2109 #7f0901c2 app:id/webview aid=1073741824}, caller=WV.ef.b:1 WV.fg.h:118 WV.fg.onDraw:7 com.android.webview.chromium.WebViewChromium.onDraw:35 android.webkit.WebView.onDraw:2959 
2025-11-01 15:26:03.773 24942-24942 View                    com.udry.app                         I  setRequestedFrameRate frameRate=12.487668, this=com.getcapacitor.CapacitorWebView{4391d49 VFEDHVC.. .F...... 0,0-1080,2109 #7f0901c2 app:id/webview aid=1073741824}, caller=WV.ef.b:1 WV.fg.h:118 WV.fg.onDraw:7 com.android.webview.chromium.WebViewChromium.onDraw:35 android.webkit.WebView.onDraw:2959 
2025-11-01 15:26:03.842 24942-24942 View                    com.udry.app                         I  setRequestedFrameRate frameRate=12.487668, this=com.getcapacitor.CapacitorWebView{4391d49 VFEDHVC.. .F...... 0,0-1080,2109 #7f0901c2 app:id/webview aid=1073741824}, caller=WV.ef.b:1 WV.fg.h:118 WV.fg.onDraw:7 com.android.webview.chromium.WebViewChromium.onDraw:35 android.webkit.WebView.onDraw:2959 
2025-11-01 15:26:03.958 24942-24942 View                    com.udry.app                         I  setRequestedFrameRate frameRate=12.487668, this=com.getcapacitor.CapacitorWebView{4391d49 VFEDHVC.. .F...... 0,0-1080,2109 #7f0901c2 app:id/webview aid=1073741824}, caller=WV.ef.b:1 WV.fg.h:118 WV.fg.onDraw:7 com.android.webview.chromium.WebViewChromium.onDraw:35 android.webkit.WebView.onDraw:2959 
2025-11-01 15:26:04.056 24942-24942 View                    com.udry.app                         I  setRequestedFrameRate frameRate=12.487668, this=com.getcapacitor.CapacitorWebView{4391d49 VFEDHVC.. .F...... 0,0-1080,2109 #7f0901c2 app:id/webview aid=1073741824}, caller=WV.ef.b:1 WV.fg.h:118 WV.fg.onDraw:7 com.android.webview.chromium.WebViewChromium.onDraw:35 android.webkit.WebView.onDraw:2959 
2025-11-01 15:26:04.157 24942-24942 View                    com.udry.app                         I  setRequestedFrameRate frameRate=12.487668, this=com.getcapacitor.CapacitorWebView{4391d49 VFEDHVC.. .F...... 0,0-1080,2109 #7f0901c2 app:id/webview aid=1073741824}, caller=WV.ef.b:1 WV.fg.h:118 WV.fg.onDraw:7 com.android.webview.chromium.WebViewChromium.onDraw:35 android.webkit.WebView.onDraw:2959 
2025-11-01 15:26:04.274 24942-24942 View                    com.udry.app                         I  setRequestedFrameRate frameRate=9.993604, this=com.getcapacitor.CapacitorWebView{4391d49 VFEDHVC.. .F...... 0,0-1080,2109 #7f0901c2 app:id/webview aid=1073741824}, caller=WV.ef.b:1 WV.fg.h:118 WV.fg.onDraw:7 com.android.webview.chromium.WebViewChromium.onDraw:35 android.webkit.WebView.onDraw:2959 
2025-11-01 15:26:04.356 24942-24942 View                    com.udry.app                         I  setRequestedFrameRate frameRate=9.083477, this=com.getcapacitor.CapacitorWebView{4391d49 VFEDHVC.. .F...... 0,0-1080,2109 #7f0901c2 app:id/webview aid=1073741824}, caller=WV.ef.b:1 WV.fg.h:118 WV.fg.onDraw:7 com.android.webview.chromium.WebViewChromium.onDraw:35 android.webkit.WebView.onDraw:2959 
2025-11-01 15:26:04.455 24942-24942 View                    com.udry.app                         I  setRequestedFrameRate frameRate=9.990708, this=com.getcapacitor.CapacitorWebView{4391d49 VFEDHVC.. .F...... 0,0-1080,2109 #7f0901c2 app:id/webview aid=1073741824}, caller=WV.ef.b:1 WV.fg.h:118 WV.fg.onDraw:7 com.android.webview.chromium.WebViewChromium.onDraw:35 android.webkit.WebView.onDraw:2959 
2025-11-01 15:26:04.521 24942-24942 View                    com.udry.app                         I  setRequestedFrameRate frameRate=9.990708, this=com.getcapacitor.CapacitorWebView{4391d49 VFEDHVC.. .F...... 0,0-1080,2109 #7f0901c2 app:id/webview aid=1073741824}, caller=WV.ef.b:1 WV.fg.h:118 WV.fg.onDraw:7 com.android.webview.chromium.WebViewChromium.onDraw:35 android.webkit.WebView.onDraw:2959 
2025-11-01 15:26:04.605 24942-24942 View                    com.udry.app                         I  setRequestedFrameRate frameRate=9.990708, this=com.getcapacitor.CapacitorWebView{4391d49 VFEDHVC.. .F...... 0,0-1080,2109 #7f0901c2 app:id/webview aid=1073741824}, caller=WV.ef.b:1 WV.fg.h:118 WV.fg.onDraw:7 com.android.webview.chromium.WebViewChromium.onDraw:35 android.webkit.WebView.onDraw:2959 
2025-11-01 15:26:04.688 24942-24942 View                    com.udry.app                         I  setRequestedFrameRate frameRate=12.485174, this=com.getcapacitor.CapacitorWebView{4391d49 VFEDHVC.. .F...... 0,0-1080,2109 #7f0901c2 app:id/webview aid=1073741824}, caller=WV.ef.b:1 WV.fg.h:118 WV.fg.onDraw:7 com.android.webview.chromium.WebViewChromium.onDraw:35 android.webkit.WebView.onDraw:2959 
2025-11-01 15:26:04.772 24942-24942 View                    com.udry.app                         I  setRequestedFrameRate frameRate=12.485174, this=com.getcapacitor.CapacitorWebView{4391d49 VFEDHVC.. .F...... 0,0-1080,2109 #7f0901c2 app:id/webview aid=1073741824}, caller=WV.ef.b:1 WV.fg.h:118 WV.fg.onDraw:7 com.android.webview.chromium.WebViewChromium.onDraw:35 android.webkit.WebView.onDraw:2959 
2025-11-01 15:26:04.838 24942-24942 View                    com.udry.app                         I  setRequestedFrameRate frameRate=12.485174, this=com.getcapacitor.CapacitorWebView{4391d49 VFEDHVC.. .F...... 0,0-1080,2109 #7f0901c2 app:id/webview aid=1073741824}, caller=WV.ef.b:1 WV.fg.h:118 WV.fg.onDraw:7 com.android.webview.chromium.WebViewChromium.onDraw:35 android.webkit.WebView.onDraw:2959 
2025-11-01 15:26:04.886 24942-24995 Capacitor               com.udry.app                         D  Handling local request: https://localhost/bluetooth-selection-guide.png
2025-11-01 15:26:04.889 24942-24942 BLASTBufferQueue_Java   com.udry.app                         I  update, w= 1080 h= 2340 mName = VRI[MainActivity]@e83e19b mNativeObject= 0xb400007bb11c0600 sc.mNativeObject= 0xb400007bb1053b40 format= -1 caller= android.view.ViewRootImpl.updateBlastSurfaceIfNeeded:3386 android.view.ViewRootImpl.relayoutWindow:11361 android.view.ViewRootImpl.performTraversals:4544 android.view.ViewRootImpl.doTraversal:3708 android.view.ViewRootImpl$TraversalRunnable.run:12542 android.view.Choreographer$CallbackRecord.run:1751 
2025-11-01 15:26:04.889 24942-24942 VRI[MainAc...y]@e83e19b com.udry.app                         I  Relayout returned: old=(0,0,1080,2340) new=(0,0,1080,2340) relayoutAsync=true req=(1080,2340)0 dur=0 res=0x0 s={true 0xb400007baa159800} ch=false seqId=0
2025-11-01 15:26:04.889 24942-24942 VRI[MainAc...y]@e83e19b com.udry.app                         I  registerCallbackForPendingTransactions
2025-11-01 15:26:04.890 24942-24942 View                    com.udry.app                         I  setRequestedFrameRate frameRate=12.485174, this=com.getcapacitor.CapacitorWebView{4391d49 VFEDHVC.. .F...... 0,0-1080,2109 #7f0901c2 app:id/webview aid=1073741824}, caller=WV.ef.b:1 WV.fg.h:118 WV.fg.onDraw:7 com.android.webview.chromium.WebViewChromium.onDraw:35 android.webkit.WebView.onDraw:2959 
2025-11-01 15:26:04.893 24942-25084 VRI[MainAc...y]@e83e19b com.udry.app                         I  mWNT: t=0xb400007a7f190400 mBlastBufferQueue=0xb400007bb11c0600 fn= 7778 HdrRenderState mRenderHdrSdrRatio=1.0 caller= android.view.ViewRootImpl$9.onFrameDraw:6276 android.view.ViewRootImpl$3.onFrameDraw:2440 android.view.ThreadedRenderer$1.onFrameDraw:761 
2025-11-01 15:26:04.908 24942-24942 View                    com.udry.app                         I  setRequestedFrameRate frameRate=12.485174, this=com.getcapacitor.CapacitorWebView{4391d49 VFEDHVC.. .F...... 0,0-1080,2109 #7f0901c2 app:id/webview aid=1073741824}, caller=WV.ef.b:1 WV.fg.h:118 WV.fg.onDraw:7 com.android.webview.chromium.WebViewChromium.onDraw:35 android.webkit.WebView.onDraw:2959 
2025-11-01 15:26:05.017 24942-24942 View                    com.udry.app                         I  setRequestedFrameRate frameRate=-4.0, this=com.getcapacitor.CapacitorWebView{4391d49 VFEDHVC.. .F...... 0,0-1080,2109 #7f0901c2 app:id/webview aid=1073741824}, caller=WV.ef.b:1 WV.fg.h:118 WV.fg.onDraw:7 com.android.webview.chromium.WebViewChromium.onDraw:35 android.webkit.WebView.onDraw:2959 
2025-11-01 15:26:05.032 24942-24953 CameraManagerGlobal     com.udry.app                         I  Camera 2 facing CAMERA_FACING_BACK state now CAMERA_STATE_IDLE for client com.udry.app API Level 2 User Id 0Device Id 0
2025-11-01 15:26:05.052 24942-24957 CameraManagerGlobal     com.udry.app                         I  postSingleUpdate device: camera id 2 status STATUS_PRESENT
2025-11-01 15:26:05.053 24942-24957 CameraManagerGlobal     com.udry.app                         I  Camera 2 facing CAMERA_FACING_BACK state now CAMERA_STATE_CLOSED for client com.udry.app API Level 2 User Id 0Device Id 0
2025-11-01 15:26:05.076 24942-24942 View                    com.udry.app                         I  setRequestedFrameRate frameRate=-4.0, this=com.getcapacitor.CapacitorWebView{4391d49 VFEDHVC.. .F...... 0,0-1080,2109 #7f0901c2 app:id/webview aid=1073741824}, caller=WV.ef.b:1 WV.fg.h:118 WV.fg.onDraw:7 com.android.webview.chromium.WebViewChromium.onDraw:35 android.webkit.WebView.onDraw:2959 
2025-11-01 15:26:05.095 24942-24942 View                    com.udry.app                         I  setRequestedFrameRate frameRate=-4.0, this=com.getcapacitor.CapacitorWebView{4391d49 VFEDHVC.. .F...... 0,0-1080,2109 #7f0901c2 app:id/webview aid=1073741824}, caller=WV.ef.b:1 WV.fg.h:118 WV.fg.onDraw:7 com.android.webview.chromium.WebViewChromium.onDraw:35 android.webkit.WebView.onDraw:2959 
2025-11-01 15:26:05.132 24942-24942 View                    com.udry.app                         I  setRequestedFrameRate frameRate=-4.0, this=com.getcapacitor.CapacitorWebView{4391d49 VFEDHVC.. .F...... 0,0-1080,2109 #7f0901c2 app:id/webview aid=1073741824}, caller=WV.ef.b:1 WV.fg.h:118 WV.fg.onDraw:7 com.android.webview.chromium.WebViewChromium.onDraw:35 android.webkit.WebView.onDraw:2959 
2025-11-01 15:26:05.165 24942-24942 VRI[MainAc...y]@e83e19b com.udry.app                         I  onDisplayChanged oldDisplayState=2 newDisplayState=2
2025-11-01 15:26:06.487 24942-24942 VRI[MainAc...y]@e83e19b com.udry.app                         I  ViewPostIme pointer 0
2025-11-01 15:26:06.488 24942-24942 VRI[MainAc...y]@e83e19b com.udry.app                         I  call setFrameRateCategory for touch hint category=high hint, reason=touch, vri=VRI[MainActivity]@e83e19b
2025-11-01 15:26:06.559 24942-24942 VRI[MainAc...y]@e83e19b com.udry.app                         I  ViewPostIme pointer 1
2025-11-01 15:26:06.573 24942-24942 Capacitor/Console       com.udry.app                         I  File: https://localhost/_next/static/chunks/app/(main)/home/page-88c8e701e8986669.js - Line 1 - Msg: [DIAG_LOG 2025-11-01T07:26:06.571Z] [RENTAL_DIALOG] handleConnectAndRent: Function called. Beginning Bluetooth process.
2025-11-01 15:26:06.574 24942-24942 Capacitor/Console       com.udry.app                         I  File: https://localhost/_next/static/chunks/5533-63060eeb5b6dc4c1.js - Line 1 - Msg: [DIAG_LOG 2025-11-01T07:26:06.572Z] [AUTH_CONTEXT] logMachineEvent: Type: info, Message: "User initiated rental. Starting Bluetooth connection..."
2025-11-01 15:26:06.585 24942-24942 Capacitor/Plugin        com.udry.app                         V  To native (Capacitor plugin): callbackId: 74350963, pluginId: BluetoothLe, methodName: initialize
2025-11-01 15:26:06.585 24942-24942 Capacitor               com.udry.app                         V  callback: 74350963, pluginId: BluetoothLe, methodName: initialize, methodData: {}
2025-11-01 15:26:06.601 24942-24942 View                    com.udry.app                         I  setRequestedFrameRate frameRate=-4.0, this=com.getcapacitor.CapacitorWebView{4391d49 VFEDHVC.. .F...... 0,0-1080,2109 #7f0901c2 app:id/webview aid=1073741824}, caller=WV.ef.b:1 WV.fg.h:118 WV.fg.onDraw:7 com.android.webview.chromium.WebViewChromium.onDraw:35 android.webkit.WebView.onDraw:2959 
2025-11-01 15:26:06.607 24942-24942 Capacitor/Console       com.udry.app                         I  File:  - Line 350 - Msg: undefined
2025-11-01 15:26:06.610 24942-24942 View                    com.udry.app                         I  setRequestedFrameRate frameRate=-4.0, this=com.getcapacitor.CapacitorWebView{4391d49 VFEDHVC.. .F...... 0,0-1080,2109 #7f0901c2 app:id/webview aid=1073741824}, caller=WV.ef.b:1 WV.fg.h:118 WV.fg.onDraw:7 com.android.webview.chromium.WebViewChromium.onDraw:35 android.webkit.WebView.onDraw:2959 
2025-11-01 15:26:06.640 24942-24942 Capacitor/Plugin        com.udry.app                         V  To native (Capacitor plugin): callbackId: 74350964, pluginId: BluetoothLe, methodName: requestDevice
2025-11-01 15:26:06.640 24942-24942 Capacitor               com.udry.app                         V  callback: 74350964, pluginId: BluetoothLe, methodName: requestDevice, methodData: {"services":["0000ffe0-0000-1000-8000-00805f9b34fb"]}
2025-11-01 15:26:06.641 24942-25027 DeviceScanner           com.udry.app                         D  Stop scanning.
2025-11-01 15:26:06.642 24942-25027 BluetoothAdapter        com.udry.app                         D  isLeEnabled(): BLE_ON
2025-11-01 15:26:06.642 24942-25027 BluetoothLeScanner      com.udry.app                         D  could not find callback wrapper
2025-11-01 15:26:06.642 24942-25027 DeviceScanner           com.udry.app                         D  Start scanning.
2025-11-01 15:26:06.642 24942-25027 BluetoothAdapter        com.udry.app                         D  isLeEnabled(): BLE_ON
2025-11-01 15:26:06.645 24942-24942 View                    com.udry.app                         I  setRequestedFrameRate frameRate=-4.0, this=com.getcapacitor.CapacitorWebView{4391d49 VFEDHVC.. .F...... 0,0-1080,2109 #7f0901c2 app:id/webview aid=1073741824}, caller=WV.ef.b:1 WV.fg.h:118 WV.fg.onDraw:7 com.android.webview.chromium.WebViewChromium.onDraw:35 android.webkit.WebView.onDraw:2959 
2025-11-01 15:26:06.647 24942-25027 BluetoothLeScanner      com.udry.app                         D  Start Scan with callback
2025-11-01 15:26:06.655 24942-24957 BluetoothLeScanner      com.udry.app                         D  onScannerRegistered() - status=0 scannerId=7 mScannerId=0
2025-11-01 15:26:06.658 24942-24942 View                    com.udry.app                         I  setRequestedFrameRate frameRate=-4.0, this=com.getcapacitor.CapacitorWebView{4391d49 VFEDHVC.. .F...... 0,0-1080,2109 #7f0901c2 app:id/webview aid=1073741824}, caller=WV.ef.b:1 WV.fg.h:118 WV.fg.onDraw:7 com.android.webview.chromium.WebViewChromium.onDraw:35 android.webkit.WebView.onDraw:2959 
2025-11-01 15:26:06.662 24942-24957 Binder                  com.udry.app                         W  Caught a RuntimeException from the binder stub implementation. (Ask Gemini)
                                                                                                    java.lang.SecurityException: Need BLUETOOTH PRIVILEGED permission: Neither user 10335 nor current process has android.permission.BLUETOOTH_PRIVILEGED.
                                                                                                    	at android.os.Parcel.createExceptionOrNull(Parcel.java:3257)
                                                                                                    	at android.os.Parcel.createException(Parcel.java:3241)
                                                                                                    	at android.os.Parcel.readException(Parcel.java:3224)
                                                                                                    	at android.os.Parcel.readException(Parcel.java:3166)
                                                                                                    	at android.bluetooth.IBluetoothGatt$Stub$Proxy.startScan(IBluetoothGatt.java:1695)
                                                                                                    	at android.bluetooth.le.BluetoothLeScanner$BleScanCallbackWrapper.onScannerRegistered(BluetoothLeScanner.java:637)
                                                                                                    	at android.bluetooth.le.IScannerCallback$Stub.onTransact(IScannerCallback.java:118)
                                                                                                    	at android.os.Binder.execTransactInternal(Binder.java:1541)
                                                                                                    	at android.os.Binder.execTransact(Binder.java:1480)
2025-11-01 15:26:06.686 24942-24942 View                    com.udry.app                         I  setRequestedFrameRate frameRate=-4.0, this=com.getcapacitor.CapacitorWebView{4391d49 VFEDHVC.. .F...... 0,0-1080,2109 #7f0901c2 app:id/webview aid=1073741824}, caller=WV.ef.b:1 WV.fg.h:118 WV.fg.onDraw:7 com.android.webview.chromium.WebViewChromium.onDraw:35 android.webkit.WebView.onDraw:2959 
2025-11-01 15:26:06.701 24942-24942 View                    com.udry.app                         I  setRequestedFrameRate frameRate=-4.0, this=com.getcapacitor.CapacitorWebView{4391d49 VFEDHVC.. .F...... 0,0-1080,2109 #7f0901c2 app:id/webview aid=1073741824}, caller=WV.ef.b:1 WV.fg.h:118 WV.fg.onDraw:7 com.android.webview.chromium.WebViewChromium.onDraw:35 android.webkit.WebView.onDraw:2959 
2025-11-01 15:26:06.718 24942-24942 View                    com.udry.app                         I  setRequestedFrameRate frameRate=-4.0, this=com.getcapacitor.CapacitorWebView{4391d49 VFEDHVC.. .F...... 0,0-1080,2109 #7f0901c2 app:id/webview aid=1073741824}, caller=WV.ef.b:1 WV.fg.h:118 WV.fg.onDraw:7 com.android.webview.chromium.WebViewChromium.onDraw:35 android.webkit.WebView.onDraw:2959 
2025-11-01 15:26:06.729 24942-24942 View                    com.udry.app                         I  setRequestedFrameRate frameRate=-4.0, this=com.getcapacitor.CapacitorWebView{4391d49 VFEDHVC.. .F...... 0,0-1080,2109 #7f0901c2 app:id/webview aid=1073741824}, caller=WV.ef.b:1 WV.fg.h:118 WV.fg.onDraw:7 com.android.webview.chromium.WebViewChromium.onDraw:35 android.webkit.WebView.onDraw:2959 
2025-11-01 15:26:06.742 24942-24942 View                    com.udry.app                         I  setRequestedFrameRate frameRate=-4.0, this=com.getcapacitor.CapacitorWebView{4391d49 VFEDHVC.. .F...... 0,0-1080,2109 #7f0901c2 app:id/webview aid=1073741824}, caller=WV.ef.b:1 WV.fg.h:118 WV.fg.onDraw:7 com.android.webview.chromium.WebViewChromium.onDraw:35 android.webkit.WebView.onDraw:2959 
2025-11-01 15:26:06.755 24942-24942 View                    com.udry.app                         I  setRequestedFrameRate frameRate=-4.0, this=com.getcapacitor.CapacitorWebView{4391d49 VFEDHVC.. .F...... 0,0-1080,2109 #7f0901c2 app:id/webview aid=1073741824}, caller=WV.ef.b:1 WV.fg.h:118 WV.fg.onDraw:7 com.android.webview.chromium.WebViewChromium.onDraw:35 android.webkit.WebView.onDraw:2959 
2025-11-01 15:26:06.768 24942-24942 View                    com.udry.app                         I  setRequestedFrameRate frameRate=-4.0, this=com.getcapacitor.CapacitorWebView{4391d49 VFEDHVC.. .F...... 0,0-1080,2109 #7f0901c2 app:id/webview aid=1073741824}, caller=WV.ef.b:1 WV.fg.h:118 WV.fg.onDraw:7 com.android.webview.chromium.WebViewChromium.onDraw:35 android.webkit.WebView.onDraw:2959 
2025-11-01 15:26:06.782 24942-24942 View                    com.udry.app                         I  setRequestedFrameRate frameRate=-4.0, this=com.getcapacitor.CapacitorWebView{4391d49 VFEDHVC.. .F...... 0,0-1080,2109 #7f0901c2 app:id/webview aid=1073741824}, caller=WV.ef.b:1 WV.fg.h:118 WV.fg.onDraw:7 com.android.webview.chromium.WebViewChromium.onDraw:35 android.webkit.WebView.onDraw:2959 
2025-11-01 15:26:06.793 24942-24942 View                    com.udry.app                         I  setRequestedFrameRate frameRate=-4.0, this=com.getcapacitor.CapacitorWebView{4391d49 VFEDHVC.. .F...... 0,0-1080,2109 #7f0901c2 app:id/webview aid=1073741824}, caller=WV.ef.b:1 WV.fg.h:118 WV.fg.onDraw:7 com.android.webview.chromium.WebViewChromium.onDraw:35 android.webkit.WebView.onDraw:2959 
2025-11-01 15:26:06.806 24942-24942 View                    com.udry.app                         I  setRequestedFrameRate frameRate=-4.0, this=com.getcapacitor.CapacitorWebView{4391d49 VFEDHVC.. .F...... 0,0-1080,2109 #7f0901c2 app:id/webview aid=1073741824}, caller=WV.ef.b:1 WV.fg.h:118 WV.fg.onDraw:7 com.android.webview.chromium.WebViewChromium.onDraw:35 android.webkit.WebView.onDraw:2959 
2025-11-01 15:26:06.818 24942-24942 View                    com.udry.app                         I  setRequestedFrameRate frameRate=-4.0, this=com.getcapacitor.CapacitorWebView{4391d49 VFEDHVC.. .F...... 0,0-1080,2109 #7f0901c2 app:id/webview aid=1073741824}, caller=WV.ef.b:1 WV.fg.h:118 WV.fg.onDraw:7 com.android.webview.chromium.WebViewChromium.onDraw:35 android.webkit.WebView.onDraw:2959 
2025-11-01 15:26:06.830 24942-24942 View                    com.udry.app                         I  setRequestedFrameRate frameRate=-4.0, this=com.getcapacitor.CapacitorWebView{4391d49 VFEDHVC.. .F...... 0,0-1080,2109 #7f0901c2 app:id/webview aid=1073741824}, caller=WV.ef.b:1 WV.fg.h:118 WV.fg.onDraw:7 com.android.webview.chromium.WebViewChromium.onDraw:35 android.webkit.WebView.onDraw:2959 
2025-11-01 15:26:06.842 24942-24942 View                    com.udry.app                         I  setRequestedFrameRate frameRate=-4.0, this=com.getcapacitor.CapacitorWebView{4391d49 VFEDHVC.. .F...... 0,0-1080,2109 #7f0901c2 app:id/webview aid=1073741824}, caller=WV.ef.b:1 WV.fg.h:118 WV.fg.onDraw:7 com.android.webview.chromium.WebViewChromium.onDraw:35 android.webkit.WebView.onDraw:2959 
2025-11-01 15:26:06.853 24942-24942 View                    com.udry.app                         I  setRequestedFrameRate frameRate=-4.0, this=com.getcapacitor.CapacitorWebView{4391d49 VFEDHVC.. .F...... 0,0-1080,2109 #7f0901c2 app:id/webview aid=1073741824}, caller=WV.ef.b:1 WV.fg.h:118 WV.fg.onDraw:7 com.android.webview.chromium.WebViewChromium.onDraw:35 android.webkit.WebView.onDraw:2959 
2025-11-01 15:26:06.863 24942-24942 View                    com.udry.app                         I  setRequestedFrameRate frameRate=-4.0, this=com.getcapacitor.CapacitorWebView{4391d49 VFEDHVC.. .F...... 0,0-1080,2109 #7f0901c2 app:id/webview aid=1073741824}, caller=WV.ef.b:1 WV.fg.h:118 WV.fg.onDraw:7 com.android.webview.chromium.WebViewChromium.onDraw:35 android.webkit.WebView.onDraw:2959 
2025-11-01 15:26:06.875 24942-24942 View                    com.udry.app                         I  setRequestedFrameRate frameRate=-4.0, this=com.getcapacitor.CapacitorWebView{4391d49 VFEDHVC.. .F...... 0,0-1080,2109 #7f0901c2 app:id/webview aid=1073741824}, caller=WV.ef.b:1 WV.fg.h:118 WV.fg.onDraw:7 com.android.webview.chromium.WebViewChromium.onDraw:35 android.webkit.WebView.onDraw:2959 
2025-11-01 15:26:06.887 24942-24942 View                    com.udry.app                         I  setRequestedFrameRate frameRate=-4.0, this=com.getcapacitor.CapacitorWebView{4391d49 VFEDHVC.. .F...... 0,0-1080,2109 #7f0901c2 app:id/webview aid=1073741824}, caller=WV.ef.b:1 WV.fg.h:118 WV.fg.onDraw:7 com.android.webview.chromium.WebViewChromium.onDraw:35 android.webkit.WebView.onDraw:2959 
2025-11-01 15:26:06.898 24942-24942 View                    com.udry.app                         I  setRequestedFrameRate frameRate=-4.0, this=com.getcapacitor.CapacitorWebView{4391d49 VFEDHVC.. .F...... 0,0-1080,2109 #7f0901c2 app:id/webview aid=1073741824}, caller=WV.ef.b:1 WV.fg.h:118 WV.fg.onDraw:7 com.android.webview.chromium.WebViewChromium.onDraw:35 android.webkit.WebView.onDraw:2959 
2025-11-01 15:26:06.907 24942-24942 View                    com.udry.app                         I  setRequestedFrameRate frameRate=-4.0, this=com.getcapacitor.CapacitorWebView{4391d49 VFEDHVC.. .F...... 0,0-1080,2109 #7f0901c2 app:id/webview aid=1073741824}, caller=WV.ef.b:1 WV.fg.h:118 WV.fg.onDraw:7 com.android.webview.chromium.WebViewChromium.onDraw:35 android.webkit.WebView.onDraw:2959 
2025-11-01 15:26:06.919 24942-24942 View                    com.udry.app                         I  setRequestedFrameRate frameRate=-4.0, this=com.getcapacitor.CapacitorWebView{4391d49 VFEDHVC.. .F...... 0,0-1080,2109 #7f0901c2 app:id/webview aid=1073741824}, caller=WV.ef.b:1 WV.fg.h:118 WV.fg.onDraw:7 com.android.webview.chromium.WebViewChromium.onDraw:35 android.webkit.WebView.onDraw:2959 
2025-11-01 15:26:06.929 24942-24942 View                    com.udry.app                         I  setRequestedFrameRate frameRate=-4.0, this=com.getcapacitor.CapacitorWebView{4391d49 VFEDHVC.. .F...... 0,0-1080,2109 #7f0901c2 app:id/webview aid=1073741824}, caller=WV.ef.b:1 WV.fg.h:118 WV.fg.onDraw:7 com.android.webview.chromium.WebViewChromium.onDraw:35 android.webkit.WebView.onDraw:2959 
2025-11-01 15:26:06.940 24942-24942 View                    com.udry.app                         I  setRequestedFrameRate frameRate=-4.0, this=com.getcapacitor.CapacitorWebView{4391d49 VFEDHVC.. .F...... 0,0-1080,2109 #7f0901c2 app:id/webview aid=1073741824}, caller=WV.ef.b:1 WV.fg.h:118 WV.fg.onDraw:7 com.android.webview.chromium.WebViewChromium.onDraw:35 android.webkit.WebView.onDraw:2959 
2025-11-01 15:26:06.952 24942-24942 View                    com.udry.app                         I  setRequestedFrameRate frameRate=-4.0, this=com.getcapacitor.CapacitorWebView{4391d49 VFEDHVC.. .F...... 0,0-1080,2109 #7f0901c2 app:id/webview aid=1073741824}, caller=WV.ef.b:1 WV.fg.h:118 WV.fg.onDraw:7 com.android.webview.chromium.WebViewChromium.onDraw:35 android.webkit.WebView.onDraw:2959 
2025-11-01 15:26:06.962 24942-24942 View                    com.udry.app                         I  setRequestedFrameRate frameRate=-4.0, this=com.getcapacitor.CapacitorWebView{4391d49 VFEDHVC.. .F...... 0,0-1080,2109 #7f0901c2 app:id/webview aid=1073741824}, caller=WV.ef.b:1 WV.fg.h:118 WV.fg.onDraw:7 com.android.webview.chromium.WebViewChromium.onDraw:35 android.webkit.WebView.onDraw:2959 
2025-11-01 15:26:06.974 24942-24942 View                    com.udry.app                         I  setRequestedFrameRate frameRate=-4.0, this=com.getcapacitor.CapacitorWebView{4391d49 VFEDHVC.. .F...... 0,0-1080,2109 #7f0901c2 app:id/webview aid=1073741824}, caller=WV.ef.b:1 WV.fg.h:118 WV.fg.onDraw:7 com.android.webview.chromium.WebViewChromium.onDraw:35 android.webkit.WebView.onDraw:2959 
2025-11-01 15:26:06.985 24942-24942 View                    com.udry.app                         I  setRequestedFrameRate frameRate=-4.0, this=com.getcapacitor.CapacitorWebView{4391d49 VFEDHVC.. .F...... 0,0-1080,2109 #7f0901c2 app:id/webview aid=1073741824}, caller=WV.ef.b:1 WV.fg.h:118 WV.fg.onDraw:7 com.android.webview.chromium.WebViewChromium.onDraw:35 android.webkit.WebView.onDraw:2959 
2025-11-01 15:26:06.996 24942-24942 View                    com.udry.app                         I  setRequestedFrameRate frameRate=-4.0, this=com.getcapacitor.CapacitorWebView{4391d49 VFEDHVC.. .F...... 0,0-1080,2109 #7f0901c2 app:id/webview aid=1073741824}, caller=WV.ef.b:1 WV.fg.h:118 WV.fg.onDraw:7 com.android.webview.chromium.WebViewChromium.onDraw:35 android.webkit.WebView.onDraw:2959 
2025-11-01 15:26:07.005 24942-24942 View                    com.udry.app                         I  setRequestedFrameRate frameRate=-4.0, this=com.getcapacitor.CapacitorWebView{4391d49 VFEDHVC.. .F...... 0,0-1080,2109 #7f0901c2 app:id/webview aid=1073741824}, caller=WV.ef.b:1 WV.fg.h:118 WV.fg.onDraw:7 com.android.webview.chromium.WebViewChromium.onDraw:35 android.webkit.WebView.onDraw:2959 
2025-11-01 15:26:07.018 24942-24942 View                    com.udry.app                         I  setRequestedFrameRate frameRate=-4.0, this=com.getcapacitor.CapacitorWebView{4391d49 VFEDHVC.. .F...... 0,0-1080,2109 #7f0901c2 app:id/webview aid=1073741824}, caller=WV.ef.b:1 WV.fg.h:118 WV.fg.onDraw:7 com.android.webview.chromium.WebViewChromium.onDraw:35 android.webkit.WebView.onDraw:2959 
