2025-11-01 18:33:35.453   765-765   SurfaceFlinger          surfaceflinger                       I  destroyed Transition Root: Task=370#4865
2025-11-01 18:33:35.453   765-765   SurfaceFlinger          surfaceflinger                       I  destroyed Right Edge Extension#4866
2025-11-01 18:33:35.453   765-765   SurfaceFlinger          surfaceflinger                       I  destroyed [BBQ] Right Edge Extension#4866#4867
2025-11-01 18:33:35.456   765-765   Layer                   surfaceflinger                       I  id=4865 Destroyed Transition Root: Task=370#4865
2025-11-01 18:33:35.456   765-765   Layer                   surfaceflinger                       I  id=4866 Destroyed Right Edge Extension#4866
2025-11-01 18:33:35.456   765-765   Layer                   surfaceflinger                       I  id=4867 Destroyed [BBQ] Right Edge Extension#4866#4867
2025-11-01 18:33:35.457  1502-1769  HWUI                    com.android.systemui                 D  CacheManager::trimMemory(20)
2025-11-01 18:33:35.466  1027-2137  UserManagerService      system_server                        W  Requested status bar icon for non-badged user 0
2025-11-01 18:33:35.470  1027-1111  ActivityManager         system_server                        I  Changes in 99052 3 to 15, 56 to 0
2025-11-01 18:33:35.472  1027-1111  ActivityManager         system_server                        I  Changes in 10335 2 to 15, 127 to 0
2025-11-01 18:33:35.473  1027-1111  SGM:FgCheckThread       system_server                        D  getForegroundApp(), foregroundPkgName=com.android.chrome
2025-11-01 18:33:35.474  1027-1111  SGM:FgCheckThread       system_server                        D  pkgName: com.android.chrome is in foreground
2025-11-01 18:33:35.482  1027-3700  UserManagerService      system_server                        W  Requested status bar icon for non-badged user 0
2025-11-01 18:33:35.493   765-765   SurfaceFlinger          surfaceflinger                       I  Layer [com.udry.app/com.udry.app.MainActivity$_32466#4840] hidden!! flag(1)
2025-11-01 18:33:35.493   765-765   SurfaceFlinger          surfaceflinger                       I  Layer [ActivityRecord{88a984c u0 com.udry.app/.MainActivity t403}#4829] hidden!! flag(1)
2025-11-01 18:33:35.494   765-765   SurfaceFlinger          surfaceflinger                       I  [LayerHierarchy{RequestedLayerState{ActivityRecord{d587903 u0 com.android.chrome/com.google.android.apps.chrome.IntentDispatcher t403}#4855 z=1} no children}] reparent to OffscreenRoot
2025-11-01 18:33:35.494   765-765   SurfaceFlinger          surfaceflinger                       I  [LayerHierarchy{RequestedLayerState{ActivityRecord{d587903 u0 com.android.chrome/com.google.android.apps.chrome.IntentDispatcher t403}#4855 z=1} no children}] RelativeParent to null
2025-11-01 18:33:35.498   765-796   SurfaceFlinger          surfaceflinger                       I  id=4855 Removed ActivityRecord{d587903 u0 com.android.chrome/com.google.android.apps.chrome.IntentDispatcher t403}#4855 (145)
2025-11-01 18:33:35.500  1027-2137  UserManagerService      system_server                        W  Requested status bar icon for non-badged user 0
2025-11-01 18:33:35.500  2153-31363 HoneySpace.RecentTasks  com.sec.android.app.launcher         I  onRecentTasksChanged
2025-11-01 18:33:35.501 32466-32466 VRI[MainAc...y]@4391d49 com.udry.app                         I  handleAppVisibility mAppVisible = true visible = false
2025-11-01 18:33:35.501 32466-32466 VRI[MainAc...y]@4391d49 com.udry.app                         D  visibilityChanged oldVisibility=true newVisibility=false
2025-11-01 18:33:35.502 32466-32466 WindowOnBackDispatcher  com.udry.app                         W  sendCancelIfRunning: isInProgress=false callback=androidx.activity.OnBackPressedDispatcher$Api34Impl$createOnBackAnimationCallback$1@8022c81
2025-11-01 18:33:35.503  1027-2137  CoreBackPreview         system_server                        D  Window{deec664 u0 com.udry.app/com.udry.app.MainActivity}: Setting back callback OnBackInvokedCallbackInfo{mCallback=android.window.IOnBackInvokedCallback$Stub$Proxy@f2c263a, mPriority=-1, mIsAnimationCallback=false}
2025-11-01 18:33:35.504   765-765   SurfaceFlinger          surfaceflinger                       I  destroyed ActivityRecord{d587903 u0 com.android.chrome/com.google.android.apps.chrome.IntentDispatcher t403}#4855
2025-11-01 18:33:35.505   765-765   Layer                   surfaceflinger                       I  id=4855 Destroyed ActivityRecord{d587903 u0 com.android.chrome/com.google.android.apps.chrome.IntentDispatcher t403}#4855
2025-11-01 18:33:35.508 32466-32486 HWUI                    com.udry.app                         D  CacheManager::trimMemory(20)
2025-11-01 18:33:35.509 32466-32466 VRI[MainAc...y]@4391d49 com.udry.app                         I  stopped(true) old = false
2025-11-01 18:33:35.509 32466-32466 VRI[MainAc...y]@4391d49 com.udry.app                         D  WindowStopped on com.udry.app/com.udry.app.MainActivity set to true
2025-11-01 18:33:35.510  2153-31363 HoneySpace...4656@OneUI com.sec.android.app.launcher         I  Illegal access. Unknown type. skip load history items
2025-11-01 18:33:35.513   901-7348  CameraService           cameraserver                         I  onUidStateChanged: uid=10335, procState is changed. (2 -> 15)
2025-11-01 18:33:35.521 32466-32486 HWUI                    com.udry.app                         D  CacheManager::trimMemory(20)
2025-11-01 18:33:35.524 32466-32466 Capacitor/AppPlugin     com.udry.app                         D  Firing change: false
2025-11-01 18:33:35.524 32466-32466 Capacitor/AppPlugin     com.udry.app                         V  Notifying listeners for event appStateChange
2025-11-01 18:33:35.524 32466-32466 Capacitor/AppPlugin     com.udry.app                         D  No listeners found for event appStateChange
2025-11-01 18:33:35.525 32466-32466 Capacitor               com.udry.app                         D  App stopped
2025-11-01 18:33:35.527 32466-32466 Capacitor               com.udry.app                         D  Saving instance state!
2025-11-01 18:33:35.537  1027-1111  SGM:GameManager         system_server                        D  identifyForegroundApp. com.android.chrome, mCurrentUserId: 0, callerUserId: 0
2025-11-01 18:33:35.537  1027-1111  SGM:SemGameManager      system_server                        D  isForegroundGame(), ret=false
2025-11-01 18:33:35.545  1027-1135  BatteryExt...tatsWorker system_server                        D  Update CPU state
2025-11-01 18:33:35.545  1027-1135  BatteryExt...tatsWorker system_server                        D  mStats lock released
2025-11-01 18:33:35.545  1027-1135  BatteryExt...tatsWorker system_server                        D  done updateExternalStatsLocked
2025-11-01 18:33:35.545  1027-1135  KernelCpuU...TimeReader system_server                        D  Removing uids 90017-90017
2025-11-01 18:33:35.546  1027-1135  KernelCpuU...TimeReader system_server                        D  Removing uids 90018-90018
2025-11-01 18:33:35.547  1027-1135  KernelCpuU...TimeReader system_server                        D  Removing uids 90019-90019
2025-11-01 18:33:35.547  1027-1135  KernelCpuU...TimeReader system_server                        D  Removing uids 90016-90016
2025-11-01 18:33:35.548 12000-12084 BtGatt.ScanHelper       com.android.bluetooth                I  onScanResult to scannerId: 8- eventType=0x10, addressType=1, address=XX:XX:XX:XX:5B:DB, primaryPhy=1, secondaryPhy=0, advertisingSid=0xff, txPower=127, rssi=-96, periodicAdvInt=0x0
2025-11-01 18:33:35.549  1027-1135  KernelCpuU...TimeReader system_server                        D  Removing uids 90021-90021
2025-11-01 18:33:35.550  1027-1135  KernelCpuU...TimeReader system_server                        D  Removing uids 99051-99051
2025-11-01 18:33:35.553 22066-22066 cr_SegmentationPlatform com.android.chrome                   W  Signal type not found: 16
2025-11-01 18:33:35.559 15286-1504  NearbyConnections       com.google.android.gms.persistent    I  Found BleAdvertisement [ 0x23 0x39 0x51 0x50 0x46 0x11 0x32 0x66 0x0d 0x85 0x20 0x8a 0x9b 0x99 0x5f 0xef 0xfb 0xdd 0xda 0x86 0x49 0xe5 0xe2 ] (with EndpointId 9QPF and EndpointInfo [ 0x32 0x66 0x0d 0x85 0x20 0x8a 0x9b 0x99 0x5f 0xef 0xfb 0xdd 0xda 0x86 0x49 0xe5 0xe2 ])
2025-11-01 18:33:35.559 15286-1504  NearbyConnections       com.google.android.gms.persistent    I  Unable to record discovered endpoint due to null currentDiscoveryPhase
2025-11-01 18:33:35.559 15286-1504  NearbyConnections       com.google.android.gms.persistent    I  ClientProxy(66426270 0p:com.google.android.gms.nearby.sharing) reporting onEndpointFound(9QPF)
2025-11-01 18:33:35.559 15286-1504  NearbyConnections       com.google.android.gms.persistent    I  ClientProxy(66426270) reporting onEndpointDistanceChanged(9QPF, UNKNOWN)
2025-11-01 18:33:35.559 32466-32486 HWUI                    com.udry.app                         D  CacheManager::trimMemory(20)
2025-11-01 18:33:35.566 15286-1564  NearbySharing           com.google.android.gms.persistent    I  NearbySharing Internal event EndpointDiscovered(endpointId=9QPF)
2025-11-01 18:33:35.572  1027-3700  WindowManager           system_server                        V  Relayout Window{deec664 u0 com.udry.app/com.udry.app.MainActivity}: viewVisibility=8 req=1080x2340 ty=1 d0
2025-11-01 18:33:35.577  1027-3700  WindowManager           system_server                        V  Relayout hash=deec664, pid=32466, syncId=-1: mAttrs={(0,0)(fillxfill) sim={adjust=pan} ty=BASE_APPLICATION wanim=0x1030312
                                                                                                      fl=81810100
                                                                                                      pfl=100080c0
                                                                                                      vsysui=2500
                                                                                                      apr=18
                                                                                                      bhv=1
                                                                                                      fitSides=0
                                                                                                      frameRateBoostOnTouch=true
                                                                                                      dvrrWindowFrameRateHint=true naviIconColor=0
                                                                                                      sfl=100000}
2025-11-01 18:33:35.580 32466-32466 VRI[MainAc...y]@4391d49 com.udry.app                         I  Relayout returned: old=(0,0,1080,2340) new=(0,0,1080,2340) relayoutAsync=false req=(1080,2340)8 dur=9 res=0x2 s={false 0x0} ch=false seqId=0
2025-11-01 18:33:35.581 32466-32466 VRI[MainAc...y]@4391d49 com.udry.app                         D  Not drawing due to not visible. Reason=!mAppVisible && !mForceDecorViewVisibility
2025-11-01 18:33:35.595  5216-5216  InputMethodService      com.samsung.android.honeyboard       I  removeImeSurface
2025-11-01 18:33:35.595  5216-5216  InputMethodService      com.samsung.android.honeyboard       I  cancelImeSurfaceRemoval: removeCallbacks
2025-11-01 18:33:35.625  1027-1111  SGM:FgCheckThread       system_server                        D  getForegroundApp(), foregroundPkgName=com.android.chrome
2025-11-01 18:33:35.626  1027-1111  SGM:FgCheckThread       system_server                        D  pkgName: com.udry.app is not in foreground
2025-11-01 18:33:35.626  1027-1111  SGM:FgCheckThread       system_server                        D  noteStopComponent(), received pkgName: com.udry.app, focusedPkgName: com.android.chrome, userId: 0
2025-11-01 18:33:35.627  1027-2137  WindowManager           system_server                        E  win=Window{deec664 u0 com.udry.app/com.udry.app.MainActivity} destroySurfaces: appStopped=true cleanupOnResume=false win.mWindowRemovalAllowed=false win.mRemoveOnExit=false win.mViewVisibility=8 caller=com.android.server.wm.ActivityRecord.destroySurfaces:25 com.android.server.wm.ActivityRecord.activityStopped:204 com.android.server.wm.ActivityClientController.activityStopped:95 android.app.IActivityClientController$Stub.onTransact:722 com.android.server.wm.ActivityClientController.onTransact:1 android.os.Binder.execTransactInternal:1541 android.os.Binder.execTransact:1480 
2025-11-01 18:33:35.627  1027-2137  WindowManager           system_server                        I  Destroying surface Surface(name=com.udry.app/com.udry.app.MainActivity$_32466)/@0x2219cdb called by com.android.server.wm.WindowStateAnimator.destroySurface:11 com.android.server.wm.WindowStateAnimator.destroySurfaceLocked:54 com.android.server.wm.WindowState.destroySurfaceUnchecked:5 com.android.server.wm.WindowState.destroySurface:126 com.android.server.wm.ActivityRecord.destroySurfaces:25 com.android.server.wm.ActivityRecord.activityStopped:204 com.android.server.wm.ActivityClientController.activityStopped:95 android.app.IActivityClientController$Stub.onTransact:722 
2025-11-01 18:33:35.638   765-765   SurfaceFlinger          surfaceflinger                       I  [LayerHierarchy{RequestedLayerState{com.udry.app/com.udry.app.MainActivity$_32466#4840} no children}] reparent to OffscreenRoot
2025-11-01 18:33:35.638   765-765   SurfaceFlinger          surfaceflinger                       I  [LayerHierarchy{RequestedLayerState{com.udry.app/com.udry.app.MainActivity$_32466#4840} no children}] RelativeParent to null
2025-11-01 18:33:35.640   765-765   SurfaceFlinger          surfaceflinger                       I  id=4840 Removed com.udry.app/com.udry.app.MainActivity$_32466#4840 (144)
2025-11-01 18:33:35.649   765-765   SurfaceFlinger          surfaceflinger                       I  destroyed com.udry.app/com.udry.app.MainActivity$_32466#4840
2025-11-01 18:33:35.651  1027-1109  PkgPredict...erviceImpl system_server                        D  bg information pid:32466 uid:10335 pkgName:com.udry.app
2025-11-01 18:33:35.652   765-765   Layer                   surfaceflinger                       I  id=4840 Destroyed com.udry.app/com.udry.app.MainActivity$_32466#4840
2025-11-01 18:33:35.662 22066-22066 BLASTBufferQueue_Java   com.android.chrome                   I  update, w= 1080 h= 2340 mName = VRI[Main]@915907 mNativeObject= 0xb400007b4a41d700 sc.mNativeObject= 0xb400007be285dd40 format= -3 caller= android.view.ViewRootImpl.updateBlastSurfaceIfNeeded:3386 android.view.ViewRootImpl.relayoutWindow:11361 android.view.ViewRootImpl.performTraversals:4544 android.view.ViewRootImpl.doTraversal:3708 android.view.ViewRootImpl$TraversalRunnable.run:12542 android.view.Choreographer$CallbackRecord.run:1751 
2025-11-01 18:33:35.662 22066-22066 VRI[Main]@915907        com.android.chrome                   I  Relayout returned: old=(0,0,1080,2340) new=(0,0,1080,2340) relayoutAsync=true req=(1080,2340)0 dur=0 res=0x0 s={true 0xb400007baa144000} ch=false seqId=0
2025-11-01 18:33:35.662  1027-3700  UserManagerService      system_server                        W  Requested status bar icon for non-badged user 0
2025-11-01 18:33:35.662  1027-2268  WindowManager           system_server                        V  Relayout Window{f6a6829 u0 com.android.chrome/com.google.android.apps.chrome.Main}: viewVisibility=0 req=1080x2340 ty=1 d0
2025-11-01 18:33:35.662 22066-22066 VRI[Main]@915907        com.android.chrome                   I  updateBoundsLayer: t=android.view.SurfaceControl$Transaction@6e7eb20 sc=Surface(name=Bounds for - com.android.chrome/com.google.android.apps.chrome.Main@4)/@0xf8b573b frame=30
2025-11-01 18:33:35.662 22066-22066 VRI[Main]@915907        com.android.chrome                   I  registerCallbackForPendingTransactions
2025-11-01 18:33:35.667 22066-22762 VRI[Main]@915907        com.android.chrome                   I  mWNT: t=0xb400007b4a3c5880 mBlastBufferQueue=0xb400007b4a41d700 fn= 30 HdrRenderState mRenderHdrSdrRatio=1.0 caller= android.view.ViewRootImpl$9.onFrameDraw:6276 android.view.ViewRootImpl$3.onFrameDraw:2440 android.view.ThreadedRenderer$1.onFrameDraw:761 
2025-11-01 18:33:35.669  1027-2268  WindowManager           system_server                        V  Relayout hash=f6a6829, pid=0, syncId=-1: mAttrs={(0,0)(fillxfill) sim={state=always_hidden adjust=resize} layoutInDisplayCutoutMode=always ty=BASE_APPLICATION fmt=TRANSLUCENT wanim=0x1030312
                                                                                                      fl=81810100
                                                                                                      pfl=10008840
                                                                                                      vsysui=2010
                                                                                                      apr=18
                                                                                                      bhv=1
                                                                                                      fitSides=0
                                                                                                      frameRateBoostOnTouch=true
                                                                                                      dvrrWindowFrameRateHint=true naviIconColor=0}
2025-11-01 18:33:35.756  1027-1440  WifiConnectivityMonitor system_server                        D  called startWcmPoll but already Ongoing
2025-11-01 18:33:35.758  1027-1440  SemWifiRssiBasePoller   system_server                        D  RSSI_BASE_STOP
2025-11-01 18:33:35.765  1027-1338  MdnieScena...rolService system_server                        D   packageName : com.android.chrome    className : org.chromium.chrome.browser.ChromeTabbedActivity
2025-11-01 18:33:35.920  1027-1435  SemWifiSwi...ppsService system_server                        D  isSkipTcpMonitorInfo - result:2
2025-11-01 18:33:35.991   695-1566  HYPER-HAL               ven...amsung.hardware.hyper-service  I  [RequestManager.cpp]releaseLocked(): Released ID : 6151292
2025-11-01 18:33:36.355  1027-2137  Grammatica...ctionUtils system_server                        V  AttributionSource: AttributionSource { uid = 90025, packageName = null, attributionTag = null, token = android.os.Binder@1b379, deviceId = 0, next = null } does not have READ_SYSTEM_GRAMMATICAL_GENDER permission.
2025-11-01 18:33:36.379 22747-22747 Zygote                  com.android.chrome_zygote            D  Forked child process 1654
2025-11-01 18:33:36.385  1654-1654  libc                    pid-1654                             E  SetHeapTaggingLevel: re-enabling tagging after it was disabled is not supported
2025-11-01 18:33:36.385  1027-1124  ActivityManager         system_server                        I  Start proc 1654:com.android.chrome:sandboxed_process0:org.chromium.content.app.SandboxedProcessService0:25/u0ai25 for  {com.android.chrome/org.chromium.content.app.SandboxedProcessService0:25}
2025-11-01 18:33:36.396 22066-22776 chromium                com.android.chrome                   W  [WARNING:net/cert/ev_root_ca_metadata.cc:117] Not implemented
2025-11-01 18:33:36.396 22066-22776 chromium                com.android.chrome                   W  [WARNING:net/cert/ev_root_ca_metadata.cc:117] Not implemented
2025-11-01 18:33:36.402  1654-1654  cessService0:25         pid-1654                             I  Using CollectorTypeCMC GC.
2025-11-01 18:33:36.410  1654-1654  cessService0:25         pid-1654                             E  Not starting debugger since process cannot load the jdwp agent.
2025-11-01 18:33:36.415  1027-1149  PowerManagerService     system_server                        D  UserActivityStateListenerState: 0
2025-11-01 18:33:36.418  1654-1654  nativeloader            com.android.chrome_zygote            D  Load libframework-connectivity-tiramisu-jni.so using APEX ns com_android_tethering for caller /apex/com.android.tethering/javalib/framework-connectivity-t.jar: ok
2025-11-01 18:33:36.425  1654-1654  ActivityThread          com.android.chrome_zygote            D  setConscryptValidator
2025-11-01 18:33:36.425  1654-1654  ActivityThread          com.android.chrome_zygote            D  setConscryptValidator - put
2025-11-01 18:33:36.456  1654-1654  ApplicationLoaders      com.android.chrome_zygote            D  Returning zygote-cached class loader: /system_ext/framework/androidx.window.extensions.jar
2025-11-01 18:33:36.456  1654-1654  ApplicationLoaders      com.android.chrome_zygote            D  Returning zygote-cached class loader: /system_ext/framework/androidx.window.sidecar.jar
2025-11-01 18:33:36.460  1654-1654  LoadedApk               com.android.chrome_zygote            I  No resource references to update in package com.google.android.trichromelibrary
2025-11-01 18:33:36.463  1654-1654  cr_SplitCompatApp       com.android.chrome_zygote            I  version=141.0.7390.123 (739012333) minSdkVersion=29 processName=com.android.chrome:sandboxed_process0:org.chromium.content.app.SandboxedProcessService0:25 isIsolatedProcess=true splits=chrome,config.zh,dev_ui,on_demand,stack_unwinder,test_dummy
2025-11-01 18:33:36.465  1027-2137  ActivityManager         system_server                        I  Changes in 90025 19 to 3, 0 to 56
2025-11-01 18:33:36.470  1654-1654  cr_ChildProcessService  com.android.chrome_zygote            I  Creating new ChildProcessService pid=1654
2025-11-01 18:33:36.480  1654-1664  cr_LibraryLoader        com.android.chrome_zygote            I  Successfully loaded native library
2025-11-01 18:33:36.482  1654-1664  cr_CachingUmaRecorder   com.android.chrome_zygote            I  Flushed 3 samples from 3 histograms, 0 samples were dropped.
2025-11-01 18:33:36.485  1654-1664  chromium                com.android.chrome_zygote            W  [WARNING:content/app/android/content_main_android.cc:82] android_setCpu already initialized
2025-11-01 18:33:36.706   765-765   RefreshRateSelector     surfaceflinger                       E  Can't find HRR max refresh rate by policy with the same group 0
2025-11-01 18:33:36.936  1027-1435  SemWifiSwi...ppsService system_server                        D  isSkipTcpMonitorInfo - result:1
2025-11-01 18:33:37.007   695-1604  HYPER-HAL               ven...amsung.hardware.hyper-service  I  [RequestManager.cpp]releaseLocked(): Released ID : 1559495
2025-11-01 18:33:37.127 22066-22776 AtomicFile              com.android.chrome                   E  Failed to sync file output stream
2025-11-01 18:33:37.139 22066-22066 BLASTBufferQueue_Java   com.android.chrome                   I  update, w= 1080 h= 2340 mName = VRI[Main]@915907 mNativeObject= 0xb400007b4a41d700 sc.mNativeObject= 0xb400007be285dd40 format= -3 caller= android.view.ViewRootImpl.updateBlastSurfaceIfNeeded:3386 android.view.ViewRootImpl.relayoutWindow:11361 android.view.ViewRootImpl.performTraversals:4544 android.view.ViewRootImpl.doTraversal:3708 android.view.ViewRootImpl$TraversalRunnable.run:12542 android.view.Choreographer$CallbackRecord.run:1751 
2025-11-01 18:33:37.139 22066-22066 VRI[Main]@915907        com.android.chrome                   I  Relayout returned: old=(0,0,1080,2340) new=(0,0,1080,2340) relayoutAsync=true req=(1080,2340)0 dur=0 res=0x0 s={true 0xb400007baa144000} ch=false seqId=0
2025-11-01 18:33:37.139  1027-2137  WindowManager           system_server                        V  Relayout Window{f6a6829 u0 com.android.chrome/com.google.android.apps.chrome.Main}: viewVisibility=0 req=1080x2340 ty=1 d0
2025-11-01 18:33:37.139 22066-22066 VRI[Main]@915907        com.android.chrome                   I  registerCallbackForPendingTransactions
2025-11-01 18:33:37.140 22066-22761 VRI[Main]@915907        com.android.chrome                   I  mWNT: t=0xb400007b4a3c5a00 mBlastBufferQueue=0xb400007b4a41d700 fn= 32 HdrRenderState mRenderHdrSdrRatio=1.0 caller= android.view.ViewRootImpl$9.onFrameDraw:6276 android.view.ViewRootImpl$3.onFrameDraw:2440 android.view.ThreadedRenderer$1.onFrameDraw:761 
2025-11-01 18:33:37.145  1027-2137  WindowManager           system_server                        V  Relayout hash=f6a6829, pid=0, syncId=-1: mAttrs={(0,0)(fillxfill) sim={state=always_hidden adjust=resize} layoutInDisplayCutoutMode=always ty=BASE_APPLICATION fmt=TRANSLUCENT wanim=0x1030312 sysuil=true
                                                                                                      fl=81810100
                                                                                                      pfl=10008840
                                                                                                      vsysui=2010
                                                                                                      apr=18
                                                                                                      bhv=1
                                                                                                      fitSides=0
                                                                                                      frameRateBoostOnTouch=true
                                                                                                      dvrrWindowFrameRateHint=true naviIconColor=0}
2025-11-01 18:33:37.307   465-465   io_stats                iod                                  D  !@   8,0 r 2885744 64240358 w 1444534 25746060 d 220970 116616520 f 63368 192055 iot 2386984 0 th 0 0 0 pt 0 inp 0 0 76896.306
2025-11-01 18:33:37.526  1027-1388  ChimeraAgg...icyHandler system_server                        I  executePolicy() - triggerSource: TRIGGER_SOURCE_LMKD
2025-11-01 18:33:37.529  1027-1388  ChimeraAgg...icyHandler system_server                        I  available memory: 1772128, free memory target: 1228800, quit chimera
2025-11-01 18:33:37.580  1027-2884  SemWifiUsa...atsMonitor system_server                        D  onWifiUsabilityStats - seqNum 4281, isSameBssidAndFreq true
2025-11-01 18:33:37.585  1027-1485  Pageboost               system_server                        I  Launcher App Execution
2025-11-01 18:33:37.587  1027-1409  SemWifiLin...ityMonitor system_server                        I  Link stat: 3017 / 0 / 1.02 (520) / 433 / -46.0 || 100.0 : 433.00 / 0.5 : 0.98 / 0.55 : 0.00 / G (G) || b9f683e25765: 0.090 / 88.421 /  / N || N N / 0 / N 2.0 / N 0 / 76896583 0
2025-11-01 18:33:37.592 12000-12084 BtGatt.ScanHelper       com.android.bluetooth                I  onScanResult to scannerId: 8- eventType=0x10, addressType=1, address=XX:XX:XX:XX:5B:DB, primaryPhy=1, secondaryPhy=0, advertisingSid=0xff, txPower=127, rssi=-94, periodicAdvInt=0x0
2025-11-01 18:33:37.830  1027-2137  ActivityManager         system_server                        I  Changes in 90025 3 to 17, 56 to 0
2025-11-01 18:33:37.943  1027-1435  SemWifiSwi...ppsService system_server                        D  isSkipTcpMonitorInfo - result:1
2025-11-01 18:33:38.324  1484-2495  PhoneInterfaceManager   com.android.phone                    D  setDataEnabledForReason() Reason=1 Pid=1027 App=system
2025-11-01 18:33:38.458   765-2504  NativeSemDvfsManager    surfaceflinger                       D  acquire:: timeout = 2000 mIsAcquired = 1  mTagName : SurfaceFlinger 
2025-11-01 18:33:38.458   765-2504  NativeCust...ncyManager surfaceflinger                       E  [NativeCFMS] BpCustomFrequencyManager::acquire()
2025-11-01 18:33:38.458   695-780   HYPER-HAL               ven...amsung.hardware.hyper-service  I  [RequestManager.cpp]acquire(): Acquired ID : 1559495  [765 / 1000]    HINT : SF_GPU_MINLOCK    list : [TIMEOUT / 2000] 
2025-11-01 18:33:38.516  1669-1669  wpa_supplicant          wpa_supplicant                       I  Heartbeat 7657
2025-11-01 18:33:38.883  1027-1361  UsbStatsMonitor         system_server                        D  0 0 0 0 0 0 0 0 0 0 0 0 4 0 0 0 0 0 0 0 0 0 0 0 0 0 0 0 0 0 0 0 0 0 0 0 0 0 0 0 0 0 0 0 0 0 0 0 0 0 0 0 0 0 0 0 0 0
2025-11-01 18:33:38.951  1027-1435  SemWifiSwi...ppsService system_server                        D  isSkipTcpMonitorInfo - result:1
2025-11-01 18:33:39.094  1027-1251  InputReader             system_server                        D  Btn_touch(3): value=1 when=76898.094068
2025-11-01 18:33:39.095  1027-1251  InputReader             system_server                        I  Touch event's action is 0x0 (id=4, t=0) [pCnt=1, s=0.1436 ] when=76898.094068
2025-11-01 18:33:39.097  1027-1250  InputDispatcher         system_server                        I  Delivering touch to (1502): action: 0x4, f=0x0, d=0, 'ccbc14c', t=1 
2025-11-01 18:33:39.097  1027-1250  InputDispatcher         system_server                        I  Delivering touch to (22066): action: 0x0, f=0x0, d=0, 'f6a6829', t=1 
2025-11-01 18:33:39.098  1027-1250  PowerManagerService     system_server                        D  [api] userActivityFromNative : touch displayId=0 eventTime=76898094
2025-11-01 18:33:39.098 22066-22066 VRI[Main]@915907        com.android.chrome                   I  ViewPostIme pointer 0
2025-11-01 18:33:39.098  1027-1250  PowerManagerService     system_server                        D  UserActivityStateListenerState: 1
2025-11-01 18:33:39.100 22066-22066 VRI[Main]@915907        com.android.chrome                   I  call setFrameRateCategory for touch hint category=high hint, reason=touch, vri=VRI[Main]@915907
2025-11-01 18:33:39.105   765-765   SurfaceFlinger          surfaceflinger                       I  [com.android.chrome/com.google.android.apps.chrome.Main$_22066#4856] setFrameRateCategory: HighHint
2025-11-01 18:33:39.107  1027-1109  GestureDetector         system_server                        I  obtain mCurrentDownEvent. id: 954074690 caller: com.android.server.wm.SystemGesturesPointerEventListener.onPointerEvent:17 com.android.server.wm.PointerEventDispatcher.onInputEvent:51 android.view.InputEventReceiver.dispatchInputEvent:385 
2025-11-01 18:33:39.107  1027-1109  GestureDetector         system_server                        I  obtain mCurrentDownEvent. id: 954074690 caller: com.android.server.wm.SystemPerformancePointerEventListener.onPointerEvent:13 com.android.server.wm.PointerEventDispatcher.onInputEvent:51 android.view.InputEventReceiver.dispatchInputEvent:385 
2025-11-01 18:33:39.107  3493-3493  SemDvfsHyPerManager     com.sec.android.sdhms                I  acquire hyper - TATouchBoost/3493@21, type = -999
2025-11-01 18:33:39.108   695-780   HYPER-HAL               ven...amsung.hardware.hyper-service  I  [RequestManager.cpp]acquire(): Acquired ID : 6175876  [3493 / 21]    HINT :      list : [TABoost / 1] [TIMEOUT / 1500] 
2025-11-01 18:33:39.109  1027-1109  GestureDetector         system_server                        I  obtain mCurrentMotionEventRaw. action: 2 id: 964978832
2025-11-01 18:33:39.109  1027-1109  GestureDetector         system_server                        I  obtain mCurrentMotionEventRaw. action: 2 id: 964978832
2025-11-01 18:33:39.140  1027-1251  InputReader             system_server                        D  Btn_touch(3): value=0 when=76898.139996
2025-11-01 18:33:39.140  1027-1251  InputReader             system_server                        I  Touch event's action is 0x1 (id=4, t=0) [pCnt=1, s=] when=76898.139996
2025-11-01 18:33:39.141  1027-1250  InputDispatcher         system_server                        I  Delivering touch to (22066): action: 0x1, f=0x0, d=0, 'f6a6829', t=1 
2025-11-01 18:33:39.141 22066-22066 VRI[Main]@915907        com.android.chrome                   I  ViewPostIme pointer 1
2025-11-01 18:33:39.227   765-765   RefreshRateSelector     surfaceflinger                       E  Can't find HRR max refresh rate by policy with the same group 0
2025-11-01 18:33:39.308   465-465   io_stats                iod                                  D  !@   8,0 r 2885758 64240458 w 1444624 25747808 d 220970 116616520 f 63369 192058 iot 2387052 0 th 0 0 0 pt 0 inp 0 0 76898.308
2025-11-01 18:33:39.308   465-465   io_stats                iod                                  D  !@ Read_top(KB): cessService0:22(1581) 56 .android.chrome(22066) 36 system_server(1027) 32
2025-11-01 18:33:39.308   465-465   io_stats                iod                                  D  !@ Write_top(KB): kworker/u16:0(17349) 1696 .android.chrome(22066) 92 system_server(1027) 44
2025-11-01 18:33:39.403  1027-1109  GestureDetector         system_server                        I  handleMessage TAP
2025-11-01 18:33:39.408  1027-1027  GestureDetector         system_server                        I  handleMessage TAP
2025-11-01 18:33:39.957  1027-1435  SemWifiSwi...ppsService system_server                        D  isSkipTcpMonitorInfo - result:1
2025-11-01 18:33:40.459   695-1683  HYPER-HAL               ven...amsung.hardware.hyper-service  I  [RequestManager.cpp]releaseLocked(): Released ID : 1559495
2025-11-01 18:33:40.475  2598-2665  RequestManager_FLP      com.sec.location.nsflp2              I  onOpChanged, op=0 / packageName=com.udry.app
2025-11-01 18:33:40.523  1027-1325  InetDiagMessage         system_server                        D  Destroyed 4 sockets, proto=IPPROTO_TCP, family=AF_INET, states=14
2025-11-01 18:33:40.525  1027-1325  InetDiagMessage         system_server                        D  Destroyed 0 sockets, proto=IPPROTO_TCP, family=AF_INET6, states=14
2025-11-01 18:33:40.525  1027-1325  InetDiagMessage         system_server                        D  Destroyed live tcp sockets for uids={10335} in 4ms
2025-11-01 18:33:40.526  1027-1325  InetDiagMessage         system_server                        D  Destroyed 0 sockets, proto=IPPROTO_TCP, family=AF_INET, states=14
2025-11-01 18:33:40.528  1027-1325  InetDiagMessage         system_server                        D  Destroyed 0 sockets, proto=IPPROTO_TCP, family=AF_INET6, states=14
2025-11-01 18:33:40.528  1027-1325  InetDiagMessage         system_server                        D  Destroyed live tcp sockets for uids={20335} in 3ms
2025-11-01 18:33:40.587  1027-2884  SemWifiUsa...atsMonitor system_server                        D  onWifiUsabilityStats - seqNum 4282, isSameBssidAndFreq true
2025-11-01 18:33:40.588  1027-1409  SemWifiLin...ityMonitor system_server                        I  Link stat: 2761 / 0 / 1.00 (85) / 433 / -41.0 || 100.0 : 433.00 / 0.5 : 1.00 / 0.55 : 0.00 / G (G) || b9f683e25765: 0.090 / 88.421 /  / N || N N / 0 / N 2.0 / N 0 / 76899587 0
2025-11-01 18:33:40.609   695-1685  HYPER-HAL               ven...amsung.hardware.hyper-service  I  [RequestManager.cpp]releaseLocked(): Released ID : 6175876
2025-11-01 18:33:40.612  3493-4624  SDHMS:x                 com.sec.android.sdhms                I  SIOP:: AP:396 BAT:322 USB:325 CHG:350 PA:335 CP:334 WIFI:351 CF:331 BLK:0 SUBBAT:0 SKIN:334 SKINF:331 SKINB:334 LRP:334 LRP2:334 LRF2:331 LRB2:334 SPK:332 AP2:334 CHG2:332 MEM2:331 WIFI2:334 SPK2:315 DNSPK:322 VAP:345 AVGCUR:0 AVGSYS:0 POWER:0
2025-11-01 18:33:40.632  1027-1122  ActivityManager         system_server                        I  Changes in 10143 3 to 15, 16 to 0
2025-11-01 18:33:40.878  1027-1439  WifiConnec...tsAnalyzer system_server                        D  Backhaul result - RSSI:-41, CE:17, PE:5, TI:30, PTI:16, TW:0, PTW:0, Tx:624, Rx:630, TxS:382, RxS:283, RESULT:true, IC:0, ICT:5, WC:0, WCT:5, R:4, RC:0, IE:0, EC:0
2025-11-01 18:33:40.961  1027-1435  SemWifiSwi...ppsService system_server                        D  isSkipTcpMonitorInfo - result:1
2025-11-01 18:33:41.235  1027-1408  SemWifiServiceDetector  system_server                        I  NSD results: [0, 1, 2, 0, 0, 1, 2, 0, 0] Traff. type 1 Thr 0
2025-11-01 18:33:41.273   765-765   SurfaceFlinger          surfaceflinger                       I  SFWD update time=76900272764492
2025-11-01 18:33:41.309   465-465   io_stats                iod                                  D  !@   8,0 r 2885760 64240494 w 1444624 25747808 d 220970 116616520 f 63369 192058 iot 2387060 0 th 0 0 0 pt 0 inp 0 0 76900.309
2025-11-01 18:33:41.635  1027-2608  NSLocationMonitor       system_server                        I  getGPSUsingApps() called
2025-11-01 18:33:41.635  2598-25994 NSLocationManager_FLP   com.sec.location.nsflp2              I  getGPSUsingApps, No change
2025-11-01 18:33:41.646  1027-2608  FreecessController      system_server                        D  com.udry.app(10335) is important[2]
2025-11-01 18:33:41.823   703-761   BatteryDump             ven...msung.hardware.health-service  E  !@new_battery_dump : 4421,0,3000,3150,100,322,323,338,0,0,329,338,0,Full,NO_CHARGING,None,Good,PDIC,0,Normal,0,0,9420,0x4,0x10000,0x0,0,0,0000,0000,00000000,0,0,0,0,11,4406,9990,990,0,
2025-11-01 18:33:41.827  1027-2295  BatteryService          system_server                        D  [processValuesLocked]batteryLevel:100 ,LastbatteryLevel:100 ,mPlugType:2 ,batteryStatus:5
2025-11-01 18:33:41.827  1027-2295  BatteryService          system_server                        D  [countBatteryChangedConditions]mBatteryChangedConditionCounts:[35, 1, 1, 174, 42, 190, 52, 0, 0, 33, 31, 0, 25, 0, 0, 3, 603, 42, 0, 0, 0, 1]
2025-11-01 18:33:41.827   703-703   sehhealth-service       ven...msung.hardware.health-service  I  updateLrpSysfs: write: 334
2025-11-01 18:33:41.827  1027-2295  BatteryService          system_server                        D  Sending ACTION_BATTERY_CHANGED: level:100, status:5, health:2, remain:0, ac:false, usb:true, wireless:false, pogo:false, misc:0x10000, charge_type:1, charger_type:1, voltage:4421, temperature:322, online:19, charging_status:0, cycle_count:0, current_avg:0, ps:false, hvc:true, current_event:0x4, mcc:0, mcv:0, cc:4500000, present:true, scale:100, technology:Li-ion, protection:0
2025-11-01 18:33:41.828  1027-2295  [SS]BattUtils           system_server                        D  [readNode]path:/efs/FactoryApp/bsoh ,value:100.00
2025-11-01 18:33:41.829  1027-1027  BatteryService          system_server                        D  Sending ACTION_SEC_BATTERY_EVENT: misc_event:0x10000, sec_plug_type:2, online:19, charge_type:1, ps:false, hvc:true, charger_type:1, pogo_plugged:0, current_event:0x4, wc_tx_id:0
2025-11-01 18:33:41.830  1027-1454  DeviceBatt...nfoService system_server                        I  action: android.intent.action.BATTERY_CHANGED
2025-11-01 18:33:41.830  1027-1454  DeviceBatt...nfoService system_server                        I  phone battery level: 100
2025-11-01 18:33:41.830  1027-1454  DeviceBatt...nfoService system_server                        I  phone battery status: 5
2025-11-01 18:33:41.834  1027-1303  MotionReco...ionService system_server                        D  [SAR]  onReceive : ACTION_BATTERY_CHANGED, Plugged: 2
2025-11-01 18:33:41.834  1502-1502  AODBatteryManager       com.android.systemui                 I  updateBatteryData: ACTION_BATTERY_CHANGED
2025-11-01 18:33:41.834  1502-1502  AODBatteryManager       com.android.systemui                 I  getChargeEstimateTime: not charging
2025-11-01 18:33:41.834  1502-1502  AODBatteryManager       com.android.systemui                 I  saveBatteryData : AOD BatteryData [mBatteryLevel=100, mBatteryStatus=FULL, mBatteryPlugType=USB, mBatteryPlugged=true, mRemainingChargeTime=0, mBatteryChargingType=0, mBatteryChargerType=FAST, mBatteryOnline=NOT_DEFINED, mBatterySwellingMode=NONE, mBatteryProtectMode=false, mBatteryProtectModeType=0, mSleepChargingEvent=null, mSleepChargingEventFinishTime=null, mBatteryHealth=2, mIsDirectPowerMode=false, mIsUsbRestriction=false]
2025-11-01 18:33:41.835  1502-1502  PowerUI                 com.android.systemui                 I  mBootCompleted = true |  mFullyConnected = true
2025-11-01 18:33:41.834  1908-1908  NfcWirelessCharge       com.android.nfc                      I  chargeMode: 2, isWirelessCharging: false
2025-11-01 18:33:41.835  1502-1502  PowerUI                 com.android.systemui                 I  BATTERY_HEALTH_CHECK / batteryHealth : 2 / wirelessOverheat : false
2025-11-01 18:33:41.835  1484-1484  SemBigData...Controller com.android.phone                    D  Intent: android.intent.action.BATTERY_CHANGED
2025-11-01 18:33:41.835  1484-1484  SemBigData...Controller com.android.phone                    D  Intent: android.intent.action.BATTERY_CHANGED
2025-11-01 18:33:41.835  1502-1502  PowerUI                 com.android.systemui                 W  Skip charging animation - by Plug reason
2025-11-01 18:33:41.835  1502-1502  PowerUI                 com.android.systemui                 W  Skip charging sound & vibrate - by Plug reason
2025-11-01 18:33:41.835  1502-1502  PowerUI                 com.android.systemui                 D  oldMisalign : false, curMisalign : false
2025-11-01 18:33:41.835  1027-1123  ActivityManager         system_server                        D  sync unfroze 18274 com.samsung.android.lool for 3
2025-11-01 18:33:41.835  1502-3357  PowerUI.Notification    com.android.systemui                 D  updateNotification mWarning = false mPlaySound = false
2025-11-01 18:33:41.836 18274-18274 SmApplication           com.samsung.android.lool             W  onTrimMemory : 40
2025-11-01 18:33:41.836 18274-18274 DC.AppIconCache         com.samsung.android.lool             I  clear icon cache
2025-11-01 18:33:41.836 18274-18274 SmApplication           com.samsung.android.lool             W  onTrimMemory : 40
2025-11-01 18:33:41.836 18274-18274 DC.AppIconCache         com.samsung.android.lool             I  clear icon cache
2025-11-01 18:33:41.836  1027-1027  AdaptiveBr...delBuilder system_server                        D  Received android.intent.action.BATTERY_CHANGED
2025-11-01 18:33:41.837  2598-2691  EventReceiver_FLP       com.sec.location.nsflp2              W  BroadcastReceiver, SEC_BATTERY_EVENT
2025-11-01 18:33:41.837  2598-2691  EventReceiver_FLP       com.sec.location.nsflp2              I  BroadcastReceiver finished
2025-11-01 18:33:41.838  1502-1502  KeyguardUpdateMonitor   com.android.systemui                 D  handleBatteryUpdate
2025-11-01 18:33:41.839  1027-1271  SemInputEx...alReceiver system_server                        D  extraChargerBroadcastReceiver: com.samsung.server.BatteryService.action.SEC_BATTERY_EVENT
2025-11-01 18:33:41.840  1502-1502  KeyguardSe...Controller com.android.systemui                 D  addTrustAgentHelp false
2025-11-01 18:33:41.840  1502-1502  KeyguardSe...tionPolicy com.android.systemui                 D   remove Item pos = DEFAULT, type =     TRUST_AGENT_HELP
2025-11-01 18:33:41.840  1502-1502  KeyguardSe...Controller com.android.systemui                 D  addUsbRestriction false/isSecure=true
2025-11-01 18:33:41.840  1502-1502  KeyguardSe...tionPolicy com.android.systemui                 D   remove Item pos = DEFAULT, type =      USB_RESTRICTION
2025-11-01 18:33:41.840  1502-1502  KeyguardSe...Controller com.android.systemui                 D  addBatteryAndOwnerInfoIndication() battery status = BatteryStatus{status=5,level=100,plugged=2,chargingStatus=0,maxChargingWattage=-1,remaining=0ultraFastCharger=1}
2025-11-01 18:33:41.840  1502-1502  KeyguardSe...Controller com.android.systemui                 D  addIndicationTimeout() returned - unlocking
2025-11-01 18:33:41.840  1502-1502  KeyguardSe...Controller com.android.systemui                 D  addIndication() returned - unlocking
2025-11-01 18:33:41.840  1502-1502  SamsungBat...erDrawable com.android.systemui                 D  onBatteryLevelChanged isSomethingChanged: false
2025-11-01 18:33:41.841  1502-1502  SamsungBat...erDrawable com.android.systemui                 D  onBatteryLevelChanged isSomethingChanged: false
2025-11-01 18:33:41.841  1502-1502  SamsungBat...erDrawable com.android.systemui                 D  onBatteryLevelChanged isSomethingChanged: false
2025-11-01 18:33:41.841  1502-1502  SamsungBat...erDrawable com.android.systemui                 D  onBatteryLevelChanged isSomethingChanged: false
2025-11-01 18:33:41.843  1027-2295  BatterySer...sRegistrar system_server                        I  [getProperty]id:4
2025-11-01 18:33:41.843  1027-2295  BatterySer...sRegistrar system_server                        I  [getProperty]prop.long:-9223372036854775808 ,prop.string:null
2025-11-01 18:33:41.844  1027-2295  BatterySer...sRegistrar system_server                        I  [getProperty]id:1
2025-11-01 18:33:41.845  1027-2295  BatterySer...sRegistrar system_server                        I  [getProperty]prop.long:-9223372036854775808 ,prop.string:null
2025-11-01 18:33:41.846  1027-1027  BattAuthMa...henticator system_server                        I  onReceive: com.samsung.server.BatteryService.action.SEC_BATTERY_EVENT, misc_event: 65536, plug event: 2
2025-11-01 18:33:41.854  1502-1502  View                    com.android.systemui                 W  requestLayout() improperly called by com.android.systemui.qs.SecQSGradationDrawableView{ebb3702 V.E...... ......ID 0,0-1080,332 #7f0a0978 app:id/qs_gradation_view} during layout: running second layout pass
2025-11-01 18:33:41.854  1502-1502  View                    com.android.systemui                 W  requestLayout() improperly called by android.widget.FrameLayout{e053813 V.E...... ......ID 0,164-1080,2205 #7f0a0976 app:id/qs_frame} during layout: running second layout pass
2025-11-01 18:33:41.862  1502-1502  PowerUI                 com.android.systemui                 D  SUPPORT_WIRELESS_CHARGER_FOD_POPUP - oldWirelessFodState : false, mWirelessFodState : false
2025-11-01 18:33:41.862  1502-1502  PowerUI                 com.android.systemui                 D  SUPPORT_WATER_PROTECTION_POPUP - oldBatteryWaterConnector : false, mBatteryWaterConnector : false, oldHiccupState : false, mIsHiccupState : false
2025-11-01 18:33:41.862  1502-1502  PowerUI                 com.android.systemui                 D  USB damage detection - oldTemperatureHiccupState : false, mTemperatureHiccupState : false
2025-11-01 18:33:41.863  1027-3700  BatterySer...sRegistrar system_server                        I  [getProperty]id:3
2025-11-01 18:33:41.863  1027-3700  BatterySer...sRegistrar system_server                        I  [getProperty]prop.long:-9223372036854775808 ,prop.string:null
2025-11-01 18:33:41.873   765-765   RefreshRateSelector     surfaceflinger                       I  Can't find idle refresh rate by policy with the same mode group as the current mode {id=0, hwcId=1, resolution=1080x2340, vsyncRate=90.00 Hz, dpi=386.37x385.95, group=0, vrrConfig=N/A} (idle : 60 fps)
2025-11-01 18:33:41.965  1027-1435  SemWifiSwi...ppsService system_server                        D  isSkipTcpMonitorInfo - result:1
2025-11-01 18:33:42.099  1027-1149  PowerManagerService     system_server                        D  UserActivityStateListenerState: 0
2025-11-01 18:33:42.142 22066-22066 VRI[Main]@915907        com.android.chrome                   I  call setFrameRateCategory for touch hint category=no preference, reason=boost timeout, vri=VRI[Main]@915907
2025-11-01 18:33:42.150   765-765   SurfaceFlinger          surfaceflinger                       I  [com.android.chrome/com.google.android.apps.chrome.Main$_22066#4856] setFrameRateCategory: NoPreference
2025-11-01 18:33:42.971  1027-1435  SemWifiSwi...ppsService system_server                        D  isSkipTcpMonitorInfo - result:1
2025-11-01 18:33:42.980 22816-22839 Dawn                    com.android.chrome                   W  Warning: maxDynamicUniformBuffersPerPipelineLayout artificially reduced from 32 to 16 to fit dynamic offset allocation limit.
2025-11-01 18:33:42.980 22816-22839 Dawn                    com.android.chrome                   W  Warning: maxDynamicStorageBuffersPerPipelineLayout artificially reduced from 32 to 16 to fit dynamic offset allocation limit.
2025-11-01 18:33:42.987 22816-22839 Dawn                    com.android.chrome                   W  Warning: maxDynamicUniformBuffersPerPipelineLayout artificially reduced from 32 to 16 to fit dynamic offset allocation limit.
2025-11-01 18:33:42.987 22816-22839 Dawn                    com.android.chrome                   W  Warning: maxDynamicStorageBuffersPerPipelineLayout artificially reduced from 32 to 16 to fit dynamic offset allocation limit.
2025-11-01 18:33:43.073   765-765   RefreshRateSelector     surfaceflinger                       E  Can't find HRR max refresh rate by policy with the same group 0
2025-11-01 18:33:43.243  1027-1408  SemWifiServiceDetector  system_server                        I  NSD results: [0, 1, 2, 0, 0, 0, 2, 0, 0] Traff. type 1 Thr 60
2025-11-01 18:33:43.310   465-465   io_stats                iod                                  D  !@   8,0 r 2885762 64240502 w 1444705 25748836 d 220970 116616520 f 63369 192058 iot 2387084 0 th 0 0 0 pt 0 inp 0 0 76902.310
2025-11-01 18:33:43.311   465-465   io_stats                iod                                  D  !@ Read_top(KB): cessService0:25(1654) 36 .android.chrome(22066) 8
2025-11-01 18:33:43.311   465-465   io_stats                iod                                  D  !@ Write_top(KB): kworker/u16:5(32461) 1020 vendor.samsung.(703) 8
2025-11-01 18:33:43.601  1027-2884  SemWifiUsa...atsMonitor system_server                        D  onWifiUsabilityStats - seqNum 4283, isSameBssidAndFreq true
2025-11-01 18:33:43.604  1027-1409  SemWifiLin...ityMonitor system_server                        I  Link stat: 1746 / 0 / 1.06 (75) / 433 / -40.0 || 100.0 : 433.00 / 0.5 : 0.95 / 0.55 : 0.00 / G (G) || b9f683e25765: 0.090 / 88.421 /  / N || N N / 0 / N 2.0 / N 0 / 76902602 0
2025-11-01 18:33:43.699 15286-1648  NearbyMediums           com.google.android.gms.persistent    I  Found Fast Ble Advertisements :
