2025-11-01 15:46:45.849 32180-32180 View                    com.udry.app                         I  setRequestedFrameRate frameRate=-4.0, this=com.getcapacitor.CapacitorWebView{ba40fbd VFEDHVC.. .F...... 0,0-1080,2109 #7f0901c2 app:id/webview aid=1073741824}, caller=WV.ef.b:1 WV.fg.h:118 WV.fg.onDraw:7 com.android.webview.chromium.WebViewChromium.onDraw:35 android.webkit.WebView.onDraw:2959 
2025-11-01 15:46:45.860 32180-32180 View                    com.udry.app                         I  setRequestedFrameRate frameRate=-4.0, this=com.getcapacitor.CapacitorWebView{ba40fbd VFEDHVC.. .F...... 0,0-1080,2109 #7f0901c2 app:id/webview aid=1073741824}, caller=WV.ef.b:1 WV.fg.h:118 WV.fg.onDraw:7 com.android.webview.chromium.WebViewChromium.onDraw:35 android.webkit.WebView.onDraw:2959 
2025-11-01 15:46:45.871 32180-32180 View                    com.udry.app                         I  setRequestedFrameRate frameRate=-4.0, this=com.getcapacitor.CapacitorWebView{ba40fbd VFEDHVC.. .F...... 0,0-1080,2109 #7f0901c2 app:id/webview aid=1073741824}, caller=WV.ef.b:1 WV.fg.h:118 WV.fg.onDraw:7 com.android.webview.chromium.WebViewChromium.onDraw:35 android.webkit.WebView.onDraw:2959 
2025-11-01 15:46:45.882 32180-32180 View                    com.udry.app                         I  setRequestedFrameRate frameRate=-4.0, this=com.getcapacitor.CapacitorWebView{ba40fbd VFEDHVC.. .F...... 0,0-1080,2109 #7f0901c2 app:id/webview aid=1073741824}, caller=WV.ef.b:1 WV.fg.h:118 WV.fg.onDraw:7 com.android.webview.chromium.WebViewChromium.onDraw:35 android.webkit.WebView.onDraw:2959 
2025-11-01 15:46:45.893 32180-32180 View                    com.udry.app                         I  setRequestedFrameRate frameRate=-4.0, this=com.getcapacitor.CapacitorWebView{ba40fbd VFEDHVC.. .F...... 0,0-1080,2109 #7f0901c2 app:id/webview aid=1073741824}, caller=WV.ef.b:1 WV.fg.h:118 WV.fg.onDraw:7 com.android.webview.chromium.WebViewChromium.onDraw:35 android.webkit.WebView.onDraw:2959 
2025-11-01 15:46:45.904 32180-32180 View                    com.udry.app                         I  setRequestedFrameRate frameRate=-4.0, this=com.getcapacitor.CapacitorWebView{ba40fbd VFEDHVC.. .F...... 0,0-1080,2109 #7f0901c2 app:id/webview aid=1073741824}, caller=WV.ef.b:1 WV.fg.h:118 WV.fg.onDraw:7 com.android.webview.chromium.WebViewChromium.onDraw:35 android.webkit.WebView.onDraw:2959 
2025-11-01 15:46:45.916 32180-32180 View                    com.udry.app                         I  setRequestedFrameRate frameRate=-4.0, this=com.getcapacitor.CapacitorWebView{ba40fbd VFEDHVC.. .F...... 0,0-1080,2109 #7f0901c2 app:id/webview aid=1073741824}, caller=WV.ef.b:1 WV.fg.h:118 WV.fg.onDraw:7 com.android.webview.chromium.WebViewChromium.onDraw:35 android.webkit.WebView.onDraw:2959 
2025-11-01 15:46:45.927 32180-32180 View                    com.udry.app                         I  setRequestedFrameRate frameRate=-4.0, this=com.getcapacitor.CapacitorWebView{ba40fbd VFEDHVC.. .F...... 0,0-1080,2109 #7f0901c2 app:id/webview aid=1073741824}, caller=WV.ef.b:1 WV.fg.h:118 WV.fg.onDraw:7 com.android.webview.chromium.WebViewChromium.onDraw:35 android.webkit.WebView.onDraw:2959 
2025-11-01 15:46:45.939 32180-32180 View                    com.udry.app                         I  setRequestedFrameRate frameRate=-4.0, this=com.getcapacitor.CapacitorWebView{ba40fbd VFEDHVC.. .F...... 0,0-1080,2109 #7f0901c2 app:id/webview aid=1073741824}, caller=WV.ef.b:1 WV.fg.h:118 WV.fg.onDraw:7 com.android.webview.chromium.WebViewChromium.onDraw:35 android.webkit.WebView.onDraw:2959 
2025-11-01 15:46:45.949 32180-32180 View                    com.udry.app                         I  setRequestedFrameRate frameRate=-4.0, this=com.getcapacitor.CapacitorWebView{ba40fbd VFEDHVC.. .F...... 0,0-1080,2109 #7f0901c2 app:id/webview aid=1073741824}, caller=WV.ef.b:1 WV.fg.h:118 WV.fg.onDraw:7 com.android.webview.chromium.WebViewChromium.onDraw:35 android.webkit.WebView.onDraw:2959 
2025-11-01 15:46:45.962 32180-32180 View                    com.udry.app                         I  setRequestedFrameRate frameRate=-4.0, this=com.getcapacitor.CapacitorWebView{ba40fbd VFEDHVC.. .F...... 0,0-1080,2109 #7f0901c2 app:id/webview aid=1073741824}, caller=WV.ef.b:1 WV.fg.h:118 WV.fg.onDraw:7 com.android.webview.chromium.WebViewChromium.onDraw:35 android.webkit.WebView.onDraw:2959 
2025-11-01 15:46:45.971 32180-32180 View                    com.udry.app                         I  setRequestedFrameRate frameRate=-4.0, this=com.getcapacitor.CapacitorWebView{ba40fbd VFEDHVC.. .F...... 0,0-1080,2109 #7f0901c2 app:id/webview aid=1073741824}, caller=WV.ef.b:1 WV.fg.h:118 WV.fg.onDraw:7 com.android.webview.chromium.WebViewChromium.onDraw:35 android.webkit.WebView.onDraw:2959 
2025-11-01 15:46:45.982 32180-32180 View                    com.udry.app                         I  setRequestedFrameRate frameRate=-4.0, this=com.getcapacitor.CapacitorWebView{ba40fbd VFEDHVC.. .F...... 0,0-1080,2109 #7f0901c2 app:id/webview aid=1073741824}, caller=WV.ef.b:1 WV.fg.h:118 WV.fg.onDraw:7 com.android.webview.chromium.WebViewChromium.onDraw:35 android.webkit.WebView.onDraw:2959 
2025-11-01 15:46:45.993 32180-32180 View                    com.udry.app                         I  setRequestedFrameRate frameRate=-4.0, this=com.getcapacitor.CapacitorWebView{ba40fbd VFEDHVC.. .F...... 0,0-1080,2109 #7f0901c2 app:id/webview aid=1073741824}, caller=WV.ef.b:1 WV.fg.h:118 WV.fg.onDraw:7 com.android.webview.chromium.WebViewChromium.onDraw:35 android.webkit.WebView.onDraw:2959 
2025-11-01 15:46:46.005 32180-32180 View                    com.udry.app                         I  setRequestedFrameRate frameRate=-4.0, this=com.getcapacitor.CapacitorWebView{ba40fbd VFEDHVC.. .F...... 0,0-1080,2109 #7f0901c2 app:id/webview aid=1073741824}, caller=WV.ef.b:1 WV.fg.h:118 WV.fg.onDraw:7 com.android.webview.chromium.WebViewChromium.onDraw:35 android.webkit.WebView.onDraw:2959 
2025-11-01 15:46:46.015 32180-32180 View                    com.udry.app                         I  setRequestedFrameRate frameRate=-4.0, this=com.getcapacitor.CapacitorWebView{ba40fbd VFEDHVC.. .F...... 0,0-1080,2109 #7f0901c2 app:id/webview aid=1073741824}, caller=WV.ef.b:1 WV.fg.h:118 WV.fg.onDraw:7 com.android.webview.chromium.WebViewChromium.onDraw:35 android.webkit.WebView.onDraw:2959 
2025-11-01 15:46:46.027 32180-32180 View                    com.udry.app                         I  setRequestedFrameRate frameRate=-4.0, this=com.getcapacitor.CapacitorWebView{ba40fbd VFEDHVC.. .F...... 0,0-1080,2109 #7f0901c2 app:id/webview aid=1073741824}, caller=WV.ef.b:1 WV.fg.h:118 WV.fg.onDraw:7 com.android.webview.chromium.WebViewChromium.onDraw:35 android.webkit.WebView.onDraw:2959 
2025-11-01 15:46:46.038 32180-32180 View                    com.udry.app                         I  setRequestedFrameRate frameRate=-4.0, this=com.getcapacitor.CapacitorWebView{ba40fbd VFEDHVC.. .F...... 0,0-1080,2109 #7f0901c2 app:id/webview aid=1073741824}, caller=WV.ef.b:1 WV.fg.h:118 WV.fg.onDraw:7 com.android.webview.chromium.WebViewChromium.onDraw:35 android.webkit.WebView.onDraw:2959 
2025-11-01 15:46:46.049 32180-32180 View                    com.udry.app                         I  setRequestedFrameRate frameRate=-4.0, this=com.getcapacitor.CapacitorWebView{ba40fbd VFEDHVC.. .F...... 0,0-1080,2109 #7f0901c2 app:id/webview aid=1073741824}, caller=WV.ef.b:1 WV.fg.h:118 WV.fg.onDraw:7 com.android.webview.chromium.WebViewChromium.onDraw:35 android.webkit.WebView.onDraw:2959 
2025-11-01 15:46:46.060 32180-32180 View                    com.udry.app                         I  setRequestedFrameRate frameRate=-4.0, this=com.getcapacitor.CapacitorWebView{ba40fbd VFEDHVC.. .F...... 0,0-1080,2109 #7f0901c2 app:id/webview aid=1073741824}, caller=WV.ef.b:1 WV.fg.h:118 WV.fg.onDraw:7 com.android.webview.chromium.WebViewChromium.onDraw:35 android.webkit.WebView.onDraw:2959 
2025-11-01 15:46:46.071 32180-32180 View                    com.udry.app                         I  setRequestedFrameRate frameRate=-4.0, this=com.getcapacitor.CapacitorWebView{ba40fbd VFEDHVC.. .F...... 0,0-1080,2109 #7f0901c2 app:id/webview aid=1073741824}, caller=WV.ef.b:1 WV.fg.h:118 WV.fg.onDraw:7 com.android.webview.chromium.WebViewChromium.onDraw:35 android.webkit.WebView.onDraw:2959 
2025-11-01 15:46:46.082 32180-32180 View                    com.udry.app                         I  setRequestedFrameRate frameRate=-4.0, this=com.getcapacitor.CapacitorWebView{ba40fbd VFEDHVC.. .F...... 0,0-1080,2109 #7f0901c2 app:id/webview aid=1073741824}, caller=WV.ef.b:1 WV.fg.h:118 WV.fg.onDraw:7 com.android.webview.chromium.WebViewChromium.onDraw:35 android.webkit.WebView.onDraw:2959 
2025-11-01 15:46:46.093 32180-32180 View                    com.udry.app                         I  setRequestedFrameRate frameRate=-4.0, this=com.getcapacitor.CapacitorWebView{ba40fbd VFEDHVC.. .F...... 0,0-1080,2109 #7f0901c2 app:id/webview aid=1073741824}, caller=WV.ef.b:1 WV.fg.h:118 WV.fg.onDraw:7 com.android.webview.chromium.WebViewChromium.onDraw:35 android.webkit.WebView.onDraw:2959 
2025-11-01 15:46:46.105 32180-32180 View                    com.udry.app                         I  setRequestedFrameRate frameRate=-4.0, this=com.getcapacitor.CapacitorWebView{ba40fbd VFEDHVC.. .F...... 0,0-1080,2109 #7f0901c2 app:id/webview aid=1073741824}, caller=WV.ef.b:1 WV.fg.h:118 WV.fg.onDraw:7 com.android.webview.chromium.WebViewChromium.onDraw:35 android.webkit.WebView.onDraw:2959 
2025-11-01 15:46:46.116 32180-32180 View                    com.udry.app                         I  setRequestedFrameRate frameRate=-4.0, this=com.getcapacitor.CapacitorWebView{ba40fbd VFEDHVC.. .F...... 0,0-1080,2109 #7f0901c2 app:id/webview aid=1073741824}, caller=WV.ef.b:1 WV.fg.h:118 WV.fg.onDraw:7 com.android.webview.chromium.WebViewChromium.onDraw:35 android.webkit.WebView.onDraw:2959 
2025-11-01 15:46:46.127 32180-32180 View                    com.udry.app                         I  setRequestedFrameRate frameRate=-4.0, this=com.getcapacitor.CapacitorWebView{ba40fbd VFEDHVC.. .F...... 0,0-1080,2109 #7f0901c2 app:id/webview aid=1073741824}, caller=WV.ef.b:1 WV.fg.h:118 WV.fg.onDraw:7 com.android.webview.chromium.WebViewChromium.onDraw:35 android.webkit.WebView.onDraw:2959 
2025-11-01 15:46:46.138 32180-32180 View                    com.udry.app                         I  setRequestedFrameRate frameRate=-4.0, this=com.getcapacitor.CapacitorWebView{ba40fbd VFEDHVC.. .F...... 0,0-1080,2109 #7f0901c2 app:id/webview aid=1073741824}, caller=WV.ef.b:1 WV.fg.h:118 WV.fg.onDraw:7 com.android.webview.chromium.WebViewChromium.onDraw:35 android.webkit.WebView.onDraw:2959 
2025-11-01 15:46:46.150 32180-32180 View                    com.udry.app                         I  setRequestedFrameRate frameRate=-4.0, this=com.getcapacitor.CapacitorWebView{ba40fbd VFEDHVC.. .F...... 0,0-1080,2109 #7f0901c2 app:id/webview aid=1073741824}, caller=WV.ef.b:1 WV.fg.h:118 WV.fg.onDraw:7 com.android.webview.chromium.WebViewChromium.onDraw:35 android.webkit.WebView.onDraw:2959 
2025-11-01 15:46:46.160 32180-32180 View                    com.udry.app                         I  setRequestedFrameRate frameRate=-4.0, this=com.getcapacitor.CapacitorWebView{ba40fbd VFEDHVC.. .F...... 0,0-1080,2109 #7f0901c2 app:id/webview aid=1073741824}, caller=WV.ef.b:1 WV.fg.h:118 WV.fg.onDraw:7 com.android.webview.chromium.WebViewChromium.onDraw:35 android.webkit.WebView.onDraw:2959 
2025-11-01 15:46:46.171 32180-32180 View                    com.udry.app                         I  setRequestedFrameRate frameRate=-4.0, this=com.getcapacitor.CapacitorWebView{ba40fbd VFEDHVC.. .F...... 0,0-1080,2109 #7f0901c2 app:id/webview aid=1073741824}, caller=WV.ef.b:1 WV.fg.h:118 WV.fg.onDraw:7 com.android.webview.chromium.WebViewChromium.onDraw:35 android.webkit.WebView.onDraw:2959 
2025-11-01 15:46:46.182 32180-32180 View                    com.udry.app                         I  setRequestedFrameRate frameRate=-4.0, this=com.getcapacitor.CapacitorWebView{ba40fbd VFEDHVC.. .F...... 0,0-1080,2109 #7f0901c2 app:id/webview aid=1073741824}, caller=WV.ef.b:1 WV.fg.h:118 WV.fg.onDraw:7 com.android.webview.chromium.WebViewChromium.onDraw:35 android.webkit.WebView.onDraw:2959 
2025-11-01 15:46:46.194 32180-32180 View                    com.udry.app                         I  setRequestedFrameRate frameRate=-4.0, this=com.getcapacitor.CapacitorWebView{ba40fbd VFEDHVC.. .F...... 0,0-1080,2109 #7f0901c2 app:id/webview aid=1073741824}, caller=WV.ef.b:1 WV.fg.h:118 WV.fg.onDraw:7 com.android.webview.chromium.WebViewChromium.onDraw:35 android.webkit.WebView.onDraw:2959 
2025-11-01 15:46:46.204 32180-32180 View                    com.udry.app                         I  setRequestedFrameRate frameRate=-4.0, this=com.getcapacitor.CapacitorWebView{ba40fbd VFEDHVC.. .F...... 0,0-1080,2109 #7f0901c2 app:id/webview aid=1073741824}, caller=WV.ef.b:1 WV.fg.h:118 WV.fg.onDraw:7 com.android.webview.chromium.WebViewChromium.onDraw:35 android.webkit.WebView.onDraw:2959 
2025-11-01 15:46:46.216 32180-32180 View                    com.udry.app                         I  setRequestedFrameRate frameRate=-4.0, this=com.getcapacitor.CapacitorWebView{ba40fbd VFEDHVC.. .F...... 0,0-1080,2109 #7f0901c2 app:id/webview aid=1073741824}, caller=WV.ef.b:1 WV.fg.h:118 WV.fg.onDraw:7 com.android.webview.chromium.WebViewChromium.onDraw:35 android.webkit.WebView.onDraw:2959 
2025-11-01 15:46:46.227 32180-32180 View                    com.udry.app                         I  setRequestedFrameRate frameRate=-4.0, this=com.getcapacitor.CapacitorWebView{ba40fbd VFEDHVC.. .F...... 0,0-1080,2109 #7f0901c2 app:id/webview aid=1073741824}, caller=WV.ef.b:1 WV.fg.h:118 WV.fg.onDraw:7 com.android.webview.chromium.WebViewChromium.onDraw:35 android.webkit.WebView.onDraw:2959 
2025-11-01 15:46:46.238 32180-32180 View                    com.udry.app                         I  setRequestedFrameRate frameRate=-4.0, this=com.getcapacitor.CapacitorWebView{ba40fbd VFEDHVC.. .F...... 0,0-1080,2109 #7f0901c2 app:id/webview aid=1073741824}, caller=WV.ef.b:1 WV.fg.h:118 WV.fg.onDraw:7 com.android.webview.chromium.WebViewChromium.onDraw:35 android.webkit.WebView.onDraw:2959 
2025-11-01 15:46:46.249 32180-32180 View                    com.udry.app                         I  setRequestedFrameRate frameRate=-4.0, this=com.getcapacitor.CapacitorWebView{ba40fbd VFEDHVC.. .F...... 0,0-1080,2109 #7f0901c2 app:id/webview aid=1073741824}, caller=WV.ef.b:1 WV.fg.h:118 WV.fg.onDraw:7 com.android.webview.chromium.WebViewChromium.onDraw:35 android.webkit.WebView.onDraw:2959 
2025-11-01 15:46:46.260 32180-32180 View                    com.udry.app                         I  setRequestedFrameRate frameRate=-4.0, this=com.getcapacitor.CapacitorWebView{ba40fbd VFEDHVC.. .F...... 0,0-1080,2109 #7f0901c2 app:id/webview aid=1073741824}, caller=WV.ef.b:1 WV.fg.h:118 WV.fg.onDraw:7 com.android.webview.chromium.WebViewChromium.onDraw:35 android.webkit.WebView.onDraw:2959 
2025-11-01 15:46:46.271 32180-32180 View                    com.udry.app                         I  setRequestedFrameRate frameRate=-4.0, this=com.getcapacitor.CapacitorWebView{ba40fbd VFEDHVC.. .F...... 0,0-1080,2109 #7f0901c2 app:id/webview aid=1073741824}, caller=WV.ef.b:1 WV.fg.h:118 WV.fg.onDraw:7 com.android.webview.chromium.WebViewChromium.onDraw:35 android.webkit.WebView.onDraw:2959 
2025-11-01 15:46:46.283 32180-32180 View                    com.udry.app                         I  setRequestedFrameRate frameRate=-4.0, this=com.getcapacitor.CapacitorWebView{ba40fbd VFEDHVC.. .F...... 0,0-1080,2109 #7f0901c2 app:id/webview aid=1073741824}, caller=WV.ef.b:1 WV.fg.h:118 WV.fg.onDraw:7 com.android.webview.chromium.WebViewChromium.onDraw:35 android.webkit.WebView.onDraw:2959 
2025-11-01 15:46:46.294 32180-32180 View                    com.udry.app                         I  setRequestedFrameRate frameRate=-4.0, this=com.getcapacitor.CapacitorWebView{ba40fbd VFEDHVC.. .F...... 0,0-1080,2109 #7f0901c2 app:id/webview aid=1073741824}, caller=WV.ef.b:1 WV.fg.h:118 WV.fg.onDraw:7 com.android.webview.chromium.WebViewChromium.onDraw:35 android.webkit.WebView.onDraw:2959 
2025-11-01 15:46:46.305 32180-32180 View                    com.udry.app                         I  setRequestedFrameRate frameRate=-4.0, this=com.getcapacitor.CapacitorWebView{ba40fbd VFEDHVC.. .F...... 0,0-1080,2109 #7f0901c2 app:id/webview aid=1073741824}, caller=WV.ef.b:1 WV.fg.h:118 WV.fg.onDraw:7 com.android.webview.chromium.WebViewChromium.onDraw:35 android.webkit.WebView.onDraw:2959 
2025-11-01 15:46:46.317 32180-32180 View                    com.udry.app                         I  setRequestedFrameRate frameRate=-4.0, this=com.getcapacitor.CapacitorWebView{ba40fbd VFEDHVC.. .F...... 0,0-1080,2109 #7f0901c2 app:id/webview aid=1073741824}, caller=WV.ef.b:1 WV.fg.h:118 WV.fg.onDraw:7 com.android.webview.chromium.WebViewChromium.onDraw:35 android.webkit.WebView.onDraw:2959 
2025-11-01 15:46:46.327 32180-32180 View                    com.udry.app                         I  setRequestedFrameRate frameRate=-4.0, this=com.getcapacitor.CapacitorWebView{ba40fbd VFEDHVC.. .F...... 0,0-1080,2109 #7f0901c2 app:id/webview aid=1073741824}, caller=WV.ef.b:1 WV.fg.h:118 WV.fg.onDraw:7 com.android.webview.chromium.WebViewChromium.onDraw:35 android.webkit.WebView.onDraw:2959 
2025-11-01 15:46:46.338 32180-32180 View                    com.udry.app                         I  setRequestedFrameRate frameRate=-4.0, this=com.getcapacitor.CapacitorWebView{ba40fbd VFEDHVC.. .F...... 0,0-1080,2109 #7f0901c2 app:id/webview aid=1073741824}, caller=WV.ef.b:1 WV.fg.h:118 WV.fg.onDraw:7 com.android.webview.chromium.WebViewChromium.onDraw:35 android.webkit.WebView.onDraw:2959 
2025-11-01 15:46:46.349 32180-32180 View                    com.udry.app                         I  setRequestedFrameRate frameRate=-4.0, this=com.getcapacitor.CapacitorWebView{ba40fbd VFEDHVC.. .F...... 0,0-1080,2109 #7f0901c2 app:id/webview aid=1073741824}, caller=WV.ef.b:1 WV.fg.h:118 WV.fg.onDraw:7 com.android.webview.chromium.WebViewChromium.onDraw:35 android.webkit.WebView.onDraw:2959 
2025-11-01 15:46:46.361 32180-32180 View                    com.udry.app                         I  setRequestedFrameRate frameRate=-4.0, this=com.getcapacitor.CapacitorWebView{ba40fbd VFEDHVC.. .F...... 0,0-1080,2109 #7f0901c2 app:id/webview aid=1073741824}, caller=WV.ef.b:1 WV.fg.h:118 WV.fg.onDraw:7 com.android.webview.chromium.WebViewChromium.onDraw:35 android.webkit.WebView.onDraw:2959 
2025-11-01 15:46:46.372 32180-32180 View                    com.udry.app                         I  setRequestedFrameRate frameRate=-4.0, this=com.getcapacitor.CapacitorWebView{ba40fbd VFEDHVC.. .F...... 0,0-1080,2109 #7f0901c2 app:id/webview aid=1073741824}, caller=WV.ef.b:1 WV.fg.h:118 WV.fg.onDraw:7 com.android.webview.chromium.WebViewChromium.onDraw:35 android.webkit.WebView.onDraw:2959 
2025-11-01 15:46:46.383 32180-32180 View                    com.udry.app                         I  setRequestedFrameRate frameRate=-4.0, this=com.getcapacitor.CapacitorWebView{ba40fbd VFEDHVC.. .F...... 0,0-1080,2109 #7f0901c2 app:id/webview aid=1073741824}, caller=WV.ef.b:1 WV.fg.h:118 WV.fg.onDraw:7 com.android.webview.chromium.WebViewChromium.onDraw:35 android.webkit.WebView.onDraw:2959 
2025-11-01 15:46:46.395 32180-32180 View                    com.udry.app                         I  setRequestedFrameRate frameRate=-4.0, this=com.getcapacitor.CapacitorWebView{ba40fbd VFEDHVC.. .F...... 0,0-1080,2109 #7f0901c2 app:id/webview aid=1073741824}, caller=WV.ef.b:1 WV.fg.h:118 WV.fg.onDraw:7 com.android.webview.chromium.WebViewChromium.onDraw:35 android.webkit.WebView.onDraw:2959 
2025-11-01 15:46:46.406 32180-32180 View                    com.udry.app                         I  setRequestedFrameRate frameRate=-4.0, this=com.getcapacitor.CapacitorWebView{ba40fbd VFEDHVC.. .F...... 0,0-1080,2109 #7f0901c2 app:id/webview aid=1073741824}, caller=WV.ef.b:1 WV.fg.h:118 WV.fg.onDraw:7 com.android.webview.chromium.WebViewChromium.onDraw:35 android.webkit.WebView.onDraw:2959 
2025-11-01 15:46:46.417 32180-32180 View                    com.udry.app                         I  setRequestedFrameRate frameRate=-4.0, this=com.getcapacitor.CapacitorWebView{ba40fbd VFEDHVC.. .F...... 0,0-1080,2109 #7f0901c2 app:id/webview aid=1073741824}, caller=WV.ef.b:1 WV.fg.h:118 WV.fg.onDraw:7 com.android.webview.chromium.WebViewChromium.onDraw:35 android.webkit.WebView.onDraw:2959 
2025-11-01 15:46:46.428 32180-32180 View                    com.udry.app                         I  setRequestedFrameRate frameRate=-4.0, this=com.getcapacitor.CapacitorWebView{ba40fbd VFEDHVC.. .F...... 0,0-1080,2109 #7f0901c2 app:id/webview aid=1073741824}, caller=WV.ef.b:1 WV.fg.h:118 WV.fg.onDraw:7 com.android.webview.chromium.WebViewChromium.onDraw:35 android.webkit.WebView.onDraw:2959 
2025-11-01 15:46:46.439 32180-32180 View                    com.udry.app                         I  setRequestedFrameRate frameRate=-4.0, this=com.getcapacitor.CapacitorWebView{ba40fbd VFEDHVC.. .F...... 0,0-1080,2109 #7f0901c2 app:id/webview aid=1073741824}, caller=WV.ef.b:1 WV.fg.h:118 WV.fg.onDraw:7 com.android.webview.chromium.WebViewChromium.onDraw:35 android.webkit.WebView.onDraw:2959 
2025-11-01 15:46:46.450 32180-32180 View                    com.udry.app                         I  setRequestedFrameRate frameRate=-4.0, this=com.getcapacitor.CapacitorWebView{ba40fbd VFEDHVC.. .F...... 0,0-1080,2109 #7f0901c2 app:id/webview aid=1073741824}, caller=WV.ef.b:1 WV.fg.h:118 WV.fg.onDraw:7 com.android.webview.chromium.WebViewChromium.onDraw:35 android.webkit.WebView.onDraw:2959 
2025-11-01 15:46:46.460 32180-32180 View                    com.udry.app                         I  setRequestedFrameRate frameRate=-4.0, this=com.getcapacitor.CapacitorWebView{ba40fbd VFEDHVC.. .F...... 0,0-1080,2109 #7f0901c2 app:id/webview aid=1073741824}, caller=WV.ef.b:1 WV.fg.h:118 WV.fg.onDraw:7 com.android.webview.chromium.WebViewChromium.onDraw:35 android.webkit.WebView.onDraw:2959 
2025-11-01 15:46:46.471 32180-32180 View                    com.udry.app                         I  setRequestedFrameRate frameRate=-4.0, this=com.getcapacitor.CapacitorWebView{ba40fbd VFEDHVC.. .F...... 0,0-1080,2109 #7f0901c2 app:id/webview aid=1073741824}, caller=WV.ef.b:1 WV.fg.h:118 WV.fg.onDraw:7 com.android.webview.chromium.WebViewChromium.onDraw:35 android.webkit.WebView.onDraw:2959 
2025-11-01 15:46:46.482 32180-32180 View                    com.udry.app                         I  setRequestedFrameRate frameRate=-4.0, this=com.getcapacitor.CapacitorWebView{ba40fbd VFEDHVC.. .F...... 0,0-1080,2109 #7f0901c2 app:id/webview aid=1073741824}, caller=WV.ef.b:1 WV.fg.h:118 WV.fg.onDraw:7 com.android.webview.chromium.WebViewChromium.onDraw:35 android.webkit.WebView.onDraw:2959 
2025-11-01 15:46:46.493 32180-32180 View                    com.udry.app                         I  setRequestedFrameRate frameRate=-4.0, this=com.getcapacitor.CapacitorWebView{ba40fbd VFEDHVC.. .F...... 0,0-1080,2109 #7f0901c2 app:id/webview aid=1073741824}, caller=WV.ef.b:1 WV.fg.h:118 WV.fg.onDraw:7 com.android.webview.chromium.WebViewChromium.onDraw:35 android.webkit.WebView.onDraw:2959 
2025-11-01 15:46:46.504 32180-32180 View                    com.udry.app                         I  setRequestedFrameRate frameRate=-4.0, this=com.getcapacitor.CapacitorWebView{ba40fbd VFEDHVC.. .F...... 0,0-1080,2109 #7f0901c2 app:id/webview aid=1073741824}, caller=WV.ef.b:1 WV.fg.h:118 WV.fg.onDraw:7 com.android.webview.chromium.WebViewChromium.onDraw:35 android.webkit.WebView.onDraw:2959 
2025-11-01 15:46:46.515 32180-32180 View                    com.udry.app                         I  setRequestedFrameRate frameRate=-4.0, this=com.getcapacitor.CapacitorWebView{ba40fbd VFEDHVC.. .F...... 0,0-1080,2109 #7f0901c2 app:id/webview aid=1073741824}, caller=WV.ef.b:1 WV.fg.h:118 WV.fg.onDraw:7 com.android.webview.chromium.WebViewChromium.onDraw:35 android.webkit.WebView.onDraw:2959 
2025-11-01 15:46:46.527 32180-32180 View                    com.udry.app                         I  setRequestedFrameRate frameRate=-4.0, this=com.getcapacitor.CapacitorWebView{ba40fbd VFEDHVC.. .F...... 0,0-1080,2109 #7f0901c2 app:id/webview aid=1073741824}, caller=WV.ef.b:1 WV.fg.h:118 WV.fg.onDraw:7 com.android.webview.chromium.WebViewChromium.onDraw:35 android.webkit.WebView.onDraw:2959 
2025-11-01 15:46:46.538 32180-32180 View                    com.udry.app                         I  setRequestedFrameRate frameRate=-4.0, this=com.getcapacitor.CapacitorWebView{ba40fbd VFEDHVC.. .F...... 0,0-1080,2109 #7f0901c2 app:id/webview aid=1073741824}, caller=WV.ef.b:1 WV.fg.h:118 WV.fg.onDraw:7 com.android.webview.chromium.WebViewChromium.onDraw:35 android.webkit.WebView.onDraw:2959 
2025-11-01 15:46:46.549 32180-32180 View                    com.udry.app                         I  setRequestedFrameRate frameRate=-4.0, this=com.getcapacitor.CapacitorWebView{ba40fbd VFEDHVC.. .F...... 0,0-1080,2109 #7f0901c2 app:id/webview aid=1073741824}, caller=WV.ef.b:1 WV.fg.h:118 WV.fg.onDraw:7 com.android.webview.chromium.WebViewChromium.onDraw:35 android.webkit.WebView.onDraw:2959 
2025-11-01 15:46:46.560 32180-32180 View                    com.udry.app                         I  setRequestedFrameRate frameRate=-4.0, this=com.getcapacitor.CapacitorWebView{ba40fbd VFEDHVC.. .F...... 0,0-1080,2109 #7f0901c2 app:id/webview aid=1073741824}, caller=WV.ef.b:1 WV.fg.h:118 WV.fg.onDraw:7 com.android.webview.chromium.WebViewChromium.onDraw:35 android.webkit.WebView.onDraw:2959 
2025-11-01 15:46:46.571 32180-32180 View                    com.udry.app                         I  setRequestedFrameRate frameRate=-4.0, this=com.getcapacitor.CapacitorWebView{ba40fbd VFEDHVC.. .F...... 0,0-1080,2109 #7f0901c2 app:id/webview aid=1073741824}, caller=WV.ef.b:1 WV.fg.h:118 WV.fg.onDraw:7 com.android.webview.chromium.WebViewChromium.onDraw:35 android.webkit.WebView.onDraw:2959 
2025-11-01 15:46:46.582 32180-32180 View                    com.udry.app                         I  setRequestedFrameRate frameRate=-4.0, this=com.getcapacitor.CapacitorWebView{ba40fbd VFEDHVC.. .F...... 0,0-1080,2109 #7f0901c2 app:id/webview aid=1073741824}, caller=WV.ef.b:1 WV.fg.h:118 WV.fg.onDraw:7 com.android.webview.chromium.WebViewChromium.onDraw:35 android.webkit.WebView.onDraw:2959 
2025-11-01 15:46:46.593 32180-32180 View                    com.udry.app                         I  setRequestedFrameRate frameRate=-4.0, this=com.getcapacitor.CapacitorWebView{ba40fbd VFEDHVC.. .F...... 0,0-1080,2109 #7f0901c2 app:id/webview aid=1073741824}, caller=WV.ef.b:1 WV.fg.h:118 WV.fg.onDraw:7 com.android.webview.chromium.WebViewChromium.onDraw:35 android.webkit.WebView.onDraw:2959 
2025-11-01 15:46:46.604 32180-32180 View                    com.udry.app                         I  setRequestedFrameRate frameRate=-4.0, this=com.getcapacitor.CapacitorWebView{ba40fbd VFEDHVC.. .F...... 0,0-1080,2109 #7f0901c2 app:id/webview aid=1073741824}, caller=WV.ef.b:1 WV.fg.h:118 WV.fg.onDraw:7 com.android.webview.chromium.WebViewChromium.onDraw:35 android.webkit.WebView.onDraw:2959 
2025-11-01 15:46:46.615 32180-32180 View                    com.udry.app                         I  setRequestedFrameRate frameRate=-4.0, this=com.getcapacitor.CapacitorWebView{ba40fbd VFEDHVC.. .F...... 0,0-1080,2109 #7f0901c2 app:id/webview aid=1073741824}, caller=WV.ef.b:1 WV.fg.h:118 WV.fg.onDraw:7 com.android.webview.chromium.WebViewChromium.onDraw:35 android.webkit.WebView.onDraw:2959 
2025-11-01 15:46:46.626 32180-32180 View                    com.udry.app                         I  setRequestedFrameRate frameRate=-4.0, this=com.getcapacitor.CapacitorWebView{ba40fbd VFEDHVC.. .F...... 0,0-1080,2109 #7f0901c2 app:id/webview aid=1073741824}, caller=WV.ef.b:1 WV.fg.h:118 WV.fg.onDraw:7 com.android.webview.chromium.WebViewChromium.onDraw:35 android.webkit.WebView.onDraw:2959 
2025-11-01 15:46:46.638 32180-32180 View                    com.udry.app                         I  setRequestedFrameRate frameRate=-4.0, this=com.getcapacitor.CapacitorWebView{ba40fbd VFEDHVC.. .F...... 0,0-1080,2109 #7f0901c2 app:id/webview aid=1073741824}, caller=WV.ef.b:1 WV.fg.h:118 WV.fg.onDraw:7 com.android.webview.chromium.WebViewChromium.onDraw:35 android.webkit.WebView.onDraw:2959 
2025-11-01 15:46:46.649 32180-32180 View                    com.udry.app                         I  setRequestedFrameRate frameRate=-4.0, this=com.getcapacitor.CapacitorWebView{ba40fbd VFEDHVC.. .F...... 0,0-1080,2109 #7f0901c2 app:id/webview aid=1073741824}, caller=WV.ef.b:1 WV.fg.h:118 WV.fg.onDraw:7 com.android.webview.chromium.WebViewChromium.onDraw:35 android.webkit.WebView.onDraw:2959 
2025-11-01 15:46:46.660 32180-32180 View                    com.udry.app                         I  setRequestedFrameRate frameRate=-4.0, this=com.getcapacitor.CapacitorWebView{ba40fbd VFEDHVC.. .F...... 0,0-1080,2109 #7f0901c2 app:id/webview aid=1073741824}, caller=WV.ef.b:1 WV.fg.h:118 WV.fg.onDraw:7 com.android.webview.chromium.WebViewChromium.onDraw:35 android.webkit.WebView.onDraw:2959 
2025-11-01 15:46:46.671 32180-32180 View                    com.udry.app                         I  setRequestedFrameRate frameRate=-4.0, this=com.getcapacitor.CapacitorWebView{ba40fbd VFEDHVC.. .F...... 0,0-1080,2109 #7f0901c2 app:id/webview aid=1073741824}, caller=WV.ef.b:1 WV.fg.h:118 WV.fg.onDraw:7 com.android.webview.chromium.WebViewChromium.onDraw:35 android.webkit.WebView.onDraw:2959 
2025-11-01 15:46:46.682 32180-32180 View                    com.udry.app                         I  setRequestedFrameRate frameRate=-4.0, this=com.getcapacitor.CapacitorWebView{ba40fbd VFEDHVC.. .F...... 0,0-1080,2109 #7f0901c2 app:id/webview aid=1073741824}, caller=WV.ef.b:1 WV.fg.h:118 WV.fg.onDraw:7 com.android.webview.chromium.WebViewChromium.onDraw:35 android.webkit.WebView.onDraw:2959 
2025-11-01 15:46:46.694 32180-32180 View                    com.udry.app                         I  setRequestedFrameRate frameRate=-4.0, this=com.getcapacitor.CapacitorWebView{ba40fbd VFEDHVC.. .F...... 0,0-1080,2109 #7f0901c2 app:id/webview aid=1073741824}, caller=WV.ef.b:1 WV.fg.h:118 WV.fg.onDraw:7 com.android.webview.chromium.WebViewChromium.onDraw:35 android.webkit.WebView.onDraw:2959 
2025-11-01 15:46:46.705 32180-32180 View                    com.udry.app                         I  setRequestedFrameRate frameRate=-4.0, this=com.getcapacitor.CapacitorWebView{ba40fbd VFEDHVC.. .F...... 0,0-1080,2109 #7f0901c2 app:id/webview aid=1073741824}, caller=WV.ef.b:1 WV.fg.h:118 WV.fg.onDraw:7 com.android.webview.chromium.WebViewChromium.onDraw:35 android.webkit.WebView.onDraw:2959 
2025-11-01 15:46:46.716 32180-32180 View                    com.udry.app                         I  setRequestedFrameRate frameRate=-4.0, this=com.getcapacitor.CapacitorWebView{ba40fbd VFEDHVC.. .F...... 0,0-1080,2109 #7f0901c2 app:id/webview aid=1073741824}, caller=WV.ef.b:1 WV.fg.h:118 WV.fg.onDraw:7 com.android.webview.chromium.WebViewChromium.onDraw:35 android.webkit.WebView.onDraw:2959 
2025-11-01 15:46:46.727 32180-32180 View                    com.udry.app                         I  setRequestedFrameRate frameRate=-4.0, this=com.getcapacitor.CapacitorWebView{ba40fbd VFEDHVC.. .F...... 0,0-1080,2109 #7f0901c2 app:id/webview aid=1073741824}, caller=WV.ef.b:1 WV.fg.h:118 WV.fg.onDraw:7 com.android.webview.chromium.WebViewChromium.onDraw:35 android.webkit.WebView.onDraw:2959 
2025-11-01 15:46:46.736 32180-32268 BluetoothLeScanner      com.udry.app                         D  Scan failed, reason: app registration failed
2025-11-01 15:46:46.742 32180-32180 View                    com.udry.app                         I  setRequestedFrameRate frameRate=-4.0, this=com.getcapacitor.CapacitorWebView{ba40fbd VFEDHVC.. .F...... 0,0-1080,2109 #7f0901c2 app:id/webview aid=1073741824}, caller=WV.ef.b:1 WV.fg.h:118 WV.fg.onDraw:7 com.android.webview.chromium.WebViewChromium.onDraw:35 android.webkit.WebView.onDraw:2959 
2025-11-01 15:46:46.750 32180-32180 Dialog                  com.udry.app                         I  mIsDeviceDefault = false, mIsSamsungBasicInteraction = false, isMetaDataInActivity = false
2025-11-01 15:46:46.766 32180-32180 DecorView               com.udry.app                         I  setWindowBackground: isPopOver=false color=fff1f1f3 d=android.graphics.drawable.BitmapDrawable@f8cdedb
2025-11-01 15:46:46.767 32180-32180 DecorView               com.udry.app                         I  setWindowBackground: isPopOver=false color=fff1f1f3 d=android.graphics.drawable.BitmapDrawable@f8cdedb
2025-11-01 15:46:46.769 32180-32180 DecorView               com.udry.app                         I  setWindowBackground: isPopOver=false color=fff1f1f3 d=android.graphics.drawable.InsetDrawable@7144c8d
2025-11-01 15:46:46.781 32180-32180 ScrollView              com.udry.app                         D  initGoToTop
2025-11-01 15:46:46.789 32180-32180 ScrollView              com.udry.app                         D  initGoToTop
2025-11-01 15:46:46.799 32180-32180 Settings                com.udry.app                         W  Setting show_button_background has moved from android.provider.Settings.System to android.provider.Settings.Global, returning read-only value.
2025-11-01 15:46:46.802 32180-32180 WindowManager           com.udry.app                         I  WindowManagerGlobal#addView, ty=2, view=com.android.internal.policy.DecorView{a988f66 V.E...... R.....ID 0,0-0,0}[MainActivity], caller=android.view.WindowManagerImpl.addView:158 android.app.Dialog.show:511 com.capacitorjs.community.plugins.bluetoothle.DeviceScanner.showDeviceList$lambda$4:175 
2025-11-01 15:46:46.804 32180-32180 ViewRootImpl            com.udry.app                         I  dVRR is disabled
2025-11-01 15:46:46.804 32180-32211 NativeCust...ncyManager com.udry.app                         D  [NativeCFMS] BpCustomFrequencyManager::BpCustomFrequencyManager()
2025-11-01 15:46:46.811 32180-32180 InputTransport          com.udry.app                         D  Input channel constructed: '849d000', fd=443
2025-11-01 15:46:46.812 32180-32180 InsetsController        com.udry.app                         I  onStateChanged: host=com.udry.app/com.udry.app.MainActivity, from=android.view.ViewRootImpl.setView:1999, state=InsetsState: {mDisplayFrame=Rect(0, 0 - 1080, 2340), mDisplayCutout=DisplayCutout{insets=Rect(0, 96 - 0, 0) waterfall=Insets{left=0, top=0, right=0, bottom=0} boundingRect={Bounds=[Rect(0, 0 - 0, 0), Rect(472, 0 - 608, 96), Rect(0, 0 - 0, 0), Rect(0, 0 - 0, 0)]} cutoutPathParserInfo={CutoutPathParserInfo{displayWidth=1080 displayHeight=2340 physicalDisplayWidth=1080 physicalDisplayHeight=2340 density={2.8125} cutoutSpec={M 0,0 H -24.177777778 V 34.13333333333333 H 24.177777778 V 0 H 0 Z @dp} rotation={0} scale={1.0} physicalPixelDisplaySizeRatio={1.0}}} sideOverrides={}}, mRoundedCorners=RoundedCorners{[RoundedCorner{position=TopLeft, radius=118, center=Point(118, 118)}, RoundedCorner{position=TopRight, radius=118, center=Point(962, 118)}, RoundedCorner{position=BottomRight, radius=118, center=Point(962, 2222)}, RoundedCorner{position=BottomLeft, radius=118, center=Point(118, 2222)}]}  mRoundedCornerFrame=Rect(0, 0 - 1080, 2340), mPrivacyIndicatorBounds=PrivacyIndicatorBounds {static bounds=Rect(956, 0 - 1080, 96) rotation=0}, mDisplayShape=DisplayShape{ spec=-311912193 displayWidth=1080 displayHeight=2340 physicalPixelDisplaySizeRatio=1.0 rotation=0 offsetX=0 offsetY=0 scale=1.0}, mSources= { InsetsSource: {27 mType=displayCutout mFrame=[0,0][1080,96] mVisible=true mFlags= mSideHint=TOP mBoundingRects=null}, InsetsSource: {31c60000 mType=statusBars mFrame=[0,0][1080,96] mVisible=true mFlags= mSideHint=TOP mBoundingRects=null}, InsetsSource: {31c60005 mType=mandatorySystemGestures mFrame=[0,0][1080,130] mVisible=true mFlags= mSideHint=TOP mBoundingRects=null}, InsetsSource: {31c60006 mType=tappableElement mFrame=[0,0][1080,96] mVisible=true mFlags= mSideHint=TOP mBoundingRects=null}, InsetsSource: {79c40001 mType=navigationBars mFrame=[0,2205][1080,2340] mVisible=true mFlags= mSideHint=BOTTOM mBoundingRects=null}, InsetsSource: {79c40004 mType=systemGestures mFrame=[0,0][0,0] mVisible=true mFlags= mSideHint=NONE mBoundingRects=null}, InsetsSource: {79c40005 mType=mandatorySystemGestures mFrame=[0,2205][1080,2340] mVisible=true mFlags= mSideHint=BOTTOM mBoundingRects=null}, InsetsSource: {79c40006 mType=tappableElement mFrame=[0,2205][1080,2340] mVisible=true mFlags= mSideHint=BOTTOM mBoundingRects=null}, InsetsSource: {79c40024 mType=systemGestures mFrame=[0,0][0,0] mVisible=true mFlags= mSideHint=NONE mBoundingRects=null} }
2025-11-01 15:46:46.812 32180-32180 VRI[MainAc...y]@d8a52a7 com.udry.app                         I  synced displayState. AttachInfo displayState=2
2025-11-01 15:46:46.813 32180-32180 VRI[MainAc...y]@d8a52a7 com.udry.app                         I  setView = com.android.internal.policy.DecorView@a988f66 IsHRR=false TM=true
2025-11-01 15:46:46.830 32180-32180 InsetsSourceConsumer    com.udry.app                         I  applyRequestedVisibilityToControl: visible=true, type=navigationBars, host=com.udry.app/com.udry.app.MainActivity
2025-11-01 15:46:46.831 32180-32180 InsetsSourceConsumer    com.udry.app                         I  applyRequestedVisibilityToControl: visible=true, type=statusBars, host=com.udry.app/com.udry.app.MainActivity
2025-11-01 15:46:46.832 32180-32180 BLASTBufferQueue_Java   com.udry.app                         I  new BLASTBufferQueue, mName= VRI[MainActivity]@d8a52a7 mNativeObject= 0xb400007bb11e2600 sc.mNativeObject= 0xb400007a83ff0580 caller= android.view.ViewRootImpl.updateBlastSurfaceIfNeeded:3397 android.view.ViewRootImpl.relayoutWindow:11361 android.view.ViewRootImpl.performTraversals:4544 android.view.ViewRootImpl.doTraversal:3708 android.view.ViewRootImpl$TraversalRunnable.run:12542 android.view.Choreographer$CallbackRecord.run:1751 android.view.Choreographer$CallbackRecord.run:1760 android.view.Choreographer.doCallbacks:1216 android.view.Choreographer.doFrame:1142 android.view.Choreographer$FrameDisplayEventReceiver.run:1707 
2025-11-01 15:46:46.832 32180-32180 BLASTBufferQueue_Java   com.udry.app                         I  update, w= 1206 h= 2289 mName = VRI[MainActivity]@d8a52a7 mNativeObject= 0xb400007bb11e2600 sc.mNativeObject= 0xb400007a83ff0580 format= -3 caller= android.graphics.BLASTBufferQueue.<init>:88 android.view.ViewRootImpl.updateBlastSurfaceIfNeeded:3397 android.view.ViewRootImpl.relayoutWindow:11361 android.view.ViewRootImpl.performTraversals:4544 android.view.ViewRootImpl.doTraversal:3708 android.view.ViewRootImpl$TraversalRunnable.run:12542 
2025-11-01 15:46:46.832 32180-32180 VRI[MainAc...y]@d8a52a7 com.udry.app                         I  Relayout returned: old=(0,96,1080,2205) new=(27,96,1053,2205) relayoutAsync=false req=(1026,2109)0 dur=8 res=0x3 s={true 0xb400007a840ac800} ch=true seqId=0
2025-11-01 15:46:46.833 32180-32180 VRI[MainAc...y]@d8a52a7 com.udry.app                         I  performConfigurationChange setNightDimText nightDimLevel=0
2025-11-01 15:46:46.833 32180-32180 VRI[MainAc...y]@d8a52a7 com.udry.app                         D  mThreadedRenderer.initialize() mSurface={isValid=true 0xb400007a840ac800} hwInitialized=true
2025-11-01 15:46:46.835 32180-32187 com.udry.app            com.udry.app                         I  Compiler allocated 4280KB to compile void android.widget.TextView.<init>(android.content.Context, android.util.AttributeSet, int, int)
2025-11-01 15:46:46.835 32180-32180 AbsListView             com.udry.app                         D   in onLayout changed 
2025-11-01 15:46:46.835 32180-32180 ScrollView              com.udry.app                         D   onsize change changed 
2025-11-01 15:46:46.836 32180-32180 VRI[MainAc...y]@d8a52a7 com.udry.app                         D  reportNextDraw android.view.ViewRootImpl.performTraversals:5193 android.view.ViewRootImpl.doTraversal:3708 android.view.ViewRootImpl$TraversalRunnable.run:12542 android.view.Choreographer$CallbackRecord.run:1751 android.view.Choreographer$CallbackRecord.run:1760 
2025-11-01 15:46:46.836 32180-32180 VRI[MainAc...y]@d8a52a7 com.udry.app                         D  Setup new sync=wmsSync-VRI[MainActivity]@d8a52a7#2
2025-11-01 15:46:46.836 32180-32180 VRI[MainAc...y]@d8a52a7 com.udry.app                         I  Creating new active sync group VRI[MainActivity]@d8a52a7#3
2025-11-01 15:46:46.836 32180-32180 VRI[MainAc...y]@d8a52a7 com.udry.app                         D  registerCallbacksForSync syncBuffer=false
2025-11-01 15:46:46.839 32180-32333 VRI[MainAc...y]@d8a52a7 com.udry.app                         D  Received frameDrawingCallback syncResult=0 frameNum=1.
2025-11-01 15:46:46.839 32180-32333 VRI[MainAc...y]@d8a52a7 com.udry.app                         I  mWNT: t=0xb400007b4b9c6600 mBlastBufferQueue=0xb400007bb11e2600 fn= 1 HdrRenderState mRenderHdrSdrRatio=1.0 caller= android.view.ViewRootImpl$11.onFrameDraw:15016 android.view.ThreadedRenderer$1.onFrameDraw:761 <bottom of call stack> 
2025-11-01 15:46:46.840 32180-32333 VRI[MainAc...y]@d8a52a7 com.udry.app                         I  Setting up sync and frameCommitCallback
2025-11-01 15:46:46.844 32180-32211 BLASTBufferQueue        com.udry.app                         I  [VRI[MainActivity]@d8a52a7#1](f:0,a:0,s:0) onFrameAvailable the first frame is available
2025-11-01 15:46:46.845 32180-32211 VRI[MainAc...y]@d8a52a7 com.udry.app                         I  Received frameCommittedCallback lastAttemptedDrawFrameNum=1 didProduceBuffer=true
2025-11-01 15:46:46.845 32180-32211 HWUI                    com.udry.app                         D  CFMS:: SetUp Pid : 32180    Tid : 32211
2025-11-01 15:46:46.845 32180-32180 VRI[MainAc...y]@d8a52a7 com.udry.app                         D  reportDrawFinished seqId=0
2025-11-01 15:46:46.847 32180-32180 View                    com.udry.app                         I  setRequestedFrameRate frameRate=-4.0, this=com.getcapacitor.CapacitorWebView{ba40fbd VFEDHVC.. .F...... 0,0-1080,2109 #7f0901c2 app:id/webview aid=1073741824}, caller=WV.ef.b:1 WV.fg.h:118 WV.fg.onDraw:7 com.android.webview.chromium.WebViewChromium.onDraw:35 android.webkit.WebView.onDraw:2959 
2025-11-01 15:46:46.860 32180-32211 HWUI                    com.udry.app                         D  HWUI - treat SMPTE_170M as sRGB
2025-11-01 15:46:46.865 32180-32180 AbsListView             com.udry.app                         D   in onLayout changed 
2025-11-01 15:46:46.866 32180-32180 ImeFocusController      com.udry.app                         I  onPreWindowFocus: skipped hasWindowFocus=false mHasImeFocus=true
2025-11-01 15:46:46.866 32180-32180 ImeFocusController      com.udry.app                         I  onPostWindowFocus: skipped hasWindowFocus=false mHasImeFocus=true
2025-11-01 15:46:46.869   765-765   SurfaceFlinger          surfaceflinger                       E  alpha changed 1.000 -> 0.000 - Surface(name=849d000 com.udry.app/com.udry.app.MainActivity)/@0xe4a3d71 - animation-leash of window_animation#3467
2025-11-01 15:46:46.869   765-765   SurfaceFlinger          surfaceflinger                       E  alpha changed 0.000 -> 0.000 - Surface(name=849d000 com.udry.app/com.udry.app.MainActivity)/@0xe4a3d71 - animation-leash of window_animation#3467
2025-11-01 15:46:46.871 32180-32180 View                    com.udry.app                         I  setRequestedFrameRate frameRate=-4.0, this=com.getcapacitor.CapacitorWebView{ba40fbd VFEDHVC.. .F...... 0,0-1080,2109 #7f0901c2 app:id/webview aid=1073741824}, caller=WV.ef.b:1 WV.fg.h:118 WV.fg.onDraw:7 com.android.webview.chromium.WebViewChromium.onDraw:35 android.webkit.WebView.onDraw:2959 
2025-11-01 15:46:46.881   765-765   SurfaceFlinger          surfaceflinger                       E  alpha changed 0.000 -> 0.036 - Surface(name=849d000 com.udry.app/com.udry.app.MainActivity)/@0xe4a3d71 - animation-leash of window_animation#3467
2025-11-01 15:46:46.883 32180-32180 View                    com.udry.app                         I  setRequestedFrameRate frameRate=-4.0, this=com.getcapacitor.CapacitorWebView{ba40fbd VFEDHVC.. .F...... 0,0-1080,2109 #7f0901c2 app:id/webview aid=1073741824}, caller=WV.ef.b:1 WV.fg.h:118 WV.fg.onDraw:7 com.android.webview.chromium.WebViewChromium.onDraw:35 android.webkit.WebView.onDraw:2959 
2025-11-01 15:46:46.891 32180-32180 VRI[MainAc...y]@d8a52a7 com.udry.app                         D  mThreadedRenderer.initializeIfNeeded()#2 mSurface={isValid=true 0xb400007a840ac800}
2025-11-01 15:46:46.891 32180-32180 ImeFocusController      com.udry.app                         I  onPreWindowFocus: skipped hasWindowFocus=true mHasImeFocus=false
2025-11-01 15:46:46.893 32180-32180 ImeFocusController      com.udry.app                         I  onPostWindowFocus: skipped hasWindowFocus=true mHasImeFocus=false
2025-11-01 15:46:46.896 32180-32180 View                    com.udry.app                         I  setRequestedFrameRate frameRate=-4.0, this=com.getcapacitor.CapacitorWebView{ba40fbd VFEDHVC.. .F...... 0,0-1080,2109 #7f0901c2 app:id/webview aid=1073741824}, caller=WV.ef.b:1 WV.fg.h:118 WV.fg.onDraw:7 com.android.webview.chromium.WebViewChromium.onDraw:35 android.webkit.WebView.onDraw:2959 
2025-11-01 15:46:46.906 32180-32180 View                    com.udry.app                         I  setRequestedFrameRate frameRate=-4.0, this=com.getcapacitor.CapacitorWebView{ba40fbd VFEDHVC.. .F...... 0,0-1080,2109 #7f0901c2 app:id/webview aid=1073741824}, caller=WV.ef.b:1 WV.fg.h:118 WV.fg.onDraw:7 com.android.webview.chromium.WebViewChromium.onDraw:35 android.webkit.WebView.onDraw:2959 
2025-11-01 15:46:46.921 32180-32180 View                    com.udry.app                         I  setRequestedFrameRate frameRate=-4.0, this=com.getcapacitor.CapacitorWebView{ba40fbd VFEDHVC.. .F...... 0,0-1080,2109 #7f0901c2 app:id/webview aid=1073741824}, caller=WV.ef.b:1 WV.fg.h:118 WV.fg.onDraw:7 com.android.webview.chromium.WebViewChromium.onDraw:35 android.webkit.WebView.onDraw:2959 
2025-11-01 15:46:46.934 32180-32180 View                    com.udry.app                         I  setRequestedFrameRate frameRate=-4.0, this=com.getcapacitor.CapacitorWebView{ba40fbd VFEDHVC.. .F...... 0,0-1080,2109 #7f0901c2 app:id/webview aid=1073741824}, caller=WV.ef.b:1 WV.fg.h:118 WV.fg.onDraw:7 com.android.webview.chromium.WebViewChromium.onDraw:35 android.webkit.WebView.onDraw:2959 
2025-11-01 15:46:46.952 32180-32180 View                    com.udry.app                         I  setRequestedFrameRate frameRate=-4.0, this=com.getcapacitor.CapacitorWebView{ba40fbd VFEDHVC.. .F...... 0,0-1080,2109 #7f0901c2 app:id/webview aid=1073741824}, caller=WV.ef.b:1 WV.fg.h:118 WV.fg.onDraw:7 com.android.webview.chromium.WebViewChromium.onDraw:35 android.webkit.WebView.onDraw:2959 
2025-11-01 15:46:46.964 32180-32180 View                    com.udry.app                         I  setRequestedFrameRate frameRate=-4.0, this=com.getcapacitor.CapacitorWebView{ba40fbd VFEDHVC.. .F...... 0,0-1080,2109 #7f0901c2 app:id/webview aid=1073741824}, caller=WV.ef.b:1 WV.fg.h:118 WV.fg.onDraw:7 com.android.webview.chromium.WebViewChromium.onDraw:35 android.webkit.WebView.onDraw:2959 
2025-11-01 15:46:46.981 32180-32180 View                    com.udry.app                         I  setRequestedFrameRate frameRate=-4.0, this=com.getcapacitor.CapacitorWebView{ba40fbd VFEDHVC.. .F...... 0,0-1080,2109 #7f0901c2 app:id/webview aid=1073741824}, caller=WV.ef.b:1 WV.fg.h:118 WV.fg.onDraw:7 com.android.webview.chromium.WebViewChromium.onDraw:35 android.webkit.WebView.onDraw:2959 
2025-11-01 15:46:46.997 32180-32180 View                    com.udry.app                         I  setRequestedFrameRate frameRate=-4.0, this=com.getcapacitor.CapacitorWebView{ba40fbd VFEDHVC.. .F...... 0,0-1080,2109 #7f0901c2 app:id/webview aid=1073741824}, caller=WV.ef.b:1 WV.fg.h:118 WV.fg.onDraw:7 com.android.webview.chromium.WebViewChromium.onDraw:35 android.webkit.WebView.onDraw:2959 
2025-11-01 15:46:47.009 32180-32180 View                    com.udry.app                         I  setRequestedFrameRate frameRate=-4.0, this=com.getcapacitor.CapacitorWebView{ba40fbd VFEDHVC.. .F...... 0,0-1080,2109 #7f0901c2 app:id/webview aid=1073741824}, caller=WV.ef.b:1 WV.fg.h:118 WV.fg.onDraw:7 com.android.webview.chromium.WebViewChromium.onDraw:35 android.webkit.WebView.onDraw:2959 
2025-11-01 15:46:47.027 32180-32180 View                    com.udry.app                         I  setRequestedFrameRate frameRate=-4.0, this=com.getcapacitor.CapacitorWebView{ba40fbd VFEDHVC.. .F...... 0,0-1080,2109 #7f0901c2 app:id/webview aid=1073741824}, caller=WV.ef.b:1 WV.fg.h:118 WV.fg.onDraw:7 com.android.webview.chromium.WebViewChromium.onDraw:35 android.webkit.WebView.onDraw:2959 
2025-11-01 15:46:47.041 32180-32180 View                    com.udry.app                         I  setRequestedFrameRate frameRate=-4.0, this=com.getcapacitor.CapacitorWebView{ba40fbd VFEDHVC.. .F...... 0,0-1080,2109 #7f0901c2 app:id/webview aid=1073741824}, caller=WV.ef.b:1 WV.fg.h:118 WV.fg.onDraw:7 com.android.webview.chromium.WebViewChromium.onDraw:35 android.webkit.WebView.onDraw:2959 
2025-11-01 15:46:47.052 32180-32180 View                    com.udry.app                         I  setRequestedFrameRate frameRate=-4.0, this=com.getcapacitor.CapacitorWebView{ba40fbd VFEDHVC.. .F...... 0,0-1080,2109 #7f0901c2 app:id/webview aid=1073741824}, caller=WV.ef.b:1 WV.fg.h:118 WV.fg.onDraw:7 com.android.webview.chromium.WebViewChromium.onDraw:35 android.webkit.WebView.onDraw:2959 
